OpenJDK 64-Bit Server VM (25.161-b14) for linux-amd64 JRE (1.8.0_161-b14), built on Jan  9 2018 19:54:33 by "mockbuild" with gcc 4.8.5 20150623 (Red Hat 4.8.5-16)
Memory: 4k page, physical 32141724k(1700380k free), swap 16187388k(16134308k free)
CommandLine flags: -XX:+ExplicitGCInvokesConcurrent -XX:GCLogFileSize=104857600 -XX:InitialHeapSize=1073741824 -XX:InitiatingHeapOccupancyPercent=35 -XX:+ManagementServer -XX:MaxGCPauseMillis=20 -XX:MaxHeapSize=1073741824 -XX:NumberOfGCLogFiles=10 -XX:+PrintGC -XX:+PrintGCDateStamps -XX:+PrintGCDetails -XX:+PrintGCTimeStamps -XX:+UseCompressedClassPointers -XX:+UseCompressedOops -XX:+UseG1GC -XX:+UseGCLogFileRotation 
2018-04-10T14:32:07.189+0200: 1,284: [GC pause (G1 Evacuation Pause) (young), 0,0090186 secs]
   [Parallel Time: 3,8 ms, GC Workers: 8]
      [GC Worker Start (ms): Min: 1283,8, Avg: 1284,5, Max: 1287,1, Diff: 3,3]
      [Ext Root Scanning (ms): Min: 0,0, Avg: 0,4, Max: 1,6, Diff: 1,6, Sum: 3,3]
      [Update RS (ms): Min: 0,0, Avg: 0,0, Max: 0,0, Diff: 0,0, Sum: 0,0]
         [Processed Buffers: Min: 0, Avg: 0,0, Max: 0, Diff: 0, Sum: 0]
      [Scan RS (ms): Min: 0,0, Avg: 0,0, Max: 0,0, Diff: 0,0, Sum: 0,0]
      [Code Root Scanning (ms): Min: 0,0, Avg: 0,1, Max: 0,3, Diff: 0,3, Sum: 0,7]
      [Object Copy (ms): Min: 0,5, Avg: 2,5, Max: 3,2, Diff: 2,7, Sum: 20,3]
      [Termination (ms): Min: 0,0, Avg: 0,0, Max: 0,0, Diff: 0,0, Sum: 0,2]
         [Termination Attempts: Min: 1, Avg: 37,6, Max: 59, Diff: 58, Sum: 301]
      [GC Worker Other (ms): Min: 0,0, Avg: 0,0, Max: 0,0, Diff: 0,0, Sum: 0,1]
      [GC Worker Total (ms): Min: 0,5, Avg: 3,1, Max: 3,8, Diff: 3,3, Sum: 24,7]
      [GC Worker End (ms): Min: 1287,6, Avg: 1287,6, Max: 1287,6, Diff: 0,0]
   [Code Root Fixup: 0,0 ms]
   [Code Root Purge: 0,0 ms]
   [Clear CT: 0,3 ms]
   [Other: 4,9 ms]
      [Choose CSet: 0,0 ms]
      [Ref Proc: 4,2 ms]
      [Ref Enq: 0,0 ms]
      [Redirty Cards: 0,4 ms]
      [Humongous Register: 0,0 ms]
      [Humongous Reclaim: 0,0 ms]
      [Free CSet: 0,1 ms]
   [Eden: 51,0M(51,0M)->0,0B(44,0M) Survivors: 0,0B->7168,0K Heap: 51,0M(1024,0M)->9794,5K(1024,0M)]
 [Times: user=0,03 sys=0,00, real=0,01 secs] 
2018-04-10T14:32:07.247+0200: 1,342: [GC pause (Metadata GC Threshold) (young) (initial-mark), 0,0056015 secs]
   [Parallel Time: 2,9 ms, GC Workers: 8]
      [GC Worker Start (ms): Min: 1341,7, Avg: 1341,9, Max: 1342,1, Diff: 0,4]
      [Ext Root Scanning (ms): Min: 0,5, Avg: 0,7, Max: 0,9, Diff: 0,5, Sum: 5,5]
      [Update RS (ms): Min: 0,0, Avg: 0,0, Max: 0,2, Diff: 0,2, Sum: 0,4]
         [Processed Buffers: Min: 0, Avg: 0,4, Max: 1, Diff: 1, Sum: 3]
      [Scan RS (ms): Min: 0,0, Avg: 0,0, Max: 0,0, Diff: 0,0, Sum: 0,0]
      [Code Root Scanning (ms): Min: 0,0, Avg: 0,1, Max: 0,7, Diff: 0,7, Sum: 0,7]
      [Object Copy (ms): Min: 1,2, Avg: 1,8, Max: 2,1, Diff: 0,9, Sum: 14,8]
      [Termination (ms): Min: 0,0, Avg: 0,0, Max: 0,0, Diff: 0,0, Sum: 0,0]
         [Termination Attempts: Min: 1, Avg: 2,6, Max: 6, Diff: 5, Sum: 21]
      [GC Worker Other (ms): Min: 0,0, Avg: 0,0, Max: 0,0, Diff: 0,0, Sum: 0,0]
      [GC Worker Total (ms): Min: 2,4, Avg: 2,7, Max: 2,8, Diff: 0,4, Sum: 21,4]
      [GC Worker End (ms): Min: 1344,5, Avg: 1344,5, Max: 1344,5, Diff: 0,0]
   [Code Root Fixup: 0,0 ms]
   [Code Root Purge: 0,0 ms]
   [Clear CT: 0,7 ms]
   [Other: 1,9 ms]
      [Choose CSet: 0,0 ms]
      [Ref Proc: 1,6 ms]
      [Ref Enq: 0,0 ms]
      [Redirty Cards: 0,1 ms]
      [Humongous Register: 0,0 ms]
      [Humongous Reclaim: 0,0 ms]
      [Free CSet: 0,0 ms]
   [Eden: 7168,0K(44,0M)->0,0B(45,0M) Survivors: 7168,0K->6144,0K Heap: 16,1M(1024,0M)->12,0M(1024,0M)]
 [Times: user=0,02 sys=0,00, real=0,00 secs] 
2018-04-10T14:32:07.253+0200: 1,347: [GC concurrent-root-region-scan-start]
2018-04-10T14:32:07.254+0200: 1,349: [GC concurrent-root-region-scan-end, 0,0012374 secs]
2018-04-10T14:32:07.254+0200: 1,349: [GC concurrent-mark-start]
2018-04-10T14:32:07.258+0200: 1,353: [GC concurrent-mark-end, 0,0039597 secs]
2018-04-10T14:32:07.258+0200: 1,353: [GC remark 2018-04-10T14:32:07.258+0200: 1,353: [Finalize Marking, 0,0008337 secs] 2018-04-10T14:32:07.259+0200: 1,354: [GC ref-proc, 0,0002751 secs] 2018-04-10T14:32:07.260+0200: 1,354: [Unloading, 0,0017983 secs], 0,0031047 secs]
 [Times: user=0,01 sys=0,00, real=0,00 secs] 
2018-04-10T14:32:07.262+0200: 1,356: [GC cleanup 13M->11M(1024M), 0,0007166 secs]
 [Times: user=0,01 sys=0,00, real=0,00 secs] 
2018-04-10T14:32:07.262+0200: 1,357: [GC concurrent-cleanup-start]
2018-04-10T14:32:07.262+0200: 1,357: [GC concurrent-cleanup-end, 0,0000086 secs]
2018-04-10T14:32:08.052+0200: 2,147: [GC pause (G1 Evacuation Pause) (young), 0,0073585 secs]
   [Parallel Time: 3,6 ms, GC Workers: 8]
      [GC Worker Start (ms): Min: 2146,9, Avg: 2148,0, Max: 2148,8, Diff: 1,9]
      [Ext Root Scanning (ms): Min: 0,0, Avg: 0,2, Max: 1,0, Diff: 1,0, Sum: 2,0]
      [Update RS (ms): Min: 0,0, Avg: 0,4, Max: 0,7, Diff: 0,7, Sum: 2,9]
         [Processed Buffers: Min: 0, Avg: 2,2, Max: 6, Diff: 6, Sum: 18]
      [Scan RS (ms): Min: 0,0, Avg: 0,0, Max: 0,1, Diff: 0,1, Sum: 0,2]
      [Code Root Scanning (ms): Min: 0,0, Avg: 0,0, Max: 0,3, Diff: 0,3, Sum: 0,4]
      [Object Copy (ms): Min: 1,3, Avg: 1,5, Max: 1,7, Diff: 0,4, Sum: 12,2]
      [Termination (ms): Min: 0,0, Avg: 0,1, Max: 0,1, Diff: 0,1, Sum: 0,8]
         [Termination Attempts: Min: 1, Avg: 2,4, Max: 4, Diff: 3, Sum: 19]
      [GC Worker Other (ms): Min: 0,0, Avg: 0,0, Max: 0,0, Diff: 0,0, Sum: 0,1]
      [GC Worker Total (ms): Min: 1,6, Avg: 2,3, Max: 3,4, Diff: 1,9, Sum: 18,5]
      [GC Worker End (ms): Min: 2150,3, Avg: 2150,4, Max: 2150,4, Diff: 0,0]
   [Code Root Fixup: 0,0 ms]
   [Code Root Purge: 0,0 ms]
   [Clear CT: 0,7 ms]
   [Other: 3,1 ms]
      [Choose CSet: 0,0 ms]
      [Ref Proc: 2,7 ms]
      [Ref Enq: 0,0 ms]
      [Redirty Cards: 0,2 ms]
      [Humongous Register: 0,1 ms]
      [Humongous Reclaim: 0,0 ms]
      [Free CSet: 0,0 ms]
   [Eden: 45,0M(45,0M)->0,0B(44,0M) Survivors: 6144,0K->7168,0K Heap: 183,0M(1024,0M)->141,7M(1024,0M)]
 [Times: user=0,03 sys=0,00, real=0,01 secs] 
2018-04-10T14:32:08.688+0200: 2,782: [GC pause (G1 Evacuation Pause) (young), 0,0140457 secs]
   [Parallel Time: 10,0 ms, GC Workers: 8]
      [GC Worker Start (ms): Min: 2782,3, Avg: 2782,4, Max: 2782,6, Diff: 0,3]
      [Ext Root Scanning (ms): Min: 0,9, Avg: 2,3, Max: 6,8, Diff: 5,9, Sum: 18,3]
      [Update RS (ms): Min: 0,0, Avg: 0,8, Max: 4,6, Diff: 4,6, Sum: 6,6]
         [Processed Buffers: Min: 0, Avg: 3,5, Max: 18, Diff: 18, Sum: 28]
      [Scan RS (ms): Min: 0,0, Avg: 0,0, Max: 0,1, Diff: 0,1, Sum: 0,1]
      [Code Root Scanning (ms): Min: 0,0, Avg: 1,0, Max: 7,2, Diff: 7,2, Sum: 7,8]
      [Object Copy (ms): Min: 0,3, Avg: 4,4, Max: 7,3, Diff: 7,0, Sum: 35,0]
      [Termination (ms): Min: 0,0, Avg: 0,8, Max: 1,6, Diff: 1,6, Sum: 6,6]
         [Termination Attempts: Min: 1, Avg: 1,4, Max: 3, Diff: 2, Sum: 11]
      [GC Worker Other (ms): Min: 0,0, Avg: 0,0, Max: 0,0, Diff: 0,0, Sum: 0,1]
      [GC Worker Total (ms): Min: 9,1, Avg: 9,3, Max: 9,9, Diff: 0,8, Sum: 74,5]
      [GC Worker End (ms): Min: 2791,6, Avg: 2791,7, Max: 2792,2, Diff: 0,6]
   [Code Root Fixup: 0,0 ms]
   [Code Root Purge: 0,0 ms]
   [Clear CT: 0,2 ms]
   [Other: 3,8 ms]
      [Choose CSet: 0,0 ms]
      [Ref Proc: 3,4 ms]
      [Ref Enq: 0,0 ms]
      [Redirty Cards: 0,1 ms]
      [Humongous Register: 0,1 ms]
      [Humongous Reclaim: 0,0 ms]
      [Free CSet: 0,0 ms]
   [Eden: 44,0M(44,0M)->0,0B(44,0M) Survivors: 7168,0K->7168,0K Heap: 185,7M(1024,0M)->146,2M(1024,0M)]
 [Times: user=0,07 sys=0,00, real=0,01 secs] 
2018-04-10T14:32:08.990+0200: 3,085: [GC pause (Metadata GC Threshold) (young) (initial-mark), 0,0102992 secs]
   [Parallel Time: 8,0 ms, GC Workers: 8]
      [GC Worker Start (ms): Min: 3084,8, Avg: 3085,0, Max: 3085,4, Diff: 0,6]
      [Ext Root Scanning (ms): Min: 0,9, Avg: 2,0, Max: 3,5, Diff: 2,6, Sum: 16,0]
      [Update RS (ms): Min: 0,0, Avg: 0,5, Max: 1,0, Diff: 1,0, Sum: 4,2]
         [Processed Buffers: Min: 0, Avg: 2,6, Max: 9, Diff: 9, Sum: 21]
      [Scan RS (ms): Min: 0,0, Avg: 0,1, Max: 0,2, Diff: 0,2, Sum: 0,9]
      [Code Root Scanning (ms): Min: 0,0, Avg: 0,1, Max: 0,3, Diff: 0,3, Sum: 0,8]
      [Object Copy (ms): Min: 4,3, Avg: 4,9, Max: 5,5, Diff: 1,3, Sum: 38,9]
      [Termination (ms): Min: 0,0, Avg: 0,0, Max: 0,0, Diff: 0,0, Sum: 0,0]
         [Termination Attempts: Min: 1, Avg: 1,1, Max: 2, Diff: 1, Sum: 9]
      [GC Worker Other (ms): Min: 0,0, Avg: 0,0, Max: 0,0, Diff: 0,0, Sum: 0,1]
      [GC Worker Total (ms): Min: 7,2, Avg: 7,6, Max: 7,8, Diff: 0,6, Sum: 60,9]
      [GC Worker End (ms): Min: 3092,6, Avg: 3092,6, Max: 3092,6, Diff: 0,0]
   [Code Root Fixup: 0,0 ms]
   [Code Root Purge: 0,0 ms]
   [Clear CT: 0,1 ms]
   [Other: 2,1 ms]
      [Choose CSet: 0,0 ms]
      [Ref Proc: 1,8 ms]
      [Ref Enq: 0,0 ms]
      [Redirty Cards: 0,1 ms]
      [Humongous Register: 0,0 ms]
      [Humongous Reclaim: 0,0 ms]
      [Free CSet: 0,0 ms]
   [Eden: 15,0M(44,0M)->0,0B(45,0M) Survivors: 7168,0K->6144,0K Heap: 160,8M(1024,0M)->148,9M(1024,0M)]
 [Times: user=0,04 sys=0,01, real=0,01 secs] 
2018-04-10T14:32:09.001+0200: 3,095: [GC concurrent-root-region-scan-start]
2018-04-10T14:32:09.009+0200: 3,103: [GC concurrent-root-region-scan-end, 0,0083226 secs]
2018-04-10T14:32:09.009+0200: 3,103: [GC concurrent-mark-start]
2018-04-10T14:32:09.019+0200: 3,114: [GC concurrent-mark-end, 0,0100836 secs]
2018-04-10T14:32:09.020+0200: 3,115: [GC remark 2018-04-10T14:32:09.020+0200: 3,115: [Finalize Marking, 0,0017994 secs] 2018-04-10T14:32:09.022+0200: 3,117: [GC ref-proc, 0,0004952 secs] 2018-04-10T14:32:09.023+0200: 3,117: [Unloading, 0,0097944 secs], 0,0143997 secs]
 [Times: user=0,04 sys=0,00, real=0,01 secs] 
2018-04-10T14:32:09.035+0200: 3,129: [GC cleanup 149M->146M(1024M), 0,0019636 secs]
 [Times: user=0,00 sys=0,00, real=0,01 secs] 
2018-04-10T14:32:09.037+0200: 3,132: [GC concurrent-cleanup-start]
2018-04-10T14:32:09.037+0200: 3,132: [GC concurrent-cleanup-end, 0,0000435 secs]
2018-04-10T14:35:37.881+0200: 211,976: [GC pause (G1 Evacuation Pause) (young), 0,0180334 secs]
   [Parallel Time: 12,0 ms, GC Workers: 8]
      [GC Worker Start (ms): Min: 211975,8, Avg: 211976,0, Max: 211976,5, Diff: 0,7]
      [Ext Root Scanning (ms): Min: 0,2, Avg: 0,9, Max: 3,1, Diff: 2,9, Sum: 6,9]
      [Update RS (ms): Min: 0,3, Avg: 1,7, Max: 2,3, Diff: 2,0, Sum: 13,9]
         [Processed Buffers: Min: 1, Avg: 6,2, Max: 18, Diff: 17, Sum: 50]
      [Scan RS (ms): Min: 0,1, Avg: 0,8, Max: 1,0, Diff: 0,9, Sum: 6,4]
      [Code Root Scanning (ms): Min: 0,3, Avg: 0,6, Max: 1,5, Diff: 1,3, Sum: 5,1]
      [Object Copy (ms): Min: 6,8, Avg: 7,6, Max: 9,1, Diff: 2,3, Sum: 60,4]
      [Termination (ms): Min: 0,0, Avg: 0,0, Max: 0,0, Diff: 0,0, Sum: 0,1]
         [Termination Attempts: Min: 1, Avg: 3,0, Max: 5, Diff: 4, Sum: 24]
      [GC Worker Other (ms): Min: 0,0, Avg: 0,0, Max: 0,1, Diff: 0,0, Sum: 0,2]
      [GC Worker Total (ms): Min: 11,2, Avg: 11,6, Max: 11,8, Diff: 0,7, Sum: 93,0]
      [GC Worker End (ms): Min: 211987,6, Avg: 211987,6, Max: 211987,6, Diff: 0,0]
   [Code Root Fixup: 0,1 ms]
   [Code Root Purge: 0,0 ms]
   [Clear CT: 0,9 ms]
   [Other: 5,1 ms]
      [Choose CSet: 0,0 ms]
      [Ref Proc: 3,5 ms]
      [Ref Enq: 0,0 ms]
      [Redirty Cards: 0,9 ms]
      [Humongous Register: 0,1 ms]
      [Humongous Reclaim: 0,0 ms]
      [Free CSet: 0,1 ms]
   [Eden: 45,0M(45,0M)->0,0B(46,0M) Survivors: 6144,0K->5120,0K Heap: 205,9M(1024,0M)->149,8M(1024,0M)]
 [Times: user=0,10 sys=0,00, real=0,02 secs] 
2018-04-10T14:37:36.476+0200: 330,570: [GC pause (G1 Evacuation Pause) (young), 0,0177190 secs]
   [Parallel Time: 12,9 ms, GC Workers: 8]
      [GC Worker Start (ms): Min: 330570,6, Avg: 330570,7, Max: 330570,9, Diff: 0,4]
      [Ext Root Scanning (ms): Min: 0,5, Avg: 1,3, Max: 2,6, Diff: 2,1, Sum: 10,3]
      [Update RS (ms): Min: 1,3, Avg: 2,5, Max: 2,9, Diff: 1,7, Sum: 19,6]
         [Processed Buffers: Min: 1, Avg: 7,6, Max: 15, Diff: 14, Sum: 61]
      [Scan RS (ms): Min: 0,1, Avg: 0,6, Max: 0,9, Diff: 0,8, Sum: 4,9]
      [Code Root Scanning (ms): Min: 0,0, Avg: 0,7, Max: 1,2, Diff: 1,2, Sum: 5,7]
      [Object Copy (ms): Min: 6,8, Avg: 7,4, Max: 7,9, Diff: 1,0, Sum: 59,0]
      [Termination (ms): Min: 0,0, Avg: 0,0, Max: 0,1, Diff: 0,1, Sum: 0,2]
         [Termination Attempts: Min: 1, Avg: 3,4, Max: 6, Diff: 5, Sum: 27]
      [GC Worker Other (ms): Min: 0,0, Avg: 0,0, Max: 0,0, Diff: 0,0, Sum: 0,2]
      [GC Worker Total (ms): Min: 12,2, Avg: 12,5, Max: 12,7, Diff: 0,4, Sum: 99,8]
      [GC Worker End (ms): Min: 330583,2, Avg: 330583,2, Max: 330583,2, Diff: 0,1]
   [Code Root Fixup: 0,1 ms]
   [Code Root Purge: 0,1 ms]
   [Clear CT: 0,9 ms]
   [Other: 3,8 ms]
      [Choose CSet: 0,0 ms]
      [Ref Proc: 2,4 ms]
      [Ref Enq: 0,0 ms]
      [Redirty Cards: 0,7 ms]
      [Humongous Register: 0,1 ms]
      [Humongous Reclaim: 0,0 ms]
      [Free CSet: 0,2 ms]
   [Eden: 46,0M(46,0M)->0,0B(44,0M) Survivors: 5120,0K->7168,0K Heap: 195,8M(1024,0M)->151,7M(1024,0M)]
 [Times: user=0,10 sys=0,01, real=0,01 secs] 
2018-04-10T14:38:56.208+0200: 410,303: [GC pause (G1 Evacuation Pause) (young), 0,0095169 secs]
   [Parallel Time: 7,9 ms, GC Workers: 8]
      [GC Worker Start (ms): Min: 410303,0, Avg: 410303,3, Max: 410304,4, Diff: 1,3]
      [Ext Root Scanning (ms): Min: 0,0, Avg: 0,8, Max: 2,4, Diff: 2,4, Sum: 6,8]
      [Update RS (ms): Min: 0,0, Avg: 1,2, Max: 2,0, Diff: 2,0, Sum: 10,0]
         [Processed Buffers: Min: 0, Avg: 5,1, Max: 24, Diff: 24, Sum: 41]
      [Scan RS (ms): Min: 0,0, Avg: 0,0, Max: 0,0, Diff: 0,0, Sum: 0,1]
      [Code Root Scanning (ms): Min: 0,0, Avg: 0,6, Max: 3,0, Diff: 3,0, Sum: 5,2]
      [Object Copy (ms): Min: 2,4, Avg: 4,5, Max: 5,4, Diff: 3,0, Sum: 36,3]
      [Termination (ms): Min: 0,0, Avg: 0,2, Max: 0,2, Diff: 0,2, Sum: 1,6]
         [Termination Attempts: Min: 1, Avg: 2,4, Max: 4, Diff: 3, Sum: 19]
      [GC Worker Other (ms): Min: 0,0, Avg: 0,0, Max: 0,0, Diff: 0,0, Sum: 0,1]
      [GC Worker Total (ms): Min: 6,5, Avg: 7,5, Max: 7,8, Diff: 1,3, Sum: 60,1]
      [GC Worker End (ms): Min: 410310,8, Avg: 410310,8, Max: 410310,8, Diff: 0,0]
   [Code Root Fixup: 0,0 ms]
   [Code Root Purge: 0,0 ms]
   [Clear CT: 0,1 ms]
   [Other: 1,6 ms]
      [Choose CSet: 0,0 ms]
      [Ref Proc: 1,1 ms]
      [Ref Enq: 0,0 ms]
      [Redirty Cards: 0,1 ms]
      [Humongous Register: 0,1 ms]
      [Humongous Reclaim: 0,0 ms]
      [Free CSet: 0,0 ms]
   [Eden: 44,0M(44,0M)->0,0B(44,0M) Survivors: 7168,0K->7168,0K Heap: 195,7M(1024,0M)->154,2M(1024,0M)]
 [Times: user=0,07 sys=0,00, real=0,01 secs] 
2018-04-10T14:40:21.483+0200: 495,577: [GC pause (G1 Evacuation Pause) (young), 0,0124446 secs]
   [Parallel Time: 8,6 ms, GC Workers: 8]
      [GC Worker Start (ms): Min: 495577,2, Avg: 495577,3, Max: 495577,4, Diff: 0,2]
      [Ext Root Scanning (ms): Min: 0,4, Avg: 0,6, Max: 1,4, Diff: 1,0, Sum: 4,9]
      [Update RS (ms): Min: 0,6, Avg: 1,3, Max: 1,8, Diff: 1,2, Sum: 10,8]
         [Processed Buffers: Min: 1, Avg: 6,6, Max: 27, Diff: 26, Sum: 53]
      [Scan RS (ms): Min: 0,1, Avg: 0,3, Max: 0,6, Diff: 0,5, Sum: 2,8]
      [Code Root Scanning (ms): Min: 0,0, Avg: 0,4, Max: 1,0, Diff: 1,0, Sum: 2,9]
      [Object Copy (ms): Min: 5,0, Avg: 5,7, Max: 6,0, Diff: 1,1, Sum: 45,5]
      [Termination (ms): Min: 0,0, Avg: 0,0, Max: 0,0, Diff: 0,0, Sum: 0,0]
         [Termination Attempts: Min: 1, Avg: 1,0, Max: 1, Diff: 0, Sum: 8]
      [GC Worker Other (ms): Min: 0,0, Avg: 0,0, Max: 0,0, Diff: 0,0, Sum: 0,2]
      [GC Worker Total (ms): Min: 8,3, Avg: 8,4, Max: 8,5, Diff: 0,2, Sum: 67,1]
      [GC Worker End (ms): Min: 495585,7, Avg: 495585,7, Max: 495585,7, Diff: 0,0]
   [Code Root Fixup: 0,0 ms]
   [Code Root Purge: 0,0 ms]
   [Clear CT: 0,2 ms]
   [Other: 3,6 ms]
      [Choose CSet: 0,0 ms]
      [Ref Proc: 2,1 ms]
      [Ref Enq: 0,0 ms]
      [Redirty Cards: 0,9 ms]
      [Humongous Register: 0,1 ms]
      [Humongous Reclaim: 0,0 ms]
      [Free CSet: 0,1 ms]
   [Eden: 44,0M(44,0M)->0,0B(49,0M) Survivors: 7168,0K->5120,0K Heap: 198,2M(1024,0M)->153,5M(1024,0M)]
 [Times: user=0,09 sys=0,00, real=0,01 secs] 
2018-04-10T14:41:51.476+0200: 585,571: [GC pause (G1 Evacuation Pause) (young), 0,0093265 secs]
   [Parallel Time: 7,8 ms, GC Workers: 8]
      [GC Worker Start (ms): Min: 585570,9, Avg: 585571,0, Max: 585571,1, Diff: 0,3]
      [Ext Root Scanning (ms): Min: 0,4, Avg: 0,6, Max: 1,1, Diff: 0,8, Sum: 4,8]
      [Update RS (ms): Min: 1,6, Avg: 2,0, Max: 2,2, Diff: 0,6, Sum: 16,1]
         [Processed Buffers: Min: 1, Avg: 6,8, Max: 19, Diff: 18, Sum: 54]
      [Scan RS (ms): Min: 0,0, Avg: 0,0, Max: 0,0, Diff: 0,0, Sum: 0,2]
      [Code Root Scanning (ms): Min: 0,0, Avg: 0,0, Max: 0,1, Diff: 0,1, Sum: 0,2]
      [Object Copy (ms): Min: 4,4, Avg: 4,6, Max: 4,7, Diff: 0,3, Sum: 36,4]
      [Termination (ms): Min: 0,0, Avg: 0,1, Max: 0,4, Diff: 0,4, Sum: 0,5]
         [Termination Attempts: Min: 1, Avg: 1,1, Max: 2, Diff: 1, Sum: 9]
      [GC Worker Other (ms): Min: 0,0, Avg: 0,0, Max: 0,0, Diff: 0,0, Sum: 0,1]
      [GC Worker Total (ms): Min: 7,1, Avg: 7,3, Max: 7,7, Diff: 0,5, Sum: 58,3]
      [GC Worker End (ms): Min: 585578,2, Avg: 585578,3, Max: 585578,6, Diff: 0,3]
   [Code Root Fixup: 0,0 ms]
   [Code Root Purge: 0,0 ms]
   [Clear CT: 0,1 ms]
   [Other: 1,4 ms]
      [Choose CSet: 0,0 ms]
      [Ref Proc: 1,0 ms]
      [Ref Enq: 0,0 ms]
      [Redirty Cards: 0,1 ms]
      [Humongous Register: 0,1 ms]
      [Humongous Reclaim: 0,0 ms]
      [Free CSet: 0,0 ms]
   [Eden: 49,0M(49,0M)->0,0B(60,0M) Survivors: 5120,0K->7168,0K Heap: 202,5M(1024,0M)->155,9M(1024,0M)]
 [Times: user=0,06 sys=0,00, real=0,00 secs] 
2018-04-10T14:43:52.635+0200: 706,730: [GC pause (G1 Evacuation Pause) (young), 0,0219971 secs]
   [Parallel Time: 19,1 ms, GC Workers: 8]
      [GC Worker Start (ms): Min: 706729,9, Avg: 706730,0, Max: 706730,1, Diff: 0,2]
      [Ext Root Scanning (ms): Min: 0,4, Avg: 0,6, Max: 1,2, Diff: 0,7, Sum: 4,9]
      [Update RS (ms): Min: 0,7, Avg: 0,9, Max: 1,2, Diff: 0,5, Sum: 7,5]
         [Processed Buffers: Min: 1, Avg: 7,0, Max: 11, Diff: 10, Sum: 56]
      [Scan RS (ms): Min: 0,0, Avg: 0,0, Max: 0,1, Diff: 0,1, Sum: 0,2]
      [Code Root Scanning (ms): Min: 0,0, Avg: 0,0, Max: 0,2, Diff: 0,2, Sum: 0,2]
      [Object Copy (ms): Min: 16,6, Avg: 17,0, Max: 17,2, Diff: 0,6, Sum: 136,1]
      [Termination (ms): Min: 0,0, Avg: 0,0, Max: 0,0, Diff: 0,0, Sum: 0,0]
         [Termination Attempts: Min: 1, Avg: 1,0, Max: 1, Diff: 0, Sum: 8]
      [GC Worker Other (ms): Min: 0,0, Avg: 0,0, Max: 0,0, Diff: 0,0, Sum: 0,2]
      [GC Worker Total (ms): Min: 18,5, Avg: 18,6, Max: 18,7, Diff: 0,2, Sum: 149,1]
      [GC Worker End (ms): Min: 706748,6, Avg: 706748,6, Max: 706748,6, Diff: 0,0]
   [Code Root Fixup: 0,0 ms]
   [Code Root Purge: 0,0 ms]
   [Clear CT: 0,3 ms]
   [Other: 2,5 ms]
      [Choose CSet: 0,0 ms]
      [Ref Proc: 1,7 ms]
      [Ref Enq: 0,0 ms]
      [Redirty Cards: 0,3 ms]
      [Humongous Register: 0,1 ms]
      [Humongous Reclaim: 0,0 ms]
      [Free CSet: 0,1 ms]
   [Eden: 60,0M(60,0M)->0,0B(46,0M) Survivors: 7168,0K->9216,0K Heap: 215,9M(1024,0M)->159,0M(1024,0M)]
 [Times: user=0,15 sys=0,01, real=0,03 secs] 
2018-04-10T14:44:52.307+0200: 766,401: [GC pause (G1 Evacuation Pause) (young), 0,0134930 secs]
   [Parallel Time: 10,9 ms, GC Workers: 8]
      [GC Worker Start (ms): Min: 766401,7, Avg: 766401,9, Max: 766402,4, Diff: 0,7]
      [Ext Root Scanning (ms): Min: 0,1, Avg: 0,6, Max: 1,3, Diff: 1,2, Sum: 4,7]
      [Update RS (ms): Min: 0,4, Avg: 2,2, Max: 2,9, Diff: 2,5, Sum: 17,7]
         [Processed Buffers: Min: 4, Avg: 7,6, Max: 15, Diff: 11, Sum: 61]
      [Scan RS (ms): Min: 0,7, Avg: 1,2, Max: 1,5, Diff: 0,8, Sum: 9,5]
      [Code Root Scanning (ms): Min: 0,0, Avg: 0,0, Max: 0,1, Diff: 0,1, Sum: 0,2]
      [Object Copy (ms): Min: 6,2, Avg: 6,6, Max: 8,5, Diff: 2,3, Sum: 52,8]
      [Termination (ms): Min: 0,0, Avg: 0,0, Max: 0,0, Diff: 0,0, Sum: 0,0]
         [Termination Attempts: Min: 1, Avg: 1,2, Max: 2, Diff: 1, Sum: 10]
      [GC Worker Other (ms): Min: 0,0, Avg: 0,0, Max: 0,0, Diff: 0,0, Sum: 0,1]
      [GC Worker Total (ms): Min: 10,1, Avg: 10,6, Max: 10,8, Diff: 0,7, Sum: 85,1]
      [GC Worker End (ms): Min: 766412,5, Avg: 766412,5, Max: 766412,5, Diff: 0,0]
   [Code Root Fixup: 0,0 ms]
   [Code Root Purge: 0,0 ms]
   [Clear CT: 0,2 ms]
   [Other: 2,3 ms]
      [Choose CSet: 0,0 ms]
      [Ref Proc: 1,7 ms]
      [Ref Enq: 0,0 ms]
      [Redirty Cards: 0,2 ms]
      [Humongous Register: 0,1 ms]
      [Humongous Reclaim: 0,0 ms]
      [Free CSet: 0,0 ms]
   [Eden: 42,0M(42,0M)->0,0B(52,0M) Survivors: 9216,0K->7168,0K Heap: 201,0M(1024,0M)->163,2M(1024,0M)]
 [Times: user=0,09 sys=0,00, real=0,01 secs] 
2018-04-10T14:46:14.324+0200: 848,418: [GC pause (G1 Evacuation Pause) (young), 0,0105913 secs]
   [Parallel Time: 9,9 ms, GC Workers: 8]
      [GC Worker Start (ms): Min: 848418,7, Avg: 848418,8, Max: 848418,9, Diff: 0,2]
      [Ext Root Scanning (ms): Min: 0,3, Avg: 0,5, Max: 1,4, Diff: 1,1, Sum: 4,3]
      [Update RS (ms): Min: 1,3, Avg: 2,2, Max: 3,0, Diff: 1,6, Sum: 17,2]
         [Processed Buffers: Min: 1, Avg: 7,5, Max: 25, Diff: 24, Sum: 60]
      [Scan RS (ms): Min: 1,8, Avg: 2,3, Max: 2,6, Diff: 0,8, Sum: 18,6]
      [Code Root Scanning (ms): Min: 0,0, Avg: 0,0, Max: 0,1, Diff: 0,1, Sum: 0,2]
      [Object Copy (ms): Min: 4,0, Avg: 4,4, Max: 5,1, Diff: 1,1, Sum: 35,1]
      [Termination (ms): Min: 0,0, Avg: 0,0, Max: 0,0, Diff: 0,0, Sum: 0,1]
         [Termination Attempts: Min: 1, Avg: 10,2, Max: 16, Diff: 15, Sum: 82]
      [GC Worker Other (ms): Min: 0,0, Avg: 0,0, Max: 0,1, Diff: 0,1, Sum: 0,3]
      [GC Worker Total (ms): Min: 9,3, Avg: 9,5, Max: 9,6, Diff: 0,2, Sum: 75,7]
      [GC Worker End (ms): Min: 848428,2, Avg: 848428,3, Max: 848428,3, Diff: 0,1]
   [Code Root Fixup: 0,0 ms]
   [Code Root Purge: 0,0 ms]
   [Clear CT: 0,1 ms]
   [Other: 0,6 ms]
      [Choose CSet: 0,0 ms]
      [Ref Proc: 0,2 ms]
      [Ref Enq: 0,0 ms]
      [Redirty Cards: 0,1 ms]
      [Humongous Register: 0,1 ms]
      [Humongous Reclaim: 0,0 ms]
      [Free CSet: 0,0 ms]
   [Eden: 44,0M(44,0M)->0,0B(65,0M) Survivors: 7168,0K->7168,0K Heap: 207,2M(1024,0M)->167,4M(1024,0M)]
 [Times: user=0,07 sys=0,00, real=0,01 secs] 
2018-04-10T14:47:33.798+0200: 927,893: [GC pause (G1 Evacuation Pause) (young), 0,0072991 secs]
   [Parallel Time: 5,8 ms, GC Workers: 8]
      [GC Worker Start (ms): Min: 927892,7, Avg: 927893,4, Max: 927898,1, Diff: 5,4]
      [Ext Root Scanning (ms): Min: 0,0, Avg: 0,2, Max: 0,6, Diff: 0,6, Sum: 2,0]
      [Update RS (ms): Min: 0,0, Avg: 0,6, Max: 0,8, Diff: 0,8, Sum: 5,0]
         [Processed Buffers: Min: 0, Avg: 7,2, Max: 19, Diff: 19, Sum: 58]
      [Scan RS (ms): Min: 0,0, Avg: 0,6, Max: 0,7, Diff: 0,7, Sum: 4,6]
      [Code Root Scanning (ms): Min: 0,0, Avg: 0,0, Max: 0,0, Diff: 0,0, Sum: 0,0]
      [Object Copy (ms): Min: 0,0, Avg: 2,7, Max: 3,1, Diff: 3,1, Sum: 21,7]
      [Termination (ms): Min: 0,0, Avg: 0,5, Max: 0,6, Diff: 0,6, Sum: 4,4]
         [Termination Attempts: Min: 1, Avg: 1,0, Max: 1, Diff: 0, Sum: 8]
      [GC Worker Other (ms): Min: 0,0, Avg: 0,0, Max: 0,1, Diff: 0,1, Sum: 0,3]
      [GC Worker Total (ms): Min: 0,0, Avg: 4,7, Max: 5,5, Diff: 5,5, Sum: 38,0]
      [GC Worker End (ms): Min: 927898,1, Avg: 927898,2, Max: 927898,3, Diff: 0,1]
   [Code Root Fixup: 0,0 ms]
   [Code Root Purge: 0,0 ms]
   [Clear CT: 0,3 ms]
   [Other: 1,2 ms]
      [Choose CSet: 0,0 ms]
      [Ref Proc: 0,9 ms]
      [Ref Enq: 0,0 ms]
      [Redirty Cards: 0,1 ms]
      [Humongous Register: 0,0 ms]
      [Humongous Reclaim: 0,0 ms]
      [Free CSet: 0,0 ms]
   [Eden: 44,0M(44,0M)->0,0B(104,0M) Survivors: 7168,0K->5120,0K Heap: 211,4M(1024,0M)->169,3M(1024,0M)]
 [Times: user=0,05 sys=0,00, real=0,00 secs] 
2018-04-10T14:49:05.555+0200: 1019,649: [GC pause (G1 Evacuation Pause) (young), 0,0094460 secs]
   [Parallel Time: 7,1 ms, GC Workers: 8]
      [GC Worker Start (ms): Min: 1019649,6, Avg: 1019650,0, Max: 1019652,2, Diff: 2,6]
      [Ext Root Scanning (ms): Min: 0,0, Avg: 0,3, Max: 0,6, Diff: 0,6, Sum: 2,0]
      [Update RS (ms): Min: 0,0, Avg: 0,9, Max: 1,1, Diff: 1,1, Sum: 6,8]
         [Processed Buffers: Min: 0, Avg: 7,1, Max: 21, Diff: 21, Sum: 57]
      [Scan RS (ms): Min: 0,0, Avg: 0,9, Max: 1,2, Diff: 1,2, Sum: 6,9]
      [Code Root Scanning (ms): Min: 0,0, Avg: 0,0, Max: 0,0, Diff: 0,0, Sum: 0,0]
      [Object Copy (ms): Min: 4,4, Avg: 4,6, Max: 4,7, Diff: 0,3, Sum: 36,5]
      [Termination (ms): Min: 0,0, Avg: 0,0, Max: 0,0, Diff: 0,0, Sum: 0,1]
         [Termination Attempts: Min: 1, Avg: 13,6, Max: 21, Diff: 20, Sum: 109]
      [GC Worker Other (ms): Min: 0,0, Avg: 0,0, Max: 0,0, Diff: 0,0, Sum: 0,1]
      [GC Worker Total (ms): Min: 4,4, Avg: 6,6, Max: 7,0, Diff: 2,6, Sum: 52,4]
      [GC Worker End (ms): Min: 1019656,6, Avg: 1019656,6, Max: 1019656,6, Diff: 0,0]
   [Code Root Fixup: 0,0 ms]
   [Code Root Purge: 0,0 ms]
   [Clear CT: 0,2 ms]
   [Other: 2,1 ms]
      [Choose CSet: 0,0 ms]
      [Ref Proc: 1,8 ms]
      [Ref Enq: 0,0 ms]
      [Redirty Cards: 0,1 ms]
      [Humongous Register: 0,0 ms]
      [Humongous Reclaim: 0,0 ms]
      [Free CSet: 0,0 ms]
   [Eden: 46,0M(46,0M)->0,0B(137,0M) Survivors: 5120,0K->7168,0K Heap: 215,3M(1024,0M)->173,8M(1024,0M)]
 [Times: user=0,06 sys=0,00, real=0,01 secs] 
2018-04-10T14:51:29.938+0200: 1164,032: [GC pause (G1 Evacuation Pause) (young), 0,0126980 secs]
   [Parallel Time: 10,9 ms, GC Workers: 8]
      [GC Worker Start (ms): Min: 1164032,5, Avg: 1164032,6, Max: 1164032,7, Diff: 0,2]
      [Ext Root Scanning (ms): Min: 0,1, Avg: 0,3, Max: 1,0, Diff: 0,9, Sum: 2,4]
      [Update RS (ms): Min: 0,0, Avg: 1,3, Max: 2,0, Diff: 2,0, Sum: 10,5]
         [Processed Buffers: Min: 0, Avg: 7,4, Max: 14, Diff: 14, Sum: 59]
      [Scan RS (ms): Min: 0,0, Avg: 0,6, Max: 1,0, Diff: 1,0, Sum: 5,2]
      [Code Root Scanning (ms): Min: 0,0, Avg: 0,0, Max: 0,1, Diff: 0,1, Sum: 0,1]
      [Object Copy (ms): Min: 7,6, Avg: 8,4, Max: 10,5, Diff: 2,9, Sum: 67,2]
      [Termination (ms): Min: 0,0, Avg: 0,0, Max: 0,0, Diff: 0,0, Sum: 0,0]
         [Termination Attempts: Min: 1, Avg: 2,2, Max: 4, Diff: 3, Sum: 18]
      [GC Worker Other (ms): Min: 0,0, Avg: 0,0, Max: 0,0, Diff: 0,0, Sum: 0,1]
      [GC Worker Total (ms): Min: 10,5, Avg: 10,7, Max: 10,7, Diff: 0,2, Sum: 85,4]
      [GC Worker End (ms): Min: 1164043,3, Avg: 1164043,3, Max: 1164043,3, Diff: 0,0]
   [Code Root Fixup: 0,0 ms]
   [Code Root Purge: 0,0 ms]
   [Clear CT: 0,1 ms]
   [Other: 1,7 ms]
      [Choose CSet: 0,0 ms]
      [Ref Proc: 1,3 ms]
      [Ref Enq: 0,0 ms]
      [Redirty Cards: 0,1 ms]
      [Humongous Register: 0,1 ms]
      [Humongous Reclaim: 0,0 ms]
      [Free CSet: 0,0 ms]
   [Eden: 75,0M(75,0M)->0,0B(87,0M) Survivors: 7168,0K->11,0M Heap: 248,8M(1024,0M)->178,4M(1024,0M)]
 [Times: user=0,07 sys=0,00, real=0,01 secs] 
2018-04-10T14:54:26.921+0200: 1341,015: [GC pause (G1 Evacuation Pause) (young), 0,0356348 secs]
   [Parallel Time: 33,4 ms, GC Workers: 8]
      [GC Worker Start (ms): Min: 1341015,5, Avg: 1341015,9, Max: 1341017,3, Diff: 1,8]
      [Ext Root Scanning (ms): Min: 0,0, Avg: 0,6, Max: 1,2, Diff: 1,2, Sum: 4,7]
      [Update RS (ms): Min: 1,3, Avg: 2,3, Max: 3,0, Diff: 1,7, Sum: 18,4]
         [Processed Buffers: Min: 2, Avg: 7,6, Max: 14, Diff: 12, Sum: 61]
      [Scan RS (ms): Min: 1,2, Avg: 1,7, Max: 2,0, Diff: 0,8, Sum: 13,9]
      [Code Root Scanning (ms): Min: 0,0, Avg: 0,0, Max: 0,1, Diff: 0,1, Sum: 0,2]
      [Object Copy (ms): Min: 27,6, Avg: 27,8, Max: 28,0, Diff: 0,4, Sum: 222,6]
      [Termination (ms): Min: 0,1, Avg: 0,1, Max: 0,2, Diff: 0,1, Sum: 0,9]
         [Termination Attempts: Min: 7, Avg: 8,9, Max: 13, Diff: 6, Sum: 71]
      [GC Worker Other (ms): Min: 0,0, Avg: 0,0, Max: 0,0, Diff: 0,0, Sum: 0,2]
      [GC Worker Total (ms): Min: 31,2, Avg: 32,6, Max: 33,0, Diff: 1,8, Sum: 260,8]
      [GC Worker End (ms): Min: 1341048,5, Avg: 1341048,5, Max: 1341048,5, Diff: 0,0]
   [Code Root Fixup: 0,0 ms]
   [Code Root Purge: 0,0 ms]
   [Clear CT: 0,5 ms]
   [Other: 1,7 ms]
      [Choose CSet: 0,0 ms]
      [Ref Proc: 0,7 ms]
      [Ref Enq: 0,0 ms]
      [Redirty Cards: 0,5 ms]
      [Humongous Register: 0,1 ms]
      [Humongous Reclaim: 0,0 ms]
      [Free CSet: 0,1 ms]
   [Eden: 87,0M(87,0M)->0,0B(39,0M) Survivors: 11,0M->12,0M Heap: 265,4M(1024,0M)->183,4M(1024,0M)]
 [Times: user=0,25 sys=0,01, real=0,04 secs] 
2018-04-10T14:55:44.930+0200: 1419,024: [GC pause (G1 Evacuation Pause) (young), 0,0148642 secs]
   [Parallel Time: 14,1 ms, GC Workers: 8]
      [GC Worker Start (ms): Min: 1419024,2, Avg: 1419024,3, Max: 1419024,4, Diff: 0,2]
      [Ext Root Scanning (ms): Min: 0,1, Avg: 0,2, Max: 0,6, Diff: 0,5, Sum: 1,8]
      [Update RS (ms): Min: 0,0, Avg: 0,7, Max: 1,0, Diff: 1,0, Sum: 5,7]
         [Processed Buffers: Min: 0, Avg: 7,0, Max: 22, Diff: 22, Sum: 56]
      [Scan RS (ms): Min: 0,0, Avg: 0,8, Max: 1,2, Diff: 1,2, Sum: 6,4]
      [Code Root Scanning (ms): Min: 0,0, Avg: 0,0, Max: 0,0, Diff: 0,0, Sum: 0,1]
      [Object Copy (ms): Min: 11,6, Avg: 12,2, Max: 13,8, Diff: 2,2, Sum: 97,5]
      [Termination (ms): Min: 0,0, Avg: 0,0, Max: 0,0, Diff: 0,0, Sum: 0,0]
         [Termination Attempts: Min: 1, Avg: 3,2, Max: 5, Diff: 4, Sum: 26]
      [GC Worker Other (ms): Min: 0,0, Avg: 0,0, Max: 0,0, Diff: 0,0, Sum: 0,1]
      [GC Worker Total (ms): Min: 13,8, Avg: 13,9, Max: 14,0, Diff: 0,2, Sum: 111,5]
      [GC Worker End (ms): Min: 1419038,2, Avg: 1419038,2, Max: 1419038,2, Diff: 0,0]
   [Code Root Fixup: 0,0 ms]
   [Code Root Purge: 0,0 ms]
   [Clear CT: 0,1 ms]
   [Other: 0,7 ms]
      [Choose CSet: 0,0 ms]
      [Ref Proc: 0,3 ms]
      [Ref Enq: 0,0 ms]
      [Redirty Cards: 0,1 ms]
      [Humongous Register: 0,0 ms]
      [Humongous Reclaim: 0,0 ms]
      [Free CSet: 0,0 ms]
   [Eden: 39,0M(39,0M)->0,0B(70,0M) Survivors: 12,0M->7168,0K Heap: 222,4M(1024,0M)->190,8M(1024,0M)]
 [Times: user=0,09 sys=0,00, real=0,01 secs] 
2018-04-10T14:58:02.740+0200: 1556,834: [GC pause (G1 Evacuation Pause) (young), 0,0260588 secs]
   [Parallel Time: 22,5 ms, GC Workers: 8]
      [GC Worker Start (ms): Min: 1556834,5, Avg: 1556834,8, Max: 1556835,7, Diff: 1,2]
      [Ext Root Scanning (ms): Min: 0,0, Avg: 0,6, Max: 1,1, Diff: 1,1, Sum: 4,4]
      [Update RS (ms): Min: 3,7, Avg: 3,9, Max: 4,4, Diff: 0,6, Sum: 31,1]
         [Processed Buffers: Min: 2, Avg: 7,6, Max: 19, Diff: 17, Sum: 61]
      [Scan RS (ms): Min: 1,4, Avg: 2,2, Max: 2,5, Diff: 1,1, Sum: 18,0]
      [Code Root Scanning (ms): Min: 0,0, Avg: 0,0, Max: 0,0, Diff: 0,0, Sum: 0,0]
      [Object Copy (ms): Min: 12,4, Avg: 12,8, Max: 15,0, Diff: 2,7, Sum: 102,3]
      [Termination (ms): Min: 0,0, Avg: 2,3, Max: 2,9, Diff: 2,9, Sum: 18,1]
         [Termination Attempts: Min: 1, Avg: 12,6, Max: 21, Diff: 20, Sum: 101]
      [GC Worker Other (ms): Min: 0,0, Avg: 0,0, Max: 0,0, Diff: 0,0, Sum: 0,2]
      [GC Worker Total (ms): Min: 21,2, Avg: 21,8, Max: 22,0, Diff: 0,8, Sum: 174,1]
      [GC Worker End (ms): Min: 1556856,5, Avg: 1556856,6, Max: 1556856,9, Diff: 0,4]
   [Code Root Fixup: 0,0 ms]
   [Code Root Purge: 0,0 ms]
   [Clear CT: 0,7 ms]
   [Other: 2,9 ms]
      [Choose CSet: 0,0 ms]
      [Ref Proc: 2,1 ms]
      [Ref Enq: 0,0 ms]
      [Redirty Cards: 0,3 ms]
      [Humongous Register: 0,1 ms]
      [Humongous Reclaim: 0,0 ms]
      [Free CSet: 0,1 ms]
   [Eden: 70,0M(70,0M)->0,0B(42,0M) Survivors: 7168,0K->9216,0K Heap: 260,8M(1024,0M)->192,7M(1024,0M)]
 [Times: user=0,17 sys=0,00, real=0,03 secs] 
2018-04-10T14:59:29.256+0200: 1643,350: [GC pause (G1 Evacuation Pause) (young), 0,0246847 secs]
   [Parallel Time: 23,0 ms, GC Workers: 8]
      [GC Worker Start (ms): Min: 1643350,5, Avg: 1643350,8, Max: 1643351,5, Diff: 1,0]
      [Ext Root Scanning (ms): Min: 0,0, Avg: 0,5, Max: 1,2, Diff: 1,1, Sum: 4,1]
      [Update RS (ms): Min: 0,0, Avg: 1,4, Max: 1,9, Diff: 1,9, Sum: 11,5]
         [Processed Buffers: Min: 0, Avg: 6,8, Max: 20, Diff: 20, Sum: 54]
      [Scan RS (ms): Min: 1,0, Avg: 1,7, Max: 1,9, Diff: 0,9, Sum: 13,6]
      [Code Root Scanning (ms): Min: 0,0, Avg: 0,0, Max: 0,0, Diff: 0,0, Sum: 0,0]
      [Object Copy (ms): Min: 18,4, Avg: 18,8, Max: 21,1, Diff: 2,7, Sum: 150,7]
      [Termination (ms): Min: 0,0, Avg: 0,0, Max: 0,0, Diff: 0,0, Sum: 0,0]
         [Termination Attempts: Min: 1, Avg: 1,0, Max: 1, Diff: 0, Sum: 8]
      [GC Worker Other (ms): Min: 0,0, Avg: 0,0, Max: 0,0, Diff: 0,0, Sum: 0,2]
      [GC Worker Total (ms): Min: 21,8, Avg: 22,5, Max: 22,9, Diff: 1,0, Sum: 180,2]
      [GC Worker End (ms): Min: 1643373,3, Avg: 1643373,3, Max: 1643373,3, Diff: 0,0]
   [Code Root Fixup: 0,0 ms]
   [Code Root Purge: 0,0 ms]
   [Clear CT: 0,2 ms]
   [Other: 1,5 ms]
      [Choose CSet: 0,0 ms]
      [Ref Proc: 0,5 ms]
      [Ref Enq: 0,0 ms]
      [Redirty Cards: 0,5 ms]
      [Humongous Register: 0,1 ms]
      [Humongous Reclaim: 0,0 ms]
      [Free CSet: 0,1 ms]
   [Eden: 42,0M(42,0M)->0,0B(55,0M) Survivors: 9216,0K->6144,0K Heap: 234,7M(1024,0M)->196,7M(1024,0M)]
 [Times: user=0,17 sys=0,01, real=0,02 secs] 
2018-04-10T15:01:20.570+0200: 1754,664: [GC pause (G1 Evacuation Pause) (young), 0,0096919 secs]
   [Parallel Time: 7,5 ms, GC Workers: 8]
      [GC Worker Start (ms): Min: 1754664,2, Avg: 1754664,2, Max: 1754664,3, Diff: 0,1]
      [Ext Root Scanning (ms): Min: 0,2, Avg: 0,3, Max: 0,7, Diff: 0,5, Sum: 2,3]
      [Update RS (ms): Min: 0,8, Avg: 1,2, Max: 1,3, Diff: 0,5, Sum: 9,5]
         [Processed Buffers: Min: 2, Avg: 7,8, Max: 20, Diff: 18, Sum: 62]
      [Scan RS (ms): Min: 0,7, Avg: 0,8, Max: 1,1, Diff: 0,5, Sum: 6,4]
      [Code Root Scanning (ms): Min: 0,0, Avg: 0,0, Max: 0,0, Diff: 0,0, Sum: 0,0]
      [Object Copy (ms): Min: 3,8, Avg: 4,1, Max: 4,4, Diff: 0,6, Sum: 32,4]
      [Termination (ms): Min: 0,0, Avg: 0,5, Max: 0,8, Diff: 0,8, Sum: 3,8]
         [Termination Attempts: Min: 1, Avg: 1,4, Max: 2, Diff: 1, Sum: 11]
      [GC Worker Other (ms): Min: 0,0, Avg: 0,0, Max: 0,0, Diff: 0,0, Sum: 0,1]
      [GC Worker Total (ms): Min: 6,6, Avg: 6,8, Max: 7,1, Diff: 0,5, Sum: 54,6]
      [GC Worker End (ms): Min: 1754670,9, Avg: 1754671,1, Max: 1754671,4, Diff: 0,5]
   [Code Root Fixup: 0,0 ms]
   [Code Root Purge: 0,0 ms]
   [Clear CT: 0,1 ms]
   [Other: 2,1 ms]
      [Choose CSet: 0,0 ms]
      [Ref Proc: 1,7 ms]
      [Ref Enq: 0,0 ms]
      [Redirty Cards: 0,1 ms]
      [Humongous Register: 0,0 ms]
      [Humongous Reclaim: 0,0 ms]
      [Free CSet: 0,0 ms]
   [Eden: 55,0M(55,0M)->0,0B(79,0M) Survivors: 6144,0K->8192,0K Heap: 251,7M(1024,0M)->199,1M(1024,0M)]
 [Times: user=0,06 sys=0,00, real=0,01 secs] 
2018-04-10T15:04:01.916+0200: 1916,010: [GC pause (G1 Evacuation Pause) (young), 0,0286543 secs]
   [Parallel Time: 25,4 ms, GC Workers: 8]
      [GC Worker Start (ms): Min: 1916010,7, Avg: 1916010,9, Max: 1916011,2, Diff: 0,5]
      [Ext Root Scanning (ms): Min: 0,2, Avg: 0,6, Max: 1,2, Diff: 0,9, Sum: 4,7]
      [Update RS (ms): Min: 1,9, Avg: 2,1, Max: 2,3, Diff: 0,5, Sum: 17,2]
         [Processed Buffers: Min: 1, Avg: 7,6, Max: 21, Diff: 20, Sum: 61]
      [Scan RS (ms): Min: 1,3, Avg: 1,5, Max: 1,9, Diff: 0,6, Sum: 12,3]
      [Code Root Scanning (ms): Min: 0,0, Avg: 0,0, Max: 0,0, Diff: 0,0, Sum: 0,0]
      [Object Copy (ms): Min: 20,3, Avg: 20,4, Max: 20,6, Diff: 0,4, Sum: 163,3]
      [Termination (ms): Min: 0,0, Avg: 0,1, Max: 0,3, Diff: 0,3, Sum: 0,9]
         [Termination Attempts: Min: 3, Avg: 4,4, Max: 6, Diff: 3, Sum: 35]
      [GC Worker Other (ms): Min: 0,0, Avg: 0,0, Max: 0,0, Diff: 0,0, Sum: 0,2]
      [GC Worker Total (ms): Min: 24,4, Avg: 24,8, Max: 25,2, Diff: 0,7, Sum: 198,6]
      [GC Worker End (ms): Min: 1916035,7, Avg: 1916035,7, Max: 1916035,9, Diff: 0,2]
   [Code Root Fixup: 0,0 ms]
   [Code Root Purge: 0,0 ms]
   [Clear CT: 0,4 ms]
   [Other: 2,9 ms]
      [Choose CSet: 0,0 ms]
      [Ref Proc: 1,8 ms]
      [Ref Enq: 0,0 ms]
      [Redirty Cards: 0,5 ms]
      [Humongous Register: 0,1 ms]
      [Humongous Reclaim: 0,0 ms]
      [Free CSet: 0,1 ms]
   [Eden: 79,0M(79,0M)->0,0B(40,0M) Survivors: 8192,0K->11,0M Heap: 278,1M(1024,0M)->202,9M(1024,0M)]
 [Times: user=0,21 sys=0,00, real=0,02 secs] 
2018-04-10T15:05:22.957+0200: 1997,051: [GC pause (G1 Evacuation Pause) (young), 0,0181980 secs]
   [Parallel Time: 15,5 ms, GC Workers: 8]
      [GC Worker Start (ms): Min: 1997051,4, Avg: 1997051,6, Max: 1997051,7, Diff: 0,3]
      [Ext Root Scanning (ms): Min: 0,4, Avg: 0,7, Max: 1,7, Diff: 1,3, Sum: 5,5]
      [Update RS (ms): Min: 0,0, Avg: 0,8, Max: 1,0, Diff: 1,0, Sum: 6,5]
         [Processed Buffers: Min: 0, Avg: 7,0, Max: 18, Diff: 18, Sum: 56]
      [Scan RS (ms): Min: 1,0, Avg: 1,1, Max: 1,3, Diff: 0,3, Sum: 9,0]
      [Code Root Scanning (ms): Min: 0,0, Avg: 0,0, Max: 0,0, Diff: 0,0, Sum: 0,0]
      [Object Copy (ms): Min: 12,3, Avg: 12,4, Max: 12,5, Diff: 0,2, Sum: 98,9]
      [Termination (ms): Min: 0,0, Avg: 0,0, Max: 0,0, Diff: 0,0, Sum: 0,0]
         [Termination Attempts: Min: 1, Avg: 1,4, Max: 2, Diff: 1, Sum: 11]
      [GC Worker Other (ms): Min: 0,0, Avg: 0,0, Max: 0,0, Diff: 0,0, Sum: 0,1]
      [GC Worker Total (ms): Min: 14,9, Avg: 15,0, Max: 15,2, Diff: 0,3, Sum: 120,2]
      [GC Worker End (ms): Min: 1997066,6, Avg: 1997066,6, Max: 1997066,6, Diff: 0,0]
   [Code Root Fixup: 0,0 ms]
   [Code Root Purge: 0,0 ms]
   [Clear CT: 0,2 ms]
   [Other: 2,5 ms]
      [Choose CSet: 0,0 ms]
      [Ref Proc: 1,8 ms]
      [Ref Enq: 0,0 ms]
      [Redirty Cards: 0,1 ms]
      [Humongous Register: 0,1 ms]
      [Humongous Reclaim: 0,0 ms]
      [Free CSet: 0,1 ms]
   [Eden: 40,0M(40,0M)->0,0B(74,0M) Survivors: 11,0M->5120,0K Heap: 242,9M(1024,0M)->205,2M(1024,0M)]
 [Times: user=0,11 sys=0,01, real=0,01 secs] 
2018-04-10T15:07:54.639+0200: 2148,733: [GC pause (G1 Evacuation Pause) (young), 0,0231953 secs]
   [Parallel Time: 22,0 ms, GC Workers: 8]
      [GC Worker Start (ms): Min: 2148733,3, Avg: 2148733,8, Max: 2148734,7, Diff: 1,4]
      [Ext Root Scanning (ms): Min: 0,0, Avg: 0,9, Max: 3,8, Diff: 3,8, Sum: 7,2]
      [Update RS (ms): Min: 1,5, Avg: 3,7, Max: 6,3, Diff: 4,7, Sum: 29,9]
         [Processed Buffers: Min: 1, Avg: 7,4, Max: 19, Diff: 18, Sum: 59]
      [Scan RS (ms): Min: 0,1, Avg: 2,3, Max: 3,8, Diff: 3,8, Sum: 18,7]
      [Code Root Scanning (ms): Min: 0,0, Avg: 0,0, Max: 0,0, Diff: 0,0, Sum: 0,0]
      [Object Copy (ms): Min: 13,5, Avg: 14,5, Max: 14,9, Diff: 1,4, Sum: 116,1]
      [Termination (ms): Min: 0,0, Avg: 0,0, Max: 0,0, Diff: 0,0, Sum: 0,1]
         [Termination Attempts: Min: 1, Avg: 6,0, Max: 10, Diff: 9, Sum: 48]
      [GC Worker Other (ms): Min: 0,0, Avg: 0,0, Max: 0,0, Diff: 0,0, Sum: 0,1]
      [GC Worker Total (ms): Min: 20,6, Avg: 21,5, Max: 22,0, Diff: 1,4, Sum: 172,3]
      [GC Worker End (ms): Min: 2148755,3, Avg: 2148755,3, Max: 2148755,3, Diff: 0,0]
   [Code Root Fixup: 0,0 ms]
   [Code Root Purge: 0,0 ms]
   [Clear CT: 0,1 ms]
   [Other: 1,1 ms]
      [Choose CSet: 0,0 ms]
      [Ref Proc: 0,5 ms]
      [Ref Enq: 0,0 ms]
      [Redirty Cards: 0,1 ms]
      [Humongous Register: 0,1 ms]
      [Humongous Reclaim: 0,0 ms]
      [Free CSet: 0,1 ms]
   [Eden: 74,0M(74,0M)->0,0B(41,0M) Survivors: 5120,0K->10,0M Heap: 279,2M(1024,0M)->213,0M(1024,0M)]
 [Times: user=0,15 sys=0,00, real=0,02 secs] 
2018-04-10T15:09:18.394+0200: 2232,488: [GC pause (G1 Evacuation Pause) (young), 0,0320151 secs]
   [Parallel Time: 28,3 ms, GC Workers: 8]
      [GC Worker Start (ms): Min: 2232488,6, Avg: 2232489,3, Max: 2232490,9, Diff: 2,3]
      [Ext Root Scanning (ms): Min: 0,0, Avg: 0,5, Max: 1,1, Diff: 1,1, Sum: 4,3]
      [Update RS (ms): Min: 0,2, Avg: 1,4, Max: 2,1, Diff: 2,0, Sum: 11,1]
         [Processed Buffers: Min: 2, Avg: 6,9, Max: 17, Diff: 15, Sum: 55]
      [Scan RS (ms): Min: 1,7, Avg: 2,0, Max: 2,2, Diff: 0,5, Sum: 16,0]
      [Code Root Scanning (ms): Min: 0,0, Avg: 0,0, Max: 0,0, Diff: 0,0, Sum: 0,1]
      [Object Copy (ms): Min: 20,9, Avg: 21,3, Max: 22,3, Diff: 1,4, Sum: 170,6]
      [Termination (ms): Min: 0,0, Avg: 1,4, Max: 2,3, Diff: 2,3, Sum: 11,2]
         [Termination Attempts: Min: 1, Avg: 4,5, Max: 11, Diff: 10, Sum: 36]
      [GC Worker Other (ms): Min: 0,0, Avg: 0,0, Max: 0,0, Diff: 0,0, Sum: 0,1]
      [GC Worker Total (ms): Min: 24,6, Avg: 26,7, Max: 28,0, Diff: 3,4, Sum: 213,4]
      [GC Worker End (ms): Min: 2232515,6, Avg: 2232516,0, Max: 2232516,7, Diff: 1,2]
   [Code Root Fixup: 0,0 ms]
   [Code Root Purge: 0,0 ms]
   [Clear CT: 0,3 ms]
   [Other: 3,4 ms]
      [Choose CSet: 0,0 ms]
      [Ref Proc: 2,8 ms]
      [Ref Enq: 0,0 ms]
      [Redirty Cards: 0,1 ms]
      [Humongous Register: 0,1 ms]
      [Humongous Reclaim: 0,0 ms]
      [Free CSet: 0,1 ms]
   [Eden: 41,0M(41,0M)->0,0B(45,0M) Survivors: 10,0M->6144,0K Heap: 254,0M(1024,0M)->214,9M(1024,0M)]
 [Times: user=0,21 sys=0,00, real=0,04 secs] 
2018-04-10T15:10:50.648+0200: 2324,742: [GC pause (G1 Evacuation Pause) (young), 0,0225140 secs]
   [Parallel Time: 18,0 ms, GC Workers: 8]
      [GC Worker Start (ms): Min: 2324742,4, Avg: 2324742,6, Max: 2324742,7, Diff: 0,3]
      [Ext Root Scanning (ms): Min: 0,5, Avg: 0,6, Max: 1,1, Diff: 0,6, Sum: 4,9]
      [Update RS (ms): Min: 2,8, Avg: 3,1, Max: 3,5, Diff: 0,7, Sum: 25,0]
         [Processed Buffers: Min: 2, Avg: 7,2, Max: 14, Diff: 12, Sum: 58]
      [Scan RS (ms): Min: 2,0, Avg: 2,6, Max: 3,1, Diff: 1,2, Sum: 20,7]
      [Code Root Scanning (ms): Min: 0,0, Avg: 0,0, Max: 0,0, Diff: 0,0, Sum: 0,0]
      [Object Copy (ms): Min: 10,4, Avg: 11,1, Max: 11,5, Diff: 1,0, Sum: 88,5]
      [Termination (ms): Min: 0,0, Avg: 0,0, Max: 0,0, Diff: 0,0, Sum: 0,0]
         [Termination Attempts: Min: 1, Avg: 2,6, Max: 5, Diff: 4, Sum: 21]
      [GC Worker Other (ms): Min: 0,0, Avg: 0,1, Max: 0,2, Diff: 0,2, Sum: 0,6]
      [GC Worker Total (ms): Min: 17,3, Avg: 17,5, Max: 17,6, Diff: 0,3, Sum: 139,8]
      [GC Worker End (ms): Min: 2324760,0, Avg: 2324760,0, Max: 2324760,2, Diff: 0,2]
   [Code Root Fixup: 0,0 ms]
   [Code Root Purge: 0,0 ms]
   [Clear CT: 0,4 ms]
   [Other: 4,1 ms]
      [Choose CSet: 0,0 ms]
      [Ref Proc: 2,7 ms]
      [Ref Enq: 0,0 ms]
      [Redirty Cards: 0,9 ms]
      [Humongous Register: 0,1 ms]
      [Humongous Reclaim: 0,0 ms]
      [Free CSet: 0,1 ms]
   [Eden: 45,0M(45,0M)->0,0B(46,0M) Survivors: 6144,0K->5120,0K Heap: 259,9M(1024,0M)->218,0M(1024,0M)]
 [Times: user=0,15 sys=0,01, real=0,02 secs] 
2018-04-10T15:12:25.416+0200: 2419,510: [GC pause (G1 Evacuation Pause) (young), 0,0202068 secs]
   [Parallel Time: 18,2 ms, GC Workers: 8]
      [GC Worker Start (ms): Min: 2419510,4, Avg: 2419510,6, Max: 2419511,3, Diff: 0,9]
      [Ext Root Scanning (ms): Min: 0,0, Avg: 0,6, Max: 0,9, Diff: 0,9, Sum: 4,5]
      [Update RS (ms): Min: 2,0, Avg: 2,2, Max: 2,5, Diff: 0,6, Sum: 17,7]
         [Processed Buffers: Min: 1, Avg: 6,9, Max: 23, Diff: 22, Sum: 55]
      [Scan RS (ms): Min: 2,3, Avg: 2,5, Max: 2,7, Diff: 0,5, Sum: 20,1]
      [Code Root Scanning (ms): Min: 0,0, Avg: 0,0, Max: 0,0, Diff: 0,0, Sum: 0,0]
      [Object Copy (ms): Min: 12,5, Avg: 12,6, Max: 12,7, Diff: 0,2, Sum: 100,6]
      [Termination (ms): Min: 0,0, Avg: 0,0, Max: 0,1, Diff: 0,1, Sum: 0,2]
         [Termination Attempts: Min: 1, Avg: 3,4, Max: 6, Diff: 5, Sum: 27]
      [GC Worker Other (ms): Min: 0,0, Avg: 0,0, Max: 0,0, Diff: 0,0, Sum: 0,2]
      [GC Worker Total (ms): Min: 17,2, Avg: 17,9, Max: 18,1, Diff: 0,9, Sum: 143,3]
      [GC Worker End (ms): Min: 2419528,5, Avg: 2419528,6, Max: 2419528,6, Diff: 0,0]
   [Code Root Fixup: 0,0 ms]
   [Code Root Purge: 0,0 ms]
   [Clear CT: 0,2 ms]
   [Other: 1,8 ms]
      [Choose CSet: 0,0 ms]
      [Ref Proc: 1,1 ms]
      [Ref Enq: 0,0 ms]
      [Redirty Cards: 0,2 ms]
      [Humongous Register: 0,1 ms]
      [Humongous Reclaim: 0,0 ms]
      [Free CSet: 0,1 ms]
   [Eden: 46,0M(46,0M)->0,0B(44,0M) Survivors: 5120,0K->7168,0K Heap: 264,0M(1024,0M)->221,7M(1024,0M)]
 [Times: user=0,14 sys=0,00, real=0,02 secs] 
2018-04-10T15:13:56.109+0200: 2510,203: [GC pause (G1 Evacuation Pause) (young), 0,0265174 secs]
   [Parallel Time: 21,8 ms, GC Workers: 8]
      [GC Worker Start (ms): Min: 2510203,5, Avg: 2510203,8, Max: 2510204,0, Diff: 0,5]
      [Ext Root Scanning (ms): Min: 0,3, Avg: 0,6, Max: 1,2, Diff: 0,9, Sum: 4,5]
      [Update RS (ms): Min: 1,4, Avg: 1,6, Max: 1,9, Diff: 0,5, Sum: 12,5]
         [Processed Buffers: Min: 2, Avg: 6,8, Max: 21, Diff: 19, Sum: 54]
      [Scan RS (ms): Min: 2,2, Avg: 2,6, Max: 2,9, Diff: 0,7, Sum: 20,5]
      [Code Root Scanning (ms): Min: 0,0, Avg: 0,0, Max: 0,0, Diff: 0,0, Sum: 0,0]
      [Object Copy (ms): Min: 16,6, Avg: 16,7, Max: 16,9, Diff: 0,3, Sum: 133,8]
      [Termination (ms): Min: 0,0, Avg: 0,0, Max: 0,0, Diff: 0,0, Sum: 0,0]
         [Termination Attempts: Min: 1, Avg: 1,6, Max: 3, Diff: 2, Sum: 13]
      [GC Worker Other (ms): Min: 0,0, Avg: 0,0, Max: 0,0, Diff: 0,0, Sum: 0,2]
      [GC Worker Total (ms): Min: 21,2, Avg: 21,4, Max: 21,7, Diff: 0,5, Sum: 171,6]
      [GC Worker End (ms): Min: 2510225,2, Avg: 2510225,2, Max: 2510225,2, Diff: 0,0]
   [Code Root Fixup: 0,0 ms]
   [Code Root Purge: 0,0 ms]
   [Clear CT: 0,3 ms]
   [Other: 4,4 ms]
      [Choose CSet: 0,0 ms]
      [Ref Proc: 2,6 ms]
      [Ref Enq: 0,0 ms]
      [Redirty Cards: 1,2 ms]
      [Humongous Register: 0,1 ms]
      [Humongous Reclaim: 0,0 ms]
      [Free CSet: 0,1 ms]
   [Eden: 44,0M(44,0M)->0,0B(44,0M) Survivors: 7168,0K->7168,0K Heap: 265,7M(1024,0M)->224,3M(1024,0M)]
 [Times: user=0,18 sys=0,00, real=0,02 secs] 
2018-04-10T15:15:23.770+0200: 2597,864: [GC pause (G1 Evacuation Pause) (young), 0,0252041 secs]
   [Parallel Time: 21,4 ms, GC Workers: 8]
      [GC Worker Start (ms): Min: 2597864,5, Avg: 2597864,6, Max: 2597864,7, Diff: 0,3]
      [Ext Root Scanning (ms): Min: 0,4, Avg: 0,6, Max: 1,1, Diff: 0,7, Sum: 4,8]
      [Update RS (ms): Min: 1,7, Avg: 2,0, Max: 2,2, Diff: 0,5, Sum: 16,0]
         [Processed Buffers: Min: 2, Avg: 6,6, Max: 13, Diff: 11, Sum: 53]
      [Scan RS (ms): Min: 2,1, Avg: 2,4, Max: 2,9, Diff: 0,8, Sum: 19,6]
      [Code Root Scanning (ms): Min: 0,0, Avg: 0,0, Max: 0,0, Diff: 0,0, Sum: 0,0]
      [Object Copy (ms): Min: 15,9, Avg: 16,0, Max: 16,2, Diff: 0,3, Sum: 128,1]
      [Termination (ms): Min: 0,0, Avg: 0,0, Max: 0,0, Diff: 0,0, Sum: 0,0]
         [Termination Attempts: Min: 1, Avg: 1,0, Max: 1, Diff: 0, Sum: 8]
      [GC Worker Other (ms): Min: 0,0, Avg: 0,0, Max: 0,0, Diff: 0,0, Sum: 0,2]
      [GC Worker Total (ms): Min: 21,0, Avg: 21,1, Max: 21,3, Diff: 0,3, Sum: 168,7]
      [GC Worker End (ms): Min: 2597885,7, Avg: 2597885,7, Max: 2597885,7, Diff: 0,0]
   [Code Root Fixup: 0,0 ms]
   [Code Root Purge: 0,0 ms]
   [Clear CT: 1,0 ms]
   [Other: 2,8 ms]
      [Choose CSet: 0,0 ms]
      [Ref Proc: 1,2 ms]
      [Ref Enq: 0,0 ms]
      [Redirty Cards: 1,0 ms]
      [Humongous Register: 0,1 ms]
      [Humongous Reclaim: 0,0 ms]
      [Free CSet: 0,1 ms]
   [Eden: 44,0M(44,0M)->0,0B(44,0M) Survivors: 7168,0K->7168,0K Heap: 268,3M(1024,0M)->228,4M(1024,0M)]
 [Times: user=0,18 sys=0,00, real=0,02 secs] 
2018-04-10T15:16:54.118+0200: 2688,212: [GC pause (G1 Evacuation Pause) (young), 0,0260058 secs]
   [Parallel Time: 23,3 ms, GC Workers: 8]
      [GC Worker Start (ms): Min: 2688212,3, Avg: 2688212,8, Max: 2688213,6, Diff: 1,4]
      [Ext Root Scanning (ms): Min: 0,0, Avg: 0,7, Max: 1,6, Diff: 1,6, Sum: 5,6]
      [Update RS (ms): Min: 2,4, Avg: 2,9, Max: 3,7, Diff: 1,3, Sum: 22,9]
         [Processed Buffers: Min: 1, Avg: 6,9, Max: 23, Diff: 22, Sum: 55]
      [Scan RS (ms): Min: 2,4, Avg: 3,0, Max: 4,2, Diff: 1,8, Sum: 24,2]
      [Code Root Scanning (ms): Min: 0,0, Avg: 0,0, Max: 0,0, Diff: 0,0, Sum: 0,0]
      [Object Copy (ms): Min: 14,4, Avg: 15,0, Max: 16,0, Diff: 1,7, Sum: 120,1]
      [Termination (ms): Min: 0,0, Avg: 0,6, Max: 0,8, Diff: 0,8, Sum: 4,8]
         [Termination Attempts: Min: 1, Avg: 7,8, Max: 10, Diff: 9, Sum: 62]
      [GC Worker Other (ms): Min: 0,0, Avg: 0,0, Max: 0,0, Diff: 0,0, Sum: 0,2]
      [GC Worker Total (ms): Min: 21,2, Avg: 22,2, Max: 22,9, Diff: 1,8, Sum: 177,8]
      [GC Worker End (ms): Min: 2688234,8, Avg: 2688235,0, Max: 2688235,2, Diff: 0,4]
   [Code Root Fixup: 0,0 ms]
   [Code Root Purge: 0,0 ms]
   [Clear CT: 0,2 ms]
   [Other: 2,5 ms]
      [Choose CSet: 0,0 ms]
      [Ref Proc: 1,8 ms]
      [Ref Enq: 0,0 ms]
      [Redirty Cards: 0,2 ms]
      [Humongous Register: 0,1 ms]
      [Humongous Reclaim: 0,0 ms]
      [Free CSet: 0,1 ms]
   [Eden: 44,0M(44,0M)->0,0B(46,0M) Survivors: 7168,0K->5120,0K Heap: 272,4M(1024,0M)->233,0M(1024,0M)]
 [Times: user=0,17 sys=0,00, real=0,02 secs] 
2018-04-10T15:18:27.796+0200: 2781,891: [GC pause (G1 Evacuation Pause) (young), 0,0250972 secs]
   [Parallel Time: 22,1 ms, GC Workers: 8]
      [GC Worker Start (ms): Min: 2781890,9, Avg: 2781891,3, Max: 2781892,1, Diff: 1,2]
      [Ext Root Scanning (ms): Min: 0,0, Avg: 0,6, Max: 1,1, Diff: 1,1, Sum: 4,4]
      [Update RS (ms): Min: 3,1, Avg: 4,0, Max: 7,8, Diff: 4,7, Sum: 32,1]
         [Processed Buffers: Min: 0, Avg: 6,9, Max: 16, Diff: 16, Sum: 55]
      [Scan RS (ms): Min: 0,0, Avg: 2,9, Max: 3,6, Diff: 3,6, Sum: 23,2]
      [Code Root Scanning (ms): Min: 0,0, Avg: 0,0, Max: 0,0, Diff: 0,0, Sum: 0,0]
      [Object Copy (ms): Min: 11,1, Avg: 12,1, Max: 13,9, Diff: 2,8, Sum: 96,9]
      [Termination (ms): Min: 0,0, Avg: 1,9, Max: 2,2, Diff: 2,2, Sum: 15,0]
         [Termination Attempts: Min: 1, Avg: 1,5, Max: 3, Diff: 2, Sum: 12]
      [GC Worker Other (ms): Min: 0,0, Avg: 0,0, Max: 0,0, Diff: 0,0, Sum: 0,1]
      [GC Worker Total (ms): Min: 20,6, Avg: 21,5, Max: 21,9, Diff: 1,3, Sum: 171,8]
      [GC Worker End (ms): Min: 2781912,6, Avg: 2781912,7, Max: 2781912,9, Diff: 0,3]
   [Code Root Fixup: 0,0 ms]
   [Code Root Purge: 0,0 ms]
   [Clear CT: 0,4 ms]
   [Other: 2,7 ms]
      [Choose CSet: 0,0 ms]
      [Ref Proc: 1,8 ms]
      [Ref Enq: 0,0 ms]
      [Redirty Cards: 0,4 ms]
      [Humongous Register: 0,1 ms]
      [Humongous Reclaim: 0,0 ms]
      [Free CSet: 0,1 ms]
   [Eden: 46,0M(46,0M)->0,0B(44,0M) Survivors: 5120,0K->7168,0K Heap: 279,0M(1024,0M)->237,5M(1024,0M)]
 [Times: user=0,17 sys=0,00, real=0,02 secs] 
2018-04-10T15:19:54.559+0200: 2868,653: [GC pause (G1 Evacuation Pause) (young), 0,0239963 secs]
   [Parallel Time: 22,0 ms, GC Workers: 8]
      [GC Worker Start (ms): Min: 2868653,2, Avg: 2868653,6, Max: 2868654,3, Diff: 1,0]
      [Ext Root Scanning (ms): Min: 0,0, Avg: 0,5, Max: 1,1, Diff: 1,1, Sum: 4,1]
      [Update RS (ms): Min: 1,5, Avg: 1,8, Max: 2,0, Diff: 0,6, Sum: 14,2]
         [Processed Buffers: Min: 1, Avg: 6,6, Max: 13, Diff: 12, Sum: 53]
      [Scan RS (ms): Min: 2,0, Avg: 2,3, Max: 2,6, Diff: 0,6, Sum: 18,4]
      [Code Root Scanning (ms): Min: 0,0, Avg: 0,0, Max: 0,0, Diff: 0,0, Sum: 0,0]
      [Object Copy (ms): Min: 16,3, Avg: 16,7, Max: 17,1, Diff: 0,8, Sum: 133,7]
      [Termination (ms): Min: 0,0, Avg: 0,2, Max: 0,2, Diff: 0,2, Sum: 1,2]
         [Termination Attempts: Min: 1, Avg: 9,0, Max: 14, Diff: 13, Sum: 72]
      [GC Worker Other (ms): Min: 0,0, Avg: 0,0, Max: 0,0, Diff: 0,0, Sum: 0,1]
      [GC Worker Total (ms): Min: 20,8, Avg: 21,5, Max: 21,8, Diff: 1,0, Sum: 171,9]
      [GC Worker End (ms): Min: 2868675,0, Avg: 2868675,1, Max: 2868675,1, Diff: 0,1]
   [Code Root Fixup: 0,0 ms]
   [Code Root Purge: 0,0 ms]
   [Clear CT: 0,3 ms]
   [Other: 1,7 ms]
      [Choose CSet: 0,0 ms]
      [Ref Proc: 0,7 ms]
      [Ref Enq: 0,0 ms]
      [Redirty Cards: 0,5 ms]
      [Humongous Register: 0,1 ms]
      [Humongous Reclaim: 0,0 ms]
      [Free CSet: 0,1 ms]
   [Eden: 44,0M(44,0M)->0,0B(44,0M) Survivors: 7168,0K->7168,0K Heap: 281,5M(1024,0M)->240,4M(1024,0M)]
 [Times: user=0,16 sys=0,01, real=0,02 secs] 
2018-04-10T15:21:25.957+0200: 2960,052: [GC pause (G1 Evacuation Pause) (young), 0,0247044 secs]
   [Parallel Time: 23,2 ms, GC Workers: 8]
      [GC Worker Start (ms): Min: 2960052,0, Avg: 2960052,2, Max: 2960053,2, Diff: 1,2]
      [Ext Root Scanning (ms): Min: 0,0, Avg: 0,6, Max: 1,2, Diff: 1,2, Sum: 4,9]
      [Update RS (ms): Min: 2,2, Avg: 2,4, Max: 2,6, Diff: 0,4, Sum: 19,1]
         [Processed Buffers: Min: 0, Avg: 6,8, Max: 14, Diff: 14, Sum: 54]
      [Scan RS (ms): Min: 2,6, Avg: 2,9, Max: 3,3, Diff: 0,7, Sum: 23,2]
      [Code Root Scanning (ms): Min: 0,0, Avg: 0,0, Max: 0,0, Diff: 0,0, Sum: 0,0]
      [Object Copy (ms): Min: 16,4, Avg: 16,8, Max: 17,0, Diff: 0,6, Sum: 134,7]
      [Termination (ms): Min: 0,0, Avg: 0,0, Max: 0,0, Diff: 0,0, Sum: 0,1]
         [Termination Attempts: Min: 1, Avg: 9,9, Max: 15, Diff: 14, Sum: 79]
      [GC Worker Other (ms): Min: 0,0, Avg: 0,0, Max: 0,0, Diff: 0,0, Sum: 0,2]
      [GC Worker Total (ms): Min: 21,8, Avg: 22,8, Max: 23,1, Diff: 1,2, Sum: 182,3]
      [GC Worker End (ms): Min: 2960075,0, Avg: 2960075,0, Max: 2960075,0, Diff: 0,0]
   [Code Root Fixup: 0,0 ms]
   [Code Root Purge: 0,0 ms]
   [Clear CT: 0,2 ms]
   [Other: 1,3 ms]
      [Choose CSet: 0,0 ms]
      [Ref Proc: 0,6 ms]
      [Ref Enq: 0,0 ms]
      [Redirty Cards: 0,1 ms]
      [Humongous Register: 0,1 ms]
      [Humongous Reclaim: 0,0 ms]
      [Free CSet: 0,1 ms]
   [Eden: 44,0M(44,0M)->0,0B(44,0M) Survivors: 7168,0K->7168,0K Heap: 284,4M(1024,0M)->244,5M(1024,0M)]
 [Times: user=0,18 sys=0,00, real=0,02 secs] 
2018-04-10T15:22:55.792+0200: 3049,886: [GC pause (G1 Evacuation Pause) (young), 0,0259551 secs]
   [Parallel Time: 23,5 ms, GC Workers: 8]
      [GC Worker Start (ms): Min: 3049886,3, Avg: 3049886,6, Max: 3049887,4, Diff: 1,0]
      [Ext Root Scanning (ms): Min: 0,0, Avg: 0,6, Max: 1,1, Diff: 1,1, Sum: 4,5]
      [Update RS (ms): Min: 1,8, Avg: 2,0, Max: 2,4, Diff: 0,6, Sum: 16,3]
         [Processed Buffers: Min: 2, Avg: 7,4, Max: 15, Diff: 13, Sum: 59]
      [Scan RS (ms): Min: 2,5, Avg: 2,8, Max: 3,0, Diff: 0,5, Sum: 22,1]
      [Code Root Scanning (ms): Min: 0,0, Avg: 0,0, Max: 0,0, Diff: 0,0, Sum: 0,0]
      [Object Copy (ms): Min: 17,2, Avg: 17,3, Max: 17,5, Diff: 0,3, Sum: 138,8]
      [Termination (ms): Min: 0,0, Avg: 0,3, Max: 0,4, Diff: 0,4, Sum: 2,5]
         [Termination Attempts: Min: 1, Avg: 1,0, Max: 1, Diff: 0, Sum: 8]
      [GC Worker Other (ms): Min: 0,0, Avg: 0,0, Max: 0,0, Diff: 0,0, Sum: 0,2]
      [GC Worker Total (ms): Min: 22,3, Avg: 23,0, Max: 23,3, Diff: 1,0, Sum: 184,3]
      [GC Worker End (ms): Min: 3049909,6, Avg: 3049909,6, Max: 3049909,7, Diff: 0,1]
   [Code Root Fixup: 0,0 ms]
   [Code Root Purge: 0,0 ms]
   [Clear CT: 0,4 ms]
   [Other: 2,0 ms]
      [Choose CSet: 0,0 ms]
      [Ref Proc: 0,8 ms]
      [Ref Enq: 0,0 ms]
      [Redirty Cards: 0,6 ms]
      [Humongous Register: 0,1 ms]
      [Humongous Reclaim: 0,0 ms]
      [Free CSet: 0,1 ms]
   [Eden: 44,0M(44,0M)->0,0B(44,0M) Survivors: 7168,0K->7168,0K Heap: 288,5M(1024,0M)->249,3M(1024,0M)]
 [Times: user=0,18 sys=0,00, real=0,03 secs] 
2018-04-10T15:24:25.877+0200: 3139,971: [GC pause (G1 Evacuation Pause) (young), 0,0256182 secs]
   [Parallel Time: 22,5 ms, GC Workers: 8]
      [GC Worker Start (ms): Min: 3139971,5, Avg: 3139971,7, Max: 3139972,4, Diff: 0,9]
      [Ext Root Scanning (ms): Min: 0,0, Avg: 0,6, Max: 1,1, Diff: 1,1, Sum: 4,6]
      [Update RS (ms): Min: 2,1, Avg: 2,2, Max: 2,6, Diff: 0,5, Sum: 17,9]
         [Processed Buffers: Min: 1, Avg: 6,5, Max: 15, Diff: 14, Sum: 52]
      [Scan RS (ms): Min: 2,4, Avg: 2,8, Max: 3,1, Diff: 0,7, Sum: 22,4]
      [Code Root Scanning (ms): Min: 0,0, Avg: 0,0, Max: 0,0, Diff: 0,0, Sum: 0,0]
      [Object Copy (ms): Min: 16,3, Avg: 16,5, Max: 16,6, Diff: 0,3, Sum: 131,8]
      [Termination (ms): Min: 0,0, Avg: 0,0, Max: 0,1, Diff: 0,1, Sum: 0,3]
         [Termination Attempts: Min: 1, Avg: 17,9, Max: 25, Diff: 24, Sum: 143]
      [GC Worker Other (ms): Min: 0,0, Avg: 0,0, Max: 0,0, Diff: 0,0, Sum: 0,2]
      [GC Worker Total (ms): Min: 21,5, Avg: 22,2, Max: 22,4, Diff: 0,9, Sum: 177,2]
      [GC Worker End (ms): Min: 3139993,8, Avg: 3139993,8, Max: 3139993,8, Diff: 0,0]
   [Code Root Fixup: 0,0 ms]
   [Code Root Purge: 0,0 ms]
   [Clear CT: 0,2 ms]
   [Other: 2,9 ms]
      [Choose CSet: 0,0 ms]
      [Ref Proc: 2,0 ms]
      [Ref Enq: 0,0 ms]
      [Redirty Cards: 0,3 ms]
      [Humongous Register: 0,1 ms]
      [Humongous Reclaim: 0,0 ms]
      [Free CSet: 0,1 ms]
   [Eden: 44,0M(44,0M)->0,0B(44,0M) Survivors: 7168,0K->7168,0K Heap: 293,3M(1024,0M)->253,0M(1024,0M)]
 [Times: user=0,19 sys=0,00, real=0,02 secs] 
2018-04-10T15:25:56.187+0200: 3230,282: [GC pause (G1 Evacuation Pause) (young), 0,0318809 secs]
   [Parallel Time: 28,8 ms, GC Workers: 8]
      [GC Worker Start (ms): Min: 3230282,1, Avg: 3230282,3, Max: 3230282,8, Diff: 0,7]
      [Ext Root Scanning (ms): Min: 0,1, Avg: 0,6, Max: 1,1, Diff: 1,0, Sum: 4,5]
      [Update RS (ms): Min: 0,8, Avg: 2,1, Max: 2,8, Diff: 2,0, Sum: 16,6]
         [Processed Buffers: Min: 1, Avg: 6,2, Max: 14, Diff: 13, Sum: 50]
      [Scan RS (ms): Min: 2,6, Avg: 3,0, Max: 3,4, Diff: 0,8, Sum: 23,9]
      [Code Root Scanning (ms): Min: 0,0, Avg: 0,1, Max: 0,8, Diff: 0,8, Sum: 0,8]
      [Object Copy (ms): Min: 18,6, Avg: 19,6, Max: 21,7, Diff: 3,1, Sum: 156,6]
      [Termination (ms): Min: 0,0, Avg: 2,5, Max: 3,1, Diff: 3,1, Sum: 19,9]
         [Termination Attempts: Min: 1, Avg: 15,2, Max: 23, Diff: 22, Sum: 122]
      [GC Worker Other (ms): Min: 0,0, Avg: 0,0, Max: 0,0, Diff: 0,0, Sum: 0,1]
      [GC Worker Total (ms): Min: 27,6, Avg: 27,8, Max: 28,2, Diff: 0,6, Sum: 222,4]
      [GC Worker End (ms): Min: 3230309,8, Avg: 3230310,1, Max: 3230310,4, Diff: 0,6]
   [Code Root Fixup: 0,0 ms]
   [Code Root Purge: 0,0 ms]
   [Clear CT: 0,2 ms]
   [Other: 2,9 ms]
      [Choose CSet: 0,0 ms]
      [Ref Proc: 2,2 ms]
      [Ref Enq: 0,0 ms]
      [Redirty Cards: 0,3 ms]
      [Humongous Register: 0,1 ms]
      [Humongous Reclaim: 0,0 ms]
      [Free CSet: 0,0 ms]
   [Eden: 44,0M(44,0M)->0,0B(44,0M) Survivors: 7168,0K->7168,0K Heap: 297,0M(1024,0M)->256,9M(1024,0M)]
 [Times: user=0,21 sys=0,01, real=0,03 secs] 
2018-04-10T15:27:27.382+0200: 3321,476: [GC pause (G1 Evacuation Pause) (young), 0,0311995 secs]
   [Parallel Time: 27,6 ms, GC Workers: 8]
      [GC Worker Start (ms): Min: 3321476,8, Avg: 3321477,0, Max: 3321477,6, Diff: 0,8]
      [Ext Root Scanning (ms): Min: 0,1, Avg: 0,6, Max: 1,2, Diff: 1,0, Sum: 4,7]
      [Update RS (ms): Min: 0,8, Avg: 1,8, Max: 2,4, Diff: 1,6, Sum: 14,3]
         [Processed Buffers: Min: 4, Avg: 6,1, Max: 8, Diff: 4, Sum: 49]
      [Scan RS (ms): Min: 2,6, Avg: 3,1, Max: 3,7, Diff: 1,1, Sum: 24,9]
      [Code Root Scanning (ms): Min: 0,0, Avg: 0,0, Max: 0,0, Diff: 0,0, Sum: 0,0]
      [Object Copy (ms): Min: 18,0, Avg: 18,7, Max: 21,6, Diff: 3,6, Sum: 149,2]
      [Termination (ms): Min: 0,0, Avg: 2,5, Max: 2,9, Diff: 2,9, Sum: 19,7]
         [Termination Attempts: Min: 1, Avg: 6,5, Max: 10, Diff: 9, Sum: 52]
      [GC Worker Other (ms): Min: 0,0, Avg: 0,0, Max: 0,0, Diff: 0,0, Sum: 0,2]
      [GC Worker Total (ms): Min: 26,1, Avg: 26,6, Max: 26,9, Diff: 0,8, Sum: 213,0]
      [GC Worker End (ms): Min: 3321503,3, Avg: 3321503,6, Max: 3321503,8, Diff: 0,5]
   [Code Root Fixup: 0,0 ms]
   [Code Root Purge: 0,0 ms]
   [Clear CT: 0,6 ms]
   [Other: 3,0 ms]
      [Choose CSet: 0,0 ms]
      [Ref Proc: 2,1 ms]
      [Ref Enq: 0,0 ms]
      [Redirty Cards: 0,4 ms]
      [Humongous Register: 0,1 ms]
      [Humongous Reclaim: 0,0 ms]
      [Free CSet: 0,1 ms]
   [Eden: 44,0M(44,0M)->0,0B(44,0M) Survivors: 7168,0K->7168,0K Heap: 300,9M(1024,0M)->261,3M(1024,0M)]
 [Times: user=0,21 sys=0,00, real=0,03 secs] 
2018-04-10T15:28:55.928+0200: 3410,023: [GC pause (G1 Evacuation Pause) (young), 0,0253653 secs]
   [Parallel Time: 22,6 ms, GC Workers: 8]
      [GC Worker Start (ms): Min: 3410023,1, Avg: 3410023,2, Max: 3410023,4, Diff: 0,2]
      [Ext Root Scanning (ms): Min: 0,4, Avg: 0,6, Max: 1,1, Diff: 0,7, Sum: 4,6]
      [Update RS (ms): Min: 1,6, Avg: 1,9, Max: 2,2, Diff: 0,7, Sum: 15,1]
         [Processed Buffers: Min: 3, Avg: 6,5, Max: 14, Diff: 11, Sum: 52]
      [Scan RS (ms): Min: 2,8, Avg: 3,1, Max: 3,4, Diff: 0,6, Sum: 24,8]
      [Code Root Scanning (ms): Min: 0,0, Avg: 0,0, Max: 0,0, Diff: 0,0, Sum: 0,0]
      [Object Copy (ms): Min: 16,7, Avg: 16,8, Max: 16,9, Diff: 0,3, Sum: 134,4]
      [Termination (ms): Min: 0,0, Avg: 0,0, Max: 0,0, Diff: 0,0, Sum: 0,0]
         [Termination Attempts: Min: 1, Avg: 1,0, Max: 1, Diff: 0, Sum: 8]
      [GC Worker Other (ms): Min: 0,0, Avg: 0,0, Max: 0,0, Diff: 0,0, Sum: 0,2]
      [GC Worker Total (ms): Min: 22,3, Avg: 22,4, Max: 22,5, Diff: 0,2, Sum: 179,2]
      [GC Worker End (ms): Min: 3410045,6, Avg: 3410045,6, Max: 3410045,6, Diff: 0,0]
   [Code Root Fixup: 0,0 ms]
   [Code Root Purge: 0,0 ms]
   [Clear CT: 0,5 ms]
   [Other: 2,3 ms]
      [Choose CSet: 0,0 ms]
      [Ref Proc: 0,9 ms]
      [Ref Enq: 0,0 ms]
      [Redirty Cards: 0,8 ms]
      [Humongous Register: 0,1 ms]
      [Humongous Reclaim: 0,0 ms]
      [Free CSet: 0,1 ms]
   [Eden: 44,0M(44,0M)->0,0B(44,0M) Survivors: 7168,0K->7168,0K Heap: 305,3M(1024,0M)->265,2M(1024,0M)]
 [Times: user=0,18 sys=0,00, real=0,02 secs] 
2018-04-10T15:30:26.986+0200: 3501,080: [GC pause (G1 Evacuation Pause) (young), 0,0252562 secs]
   [Parallel Time: 22,4 ms, GC Workers: 8]
      [GC Worker Start (ms): Min: 3501080,6, Avg: 3501080,7, Max: 3501080,9, Diff: 0,3]
      [Ext Root Scanning (ms): Min: 0,4, Avg: 0,6, Max: 1,2, Diff: 0,8, Sum: 4,7]
      [Update RS (ms): Min: 1,8, Avg: 2,3, Max: 2,7, Diff: 0,9, Sum: 18,5]
         [Processed Buffers: Min: 1, Avg: 6,8, Max: 13, Diff: 12, Sum: 54]
      [Scan RS (ms): Min: 2,7, Avg: 3,1, Max: 3,8, Diff: 1,1, Sum: 24,6]
      [Code Root Scanning (ms): Min: 0,0, Avg: 0,0, Max: 0,0, Diff: 0,0, Sum: 0,0]
      [Object Copy (ms): Min: 15,6, Avg: 16,1, Max: 16,3, Diff: 0,8, Sum: 128,7]
      [Termination (ms): Min: 0,0, Avg: 0,0, Max: 0,0, Diff: 0,0, Sum: 0,1]
         [Termination Attempts: Min: 1, Avg: 2,4, Max: 4, Diff: 3, Sum: 19]
      [GC Worker Other (ms): Min: 0,0, Avg: 0,0, Max: 0,0, Diff: 0,0, Sum: 0,2]
      [GC Worker Total (ms): Min: 22,0, Avg: 22,1, Max: 22,2, Diff: 0,3, Sum: 176,8]
      [GC Worker End (ms): Min: 3501102,8, Avg: 3501102,8, Max: 3501102,8, Diff: 0,0]
   [Code Root Fixup: 0,0 ms]
   [Code Root Purge: 0,0 ms]
   [Clear CT: 0,4 ms]
   [Other: 2,5 ms]
      [Choose CSet: 0,0 ms]
      [Ref Proc: 1,7 ms]
      [Ref Enq: 0,0 ms]
      [Redirty Cards: 0,2 ms]
      [Humongous Register: 0,1 ms]
      [Humongous Reclaim: 0,0 ms]
      [Free CSet: 0,1 ms]
   [Eden: 44,0M(44,0M)->0,0B(44,0M) Survivors: 7168,0K->7168,0K Heap: 309,2M(1024,0M)->268,8M(1024,0M)]
 [Times: user=0,18 sys=0,00, real=0,02 secs] 
2018-04-10T15:31:57.153+0200: 3591,248: [GC pause (G1 Evacuation Pause) (young), 0,0258767 secs]
   [Parallel Time: 22,5 ms, GC Workers: 8]
      [GC Worker Start (ms): Min: 3591247,8, Avg: 3591248,0, Max: 3591248,3, Diff: 0,5]
      [Ext Root Scanning (ms): Min: 0,2, Avg: 0,6, Max: 1,1, Diff: 0,9, Sum: 4,9]
      [Update RS (ms): Min: 1,7, Avg: 2,1, Max: 2,4, Diff: 0,7, Sum: 16,6]
         [Processed Buffers: Min: 1, Avg: 6,4, Max: 13, Diff: 12, Sum: 51]
      [Scan RS (ms): Min: 2,6, Avg: 3,0, Max: 3,6, Diff: 1,0, Sum: 24,1]
      [Code Root Scanning (ms): Min: 0,0, Avg: 0,0, Max: 0,0, Diff: 0,0, Sum: 0,1]
      [Object Copy (ms): Min: 16,1, Avg: 16,6, Max: 16,8, Diff: 0,8, Sum: 132,8]
      [Termination (ms): Min: 0,0, Avg: 0,0, Max: 0,0, Diff: 0,0, Sum: 0,0]
         [Termination Attempts: Min: 1, Avg: 1,8, Max: 4, Diff: 3, Sum: 14]
      [GC Worker Other (ms): Min: 0,0, Avg: 0,0, Max: 0,0, Diff: 0,0, Sum: 0,2]
      [GC Worker Total (ms): Min: 22,0, Avg: 22,3, Max: 22,5, Diff: 0,5, Sum: 178,6]
      [GC Worker End (ms): Min: 3591270,3, Avg: 3591270,3, Max: 3591270,3, Diff: 0,0]
   [Code Root Fixup: 0,0 ms]
   [Code Root Purge: 0,0 ms]
   [Clear CT: 0,6 ms]
   [Other: 2,8 ms]
      [Choose CSet: 0,0 ms]
      [Ref Proc: 1,7 ms]
      [Ref Enq: 0,0 ms]
      [Redirty Cards: 0,5 ms]
      [Humongous Register: 0,1 ms]
      [Humongous Reclaim: 0,0 ms]
      [Free CSet: 0,1 ms]
   [Eden: 44,0M(44,0M)->0,0B(44,0M) Survivors: 7168,0K->7168,0K Heap: 312,8M(1024,0M)->273,3M(1024,0M)]
 [Times: user=0,19 sys=0,00, real=0,03 secs] 
2018-04-10T15:33:19.287+0200: 3673,381: [GC pause (G1 Evacuation Pause) (young), 0,0332775 secs]
   [Parallel Time: 27,6 ms, GC Workers: 8]
      [GC Worker Start (ms): Min: 3673381,4, Avg: 3673381,6, Max: 3673382,6, Diff: 1,3]
      [Ext Root Scanning (ms): Min: 0,0, Avg: 0,6, Max: 1,1, Diff: 1,1, Sum: 4,7]
      [Update RS (ms): Min: 2,3, Avg: 2,5, Max: 2,8, Diff: 0,5, Sum: 20,3]
         [Processed Buffers: Min: 1, Avg: 6,6, Max: 20, Diff: 19, Sum: 53]
      [Scan RS (ms): Min: 2,9, Avg: 3,2, Max: 3,6, Diff: 0,7, Sum: 25,7]
      [Code Root Scanning (ms): Min: 0,0, Avg: 0,0, Max: 0,0, Diff: 0,0, Sum: 0,0]
      [Object Copy (ms): Min: 20,2, Avg: 20,4, Max: 20,5, Diff: 0,3, Sum: 162,9]
      [Termination (ms): Min: 0,1, Avg: 0,1, Max: 0,3, Diff: 0,2, Sum: 1,0]
         [Termination Attempts: Min: 1, Avg: 8,8, Max: 13, Diff: 12, Sum: 70]
      [GC Worker Other (ms): Min: 0,0, Avg: 0,0, Max: 0,0, Diff: 0,0, Sum: 0,2]
      [GC Worker Total (ms): Min: 25,9, Avg: 26,9, Max: 27,1, Diff: 1,3, Sum: 214,9]
      [GC Worker End (ms): Min: 3673408,5, Avg: 3673408,5, Max: 3673408,7, Diff: 0,2]
   [Code Root Fixup: 0,0 ms]
   [Code Root Purge: 0,0 ms]
   [Clear CT: 0,7 ms]
   [Other: 5,0 ms]
      [Choose CSet: 0,0 ms]
      [Ref Proc: 4,2 ms]
      [Ref Enq: 0,0 ms]
      [Redirty Cards: 0,3 ms]
      [Humongous Register: 0,1 ms]
      [Humongous Reclaim: 0,0 ms]
      [Free CSet: 0,1 ms]
   [Eden: 44,0M(44,0M)->0,0B(44,0M) Survivors: 7168,0K->7168,0K Heap: 317,3M(1024,0M)->277,6M(1024,0M)]
 [Times: user=0,23 sys=0,00, real=0,03 secs] 
2018-04-10T15:34:46.629+0200: 3760,723: [GC pause (G1 Evacuation Pause) (young), 0,0129812 secs]
   [Parallel Time: 11,4 ms, GC Workers: 8]
      [GC Worker Start (ms): Min: 3760723,7, Avg: 3760724,2, Max: 3760725,4, Diff: 1,7]
      [Ext Root Scanning (ms): Min: 0,0, Avg: 0,6, Max: 1,2, Diff: 1,2, Sum: 4,5]
      [Update RS (ms): Min: 0,8, Avg: 1,8, Max: 2,9, Diff: 2,1, Sum: 14,3]
         [Processed Buffers: Min: 1, Avg: 6,1, Max: 14, Diff: 13, Sum: 49]
      [Scan RS (ms): Min: 2,3, Avg: 3,1, Max: 3,6, Diff: 1,3, Sum: 25,1]
      [Code Root Scanning (ms): Min: 0,0, Avg: 0,0, Max: 0,0, Diff: 0,0, Sum: 0,0]
      [Object Copy (ms): Min: 5,1, Avg: 5,3, Max: 5,4, Diff: 0,3, Sum: 42,7]
      [Termination (ms): Min: 0,0, Avg: 0,0, Max: 0,0, Diff: 0,0, Sum: 0,0]
         [Termination Attempts: Min: 1, Avg: 2,0, Max: 3, Diff: 2, Sum: 16]
      [GC Worker Other (ms): Min: 0,0, Avg: 0,0, Max: 0,0, Diff: 0,0, Sum: 0,1]
      [GC Worker Total (ms): Min: 9,6, Avg: 10,9, Max: 11,3, Diff: 1,7, Sum: 86,8]
      [GC Worker End (ms): Min: 3760735,0, Avg: 3760735,0, Max: 3760735,0, Diff: 0,0]
   [Code Root Fixup: 0,0 ms]
   [Code Root Purge: 0,0 ms]
   [Clear CT: 0,1 ms]
   [Other: 1,5 ms]
      [Choose CSet: 0,0 ms]
      [Ref Proc: 0,9 ms]
      [Ref Enq: 0,0 ms]
      [Redirty Cards: 0,1 ms]
      [Humongous Register: 0,1 ms]
      [Humongous Reclaim: 0,0 ms]
      [Free CSet: 0,0 ms]
   [Eden: 44,0M(44,0M)->0,0B(46,0M) Survivors: 7168,0K->5120,0K Heap: 321,6M(1024,0M)->281,1M(1024,0M)]
 [Times: user=0,09 sys=0,01, real=0,01 secs] 
2018-04-10T15:36:20.380+0200: 3854,474: [GC pause (G1 Evacuation Pause) (young), 0,0193129 secs]
   [Parallel Time: 16,6 ms, GC Workers: 8]
      [GC Worker Start (ms): Min: 3854474,3, Avg: 3854474,8, Max: 3854476,8, Diff: 2,6]
      [Ext Root Scanning (ms): Min: 0,0, Avg: 0,6, Max: 1,0, Diff: 1,0, Sum: 4,5]
      [Update RS (ms): Min: 1,6, Avg: 2,8, Max: 3,9, Diff: 2,3, Sum: 22,4]
         [Processed Buffers: Min: 1, Avg: 6,6, Max: 13, Diff: 12, Sum: 53]
      [Scan RS (ms): Min: 0,5, Avg: 1,6, Max: 2,8, Diff: 2,3, Sum: 13,2]
      [Code Root Scanning (ms): Min: 0,0, Avg: 0,0, Max: 0,0, Diff: 0,0, Sum: 0,0]
      [Object Copy (ms): Min: 9,7, Avg: 10,6, Max: 10,9, Diff: 1,2, Sum: 84,6]
      [Termination (ms): Min: 0,0, Avg: 0,0, Max: 0,0, Diff: 0,0, Sum: 0,0]
         [Termination Attempts: Min: 1, Avg: 1,2, Max: 2, Diff: 1, Sum: 10]
      [GC Worker Other (ms): Min: 0,0, Avg: 0,0, Max: 0,0, Diff: 0,0, Sum: 0,2]
      [GC Worker Total (ms): Min: 13,6, Avg: 15,6, Max: 16,2, Diff: 2,6, Sum: 125,0]
      [GC Worker End (ms): Min: 3854490,4, Avg: 3854490,4, Max: 3854490,4, Diff: 0,0]
   [Code Root Fixup: 0,0 ms]
   [Code Root Purge: 0,0 ms]
   [Clear CT: 0,3 ms]
   [Other: 2,4 ms]
      [Choose CSet: 0,0 ms]
      [Ref Proc: 1,0 ms]
      [Ref Enq: 0,0 ms]
      [Redirty Cards: 0,8 ms]
      [Humongous Register: 0,1 ms]
      [Humongous Reclaim: 0,0 ms]
      [Free CSet: 0,1 ms]
   [Eden: 46,0M(46,0M)->0,0B(44,0M) Survivors: 5120,0K->7168,0K Heap: 327,1M(1024,0M)->286,5M(1024,0M)]
 [Times: user=0,13 sys=0,00, real=0,02 secs] 
2018-04-10T15:37:50.073+0200: 3944,167: [GC pause (G1 Evacuation Pause) (young), 0,0225500 secs]
   [Parallel Time: 19,3 ms, GC Workers: 8]
      [GC Worker Start (ms): Min: 3944167,3, Avg: 3944167,6, Max: 3944168,3, Diff: 1,0]
      [Ext Root Scanning (ms): Min: 0,0, Avg: 0,6, Max: 1,1, Diff: 1,1, Sum: 4,6]
      [Update RS (ms): Min: 1,0, Avg: 1,3, Max: 1,6, Diff: 0,7, Sum: 10,7]
         [Processed Buffers: Min: 1, Avg: 6,1, Max: 16, Diff: 15, Sum: 49]
      [Scan RS (ms): Min: 1,3, Avg: 1,6, Max: 1,8, Diff: 0,5, Sum: 12,9]
      [Code Root Scanning (ms): Min: 0,0, Avg: 0,0, Max: 0,0, Diff: 0,0, Sum: 0,0]
      [Object Copy (ms): Min: 14,8, Avg: 14,9, Max: 15,0, Diff: 0,2, Sum: 119,1]
      [Termination (ms): Min: 0,0, Avg: 0,0, Max: 0,0, Diff: 0,0, Sum: 0,0]
         [Termination Attempts: Min: 1, Avg: 1,8, Max: 3, Diff: 2, Sum: 14]
      [GC Worker Other (ms): Min: 0,0, Avg: 0,1, Max: 0,1, Diff: 0,1, Sum: 0,5]
      [GC Worker Total (ms): Min: 17,8, Avg: 18,5, Max: 18,8, Diff: 1,0, Sum: 147,8]
      [GC Worker End (ms): Min: 3944186,1, Avg: 3944186,1, Max: 3944186,2, Diff: 0,1]
   [Code Root Fixup: 0,0 ms]
   [Code Root Purge: 0,0 ms]
   [Clear CT: 0,3 ms]
   [Other: 3,0 ms]
      [Choose CSet: 0,0 ms]
      [Ref Proc: 2,1 ms]
      [Ref Enq: 0,0 ms]
      [Redirty Cards: 0,3 ms]
      [Humongous Register: 0,1 ms]
      [Humongous Reclaim: 0,0 ms]
      [Free CSet: 0,1 ms]
   [Eden: 44,0M(44,0M)->0,0B(46,0M) Survivors: 7168,0K->5120,0K Heap: 330,5M(1024,0M)->289,4M(1024,0M)]
 [Times: user=0,15 sys=0,01, real=0,02 secs] 
2018-04-10T15:39:25.620+0200: 4039,714: [GC pause (G1 Evacuation Pause) (young), 0,0108092 secs]
   [Parallel Time: 9,6 ms, GC Workers: 8]
      [GC Worker Start (ms): Min: 4039714,7, Avg: 4039714,9, Max: 4039715,0, Diff: 0,3]
      [Ext Root Scanning (ms): Min: 0,4, Avg: 0,6, Max: 1,2, Diff: 0,7, Sum: 4,9]
      [Update RS (ms): Min: 1,3, Avg: 1,8, Max: 2,8, Diff: 1,5, Sum: 14,8]
         [Processed Buffers: Min: 1, Avg: 6,0, Max: 23, Diff: 22, Sum: 48]
      [Scan RS (ms): Min: 2,1, Avg: 2,6, Max: 3,3, Diff: 1,2, Sum: 21,2]
      [Code Root Scanning (ms): Min: 0,0, Avg: 0,0, Max: 0,0, Diff: 0,0, Sum: 0,0]
      [Object Copy (ms): Min: 3,7, Avg: 4,0, Max: 4,3, Diff: 0,6, Sum: 31,8]
      [Termination (ms): Min: 0,0, Avg: 0,0, Max: 0,0, Diff: 0,0, Sum: 0,0]
         [Termination Attempts: Min: 1, Avg: 1,0, Max: 1, Diff: 0, Sum: 8]
      [GC Worker Other (ms): Min: 0,0, Avg: 0,0, Max: 0,0, Diff: 0,0, Sum: 0,1]
      [GC Worker Total (ms): Min: 9,0, Avg: 9,1, Max: 9,2, Diff: 0,3, Sum: 72,9]
      [GC Worker End (ms): Min: 4039724,0, Avg: 4039724,0, Max: 4039724,0, Diff: 0,0]
   [Code Root Fixup: 0,0 ms]
   [Code Root Purge: 0,0 ms]
   [Clear CT: 0,2 ms]
   [Other: 0,9 ms]
      [Choose CSet: 0,0 ms]
      [Ref Proc: 0,5 ms]
      [Ref Enq: 0,0 ms]
      [Redirty Cards: 0,1 ms]
      [Humongous Register: 0,1 ms]
      [Humongous Reclaim: 0,0 ms]
      [Free CSet: 0,0 ms]
   [Eden: 46,0M(46,0M)->0,0B(55,0M) Survivors: 5120,0K->7168,0K Heap: 335,4M(1024,0M)->294,4M(1024,0M)]
 [Times: user=0,08 sys=0,00, real=0,01 secs] 
2018-04-10T15:41:19.084+0200: 4153,178: [GC pause (G1 Evacuation Pause) (young), 0,0327357 secs]
   [Parallel Time: 30,0 ms, GC Workers: 8]
      [GC Worker Start (ms): Min: 4153178,8, Avg: 4153180,0, Max: 4153183,1, Diff: 4,3]
      [Ext Root Scanning (ms): Min: 0,0, Avg: 0,6, Max: 1,2, Diff: 1,2, Sum: 4,5]
      [Update RS (ms): Min: 0,0, Avg: 1,3, Max: 1,9, Diff: 1,9, Sum: 10,0]
         [Processed Buffers: Min: 0, Avg: 6,6, Max: 19, Diff: 19, Sum: 53]
      [Scan RS (ms): Min: 1,4, Avg: 3,9, Max: 13,9, Diff: 12,5, Sum: 31,6]
      [Code Root Scanning (ms): Min: 0,0, Avg: 0,0, Max: 0,0, Diff: 0,0, Sum: 0,0]
      [Object Copy (ms): Min: 11,9, Avg: 20,7, Max: 23,0, Diff: 11,1, Sum: 165,5]
      [Termination (ms): Min: 0,0, Avg: 1,3, Max: 1,6, Diff: 1,6, Sum: 10,1]
         [Termination Attempts: Min: 1, Avg: 3,0, Max: 6, Diff: 5, Sum: 24]
      [GC Worker Other (ms): Min: 0,0, Avg: 0,0, Max: 0,0, Diff: 0,0, Sum: 0,1]
      [GC Worker Total (ms): Min: 24,4, Avg: 27,7, Max: 29,7, Diff: 5,3, Sum: 221,9]
      [GC Worker End (ms): Min: 4153207,4, Avg: 4153207,8, Max: 4153208,5, Diff: 1,1]
   [Code Root Fixup: 0,0 ms]
   [Code Root Purge: 0,0 ms]
   [Clear CT: 0,4 ms]
   [Other: 2,3 ms]
      [Choose CSet: 0,0 ms]
      [Ref Proc: 1,7 ms]
      [Ref Enq: 0,0 ms]
      [Redirty Cards: 0,1 ms]
      [Humongous Register: 0,1 ms]
      [Humongous Reclaim: 0,0 ms]
      [Free CSet: 0,1 ms]
   [Eden: 55,0M(55,0M)->0,0B(43,0M) Survivors: 7168,0K->8192,0K Heap: 349,4M(1024,0M)->298,3M(1024,0M)]
 [Times: user=0,19 sys=0,00, real=0,04 secs] 
2018-04-10T15:42:44.959+0200: 4239,053: [GC pause (G1 Evacuation Pause) (young), 0,0274406 secs]
   [Parallel Time: 24,4 ms, GC Workers: 8]
      [GC Worker Start (ms): Min: 4239053,5, Avg: 4239053,8, Max: 4239054,5, Diff: 1,0]
      [Ext Root Scanning (ms): Min: 0,0, Avg: 0,6, Max: 1,1, Diff: 1,1, Sum: 4,4]
      [Update RS (ms): Min: 1,2, Avg: 1,5, Max: 1,8, Diff: 0,6, Sum: 12,2]
         [Processed Buffers: Min: 1, Avg: 6,9, Max: 14, Diff: 13, Sum: 55]
      [Scan RS (ms): Min: 2,3, Avg: 2,6, Max: 2,8, Diff: 0,4, Sum: 20,4]
      [Code Root Scanning (ms): Min: 0,0, Avg: 0,0, Max: 0,0, Diff: 0,0, Sum: 0,0]
      [Object Copy (ms): Min: 18,7, Avg: 18,9, Max: 19,1, Diff: 0,4, Sum: 151,0]
      [Termination (ms): Min: 0,0, Avg: 0,0, Max: 0,0, Diff: 0,0, Sum: 0,1]
         [Termination Attempts: Min: 1, Avg: 1,4, Max: 2, Diff: 1, Sum: 11]
      [GC Worker Other (ms): Min: 0,0, Avg: 0,0, Max: 0,0, Diff: 0,0, Sum: 0,2]
      [GC Worker Total (ms): Min: 22,9, Avg: 23,5, Max: 23,9, Diff: 1,0, Sum: 188,3]
      [GC Worker End (ms): Min: 4239077,4, Avg: 4239077,4, Max: 4239077,4, Diff: 0,0]
   [Code Root Fixup: 0,0 ms]
   [Code Root Purge: 0,0 ms]
   [Clear CT: 0,9 ms]
   [Other: 2,1 ms]
      [Choose CSet: 0,0 ms]
      [Ref Proc: 1,0 ms]
      [Ref Enq: 0,0 ms]
      [Redirty Cards: 0,5 ms]
      [Humongous Register: 0,1 ms]
      [Humongous Reclaim: 0,0 ms]
      [Free CSet: 0,1 ms]
   [Eden: 43,0M(43,0M)->0,0B(44,0M) Survivors: 8192,0K->7168,0K Heap: 341,3M(1024,0M)->303,2M(1024,0M)]
 [Times: user=0,19 sys=0,00, real=0,03 secs] 
2018-04-10T15:44:16.364+0200: 4330,459: [GC pause (G1 Evacuation Pause) (young), 0,0228167 secs]
   [Parallel Time: 18,3 ms, GC Workers: 8]
      [GC Worker Start (ms): Min: 4330458,8, Avg: 4330459,0, Max: 4330459,3, Diff: 0,5]
      [Ext Root Scanning (ms): Min: 0,2, Avg: 0,6, Max: 1,1, Diff: 0,9, Sum: 4,5]
      [Update RS (ms): Min: 2,1, Avg: 2,5, Max: 2,9, Diff: 0,7, Sum: 20,0]
         [Processed Buffers: Min: 1, Avg: 6,6, Max: 16, Diff: 15, Sum: 53]
      [Scan RS (ms): Min: 2,4, Avg: 2,8, Max: 3,1, Diff: 0,6, Sum: 22,6]
      [Code Root Scanning (ms): Min: 0,0, Avg: 0,0, Max: 0,0, Diff: 0,0, Sum: 0,0]
      [Object Copy (ms): Min: 11,5, Avg: 12,0, Max: 12,2, Diff: 0,7, Sum: 95,7]
      [Termination (ms): Min: 0,0, Avg: 0,0, Max: 0,0, Diff: 0,0, Sum: 0,0]
         [Termination Attempts: Min: 1, Avg: 2,2, Max: 6, Diff: 5, Sum: 18]
      [GC Worker Other (ms): Min: 0,0, Avg: 0,0, Max: 0,0, Diff: 0,0, Sum: 0,2]
      [GC Worker Total (ms): Min: 17,6, Avg: 17,9, Max: 18,1, Diff: 0,5, Sum: 143,1]
      [GC Worker End (ms): Min: 4330476,9, Avg: 4330476,9, Max: 4330476,9, Diff: 0,0]
   [Code Root Fixup: 0,0 ms]
   [Code Root Purge: 0,0 ms]
   [Clear CT: 0,2 ms]
   [Other: 4,2 ms]
      [Choose CSet: 0,0 ms]
      [Ref Proc: 2,8 ms]
      [Ref Enq: 0,0 ms]
      [Redirty Cards: 0,9 ms]
      [Humongous Register: 0,1 ms]
      [Humongous Reclaim: 0,0 ms]
      [Free CSet: 0,1 ms]
   [Eden: 44,0M(44,0M)->0,0B(44,0M) Survivors: 7168,0K->7168,0K Heap: 347,2M(1024,0M)->307,4M(1024,0M)]
 [Times: user=0,16 sys=0,00, real=0,03 secs] 
2018-04-10T15:45:46.970+0200: 4421,064: [GC pause (G1 Evacuation Pause) (young), 0,0192813 secs]
   [Parallel Time: 17,5 ms, GC Workers: 8]
      [GC Worker Start (ms): Min: 4421064,5, Avg: 4421064,7, Max: 4421064,8, Diff: 0,3]
      [Ext Root Scanning (ms): Min: 0,4, Avg: 0,6, Max: 1,1, Diff: 0,7, Sum: 5,0]
      [Update RS (ms): Min: 1,6, Avg: 2,1, Max: 2,4, Diff: 0,8, Sum: 17,2]
         [Processed Buffers: Min: 1, Avg: 6,6, Max: 25, Diff: 24, Sum: 53]
      [Scan RS (ms): Min: 2,1, Avg: 2,5, Max: 2,8, Diff: 0,7, Sum: 19,7]
      [Code Root Scanning (ms): Min: 0,0, Avg: 0,0, Max: 0,0, Diff: 0,0, Sum: 0,0]
      [Object Copy (ms): Min: 11,4, Avg: 12,0, Max: 12,3, Diff: 0,8, Sum: 95,8]
      [Termination (ms): Min: 0,0, Avg: 0,0, Max: 0,0, Diff: 0,0, Sum: 0,1]
         [Termination Attempts: Min: 1, Avg: 1,0, Max: 1, Diff: 0, Sum: 8]
      [GC Worker Other (ms): Min: 0,0, Avg: 0,0, Max: 0,0, Diff: 0,0, Sum: 0,2]
      [GC Worker Total (ms): Min: 17,1, Avg: 17,2, Max: 17,4, Diff: 0,3, Sum: 137,9]
      [GC Worker End (ms): Min: 4421081,9, Avg: 4421081,9, Max: 4421081,9, Diff: 0,0]
   [Code Root Fixup: 0,0 ms]
   [Code Root Purge: 0,0 ms]
   [Clear CT: 0,3 ms]
   [Other: 1,5 ms]
      [Choose CSet: 0,0 ms]
      [Ref Proc: 0,7 ms]
      [Ref Enq: 0,0 ms]
      [Redirty Cards: 0,3 ms]
      [Humongous Register: 0,1 ms]
      [Humongous Reclaim: 0,0 ms]
      [Free CSet: 0,1 ms]
   [Eden: 44,0M(44,0M)->0,0B(44,0M) Survivors: 7168,0K->7168,0K Heap: 351,4M(1024,0M)->310,5M(1024,0M)]
 [Times: user=0,14 sys=0,00, real=0,02 secs] 
2018-04-10T15:47:17.229+0200: 4511,324: [GC pause (G1 Evacuation Pause) (young), 0,0246057 secs]
   [Parallel Time: 20,9 ms, GC Workers: 8]
      [GC Worker Start (ms): Min: 4511324,0, Avg: 4511324,2, Max: 4511324,7, Diff: 0,6]
      [Ext Root Scanning (ms): Min: 0,1, Avg: 0,6, Max: 1,2, Diff: 1,1, Sum: 4,9]
      [Update RS (ms): Min: 1,1, Avg: 1,8, Max: 2,1, Diff: 1,1, Sum: 14,1]
         [Processed Buffers: Min: 1, Avg: 6,6, Max: 16, Diff: 15, Sum: 53]
      [Scan RS (ms): Min: 2,1, Avg: 2,5, Max: 2,7, Diff: 0,6, Sum: 19,8]
      [Code Root Scanning (ms): Min: 0,0, Avg: 0,0, Max: 0,1, Diff: 0,1, Sum: 0,1]
      [Object Copy (ms): Min: 15,8, Avg: 15,8, Max: 15,9, Diff: 0,1, Sum: 126,4]
      [Termination (ms): Min: 0,0, Avg: 0,0, Max: 0,0, Diff: 0,0, Sum: 0,1]
         [Termination Attempts: Min: 1, Avg: 2,0, Max: 4, Diff: 3, Sum: 16]
      [GC Worker Other (ms): Min: 0,0, Avg: 0,0, Max: 0,0, Diff: 0,0, Sum: 0,2]
      [GC Worker Total (ms): Min: 20,2, Avg: 20,7, Max: 20,8, Diff: 0,6, Sum: 165,5]
      [GC Worker End (ms): Min: 4511344,9, Avg: 4511344,9, Max: 4511344,9, Diff: 0,0]
   [Code Root Fixup: 0,0 ms]
   [Code Root Purge: 0,0 ms]
   [Clear CT: 1,0 ms]
   [Other: 2,7 ms]
      [Choose CSet: 0,0 ms]
      [Ref Proc: 1,0 ms]
      [Ref Enq: 0,0 ms]
      [Redirty Cards: 1,1 ms]
      [Humongous Register: 0,1 ms]
      [Humongous Reclaim: 0,0 ms]
      [Free CSet: 0,1 ms]
   [Eden: 44,0M(44,0M)->0,0B(44,0M) Survivors: 7168,0K->7168,0K Heap: 354,5M(1024,0M)->312,9M(1024,0M)]
 [Times: user=0,17 sys=0,00, real=0,02 secs] 
2018-04-10T15:48:46.931+0200: 4601,025: [GC pause (G1 Evacuation Pause) (young), 0,0266259 secs]
   [Parallel Time: 22,6 ms, GC Workers: 8]
      [GC Worker Start (ms): Min: 4601025,8, Avg: 4601026,0, Max: 4601026,7, Diff: 0,9]
      [Ext Root Scanning (ms): Min: 0,0, Avg: 0,6, Max: 1,0, Diff: 1,0, Sum: 4,4]
      [Update RS (ms): Min: 0,3, Avg: 1,6, Max: 2,1, Diff: 1,8, Sum: 13,1]
         [Processed Buffers: Min: 1, Avg: 6,4, Max: 11, Diff: 10, Sum: 51]
      [Scan RS (ms): Min: 2,6, Avg: 2,9, Max: 3,3, Diff: 0,8, Sum: 22,9]
      [Code Root Scanning (ms): Min: 0,0, Avg: 0,0, Max: 0,0, Diff: 0,0, Sum: 0,1]
      [Object Copy (ms): Min: 16,9, Avg: 17,1, Max: 18,1, Diff: 1,1, Sum: 137,1]
      [Termination (ms): Min: 0,0, Avg: 0,0, Max: 0,0, Diff: 0,0, Sum: 0,0]
         [Termination Attempts: Min: 1, Avg: 1,0, Max: 1, Diff: 0, Sum: 8]
      [GC Worker Other (ms): Min: 0,0, Avg: 0,0, Max: 0,0, Diff: 0,0, Sum: 0,2]
      [GC Worker Total (ms): Min: 21,5, Avg: 22,2, Max: 22,4, Diff: 0,9, Sum: 177,9]
      [GC Worker End (ms): Min: 4601048,2, Avg: 4601048,2, Max: 4601048,2, Diff: 0,0]
   [Code Root Fixup: 0,0 ms]
   [Code Root Purge: 0,0 ms]
   [Clear CT: 0,4 ms]
   [Other: 3,6 ms]
      [Choose CSet: 0,0 ms]
      [Ref Proc: 2,8 ms]
      [Ref Enq: 0,0 ms]
      [Redirty Cards: 0,3 ms]
      [Humongous Register: 0,1 ms]
      [Humongous Reclaim: 0,0 ms]
      [Free CSet: 0,1 ms]
   [Eden: 44,0M(44,0M)->0,0B(44,0M) Survivors: 7168,0K->7168,0K Heap: 356,9M(1024,0M)->317,2M(1024,0M)]
 [Times: user=0,19 sys=0,01, real=0,03 secs] 
2018-04-10T15:50:17.119+0200: 4691,213: [GC pause (G1 Evacuation Pause) (young), 0,0280825 secs]
   [Parallel Time: 25,4 ms, GC Workers: 8]
      [GC Worker Start (ms): Min: 4691213,4, Avg: 4691215,3, Max: 4691226,2, Diff: 12,7]
      [Ext Root Scanning (ms): Min: 0,0, Avg: 0,5, Max: 1,0, Diff: 1,0, Sum: 3,9]
      [Update RS (ms): Min: 0,0, Avg: 1,8, Max: 2,7, Diff: 2,7, Sum: 14,4]
         [Processed Buffers: Min: 0, Avg: 6,6, Max: 17, Diff: 17, Sum: 53]
      [Scan RS (ms): Min: 0,0, Avg: 2,0, Max: 2,9, Diff: 2,9, Sum: 16,1]
      [Code Root Scanning (ms): Min: 0,0, Avg: 0,0, Max: 0,0, Diff: 0,0, Sum: 0,0]
      [Object Copy (ms): Min: 10,9, Avg: 17,6, Max: 22,8, Diff: 12,0, Sum: 140,8]
      [Termination (ms): Min: 0,0, Avg: 1,3, Max: 1,5, Diff: 1,5, Sum: 10,3]
         [Termination Attempts: Min: 1, Avg: 6,0, Max: 11, Diff: 10, Sum: 48]
      [GC Worker Other (ms): Min: 0,0, Avg: 0,0, Max: 0,0, Diff: 0,0, Sum: 0,1]
      [GC Worker Total (ms): Min: 12,4, Avg: 23,2, Max: 25,1, Diff: 12,7, Sum: 185,7]
      [GC Worker End (ms): Min: 4691238,5, Avg: 4691238,5, Max: 4691238,6, Diff: 0,0]
   [Code Root Fixup: 0,0 ms]
   [Code Root Purge: 0,0 ms]
   [Clear CT: 0,5 ms]
   [Other: 2,1 ms]
      [Choose CSet: 0,0 ms]
      [Ref Proc: 1,4 ms]
      [Ref Enq: 0,0 ms]
      [Redirty Cards: 0,2 ms]
      [Humongous Register: 0,1 ms]
      [Humongous Reclaim: 0,0 ms]
      [Free CSet: 0,0 ms]
   [Eden: 44,0M(44,0M)->0,0B(44,0M) Survivors: 7168,0K->7168,0K Heap: 361,2M(1024,0M)->321,5M(1024,0M)]
 [Times: user=0,18 sys=0,00, real=0,03 secs] 
2018-04-10T15:51:47.944+0200: 4782,038: [GC pause (G1 Evacuation Pause) (young), 0,0334863 secs]
   [Parallel Time: 28,9 ms, GC Workers: 8]
      [GC Worker Start (ms): Min: 4782038,4, Avg: 4782043,0, Max: 4782054,2, Diff: 15,8]
      [Ext Root Scanning (ms): Min: 0,0, Avg: 0,5, Max: 1,3, Diff: 1,3, Sum: 4,3]
      [Update RS (ms): Min: 0,0, Avg: 2,3, Max: 3,8, Diff: 3,8, Sum: 18,0]
         [Processed Buffers: Min: 0, Avg: 6,9, Max: 21, Diff: 21, Sum: 55]
      [Scan RS (ms): Min: 0,0, Avg: 2,3, Max: 3,4, Diff: 3,3, Sum: 18,6]
      [Code Root Scanning (ms): Min: 0,0, Avg: 0,0, Max: 0,0, Diff: 0,0, Sum: 0,0]
      [Object Copy (ms): Min: 11,1, Avg: 17,5, Max: 20,5, Diff: 9,4, Sum: 139,9]
      [Termination (ms): Min: 0,0, Avg: 1,1, Max: 1,8, Diff: 1,8, Sum: 9,2]
         [Termination Attempts: Min: 1, Avg: 6,6, Max: 15, Diff: 14, Sum: 53]
      [GC Worker Other (ms): Min: 0,0, Avg: 0,0, Max: 0,0, Diff: 0,0, Sum: 0,1]
      [GC Worker Total (ms): Min: 12,5, Avg: 23,8, Max: 28,7, Diff: 16,2, Sum: 190,2]
      [GC Worker End (ms): Min: 4782066,6, Avg: 4782066,8, Max: 4782067,1, Diff: 0,5]
   [Code Root Fixup: 0,0 ms]
   [Code Root Purge: 0,0 ms]
   [Clear CT: 1,9 ms]
   [Other: 2,7 ms]
      [Choose CSet: 0,0 ms]
      [Ref Proc: 2,1 ms]
      [Ref Enq: 0,0 ms]
      [Redirty Cards: 0,2 ms]
      [Humongous Register: 0,1 ms]
      [Humongous Reclaim: 0,0 ms]
      [Free CSet: 0,1 ms]
   [Eden: 44,0M(44,0M)->0,0B(44,0M) Survivors: 7168,0K->7168,0K Heap: 365,5M(1024,0M)->324,7M(1024,0M)]
 [Times: user=0,18 sys=0,00, real=0,04 secs] 
2018-04-10T15:53:17.742+0200: 4871,836: [GC pause (G1 Evacuation Pause) (young), 0,0221354 secs]
   [Parallel Time: 21,1 ms, GC Workers: 8]
      [GC Worker Start (ms): Min: 4871836,2, Avg: 4871836,4, Max: 4871836,7, Diff: 0,6]
      [Ext Root Scanning (ms): Min: 0,1, Avg: 0,5, Max: 0,9, Diff: 0,8, Sum: 4,1]
      [Update RS (ms): Min: 2,2, Avg: 3,4, Max: 8,4, Diff: 6,2, Sum: 27,5]
         [Processed Buffers: Min: 0, Avg: 6,9, Max: 17, Diff: 17, Sum: 55]
      [Scan RS (ms): Min: 0,0, Avg: 2,5, Max: 3,5, Diff: 3,5, Sum: 20,0]
      [Code Root Scanning (ms): Min: 0,0, Avg: 0,0, Max: 0,0, Diff: 0,0, Sum: 0,0]
      [Object Copy (ms): Min: 11,5, Avg: 14,0, Max: 14,8, Diff: 3,3, Sum: 111,6]
      [Termination (ms): Min: 0,0, Avg: 0,2, Max: 0,3, Diff: 0,3, Sum: 1,9]
         [Termination Attempts: Min: 1, Avg: 1,0, Max: 1, Diff: 0, Sum: 8]
      [GC Worker Other (ms): Min: 0,0, Avg: 0,0, Max: 0,0, Diff: 0,0, Sum: 0,1]
      [GC Worker Total (ms): Min: 20,3, Avg: 20,7, Max: 20,9, Diff: 0,6, Sum: 165,3]
      [GC Worker End (ms): Min: 4871857,0, Avg: 4871857,0, Max: 4871857,0, Diff: 0,0]
   [Code Root Fixup: 0,0 ms]
   [Code Root Purge: 0,0 ms]
   [Clear CT: 0,2 ms]
   [Other: 0,8 ms]
      [Choose CSet: 0,0 ms]
      [Ref Proc: 0,4 ms]
      [Ref Enq: 0,0 ms]
      [Redirty Cards: 0,1 ms]
      [Humongous Register: 0,0 ms]
      [Humongous Reclaim: 0,0 ms]
      [Free CSet: 0,0 ms]
   [Eden: 44,0M(44,0M)->0,0B(44,0M) Survivors: 7168,0K->7168,0K Heap: 368,7M(1024,0M)->328,7M(1024,0M)]
 [Times: user=0,13 sys=0,00, real=0,02 secs] 
2018-04-10T15:54:48.401+0200: 4962,495: [GC pause (G1 Evacuation Pause) (young), 0,0277416 secs]
   [Parallel Time: 24,0 ms, GC Workers: 8]
      [GC Worker Start (ms): Min: 4962495,4, Avg: 4962495,6, Max: 4962496,5, Diff: 1,2]
      [Ext Root Scanning (ms): Min: 0,0, Avg: 0,6, Max: 1,2, Diff: 1,2, Sum: 4,6]
      [Update RS (ms): Min: 1,5, Avg: 2,2, Max: 2,7, Diff: 1,3, Sum: 17,9]
         [Processed Buffers: Min: 2, Avg: 6,4, Max: 16, Diff: 14, Sum: 51]
      [Scan RS (ms): Min: 2,6, Avg: 3,2, Max: 4,0, Diff: 1,4, Sum: 25,7]
      [Code Root Scanning (ms): Min: 0,0, Avg: 0,0, Max: 0,0, Diff: 0,0, Sum: 0,0]
      [Object Copy (ms): Min: 16,5, Avg: 17,0, Max: 17,3, Diff: 0,9, Sum: 136,0]
      [Termination (ms): Min: 0,0, Avg: 0,0, Max: 0,0, Diff: 0,0, Sum: 0,0]
         [Termination Attempts: Min: 1, Avg: 1,5, Max: 2, Diff: 1, Sum: 12]
      [GC Worker Other (ms): Min: 0,0, Avg: 0,0, Max: 0,1, Diff: 0,0, Sum: 0,2]
      [GC Worker Total (ms): Min: 22,1, Avg: 23,1, Max: 23,3, Diff: 1,2, Sum: 184,5]
      [GC Worker End (ms): Min: 4962518,7, Avg: 4962518,7, Max: 4962518,7, Diff: 0,0]
   [Code Root Fixup: 0,0 ms]
   [Code Root Purge: 0,0 ms]
   [Clear CT: 0,2 ms]
   [Other: 3,5 ms]
      [Choose CSet: 0,0 ms]
      [Ref Proc: 2,7 ms]
      [Ref Enq: 0,0 ms]
      [Redirty Cards: 0,3 ms]
      [Humongous Register: 0,1 ms]
      [Humongous Reclaim: 0,0 ms]
      [Free CSet: 0,1 ms]
   [Eden: 44,0M(44,0M)->0,0B(46,0M) Survivors: 7168,0K->5120,0K Heap: 372,7M(1024,0M)->332,8M(1024,0M)]
 [Times: user=0,20 sys=0,00, real=0,03 secs] 
2018-04-10T15:56:22.343+0200: 5056,437: [GC pause (G1 Evacuation Pause) (young), 0,0291749 secs]
   [Parallel Time: 24,5 ms, GC Workers: 8]
      [GC Worker Start (ms): Min: 5056437,5, Avg: 5056437,9, Max: 5056438,8, Diff: 1,3]
      [Ext Root Scanning (ms): Min: 0,0, Avg: 0,6, Max: 1,1, Diff: 1,1, Sum: 4,6]
      [Update RS (ms): Min: 2,0, Avg: 2,6, Max: 3,5, Diff: 1,4, Sum: 21,1]
         [Processed Buffers: Min: 1, Avg: 6,6, Max: 22, Diff: 21, Sum: 53]
      [Scan RS (ms): Min: 1,8, Avg: 2,4, Max: 2,9, Diff: 1,1, Sum: 19,5]
      [Code Root Scanning (ms): Min: 0,0, Avg: 0,0, Max: 0,0, Diff: 0,0, Sum: 0,0]
      [Object Copy (ms): Min: 12,3, Avg: 13,1, Max: 17,3, Diff: 5,0, Sum: 104,5]
      [Termination (ms): Min: 0,0, Avg: 4,5, Max: 5,8, Diff: 5,8, Sum: 35,7]
         [Termination Attempts: Min: 1, Avg: 9,0, Max: 12, Diff: 11, Sum: 72]
      [GC Worker Other (ms): Min: 0,0, Avg: 0,0, Max: 0,0, Diff: 0,0, Sum: 0,1]
      [GC Worker Total (ms): Min: 22,2, Avg: 23,2, Max: 24,1, Diff: 1,9, Sum: 185,6]
      [GC Worker End (ms): Min: 5056460,9, Avg: 5056461,1, Max: 5056461,8, Diff: 0,9]
   [Code Root Fixup: 0,0 ms]
   [Code Root Purge: 0,0 ms]
   [Clear CT: 0,3 ms]
   [Other: 4,3 ms]
      [Choose CSet: 0,0 ms]
      [Ref Proc: 3,0 ms]
      [Ref Enq: 0,0 ms]
      [Redirty Cards: 0,8 ms]
      [Humongous Register: 0,1 ms]
      [Humongous Reclaim: 0,0 ms]
      [Free CSet: 0,1 ms]
   [Eden: 46,0M(46,0M)->0,0B(44,0M) Survivors: 5120,0K->7168,0K Heap: 378,8M(1024,0M)->337,5M(1024,0M)]
 [Times: user=0,19 sys=0,00, real=0,03 secs] 
2018-04-10T15:57:51.495+0200: 5145,589: [GC pause (G1 Evacuation Pause) (young), 0,0239100 secs]
   [Parallel Time: 21,6 ms, GC Workers: 8]
      [GC Worker Start (ms): Min: 5145589,4, Avg: 5145589,5, Max: 5145590,0, Diff: 0,6]
      [Ext Root Scanning (ms): Min: 0,1, Avg: 0,6, Max: 1,2, Diff: 1,1, Sum: 5,2]
      [Update RS (ms): Min: 1,3, Avg: 1,6, Max: 2,0, Diff: 0,7, Sum: 12,9]
         [Processed Buffers: Min: 1, Avg: 6,1, Max: 13, Diff: 12, Sum: 49]
      [Scan RS (ms): Min: 1,9, Avg: 2,4, Max: 2,6, Diff: 0,6, Sum: 19,1]
      [Code Root Scanning (ms): Min: 0,0, Avg: 0,0, Max: 0,0, Diff: 0,0, Sum: 0,0]
      [Object Copy (ms): Min: 16,2, Avg: 16,4, Max: 16,5, Diff: 0,4, Sum: 131,1]
      [Termination (ms): Min: 0,0, Avg: 0,0, Max: 0,0, Diff: 0,0, Sum: 0,1]
         [Termination Attempts: Min: 1, Avg: 6,6, Max: 10, Diff: 9, Sum: 53]
      [GC Worker Other (ms): Min: 0,0, Avg: 0,0, Max: 0,0, Diff: 0,0, Sum: 0,2]
      [GC Worker Total (ms): Min: 20,6, Avg: 21,1, Max: 21,2, Diff: 0,6, Sum: 168,6]
      [GC Worker End (ms): Min: 5145610,6, Avg: 5145610,6, Max: 5145610,6, Diff: 0,0]
   [Code Root Fixup: 0,0 ms]
   [Code Root Purge: 0,0 ms]
   [Clear CT: 0,8 ms]
   [Other: 1,5 ms]
      [Choose CSet: 0,0 ms]
      [Ref Proc: 0,3 ms]
      [Ref Enq: 0,0 ms]
      [Redirty Cards: 0,6 ms]
      [Humongous Register: 0,1 ms]
      [Humongous Reclaim: 0,0 ms]
      [Free CSet: 0,1 ms]
   [Eden: 44,0M(44,0M)->0,0B(46,0M) Survivors: 7168,0K->5120,0K Heap: 381,5M(1024,0M)->340,1M(1024,0M)]
 [Times: user=0,17 sys=0,00, real=0,03 secs] 
2018-04-10T15:59:26.743+0200: 5240,837: [GC pause (G1 Evacuation Pause) (young), 0,0225483 secs]
   [Parallel Time: 19,4 ms, GC Workers: 8]
      [GC Worker Start (ms): Min: 5240837,4, Avg: 5240837,6, Max: 5240837,9, Diff: 0,4]
      [Ext Root Scanning (ms): Min: 0,3, Avg: 0,6, Max: 1,2, Diff: 0,8, Sum: 5,0]
      [Update RS (ms): Min: 2,1, Avg: 2,2, Max: 2,7, Diff: 0,7, Sum: 17,9]
         [Processed Buffers: Min: 1, Avg: 6,4, Max: 22, Diff: 21, Sum: 51]
      [Scan RS (ms): Min: 2,5, Avg: 2,8, Max: 3,3, Diff: 0,8, Sum: 22,6]
      [Code Root Scanning (ms): Min: 0,0, Avg: 0,0, Max: 0,0, Diff: 0,0, Sum: 0,0]
      [Object Copy (ms): Min: 12,6, Avg: 13,1, Max: 13,5, Diff: 0,9, Sum: 104,9]
      [Termination (ms): Min: 0,0, Avg: 0,3, Max: 0,3, Diff: 0,3, Sum: 2,2]
         [Termination Attempts: Min: 1, Avg: 1,0, Max: 1, Diff: 0, Sum: 8]
      [GC Worker Other (ms): Min: 0,0, Avg: 0,1, Max: 0,2, Diff: 0,1, Sum: 0,5]
      [GC Worker Total (ms): Min: 18,9, Avg: 19,1, Max: 19,3, Diff: 0,4, Sum: 153,1]
      [GC Worker End (ms): Min: 5240856,7, Avg: 5240856,7, Max: 5240856,8, Diff: 0,0]
   [Code Root Fixup: 0,0 ms]
   [Code Root Purge: 0,0 ms]
   [Clear CT: 0,8 ms]
   [Other: 2,3 ms]
      [Choose CSet: 0,0 ms]
      [Ref Proc: 1,1 ms]
      [Ref Enq: 0,0 ms]
      [Redirty Cards: 0,7 ms]
      [Humongous Register: 0,1 ms]
      [Humongous Reclaim: 0,0 ms]
      [Free CSet: 0,1 ms]
   [Eden: 46,0M(46,0M)->0,0B(44,0M) Survivors: 5120,0K->7168,0K Heap: 386,1M(1024,0M)->345,9M(1024,0M)]
 [Times: user=0,15 sys=0,00, real=0,02 secs] 
2018-04-10T16:00:57.046+0200: 5331,140: [GC pause (G1 Evacuation Pause) (young), 0,0245729 secs]
   [Parallel Time: 21,6 ms, GC Workers: 8]
      [GC Worker Start (ms): Min: 5331140,4, Avg: 5331140,6, Max: 5331140,8, Diff: 0,3]
      [Ext Root Scanning (ms): Min: 0,4, Avg: 0,6, Max: 1,0, Diff: 0,6, Sum: 4,5]
      [Update RS (ms): Min: 1,2, Avg: 1,6, Max: 2,3, Diff: 1,0, Sum: 12,7]
         [Processed Buffers: Min: 1, Avg: 6,5, Max: 18, Diff: 17, Sum: 52]
      [Scan RS (ms): Min: 1,7, Avg: 2,4, Max: 2,7, Diff: 1,0, Sum: 19,0]
      [Code Root Scanning (ms): Min: 0,0, Avg: 0,0, Max: 0,0, Diff: 0,0, Sum: 0,0]
      [Object Copy (ms): Min: 16,1, Avg: 16,3, Max: 16,5, Diff: 0,4, Sum: 130,8]
      [Termination (ms): Min: 0,0, Avg: 0,0, Max: 0,0, Diff: 0,0, Sum: 0,0]
         [Termination Attempts: Min: 1, Avg: 1,2, Max: 2, Diff: 1, Sum: 10]
      [GC Worker Other (ms): Min: 0,0, Avg: 0,0, Max: 0,0, Diff: 0,0, Sum: 0,2]
      [GC Worker Total (ms): Min: 20,7, Avg: 20,9, Max: 21,1, Diff: 0,3, Sum: 167,3]
      [GC Worker End (ms): Min: 5331161,5, Avg: 5331161,5, Max: 5331161,5, Diff: 0,0]
   [Code Root Fixup: 0,0 ms]
   [Code Root Purge: 0,0 ms]
   [Clear CT: 0,2 ms]
   [Other: 2,8 ms]
      [Choose CSet: 0,0 ms]
      [Ref Proc: 2,0 ms]
      [Ref Enq: 0,0 ms]
      [Redirty Cards: 0,4 ms]
      [Humongous Register: 0,1 ms]
      [Humongous Reclaim: 0,0 ms]
      [Free CSet: 0,0 ms]
   [Eden: 44,0M(44,0M)->0,0B(46,0M) Survivors: 7168,0K->5120,0K Heap: 389,9M(1024,0M)->349,3M(1024,0M)]
 [Times: user=0,18 sys=0,00, real=0,03 secs] 
2018-04-10T16:02:31.340+0200: 5425,434: [GC pause (G1 Evacuation Pause) (young), 0,0217468 secs]
   [Parallel Time: 18,0 ms, GC Workers: 8]
      [GC Worker Start (ms): Min: 5425434,6, Avg: 5425434,9, Max: 5425435,3, Diff: 0,7]
      [Ext Root Scanning (ms): Min: 0,1, Avg: 0,6, Max: 1,1, Diff: 1,0, Sum: 4,8]
      [Update RS (ms): Min: 2,1, Avg: 2,5, Max: 2,9, Diff: 0,8, Sum: 20,2]
         [Processed Buffers: Min: 1, Avg: 6,6, Max: 26, Diff: 25, Sum: 53]
      [Scan RS (ms): Min: 1,5, Avg: 2,3, Max: 2,7, Diff: 1,2, Sum: 18,0]
      [Code Root Scanning (ms): Min: 0,0, Avg: 0,0, Max: 0,0, Diff: 0,0, Sum: 0,0]
      [Object Copy (ms): Min: 11,9, Avg: 12,2, Max: 12,4, Diff: 0,5, Sum: 97,9]
      [Termination (ms): Min: 0,0, Avg: 0,0, Max: 0,1, Diff: 0,1, Sum: 0,3]
         [Termination Attempts: Min: 6, Avg: 9,2, Max: 11, Diff: 5, Sum: 74]
      [GC Worker Other (ms): Min: 0,0, Avg: 0,0, Max: 0,0, Diff: 0,0, Sum: 0,2]
      [GC Worker Total (ms): Min: 17,2, Avg: 17,7, Max: 17,9, Diff: 0,7, Sum: 141,4]
      [GC Worker End (ms): Min: 5425452,5, Avg: 5425452,5, Max: 5425452,6, Diff: 0,0]
   [Code Root Fixup: 0,0 ms]
   [Code Root Purge: 0,0 ms]
   [Clear CT: 0,3 ms]
   [Other: 3,5 ms]
      [Choose CSet: 0,0 ms]
      [Ref Proc: 2,3 ms]
      [Ref Enq: 0,0 ms]
      [Redirty Cards: 0,7 ms]
      [Humongous Register: 0,1 ms]
      [Humongous Reclaim: 0,0 ms]
      [Free CSet: 0,1 ms]
   [Eden: 46,0M(46,0M)->0,0B(44,0M) Survivors: 5120,0K->7168,0K Heap: 395,3M(1024,0M)->353,9M(1024,0M)]
 [Times: user=0,15 sys=0,00, real=0,02 secs] 
2018-04-10T16:04:01.933+0200: 5516,027: [GC pause (G1 Evacuation Pause) (young), 0,0283557 secs]
   [Parallel Time: 26,1 ms, GC Workers: 8]
      [GC Worker Start (ms): Min: 5516027,4, Avg: 5516027,9, Max: 5516030,5, Diff: 3,1]
      [Ext Root Scanning (ms): Min: 0,0, Avg: 0,6, Max: 1,2, Diff: 1,2, Sum: 4,7]
      [Update RS (ms): Min: 0,0, Avg: 1,4, Max: 2,0, Diff: 2,0, Sum: 10,8]
         [Processed Buffers: Min: 0, Avg: 6,4, Max: 15, Diff: 15, Sum: 51]
      [Scan RS (ms): Min: 1,9, Avg: 2,7, Max: 3,1, Diff: 1,2, Sum: 21,8]
      [Code Root Scanning (ms): Min: 0,0, Avg: 0,0, Max: 0,0, Diff: 0,0, Sum: 0,0]
      [Object Copy (ms): Min: 20,1, Avg: 20,7, Max: 23,3, Diff: 3,1, Sum: 165,3]
      [Termination (ms): Min: 0,0, Avg: 0,0, Max: 0,1, Diff: 0,1, Sum: 0,3]
         [Termination Attempts: Min: 1, Avg: 18,0, Max: 27, Diff: 26, Sum: 144]
      [GC Worker Other (ms): Min: 0,0, Avg: 0,0, Max: 0,1, Diff: 0,0, Sum: 0,3]
      [GC Worker Total (ms): Min: 22,8, Avg: 25,4, Max: 25,9, Diff: 3,1, Sum: 203,2]
      [GC Worker End (ms): Min: 5516053,3, Avg: 5516053,3, Max: 5516053,3, Diff: 0,0]
   [Code Root Fixup: 0,0 ms]
   [Code Root Purge: 0,0 ms]
   [Clear CT: 0,3 ms]
   [Other: 2,0 ms]
      [Choose CSet: 0,0 ms]
      [Ref Proc: 0,6 ms]
      [Ref Enq: 0,0 ms]
      [Redirty Cards: 0,8 ms]
      [Humongous Register: 0,1 ms]
      [Humongous Reclaim: 0,0 ms]
      [Free CSet: 0,1 ms]
   [Eden: 44,0M(44,0M)->0,0B(44,0M) Survivors: 7168,0K->7168,0K Heap: 397,9M(1024,0M)->356,8M(1024,0M)]
 [Times: user=0,19 sys=0,00, real=0,03 secs] 
2018-04-10T16:05:32.077+0200: 5606,172: [GC pause (G1 Evacuation Pause) (young), 0,0284535 secs]
   [Parallel Time: 24,1 ms, GC Workers: 8]
      [GC Worker Start (ms): Min: 5606171,9, Avg: 5606172,2, Max: 5606173,3, Diff: 1,4]
      [Ext Root Scanning (ms): Min: 0,0, Avg: 0,6, Max: 1,1, Diff: 1,1, Sum: 4,8]
      [Update RS (ms): Min: 1,8, Avg: 2,5, Max: 4,3, Diff: 2,5, Sum: 19,9]
         [Processed Buffers: Min: 0, Avg: 6,4, Max: 11, Diff: 11, Sum: 51]
      [Scan RS (ms): Min: 0,8, Avg: 2,6, Max: 3,2, Diff: 2,4, Sum: 20,6]
      [Code Root Scanning (ms): Min: 0,0, Avg: 0,0, Max: 0,0, Diff: 0,0, Sum: 0,0]
      [Object Copy (ms): Min: 17,5, Avg: 17,6, Max: 17,8, Diff: 0,3, Sum: 141,2]
      [Termination (ms): Min: 0,0, Avg: 0,0, Max: 0,0, Diff: 0,0, Sum: 0,0]
         [Termination Attempts: Min: 1, Avg: 1,1, Max: 2, Diff: 1, Sum: 9]
      [GC Worker Other (ms): Min: 0,0, Avg: 0,0, Max: 0,0, Diff: 0,0, Sum: 0,2]
      [GC Worker Total (ms): Min: 22,2, Avg: 23,3, Max: 23,6, Diff: 1,4, Sum: 186,7]
      [GC Worker End (ms): Min: 5606195,6, Avg: 5606195,6, Max: 5606195,6, Diff: 0,0]
   [Code Root Fixup: 0,0 ms]
   [Code Root Purge: 0,0 ms]
   [Clear CT: 1,0 ms]
   [Other: 3,3 ms]
      [Choose CSet: 0,0 ms]
      [Ref Proc: 2,1 ms]
      [Ref Enq: 0,0 ms]
      [Redirty Cards: 0,8 ms]
      [Humongous Register: 0,1 ms]
      [Humongous Reclaim: 0,0 ms]
      [Free CSet: 0,1 ms]
   [Eden: 44,0M(44,0M)->0,0B(44,0M) Survivors: 7168,0K->7168,0K Heap: 400,8M(1024,0M)->360,9M(1024,0M)]
 [Times: user=0,20 sys=0,00, real=0,03 secs] 
2018-04-10T16:07:00.384+0200: 5694,479: [GC pause (G1 Evacuation Pause) (young), 0,0277883 secs]
   [Parallel Time: 23,8 ms, GC Workers: 8]
      [GC Worker Start (ms): Min: 5694478,9, Avg: 5694479,0, Max: 5694479,3, Diff: 0,4]
      [Ext Root Scanning (ms): Min: 0,3, Avg: 0,8, Max: 2,7, Diff: 2,5, Sum: 6,6]
      [Update RS (ms): Min: 0,1, Avg: 2,3, Max: 2,9, Diff: 2,8, Sum: 18,1]
         [Processed Buffers: Min: 1, Avg: 6,4, Max: 17, Diff: 16, Sum: 51]
      [Scan RS (ms): Min: 3,2, Avg: 3,5, Max: 4,0, Diff: 0,8, Sum: 28,3]
      [Code Root Scanning (ms): Min: 0,0, Avg: 0,0, Max: 0,0, Diff: 0,0, Sum: 0,1]
      [Object Copy (ms): Min: 16,7, Avg: 16,9, Max: 17,1, Diff: 0,4, Sum: 135,1]
      [Termination (ms): Min: 0,0, Avg: 0,0, Max: 0,0, Diff: 0,0, Sum: 0,1]
         [Termination Attempts: Min: 1, Avg: 6,1, Max: 10, Diff: 9, Sum: 49]
      [GC Worker Other (ms): Min: 0,0, Avg: 0,0, Max: 0,0, Diff: 0,0, Sum: 0,2]
      [GC Worker Total (ms): Min: 23,3, Avg: 23,6, Max: 23,7, Diff: 0,4, Sum: 188,5]
      [GC Worker End (ms): Min: 5694502,6, Avg: 5694502,6, Max: 5694502,6, Diff: 0,0]
   [Code Root Fixup: 0,0 ms]
   [Code Root Purge: 0,0 ms]
   [Clear CT: 0,8 ms]
   [Other: 3,2 ms]
      [Choose CSet: 0,0 ms]
      [Ref Proc: 2,6 ms]
      [Ref Enq: 0,0 ms]
      [Redirty Cards: 0,2 ms]
      [Humongous Register: 0,1 ms]
      [Humongous Reclaim: 0,0 ms]
      [Free CSet: 0,1 ms]
   [Eden: 44,0M(44,0M)->0,0B(44,0M) Survivors: 7168,0K->7168,0K Heap: 404,9M(1024,0M)->364,6M(1024,0M)]
 [Times: user=0,20 sys=0,00, real=0,03 secs] 
2018-04-10T16:08:31.576+0200: 5785,670: [GC pause (G1 Evacuation Pause) (young) (initial-mark), 0,0142257 secs]
   [Parallel Time: 11,7 ms, GC Workers: 8]
      [GC Worker Start (ms): Min: 5785670,3, Avg: 5785670,4, Max: 5785670,7, Diff: 0,4]
      [Ext Root Scanning (ms): Min: 0,6, Avg: 1,9, Max: 6,4, Diff: 5,9, Sum: 15,2]
      [Update RS (ms): Min: 0,0, Avg: 0,8, Max: 1,4, Diff: 1,4, Sum: 6,4]
         [Processed Buffers: Min: 0, Avg: 6,0, Max: 22, Diff: 22, Sum: 48]
      [Scan RS (ms): Min: 0,0, Avg: 0,9, Max: 1,6, Diff: 1,6, Sum: 7,5]
      [Code Root Scanning (ms): Min: 0,0, Avg: 0,0, Max: 0,0, Diff: 0,0, Sum: 0,0]
      [Object Copy (ms): Min: 5,0, Avg: 7,7, Max: 8,1, Diff: 3,1, Sum: 61,5]
      [Termination (ms): Min: 0,0, Avg: 0,0, Max: 0,0, Diff: 0,0, Sum: 0,0]
         [Termination Attempts: Min: 1, Avg: 5,8, Max: 11, Diff: 10, Sum: 46]
      [GC Worker Other (ms): Min: 0,0, Avg: 0,0, Max: 0,0, Diff: 0,0, Sum: 0,1]
      [GC Worker Total (ms): Min: 11,1, Avg: 11,4, Max: 11,5, Diff: 0,5, Sum: 90,8]
      [GC Worker End (ms): Min: 5785681,8, Avg: 5785681,8, Max: 5785681,8, Diff: 0,0]
   [Code Root Fixup: 0,0 ms]
   [Code Root Purge: 0,0 ms]
   [Clear CT: 0,1 ms]
   [Other: 2,4 ms]
      [Choose CSet: 0,0 ms]
      [Ref Proc: 1,8 ms]
      [Ref Enq: 0,0 ms]
      [Redirty Cards: 0,1 ms]
      [Humongous Register: 0,0 ms]
      [Humongous Reclaim: 0,0 ms]
      [Free CSet: 0,1 ms]
   [Eden: 44,0M(44,0M)->0,0B(44,0M) Survivors: 7168,0K->7168,0K Heap: 408,6M(1024,0M)->369,3M(1024,0M)]
 [Times: user=0,08 sys=0,00, real=0,02 secs] 
2018-04-10T16:08:31.590+0200: 5785,684: [GC concurrent-root-region-scan-start]
2018-04-10T16:08:31.598+0200: 5785,693: [GC concurrent-root-region-scan-end, 0,0082960 secs]
2018-04-10T16:08:31.598+0200: 5785,693: [GC concurrent-mark-start]
2018-04-10T16:08:31.618+0200: 5785,712: [GC concurrent-mark-end, 0,0195740 secs]
2018-04-10T16:08:31.618+0200: 5785,713: [GC remark 2018-04-10T16:08:31.618+0200: 5785,713: [Finalize Marking, 0,0004274 secs] 2018-04-10T16:08:31.619+0200: 5785,713: [GC ref-proc, 0,0011529 secs] 2018-04-10T16:08:31.620+0200: 5785,714: [Unloading, 0,0093205 secs], 0,0128924 secs]
 [Times: user=0,05 sys=0,00, real=0,01 secs] 
2018-04-10T16:08:31.632+0200: 5785,726: [GC cleanup 369M->323M(1024M), 0,0024912 secs]
 [Times: user=0,01 sys=0,00, real=0,00 secs] 
2018-04-10T16:08:31.634+0200: 5785,729: [GC concurrent-cleanup-start]
2018-04-10T16:08:31.635+0200: 5785,729: [GC concurrent-cleanup-end, 0,0001308 secs]
2018-04-10T16:10:01.317+0200: 5875,411: [GC pause (G1 Evacuation Pause) (young), 0,0206903 secs]
   [Parallel Time: 17,7 ms, GC Workers: 8]
      [GC Worker Start (ms): Min: 5875411,4, Avg: 5875411,8, Max: 5875412,4, Diff: 0,9]
      [Ext Root Scanning (ms): Min: 0,0, Avg: 0,4, Max: 0,9, Diff: 0,9, Sum: 3,4]
      [Update RS (ms): Min: 1,2, Avg: 2,7, Max: 11,1, Diff: 9,9, Sum: 21,8]
         [Processed Buffers: Min: 0, Avg: 6,6, Max: 12, Diff: 12, Sum: 53]
      [Scan RS (ms): Min: 0,0, Avg: 1,9, Max: 2,4, Diff: 2,4, Sum: 15,1]
      [Code Root Scanning (ms): Min: 0,0, Avg: 0,0, Max: 0,0, Diff: 0,0, Sum: 0,0]
      [Object Copy (ms): Min: 5,8, Avg: 12,2, Max: 13,3, Diff: 7,5, Sum: 97,9]
      [Termination (ms): Min: 0,0, Avg: 0,0, Max: 0,0, Diff: 0,0, Sum: 0,0]
         [Termination Attempts: Min: 1, Avg: 1,0, Max: 1, Diff: 0, Sum: 8]
      [GC Worker Other (ms): Min: 0,0, Avg: 0,0, Max: 0,0, Diff: 0,0, Sum: 0,1]
      [GC Worker Total (ms): Min: 16,7, Avg: 17,3, Max: 17,6, Diff: 0,9, Sum: 138,4]
      [GC Worker End (ms): Min: 5875429,1, Avg: 5875429,1, Max: 5875429,1, Diff: 0,0]
   [Code Root Fixup: 0,0 ms]
   [Code Root Purge: 0,0 ms]
   [Clear CT: 0,9 ms]
   [Other: 2,1 ms]
      [Choose CSet: 0,0 ms]
      [Ref Proc: 1,0 ms]
      [Ref Enq: 0,0 ms]
      [Redirty Cards: 0,6 ms]
      [Humongous Register: 0,0 ms]
      [Humongous Reclaim: 0,0 ms]
      [Free CSet: 0,1 ms]
   [Eden: 44,0M(44,0M)->0,0B(44,0M) Survivors: 7168,0K->7168,0K Heap: 367,3M(1024,0M)->327,9M(1024,0M)]
 [Times: user=0,12 sys=0,00, real=0,02 secs] 
2018-04-10T16:11:30.218+0200: 5964,313: [GC pause (G1 Evacuation Pause) (mixed), 0,0272531 secs]
   [Parallel Time: 22,9 ms, GC Workers: 8]
      [GC Worker Start (ms): Min: 5964313,0, Avg: 5964313,2, Max: 5964313,3, Diff: 0,3]
      [Ext Root Scanning (ms): Min: 0,4, Avg: 0,6, Max: 1,1, Diff: 0,7, Sum: 4,8]
      [Update RS (ms): Min: 1,3, Avg: 1,7, Max: 2,1, Diff: 0,8, Sum: 13,9]
         [Processed Buffers: Min: 1, Avg: 6,2, Max: 17, Diff: 16, Sum: 50]
      [Scan RS (ms): Min: 2,9, Avg: 3,1, Max: 3,5, Diff: 0,7, Sum: 25,1]
      [Code Root Scanning (ms): Min: 0,0, Avg: 0,0, Max: 0,1, Diff: 0,1, Sum: 0,2]
      [Object Copy (ms): Min: 16,4, Avg: 16,5, Max: 16,8, Diff: 0,4, Sum: 132,3]
      [Termination (ms): Min: 0,0, Avg: 0,0, Max: 0,1, Diff: 0,1, Sum: 0,3]
         [Termination Attempts: Min: 1, Avg: 18,1, Max: 29, Diff: 28, Sum: 145]
      [GC Worker Other (ms): Min: 0,0, Avg: 0,0, Max: 0,0, Diff: 0,0, Sum: 0,2]
      [GC Worker Total (ms): Min: 22,0, Avg: 22,1, Max: 22,2, Diff: 0,3, Sum: 176,7]
      [GC Worker End (ms): Min: 5964335,2, Avg: 5964335,2, Max: 5964335,2, Diff: 0,0]
   [Code Root Fixup: 0,0 ms]
   [Code Root Purge: 0,0 ms]
   [Clear CT: 0,4 ms]
   [Other: 4,0 ms]
      [Choose CSet: 0,1 ms]
      [Ref Proc: 2,8 ms]
      [Ref Enq: 0,0 ms]
      [Redirty Cards: 0,5 ms]
      [Humongous Register: 0,1 ms]
      [Humongous Reclaim: 0,0 ms]
      [Free CSet: 0,2 ms]
   [Eden: 44,0M(44,0M)->0,0B(45,0M) Survivors: 7168,0K->6144,0K Heap: 371,9M(1024,0M)->308,1M(1024,0M)]
 [Times: user=0,19 sys=0,00, real=0,03 secs] 
2018-04-10T16:13:01.777+0200: 6055,872: [GC pause (G1 Evacuation Pause) (mixed), 0,0226659 secs]
   [Parallel Time: 19,8 ms, GC Workers: 8]
      [GC Worker Start (ms): Min: 6055872,2, Avg: 6055872,4, Max: 6055872,8, Diff: 0,6]
      [Ext Root Scanning (ms): Min: 0,2, Avg: 0,6, Max: 1,0, Diff: 0,8, Sum: 4,4]
      [Update RS (ms): Min: 1,2, Avg: 2,2, Max: 2,7, Diff: 1,5, Sum: 17,8]
         [Processed Buffers: Min: 1, Avg: 6,4, Max: 28, Diff: 27, Sum: 51]
      [Scan RS (ms): Min: 2,3, Avg: 3,4, Max: 3,7, Diff: 1,4, Sum: 27,0]
      [Code Root Scanning (ms): Min: 0,0, Avg: 0,0, Max: 0,0, Diff: 0,0, Sum: 0,1]
      [Object Copy (ms): Min: 12,7, Avg: 13,2, Max: 14,4, Diff: 1,7, Sum: 105,7]
      [Termination (ms): Min: 0,0, Avg: 0,0, Max: 0,0, Diff: 0,0, Sum: 0,3]
         [Termination Attempts: Min: 1, Avg: 14,4, Max: 21, Diff: 20, Sum: 115]
      [GC Worker Other (ms): Min: 0,0, Avg: 0,0, Max: 0,0, Diff: 0,0, Sum: 0,2]
      [GC Worker Total (ms): Min: 19,1, Avg: 19,5, Max: 19,7, Diff: 0,6, Sum: 155,7]
      [GC Worker End (ms): Min: 6055891,8, Avg: 6055891,8, Max: 6055891,8, Diff: 0,0]
   [Code Root Fixup: 0,0 ms]
   [Code Root Purge: 0,0 ms]
   [Clear CT: 0,9 ms]
   [Other: 2,0 ms]
      [Choose CSet: 0,1 ms]
      [Ref Proc: 0,6 ms]
      [Ref Enq: 0,0 ms]
      [Redirty Cards: 0,7 ms]
      [Humongous Register: 0,1 ms]
      [Humongous Reclaim: 0,0 ms]
      [Free CSet: 0,2 ms]
   [Eden: 45,0M(45,0M)->0,0B(44,0M) Survivors: 6144,0K->7168,0K Heap: 353,1M(1024,0M)->290,5M(1024,0M)]
 [Times: user=0,16 sys=0,00, real=0,02 secs] 
2018-04-10T16:14:31.042+0200: 6145,136: [GC pause (G1 Evacuation Pause) (mixed), 0,0232139 secs]
   [Parallel Time: 20,5 ms, GC Workers: 8]
      [GC Worker Start (ms): Min: 6145136,6, Avg: 6145137,4, Max: 6145139,4, Diff: 2,8]
      [Ext Root Scanning (ms): Min: 0,0, Avg: 0,5, Max: 1,2, Diff: 1,1, Sum: 4,1]
      [Update RS (ms): Min: 0,0, Avg: 1,5, Max: 2,6, Diff: 2,6, Sum: 12,4]
         [Processed Buffers: Min: 1, Avg: 6,4, Max: 13, Diff: 12, Sum: 51]
      [Scan RS (ms): Min: 2,6, Avg: 3,5, Max: 3,7, Diff: 1,0, Sum: 27,7]
      [Code Root Scanning (ms): Min: 0,0, Avg: 0,0, Max: 0,1, Diff: 0,1, Sum: 0,1]
      [Object Copy (ms): Min: 13,8, Avg: 14,0, Max: 14,2, Diff: 0,4, Sum: 111,8]
      [Termination (ms): Min: 0,0, Avg: 0,0, Max: 0,1, Diff: 0,1, Sum: 0,3]
         [Termination Attempts: Min: 1, Avg: 5,4, Max: 11, Diff: 10, Sum: 43]
      [GC Worker Other (ms): Min: 0,0, Avg: 0,0, Max: 0,0, Diff: 0,0, Sum: 0,2]
      [GC Worker Total (ms): Min: 17,6, Avg: 19,6, Max: 20,4, Diff: 2,8, Sum: 156,6]
      [GC Worker End (ms): Min: 6145157,0, Avg: 6145157,0, Max: 6145157,0, Diff: 0,0]
   [Code Root Fixup: 0,0 ms]
   [Code Root Purge: 0,0 ms]
   [Clear CT: 0,2 ms]
   [Other: 2,5 ms]
      [Choose CSet: 0,1 ms]
      [Ref Proc: 1,7 ms]
      [Ref Enq: 0,0 ms]
      [Redirty Cards: 0,1 ms]
      [Humongous Register: 0,1 ms]
      [Humongous Reclaim: 0,0 ms]
      [Free CSet: 0,2 ms]
   [Eden: 44,0M(44,0M)->0,0B(46,0M) Survivors: 7168,0K->5120,0K Heap: 334,5M(1024,0M)->269,2M(1024,0M)]
 [Times: user=0,16 sys=0,00, real=0,02 secs] 
2018-04-10T16:16:03.858+0200: 6237,952: [GC pause (G1 Evacuation Pause) (mixed), 0,0237257 secs]
   [Parallel Time: 19,0 ms, GC Workers: 8]
      [GC Worker Start (ms): Min: 6237952,4, Avg: 6237952,6, Max: 6237952,7, Diff: 0,3]
      [Ext Root Scanning (ms): Min: 0,3, Avg: 0,5, Max: 1,0, Diff: 0,6, Sum: 3,9]
      [Update RS (ms): Min: 1,7, Avg: 2,7, Max: 8,9, Diff: 7,3, Sum: 21,3]
         [Processed Buffers: Min: 0, Avg: 6,4, Max: 20, Diff: 20, Sum: 51]
      [Scan RS (ms): Min: 0,0, Avg: 2,3, Max: 2,9, Diff: 2,9, Sum: 18,8]
      [Code Root Scanning (ms): Min: 0,0, Avg: 0,0, Max: 0,0, Diff: 0,0, Sum: 0,1]
      [Object Copy (ms): Min: 7,1, Avg: 11,0, Max: 13,1, Diff: 6,1, Sum: 88,4]
      [Termination (ms): Min: 0,0, Avg: 1,6, Max: 1,9, Diff: 1,9, Sum: 12,4]
         [Termination Attempts: Min: 1, Avg: 8,9, Max: 18, Diff: 17, Sum: 71]
      [GC Worker Other (ms): Min: 0,0, Avg: 0,0, Max: 0,1, Diff: 0,0, Sum: 0,2]
      [GC Worker Total (ms): Min: 17,9, Avg: 18,1, Max: 18,3, Diff: 0,4, Sum: 145,0]
      [GC Worker End (ms): Min: 6237970,6, Avg: 6237970,7, Max: 6237970,8, Diff: 0,2]
   [Code Root Fixup: 0,0 ms]
   [Code Root Purge: 0,0 ms]
   [Clear CT: 0,3 ms]
   [Other: 4,4 ms]
      [Choose CSet: 0,1 ms]
      [Ref Proc: 3,2 ms]
      [Ref Enq: 0,0 ms]
      [Redirty Cards: 0,2 ms]
      [Humongous Register: 0,0 ms]
      [Humongous Reclaim: 0,1 ms]
      [Free CSet: 0,4 ms]
   [Eden: 46,0M(46,0M)->0,0B(44,0M) Survivors: 5120,0K->7168,0K Heap: 315,2M(1024,0M)->251,9M(1024,0M)]
 [Times: user=0,14 sys=0,00, real=0,02 secs] 
2018-04-10T16:17:35.048+0200: 6329,143: [GC pause (G1 Evacuation Pause) (mixed), 0,0131229 secs]
   [Parallel Time: 10,5 ms, GC Workers: 8]
      [GC Worker Start (ms): Min: 6329142,8, Avg: 6329143,0, Max: 6329143,3, Diff: 0,5]
      [Ext Root Scanning (ms): Min: 0,1, Avg: 0,6, Max: 2,2, Diff: 2,1, Sum: 5,0]
      [Update RS (ms): Min: 0,0, Avg: 1,0, Max: 1,6, Diff: 1,6, Sum: 7,6]
         [Processed Buffers: Min: 0, Avg: 6,1, Max: 12, Diff: 12, Sum: 49]
      [Scan RS (ms): Min: 1,2, Avg: 1,5, Max: 1,6, Diff: 0,5, Sum: 11,9]
      [Code Root Scanning (ms): Min: 0,0, Avg: 0,0, Max: 0,1, Diff: 0,1, Sum: 0,2]
      [Object Copy (ms): Min: 5,9, Avg: 6,2, Max: 7,1, Diff: 1,3, Sum: 49,4]
      [Termination (ms): Min: 0,0, Avg: 0,1, Max: 0,1, Diff: 0,1, Sum: 0,4]
         [Termination Attempts: Min: 1, Avg: 1,0, Max: 1, Diff: 0, Sum: 8]
      [GC Worker Other (ms): Min: 0,0, Avg: 0,0, Max: 0,2, Diff: 0,2, Sum: 0,2]
      [GC Worker Total (ms): Min: 9,0, Avg: 9,3, Max: 9,5, Diff: 0,6, Sum: 74,7]
      [GC Worker End (ms): Min: 6329152,3, Avg: 6329152,3, Max: 6329152,4, Diff: 0,2]
   [Code Root Fixup: 0,0 ms]
   [Code Root Purge: 0,0 ms]
   [Clear CT: 0,2 ms]
   [Other: 2,4 ms]
      [Choose CSet: 0,1 ms]
      [Ref Proc: 1,7 ms]
      [Ref Enq: 0,0 ms]
      [Redirty Cards: 0,1 ms]
      [Humongous Register: 0,0 ms]
      [Humongous Reclaim: 0,0 ms]
      [Free CSet: 0,2 ms]
   [Eden: 44,0M(44,0M)->0,0B(44,0M) Survivors: 7168,0K->7168,0K Heap: 295,9M(1024,0M)->230,7M(1024,0M)]
 [Times: user=0,08 sys=0,00, real=0,01 secs] 
2018-04-10T16:19:05.714+0200: 6419,808: [GC pause (G1 Evacuation Pause) (mixed), 0,0123907 secs]
   [Parallel Time: 10,1 ms, GC Workers: 8]
      [GC Worker Start (ms): Min: 6419808,1, Avg: 6419809,3, Max: 6419817,2, Diff: 9,1]
      [Ext Root Scanning (ms): Min: 0,0, Avg: 0,3, Max: 0,7, Diff: 0,7, Sum: 2,4]
      [Update RS (ms): Min: 0,0, Avg: 0,7, Max: 1,0, Diff: 1,0, Sum: 5,4]
         [Processed Buffers: Min: 0, Avg: 6,2, Max: 13, Diff: 13, Sum: 50]
      [Scan RS (ms): Min: 0,0, Avg: 0,8, Max: 1,0, Diff: 1,0, Sum: 6,4]
      [Code Root Scanning (ms): Min: 0,0, Avg: 0,0, Max: 0,0, Diff: 0,0, Sum: 0,0]
      [Object Copy (ms): Min: 0,0, Avg: 5,5, Max: 6,4, Diff: 6,4, Sum: 44,1]
      [Termination (ms): Min: 0,0, Avg: 0,7, Max: 0,8, Diff: 0,8, Sum: 5,4]
         [Termination Attempts: Min: 1, Avg: 6,9, Max: 12, Diff: 11, Sum: 55]
      [GC Worker Other (ms): Min: 0,0, Avg: 0,0, Max: 0,0, Diff: 0,0, Sum: 0,1]
      [GC Worker Total (ms): Min: 0,0, Avg: 8,0, Max: 9,2, Diff: 9,2, Sum: 63,8]
      [GC Worker End (ms): Min: 6419817,3, Avg: 6419817,3, Max: 6419817,4, Diff: 0,1]
   [Code Root Fixup: 0,0 ms]
   [Code Root Purge: 0,0 ms]
   [Clear CT: 0,2 ms]
   [Other: 2,1 ms]
      [Choose CSet: 0,0 ms]
      [Ref Proc: 1,6 ms]
      [Ref Enq: 0,0 ms]
      [Redirty Cards: 0,1 ms]
      [Humongous Register: 0,0 ms]
      [Humongous Reclaim: 0,0 ms]
      [Free CSet: 0,1 ms]
   [Eden: 44,0M(44,0M)->0,0B(65,0M) Survivors: 7168,0K->7168,0K Heap: 274,7M(1024,0M)->229,2M(1024,0M)]
 [Times: user=0,07 sys=0,00, real=0,02 secs] 
2018-04-10T16:21:18.738+0200: 6552,833: [GC pause (G1 Evacuation Pause) (young), 0,0107403 secs]
   [Parallel Time: 8,5 ms, GC Workers: 8]
      [GC Worker Start (ms): Min: 6552832,8, Avg: 6552833,0, Max: 6552833,3, Diff: 0,6]
      [Ext Root Scanning (ms): Min: 0,0, Avg: 0,2, Max: 0,6, Diff: 0,6, Sum: 1,7]
      [Update RS (ms): Min: 0,5, Avg: 0,8, Max: 1,0, Diff: 0,5, Sum: 6,3]
         [Processed Buffers: Min: 1, Avg: 6,5, Max: 12, Diff: 11, Sum: 52]
      [Scan RS (ms): Min: 0,7, Avg: 0,9, Max: 1,1, Diff: 0,4, Sum: 7,1]
      [Code Root Scanning (ms): Min: 0,0, Avg: 0,0, Max: 0,0, Diff: 0,0, Sum: 0,0]
      [Object Copy (ms): Min: 6,1, Avg: 6,2, Max: 6,3, Diff: 0,2, Sum: 49,9]
      [Termination (ms): Min: 0,0, Avg: 0,1, Max: 0,1, Diff: 0,1, Sum: 0,5]
         [Termination Attempts: Min: 1, Avg: 9,4, Max: 15, Diff: 14, Sum: 75]
      [GC Worker Other (ms): Min: 0,0, Avg: 0,0, Max: 0,0, Diff: 0,0, Sum: 0,1]
      [GC Worker Total (ms): Min: 7,8, Avg: 8,2, Max: 8,4, Diff: 0,6, Sum: 65,5]
      [GC Worker End (ms): Min: 6552841,2, Avg: 6552841,2, Max: 6552841,2, Diff: 0,0]
   [Code Root Fixup: 0,0 ms]
   [Code Root Purge: 0,0 ms]
   [Clear CT: 0,1 ms]
   [Other: 2,2 ms]
      [Choose CSet: 0,0 ms]
      [Ref Proc: 1,8 ms]
      [Ref Enq: 0,0 ms]
      [Redirty Cards: 0,1 ms]
      [Humongous Register: 0,0 ms]
      [Humongous Reclaim: 0,0 ms]
      [Free CSet: 0,0 ms]
   [Eden: 65,0M(65,0M)->0,0B(100,0M) Survivors: 7168,0K->9216,0K Heap: 294,2M(1024,0M)->234,1M(1024,0M)]
 [Times: user=0,08 sys=0,00, real=0,01 secs] 
2018-04-10T16:24:41.644+0200: 6755,738: [GC pause (G1 Evacuation Pause) (young), 0,0263686 secs]
   [Parallel Time: 25,4 ms, GC Workers: 8]
      [GC Worker Start (ms): Min: 6755738,4, Avg: 6755739,0, Max: 6755740,4, Diff: 2,0]
      [Ext Root Scanning (ms): Min: 0,0, Avg: 0,5, Max: 1,0, Diff: 1,0, Sum: 4,1]
      [Update RS (ms): Min: 1,1, Avg: 2,0, Max: 2,6, Diff: 1,5, Sum: 16,2]
         [Processed Buffers: Min: 1, Avg: 6,8, Max: 25, Diff: 24, Sum: 54]
      [Scan RS (ms): Min: 2,1, Avg: 2,4, Max: 3,0, Diff: 0,9, Sum: 19,3]
      [Code Root Scanning (ms): Min: 0,0, Avg: 0,0, Max: 0,0, Diff: 0,0, Sum: 0,0]
      [Object Copy (ms): Min: 18,6, Avg: 18,9, Max: 19,3, Diff: 0,8, Sum: 151,5]
      [Termination (ms): Min: 0,0, Avg: 0,6, Max: 0,7, Diff: 0,7, Sum: 4,6]
         [Termination Attempts: Min: 1, Avg: 7,1, Max: 13, Diff: 12, Sum: 57]
      [GC Worker Other (ms): Min: 0,0, Avg: 0,0, Max: 0,0, Diff: 0,0, Sum: 0,1]
      [GC Worker Total (ms): Min: 23,1, Avg: 24,5, Max: 25,1, Diff: 2,0, Sum: 195,9]
      [GC Worker End (ms): Min: 6755763,3, Avg: 6755763,4, Max: 6755763,5, Diff: 0,3]
   [Code Root Fixup: 0,0 ms]
   [Code Root Purge: 0,0 ms]
   [Clear CT: 0,1 ms]
   [Other: 0,9 ms]
      [Choose CSet: 0,0 ms]
      [Ref Proc: 0,3 ms]
      [Ref Enq: 0,0 ms]
      [Redirty Cards: 0,1 ms]
      [Humongous Register: 0,1 ms]
      [Humongous Reclaim: 0,0 ms]
      [Free CSet: 0,1 ms]
   [Eden: 100,0M(100,0M)->0,0B(51,0M) Survivors: 9216,0K->14,0M Heap: 334,1M(1024,0M)->240,3M(1024,0M)]
 [Times: user=0,17 sys=0,01, real=0,03 secs] 
2018-04-10T16:26:26.092+0200: 6860,186: [GC pause (G1 Evacuation Pause) (young), 0,0178657 secs]
   [Parallel Time: 16,9 ms, GC Workers: 8]
      [GC Worker Start (ms): Min: 6860186,6, Avg: 6860186,9, Max: 6860187,7, Diff: 1,1]
      [Ext Root Scanning (ms): Min: 0,0, Avg: 0,7, Max: 2,0, Diff: 1,9, Sum: 5,3]
      [Update RS (ms): Min: 0,0, Avg: 1,0, Max: 1,7, Diff: 1,7, Sum: 7,7]
         [Processed Buffers: Min: 0, Avg: 6,1, Max: 16, Diff: 16, Sum: 49]
      [Scan RS (ms): Min: 1,1, Avg: 1,5, Max: 2,3, Diff: 1,2, Sum: 11,8]
      [Code Root Scanning (ms): Min: 0,0, Avg: 0,0, Max: 0,0, Diff: 0,0, Sum: 0,0]
      [Object Copy (ms): Min: 12,0, Avg: 13,4, Max: 14,9, Diff: 2,9, Sum: 107,2]
      [Termination (ms): Min: 0,0, Avg: 0,0, Max: 0,0, Diff: 0,0, Sum: 0,0]
         [Termination Attempts: Min: 1, Avg: 2,0, Max: 3, Diff: 2, Sum: 16]
      [GC Worker Other (ms): Min: 0,0, Avg: 0,0, Max: 0,0, Diff: 0,0, Sum: 0,2]
      [GC Worker Total (ms): Min: 15,7, Avg: 16,5, Max: 16,8, Diff: 1,1, Sum: 132,2]
      [GC Worker End (ms): Min: 6860203,4, Avg: 6860203,4, Max: 6860203,5, Diff: 0,0]
   [Code Root Fixup: 0,0 ms]
   [Code Root Purge: 0,0 ms]
   [Clear CT: 0,1 ms]
   [Other: 0,9 ms]
      [Choose CSet: 0,0 ms]
      [Ref Proc: 0,4 ms]
      [Ref Enq: 0,0 ms]
      [Redirty Cards: 0,1 ms]
      [Humongous Register: 0,1 ms]
      [Humongous Reclaim: 0,0 ms]
      [Free CSet: 0,1 ms]
   [Eden: 51,0M(51,0M)->0,0B(91,0M) Survivors: 14,0M->6144,0K Heap: 291,3M(1024,0M)->243,4M(1024,0M)]
 [Times: user=0,13 sys=0,00, real=0,02 secs] 
2018-04-10T16:29:34.456+0200: 7048,551: [GC pause (G1 Evacuation Pause) (young), 0,0257325 secs]
   [Parallel Time: 23,2 ms, GC Workers: 8]
      [GC Worker Start (ms): Min: 7048551,0, Avg: 7048551,3, Max: 7048552,0, Diff: 0,9]
      [Ext Root Scanning (ms): Min: 0,0, Avg: 0,6, Max: 1,1, Diff: 1,1, Sum: 4,6]
      [Update RS (ms): Min: 2,7, Avg: 3,0, Max: 3,5, Diff: 0,8, Sum: 24,1]
         [Processed Buffers: Min: 1, Avg: 6,5, Max: 22, Diff: 21, Sum: 52]
      [Scan RS (ms): Min: 2,1, Avg: 2,4, Max: 2,7, Diff: 0,6, Sum: 18,8]
      [Code Root Scanning (ms): Min: 0,0, Avg: 0,0, Max: 0,0, Diff: 0,0, Sum: 0,0]
      [Object Copy (ms): Min: 16,1, Avg: 16,4, Max: 16,5, Diff: 0,4, Sum: 131,1]
      [Termination (ms): Min: 0,0, Avg: 0,0, Max: 0,0, Diff: 0,0, Sum: 0,1]
         [Termination Attempts: Min: 1, Avg: 4,2, Max: 7, Diff: 6, Sum: 34]
      [GC Worker Other (ms): Min: 0,0, Avg: 0,0, Max: 0,1, Diff: 0,1, Sum: 0,4]
      [GC Worker Total (ms): Min: 21,7, Avg: 22,4, Max: 22,7, Diff: 1,0, Sum: 179,1]
      [GC Worker End (ms): Min: 7048573,6, Avg: 7048573,7, Max: 7048573,7, Diff: 0,1]
   [Code Root Fixup: 0,0 ms]
   [Code Root Purge: 0,0 ms]
   [Clear CT: 0,5 ms]
   [Other: 2,1 ms]
      [Choose CSet: 0,0 ms]
      [Ref Proc: 1,1 ms]
      [Ref Enq: 0,0 ms]
      [Redirty Cards: 0,4 ms]
      [Humongous Register: 0,1 ms]
      [Humongous Reclaim: 0,0 ms]
      [Free CSet: 0,1 ms]
   [Eden: 91,0M(91,0M)->0,0B(40,0M) Survivors: 6144,0K->11,0M Heap: 334,4M(1024,0M)->248,4M(1024,0M)]
 [Times: user=0,18 sys=0,00, real=0,02 secs] 
2018-04-10T16:30:56.599+0200: 7130,693: [GC pause (G1 Evacuation Pause) (young), 0,0112695 secs]
   [Parallel Time: 9,1 ms, GC Workers: 8]
      [GC Worker Start (ms): Min: 7130693,5, Avg: 7130693,8, Max: 7130695,1, Diff: 1,6]
      [Ext Root Scanning (ms): Min: 0,0, Avg: 0,2, Max: 0,5, Diff: 0,5, Sum: 1,7]
      [Update RS (ms): Min: 0,0, Avg: 0,3, Max: 0,5, Diff: 0,5, Sum: 2,8]
         [Processed Buffers: Min: 0, Avg: 6,1, Max: 16, Diff: 16, Sum: 49]
      [Scan RS (ms): Min: 0,0, Avg: 0,5, Max: 0,7, Diff: 0,7, Sum: 3,9]
      [Code Root Scanning (ms): Min: 0,0, Avg: 0,0, Max: 0,0, Diff: 0,0, Sum: 0,0]
      [Object Copy (ms): Min: 7,3, Avg: 7,6, Max: 8,7, Diff: 1,3, Sum: 60,9]
      [Termination (ms): Min: 0,0, Avg: 0,0, Max: 0,0, Diff: 0,0, Sum: 0,0]
         [Termination Attempts: Min: 1, Avg: 2,4, Max: 4, Diff: 3, Sum: 19]
      [GC Worker Other (ms): Min: 0,0, Avg: 0,0, Max: 0,0, Diff: 0,0, Sum: 0,1]
      [GC Worker Total (ms): Min: 7,3, Avg: 8,7, Max: 9,0, Diff: 1,6, Sum: 69,3]
      [GC Worker End (ms): Min: 7130702,5, Avg: 7130702,5, Max: 7130702,5, Diff: 0,0]
   [Code Root Fixup: 0,0 ms]
   [Code Root Purge: 0,0 ms]
   [Clear CT: 0,1 ms]
   [Other: 2,1 ms]
      [Choose CSet: 0,0 ms]
      [Ref Proc: 1,8 ms]
      [Ref Enq: 0,0 ms]
      [Redirty Cards: 0,1 ms]
      [Humongous Register: 0,0 ms]
      [Humongous Reclaim: 0,0 ms]
      [Free CSet: 0,0 ms]
   [Eden: 40,0M(40,0M)->0,0B(87,0M) Survivors: 11,0M->6144,0K Heap: 288,4M(1024,0M)->252,0M(1024,0M)]
 [Times: user=0,06 sys=0,00, real=0,01 secs] 
2018-04-10T16:33:26.998+0200: 7281,092: [GC pause (G1 Evacuation Pause) (young), 0,0332375 secs]
   [Parallel Time: 28,6 ms, GC Workers: 8]
      [GC Worker Start (ms): Min: 7281092,5, Avg: 7281092,7, Max: 7281093,2, Diff: 0,8]
      [Ext Root Scanning (ms): Min: 0,0, Avg: 0,5, Max: 1,0, Diff: 1,0, Sum: 4,3]
      [Update RS (ms): Min: 0,0, Avg: 2,7, Max: 4,2, Diff: 4,2, Sum: 21,3]
         [Processed Buffers: Min: 0, Avg: 6,9, Max: 27, Diff: 27, Sum: 55]
      [Scan RS (ms): Min: 1,8, Avg: 2,9, Max: 3,6, Diff: 1,8, Sum: 22,9]
      [Code Root Scanning (ms): Min: 0,0, Avg: 0,0, Max: 0,0, Diff: 0,0, Sum: 0,0]
      [Object Copy (ms): Min: 15,4, Avg: 16,9, Max: 25,1, Diff: 9,8, Sum: 135,4]
      [Termination (ms): Min: 0,0, Avg: 4,9, Max: 5,8, Diff: 5,8, Sum: 39,5]
         [Termination Attempts: Min: 1, Avg: 3,5, Max: 6, Diff: 5, Sum: 28]
      [GC Worker Other (ms): Min: 0,0, Avg: 0,0, Max: 0,0, Diff: 0,0, Sum: 0,1]
      [GC Worker Total (ms): Min: 27,4, Avg: 27,9, Max: 28,3, Diff: 0,8, Sum: 223,5]
      [GC Worker End (ms): Min: 7281120,2, Avg: 7281120,6, Max: 7281120,8, Diff: 0,7]
   [Code Root Fixup: 0,0 ms]
   [Code Root Purge: 0,0 ms]
   [Clear CT: 0,2 ms]
   [Other: 4,5 ms]
      [Choose CSet: 0,0 ms]
      [Ref Proc: 3,8 ms]
      [Ref Enq: 0,0 ms]
      [Redirty Cards: 0,1 ms]
      [Humongous Register: 0,1 ms]
      [Humongous Reclaim: 0,0 ms]
      [Free CSet: 0,1 ms]
   [Eden: 77,0M(54,0M)->0,0B(43,0M) Survivors: 6144,0K->8192,0K Heap: 329,0M(1024,0M)->255,0M(1024,0M)]
 [Times: user=0,21 sys=0,00, real=0,03 secs] 
2018-04-10T16:34:55.342+0200: 7369,436: [GC pause (G1 Evacuation Pause) (young), 0,0226980 secs]
   [Parallel Time: 21,3 ms, GC Workers: 8]
      [GC Worker Start (ms): Min: 7369436,5, Avg: 7369436,8, Max: 7369437,2, Diff: 0,7]
      [Ext Root Scanning (ms): Min: 0,1, Avg: 0,9, Max: 3,4, Diff: 3,3, Sum: 7,4]
      [Update RS (ms): Min: 0,0, Avg: 1,0, Max: 1,6, Diff: 1,6, Sum: 7,9]
         [Processed Buffers: Min: 0, Avg: 6,4, Max: 13, Diff: 13, Sum: 51]
      [Scan RS (ms): Min: 0,9, Avg: 2,4, Max: 3,8, Diff: 2,9, Sum: 19,4]
      [Code Root Scanning (ms): Min: 0,0, Avg: 0,0, Max: 0,0, Diff: 0,0, Sum: 0,0]
      [Object Copy (ms): Min: 15,8, Avg: 16,5, Max: 16,8, Diff: 1,1, Sum: 132,4]
      [Termination (ms): Min: 0,0, Avg: 0,0, Max: 0,0, Diff: 0,0, Sum: 0,0]
         [Termination Attempts: Min: 1, Avg: 1,2, Max: 2, Diff: 1, Sum: 10]
      [GC Worker Other (ms): Min: 0,0, Avg: 0,0, Max: 0,0, Diff: 0,0, Sum: 0,2]
      [GC Worker Total (ms): Min: 20,5, Avg: 20,9, Max: 21,2, Diff: 0,7, Sum: 167,3]
      [GC Worker End (ms): Min: 7369457,7, Avg: 7369457,7, Max: 7369457,7, Diff: 0,0]
   [Code Root Fixup: 0,0 ms]
   [Code Root Purge: 0,0 ms]
   [Clear CT: 0,3 ms]
   [Other: 1,1 ms]
      [Choose CSet: 0,0 ms]
      [Ref Proc: 0,4 ms]
      [Ref Enq: 0,0 ms]
      [Redirty Cards: 0,3 ms]
      [Humongous Register: 0,1 ms]
      [Humongous Reclaim: 0,0 ms]
      [Free CSet: 0,1 ms]
   [Eden: 43,0M(43,0M)->0,0B(46,0M) Survivors: 8192,0K->5120,0K Heap: 298,0M(1024,0M)->259,4M(1024,0M)]
 [Times: user=0,15 sys=0,00, real=0,02 secs] 
2018-04-10T16:36:31.478+0200: 7465,573: [GC pause (G1 Evacuation Pause) (young), 0,0309623 secs]
   [Parallel Time: 23,8 ms, GC Workers: 8]
      [GC Worker Start (ms): Min: 7465572,9, Avg: 7465575,8, Max: 7465583,3, Diff: 10,4]
      [Ext Root Scanning (ms): Min: 0,0, Avg: 0,5, Max: 1,1, Diff: 1,1, Sum: 4,2]
      [Update RS (ms): Min: 0,0, Avg: 3,0, Max: 5,4, Diff: 5,4, Sum: 24,2]
         [Processed Buffers: Min: 0, Avg: 6,5, Max: 16, Diff: 16, Sum: 52]
      [Scan RS (ms): Min: 0,0, Avg: 0,9, Max: 1,9, Diff: 1,9, Sum: 7,1]
      [Code Root Scanning (ms): Min: 0,0, Avg: 0,0, Max: 0,0, Diff: 0,0, Sum: 0,0]
      [Object Copy (ms): Min: 10,1, Avg: 13,8, Max: 16,0, Diff: 5,8, Sum: 110,5]
      [Termination (ms): Min: 0,0, Avg: 2,1, Max: 3,0, Diff: 3,0, Sum: 17,1]
         [Termination Attempts: Min: 1, Avg: 7,6, Max: 18, Diff: 17, Sum: 61]
      [GC Worker Other (ms): Min: 0,0, Avg: 0,0, Max: 0,0, Diff: 0,0, Sum: 0,2]
      [GC Worker Total (ms): Min: 12,7, Avg: 20,4, Max: 23,5, Diff: 10,7, Sum: 163,3]
      [GC Worker End (ms): Min: 7465596,0, Avg: 7465596,2, Max: 7465596,5, Diff: 0,5]
   [Code Root Fixup: 0,0 ms]
   [Code Root Purge: 0,0 ms]
   [Clear CT: 0,6 ms]
   [Other: 6,6 ms]
      [Choose CSet: 0,0 ms]
      [Ref Proc: 5,6 ms]
      [Ref Enq: 0,0 ms]
      [Redirty Cards: 0,2 ms]
      [Humongous Register: 0,1 ms]
      [Humongous Reclaim: 0,0 ms]
      [Free CSet: 0,1 ms]
   [Eden: 46,0M(46,0M)->0,0B(45,0M) Survivors: 5120,0K->6144,0K Heap: 305,4M(1024,0M)->259,7M(1024,0M)]
 [Times: user=0,15 sys=0,00, real=0,03 secs] 
2018-04-10T16:38:01.274+0200: 7555,368: [GC pause (G1 Evacuation Pause) (young), 0,0203570 secs]
   [Parallel Time: 17,6 ms, GC Workers: 8]
      [GC Worker Start (ms): Min: 7555368,4, Avg: 7555368,7, Max: 7555370,0, Diff: 1,6]
      [Ext Root Scanning (ms): Min: 0,0, Avg: 0,5, Max: 1,0, Diff: 1,0, Sum: 4,3]
      [Update RS (ms): Min: 0,5, Avg: 1,2, Max: 1,8, Diff: 1,2, Sum: 9,4]
         [Processed Buffers: Min: 1, Avg: 6,9, Max: 12, Diff: 11, Sum: 55]
      [Scan RS (ms): Min: 0,5, Avg: 0,9, Max: 1,1, Diff: 0,6, Sum: 6,8]
      [Code Root Scanning (ms): Min: 0,0, Avg: 0,0, Max: 0,0, Diff: 0,0, Sum: 0,0]
      [Object Copy (ms): Min: 13,9, Avg: 14,0, Max: 14,1, Diff: 0,2, Sum: 112,3]
      [Termination (ms): Min: 0,0, Avg: 0,0, Max: 0,0, Diff: 0,0, Sum: 0,0]
         [Termination Attempts: Min: 1, Avg: 1,4, Max: 3, Diff: 2, Sum: 11]
      [GC Worker Other (ms): Min: 0,0, Avg: 0,0, Max: 0,0, Diff: 0,0, Sum: 0,2]
      [GC Worker Total (ms): Min: 15,3, Avg: 16,6, Max: 16,9, Diff: 1,6, Sum: 133,1]
      [GC Worker End (ms): Min: 7555385,3, Avg: 7555385,3, Max: 7555385,3, Diff: 0,0]
   [Code Root Fixup: 0,0 ms]
   [Code Root Purge: 0,0 ms]
   [Clear CT: 0,8 ms]
   [Other: 1,9 ms]
      [Choose CSet: 0,0 ms]
      [Ref Proc: 1,0 ms]
      [Ref Enq: 0,0 ms]
      [Redirty Cards: 0,3 ms]
      [Humongous Register: 0,1 ms]
      [Humongous Reclaim: 0,0 ms]
      [Free CSet: 0,1 ms]
   [Eden: 45,0M(45,0M)->0,0B(44,0M) Survivors: 6144,0K->7168,0K Heap: 304,7M(1024,0M)->263,9M(1024,0M)]
 [Times: user=0,13 sys=0,00, real=0,02 secs] 
2018-04-10T16:39:29.565+0200: 7643,659: [GC pause (G1 Evacuation Pause) (young), 0,0159263 secs]
   [Parallel Time: 13,1 ms, GC Workers: 8]
      [GC Worker Start (ms): Min: 7643659,3, Avg: 7643661,2, Max: 7643664,5, Diff: 5,2]
      [Ext Root Scanning (ms): Min: 0,0, Avg: 0,2, Max: 0,6, Diff: 0,6, Sum: 1,5]
      [Update RS (ms): Min: 0,0, Avg: 0,5, Max: 1,0, Diff: 1,0, Sum: 3,8]
         [Processed Buffers: Min: 0, Avg: 6,2, Max: 19, Diff: 19, Sum: 50]
      [Scan RS (ms): Min: 0,0, Avg: 0,6, Max: 1,1, Diff: 1,1, Sum: 4,8]
      [Code Root Scanning (ms): Min: 0,0, Avg: 0,0, Max: 0,0, Diff: 0,0, Sum: 0,0]
      [Object Copy (ms): Min: 7,3, Avg: 8,9, Max: 10,4, Diff: 3,1, Sum: 71,0]
      [Termination (ms): Min: 0,0, Avg: 0,9, Max: 1,9, Diff: 1,9, Sum: 7,5]
         [Termination Attempts: Min: 1, Avg: 4,1, Max: 9, Diff: 8, Sum: 33]
      [GC Worker Other (ms): Min: 0,0, Avg: 0,0, Max: 0,0, Diff: 0,0, Sum: 0,0]
      [GC Worker Total (ms): Min: 7,7, Avg: 11,1, Max: 13,0, Diff: 5,2, Sum: 88,6]
      [GC Worker End (ms): Min: 7643672,3, Avg: 7643672,3, Max: 7643672,3, Diff: 0,0]
   [Code Root Fixup: 0,0 ms]
   [Code Root Purge: 0,0 ms]
   [Clear CT: 0,1 ms]
   [Other: 2,7 ms]
      [Choose CSet: 0,0 ms]
      [Ref Proc: 2,4 ms]
      [Ref Enq: 0,0 ms]
      [Redirty Cards: 0,1 ms]
      [Humongous Register: 0,0 ms]
      [Humongous Reclaim: 0,0 ms]
      [Free CSet: 0,0 ms]
   [Eden: 44,0M(44,0M)->0,0B(44,0M) Survivors: 7168,0K->7168,0K Heap: 307,9M(1024,0M)->267,6M(1024,0M)]
 [Times: user=0,06 sys=0,00, real=0,02 secs] 
2018-04-10T16:40:58.012+0200: 7732,106: [GC pause (G1 Evacuation Pause) (young), 0,0154600 secs]
   [Parallel Time: 13,7 ms, GC Workers: 8]
      [GC Worker Start (ms): Min: 7732106,1, Avg: 7732107,5, Max: 7732111,6, Diff: 5,5]
      [Ext Root Scanning (ms): Min: 0,0, Avg: 0,3, Max: 0,8, Diff: 0,8, Sum: 2,2]
      [Update RS (ms): Min: 0,0, Avg: 0,7, Max: 1,3, Diff: 1,3, Sum: 5,8]
         [Processed Buffers: Min: 0, Avg: 6,6, Max: 34, Diff: 34, Sum: 53]
      [Scan RS (ms): Min: 0,0, Avg: 0,7, Max: 1,2, Diff: 1,2, Sum: 5,5]
      [Code Root Scanning (ms): Min: 0,0, Avg: 0,0, Max: 0,0, Diff: 0,0, Sum: 0,0]
      [Object Copy (ms): Min: 3,7, Avg: 6,6, Max: 10,0, Diff: 6,3, Sum: 52,8]
      [Termination (ms): Min: 0,0, Avg: 3,1, Max: 3,7, Diff: 3,7, Sum: 24,6]
         [Termination Attempts: Min: 1, Avg: 5,8, Max: 10, Diff: 9, Sum: 46]
      [GC Worker Other (ms): Min: 0,0, Avg: 0,0, Max: 0,0, Diff: 0,0, Sum: 0,1]
      [GC Worker Total (ms): Min: 7,3, Avg: 11,4, Max: 12,9, Diff: 5,6, Sum: 91,1]
      [GC Worker End (ms): Min: 7732118,9, Avg: 7732118,9, Max: 7732119,0, Diff: 0,1]
   [Code Root Fixup: 0,0 ms]
   [Code Root Purge: 0,0 ms]
   [Clear CT: 0,1 ms]
   [Other: 1,7 ms]
      [Choose CSet: 0,0 ms]
      [Ref Proc: 1,0 ms]
      [Ref Enq: 0,0 ms]
      [Redirty Cards: 0,1 ms]
      [Humongous Register: 0,0 ms]
      [Humongous Reclaim: 0,0 ms]
      [Free CSet: 0,1 ms]
   [Eden: 44,0M(44,0M)->0,0B(44,0M) Survivors: 7168,0K->7168,0K Heap: 311,6M(1024,0M)->272,3M(1024,0M)]
 [Times: user=0,07 sys=0,00, real=0,02 secs] 
2018-04-10T16:42:29.332+0200: 7823,427: [GC pause (G1 Evacuation Pause) (young), 0,0238035 secs]
   [Parallel Time: 15,6 ms, GC Workers: 8]
      [GC Worker Start (ms): Min: 7823426,7, Avg: 7823426,8, Max: 7823427,6, Diff: 0,8]
      [Ext Root Scanning (ms): Min: 0,0, Avg: 0,2, Max: 0,6, Diff: 0,6, Sum: 1,9]
      [Update RS (ms): Min: 0,3, Avg: 0,9, Max: 2,1, Diff: 1,8, Sum: 7,2]
         [Processed Buffers: Min: 1, Avg: 6,9, Max: 14, Diff: 13, Sum: 55]
      [Scan RS (ms): Min: 0,0, Avg: 0,9, Max: 1,1, Diff: 1,1, Sum: 7,0]
      [Code Root Scanning (ms): Min: 0,0, Avg: 0,0, Max: 0,0, Diff: 0,0, Sum: 0,0]
      [Object Copy (ms): Min: 8,0, Avg: 8,4, Max: 8,8, Diff: 0,8, Sum: 66,8]
      [Termination (ms): Min: 0,0, Avg: 1,2, Max: 5,0, Diff: 5,0, Sum: 9,2]
         [Termination Attempts: Min: 1, Avg: 2,9, Max: 6, Diff: 5, Sum: 23]
      [GC Worker Other (ms): Min: 0,0, Avg: 0,0, Max: 0,0, Diff: 0,0, Sum: 0,1]
      [GC Worker Total (ms): Min: 10,1, Avg: 11,5, Max: 15,5, Diff: 5,4, Sum: 92,2]
      [GC Worker End (ms): Min: 7823437,7, Avg: 7823438,4, Max: 7823442,2, Diff: 4,6]
   [Code Root Fixup: 0,0 ms]
   [Code Root Purge: 0,0 ms]
   [Clear CT: 0,1 ms]
   [Other: 8,1 ms]
      [Choose CSet: 0,0 ms]
      [Ref Proc: 7,8 ms]
      [Ref Enq: 0,0 ms]
      [Redirty Cards: 0,1 ms]
      [Humongous Register: 0,0 ms]
      [Humongous Reclaim: 0,0 ms]
      [Free CSet: 0,0 ms]
   [Eden: 44,0M(44,0M)->0,0B(44,0M) Survivors: 7168,0K->7168,0K Heap: 316,3M(1024,0M)->277,3M(1024,0M)]
 [Times: user=0,10 sys=0,00, real=0,03 secs] 
2018-04-10T16:44:00.015+0200: 7914,109: [GC pause (G1 Evacuation Pause) (young), 0,0187268 secs]
   [Parallel Time: 16,1 ms, GC Workers: 8]
      [GC Worker Start (ms): Min: 7914109,2, Avg: 7914111,2, Max: 7914114,6, Diff: 5,4]
      [Ext Root Scanning (ms): Min: 0,0, Avg: 0,2, Max: 0,7, Diff: 0,7, Sum: 1,7]
      [Update RS (ms): Min: 0,0, Avg: 2,0, Max: 9,8, Diff: 9,8, Sum: 16,0]
         [Processed Buffers: Min: 0, Avg: 7,0, Max: 27, Diff: 27, Sum: 56]
      [Scan RS (ms): Min: 0,0, Avg: 0,8, Max: 1,7, Diff: 1,7, Sum: 6,5]
      [Code Root Scanning (ms): Min: 0,0, Avg: 0,0, Max: 0,0, Diff: 0,0, Sum: 0,0]
      [Object Copy (ms): Min: 4,4, Avg: 9,7, Max: 11,6, Diff: 7,2, Sum: 78,0]
      [Termination (ms): Min: 0,0, Avg: 1,0, Max: 1,5, Diff: 1,5, Sum: 8,2]
         [Termination Attempts: Min: 1, Avg: 1,5, Max: 3, Diff: 2, Sum: 12]
      [GC Worker Other (ms): Min: 0,0, Avg: 0,0, Max: 0,0, Diff: 0,0, Sum: 0,1]
      [GC Worker Total (ms): Min: 10,7, Avg: 13,8, Max: 15,9, Diff: 5,2, Sum: 110,4]
      [GC Worker End (ms): Min: 7914125,0, Avg: 7914125,0, Max: 7914125,2, Diff: 0,2]
   [Code Root Fixup: 0,0 ms]
   [Code Root Purge: 0,0 ms]
   [Clear CT: 0,1 ms]
   [Other: 2,6 ms]
      [Choose CSet: 0,0 ms]
      [Ref Proc: 2,2 ms]
      [Ref Enq: 0,0 ms]
      [Redirty Cards: 0,1 ms]
      [Humongous Register: 0,1 ms]
      [Humongous Reclaim: 0,0 ms]
      [Free CSet: 0,0 ms]
   [Eden: 44,0M(44,0M)->0,0B(45,0M) Survivors: 7168,0K->6144,0K Heap: 321,3M(1024,0M)->281,8M(1024,0M)]
 [Times: user=0,07 sys=0,00, real=0,02 secs] 
2018-04-10T16:45:32.697+0200: 8006,791: [GC pause (G1 Evacuation Pause) (young), 0,0215546 secs]
   [Parallel Time: 18,3 ms, GC Workers: 8]
      [GC Worker Start (ms): Min: 8006791,5, Avg: 8006792,2, Max: 8006795,2, Diff: 3,7]
      [Ext Root Scanning (ms): Min: 0,0, Avg: 0,5, Max: 1,0, Diff: 1,0, Sum: 4,4]
      [Update RS (ms): Min: 0,0, Avg: 2,5, Max: 5,9, Diff: 5,9, Sum: 20,2]
         [Processed Buffers: Min: 0, Avg: 6,9, Max: 22, Diff: 22, Sum: 55]
      [Scan RS (ms): Min: 0,0, Avg: 2,3, Max: 2,7, Diff: 2,7, Sum: 18,1]
      [Code Root Scanning (ms): Min: 0,0, Avg: 0,0, Max: 0,0, Diff: 0,0, Sum: 0,0]
      [Object Copy (ms): Min: 10,8, Avg: 11,2, Max: 11,6, Diff: 0,7, Sum: 89,8]
      [Termination (ms): Min: 0,0, Avg: 0,6, Max: 1,0, Diff: 1,0, Sum: 4,9]
         [Termination Attempts: Min: 1, Avg: 2,0, Max: 4, Diff: 3, Sum: 16]
      [GC Worker Other (ms): Min: 0,0, Avg: 0,0, Max: 0,0, Diff: 0,0, Sum: 0,1]
      [GC Worker Total (ms): Min: 14,5, Avg: 17,2, Max: 18,2, Diff: 3,7, Sum: 137,5]
      [GC Worker End (ms): Min: 8006809,2, Avg: 8006809,4, Max: 8006809,7, Diff: 0,5]
   [Code Root Fixup: 0,0 ms]
   [Code Root Purge: 0,0 ms]
   [Clear CT: 0,3 ms]
   [Other: 3,0 ms]
      [Choose CSet: 0,0 ms]
      [Ref Proc: 2,4 ms]
      [Ref Enq: 0,0 ms]
      [Redirty Cards: 0,1 ms]
      [Humongous Register: 0,1 ms]
      [Humongous Reclaim: 0,0 ms]
      [Free CSet: 0,0 ms]
   [Eden: 45,0M(45,0M)->0,0B(44,0M) Survivors: 6144,0K->7168,0K Heap: 326,8M(1024,0M)->285,5M(1024,0M)]
 [Times: user=0,14 sys=0,00, real=0,02 secs] 
2018-04-10T16:47:01.918+0200: 8096,012: [GC pause (G1 Evacuation Pause) (young), 0,0284720 secs]
   [Parallel Time: 24,1 ms, GC Workers: 8]
      [GC Worker Start (ms): Min: 8096012,4, Avg: 8096012,8, Max: 8096014,4, Diff: 2,0]
      [Ext Root Scanning (ms): Min: 0,0, Avg: 0,5, Max: 1,1, Diff: 1,1, Sum: 4,0]
      [Update RS (ms): Min: 0,7, Avg: 1,7, Max: 2,0, Diff: 1,4, Sum: 13,6]
         [Processed Buffers: Min: 1, Avg: 6,8, Max: 18, Diff: 17, Sum: 54]
      [Scan RS (ms): Min: 1,9, Avg: 2,2, Max: 2,6, Diff: 0,7, Sum: 17,4]
      [Code Root Scanning (ms): Min: 0,0, Avg: 0,0, Max: 0,0, Diff: 0,0, Sum: 0,0]
      [Object Copy (ms): Min: 17,3, Avg: 17,7, Max: 18,1, Diff: 0,8, Sum: 141,7]
      [Termination (ms): Min: 0,0, Avg: 0,6, Max: 0,8, Diff: 0,8, Sum: 5,1]
         [Termination Attempts: Min: 1, Avg: 2,1, Max: 4, Diff: 3, Sum: 17]
      [GC Worker Other (ms): Min: 0,0, Avg: 0,0, Max: 0,0, Diff: 0,0, Sum: 0,1]
      [GC Worker Total (ms): Min: 21,0, Avg: 22,8, Max: 23,2, Diff: 2,3, Sum: 182,0]
      [GC Worker End (ms): Min: 8096035,3, Avg: 8096035,5, Max: 8096035,6, Diff: 0,3]
   [Code Root Fixup: 0,0 ms]
   [Code Root Purge: 0,0 ms]
   [Clear CT: 0,2 ms]
   [Other: 4,2 ms]
      [Choose CSet: 0,0 ms]
      [Ref Proc: 3,6 ms]
      [Ref Enq: 0,0 ms]
      [Redirty Cards: 0,2 ms]
      [Humongous Register: 0,1 ms]
      [Humongous Reclaim: 0,0 ms]
      [Free CSet: 0,1 ms]
   [Eden: 44,0M(44,0M)->0,0B(46,0M) Survivors: 7168,0K->5120,0K Heap: 329,5M(1024,0M)->288,8M(1024,0M)]
 [Times: user=0,18 sys=0,01, real=0,03 secs] 
2018-04-10T16:48:37.899+0200: 8191,993: [GC pause (G1 Evacuation Pause) (young), 0,0654692 secs]
   [Parallel Time: 57,8 ms, GC Workers: 8]
      [GC Worker Start (ms): Min: 8191993,2, Avg: 8191994,8, Max: 8191997,3, Diff: 4,1]
      [Ext Root Scanning (ms): Min: 0,0, Avg: 3,8, Max: 13,3, Diff: 13,3, Sum: 30,0]
      [Update RS (ms): Min: 0,0, Avg: 11,9, Max: 32,8, Diff: 32,8, Sum: 95,2]
         [Processed Buffers: Min: 0, Avg: 6,6, Max: 23, Diff: 23, Sum: 53]
      [Scan RS (ms): Min: 0,0, Avg: 6,7, Max: 35,6, Diff: 35,5, Sum: 53,5]
      [Code Root Scanning (ms): Min: 0,0, Avg: 0,0, Max: 0,0, Diff: 0,0, Sum: 0,0]
      [Object Copy (ms): Min: 6,6, Avg: 27,2, Max: 40,3, Diff: 33,7, Sum: 217,5]
      [Termination (ms): Min: 0,0, Avg: 5,3, Max: 8,2, Diff: 8,2, Sum: 42,0]
         [Termination Attempts: Min: 1, Avg: 5,2, Max: 9, Diff: 8, Sum: 42]
      [GC Worker Other (ms): Min: 0,0, Avg: 0,0, Max: 0,0, Diff: 0,0, Sum: 0,1]
      [GC Worker Total (ms): Min: 53,2, Avg: 54,8, Max: 55,8, Diff: 2,6, Sum: 438,3]
      [GC Worker End (ms): Min: 8192048,9, Avg: 8192049,6, Max: 8192051,0, Diff: 2,1]
   [Code Root Fixup: 0,0 ms]
   [Code Root Purge: 0,0 ms]
   [Clear CT: 0,1 ms]
   [Other: 7,5 ms]
      [Choose CSet: 0,0 ms]
      [Ref Proc: 7,1 ms]
      [Ref Enq: 0,0 ms]
      [Redirty Cards: 0,1 ms]
      [Humongous Register: 0,0 ms]
      [Humongous Reclaim: 0,0 ms]
      [Free CSet: 0,0 ms]
   [Eden: 46,0M(46,0M)->0,0B(44,0M) Survivors: 5120,0K->7168,0K Heap: 334,8M(1024,0M)->292,9M(1024,0M)]
 [Times: user=0,05 sys=0,00, real=0,07 secs] 
2018-04-10T16:50:08.507+0200: 8282,602: [GC pause (G1 Evacuation Pause) (young), 0,0250701 secs]
   [Parallel Time: 22,8 ms, GC Workers: 8]
      [GC Worker Start (ms): Min: 8282601,9, Avg: 8282602,7, Max: 8282604,8, Diff: 2,9]
      [Ext Root Scanning (ms): Min: 0,0, Avg: 0,5, Max: 1,0, Diff: 0,9, Sum: 4,0]
      [Update RS (ms): Min: 0,0, Avg: 1,5, Max: 2,1, Diff: 2,1, Sum: 12,0]
         [Processed Buffers: Min: 0, Avg: 6,5, Max: 15, Diff: 15, Sum: 52]
      [Scan RS (ms): Min: 1,3, Avg: 1,6, Max: 1,8, Diff: 0,5, Sum: 13,0]
      [Code Root Scanning (ms): Min: 0,0, Avg: 0,0, Max: 0,0, Diff: 0,0, Sum: 0,0]
      [Object Copy (ms): Min: 17,2, Avg: 17,3, Max: 17,7, Diff: 0,5, Sum: 138,3]
      [Termination (ms): Min: 0,0, Avg: 0,6, Max: 0,8, Diff: 0,8, Sum: 5,2]
         [Termination Attempts: Min: 1, Avg: 11,2, Max: 20, Diff: 19, Sum: 90]
      [GC Worker Other (ms): Min: 0,0, Avg: 0,0, Max: 0,0, Diff: 0,0, Sum: 0,1]
      [GC Worker Total (ms): Min: 19,5, Avg: 21,6, Max: 22,4, Diff: 2,9, Sum: 172,7]
      [GC Worker End (ms): Min: 8282624,1, Avg: 8282624,3, Max: 8282624,4, Diff: 0,3]
   [Code Root Fixup: 0,0 ms]
   [Code Root Purge: 0,0 ms]
   [Clear CT: 0,5 ms]
   [Other: 1,7 ms]
      [Choose CSet: 0,0 ms]
      [Ref Proc: 0,7 ms]
      [Ref Enq: 0,0 ms]
      [Redirty Cards: 0,3 ms]
      [Humongous Register: 0,1 ms]
      [Humongous Reclaim: 0,0 ms]
      [Free CSet: 0,1 ms]
   [Eden: 44,0M(44,0M)->0,0B(46,0M) Survivors: 7168,0K->5120,0K Heap: 336,9M(1024,0M)->295,4M(1024,0M)]
 [Times: user=0,15 sys=0,01, real=0,02 secs] 
2018-04-10T16:51:42.766+0200: 8376,861: [GC pause (G1 Evacuation Pause) (young), 0,0178480 secs]
   [Parallel Time: 14,7 ms, GC Workers: 8]
      [GC Worker Start (ms): Min: 8376860,7, Avg: 8376861,0, Max: 8376861,4, Diff: 0,7]
      [Ext Root Scanning (ms): Min: 0,0, Avg: 0,2, Max: 0,6, Diff: 0,6, Sum: 1,7]
      [Update RS (ms): Min: 0,0, Avg: 2,5, Max: 8,7, Diff: 8,7, Sum: 20,1]
         [Processed Buffers: Min: 0, Avg: 6,9, Max: 18, Diff: 18, Sum: 55]
      [Scan RS (ms): Min: 0,0, Avg: 1,3, Max: 4,2, Diff: 4,2, Sum: 10,2]
      [Code Root Scanning (ms): Min: 0,0, Avg: 0,0, Max: 0,0, Diff: 0,0, Sum: 0,0]
      [Object Copy (ms): Min: 2,3, Avg: 7,9, Max: 12,0, Diff: 9,7, Sum: 63,2]
      [Termination (ms): Min: 0,0, Avg: 2,0, Max: 2,8, Diff: 2,8, Sum: 15,9]
         [Termination Attempts: Min: 1, Avg: 3,8, Max: 7, Diff: 6, Sum: 30]
      [GC Worker Other (ms): Min: 0,0, Avg: 0,0, Max: 0,0, Diff: 0,0, Sum: 0,1]
      [GC Worker Total (ms): Min: 13,4, Avg: 13,9, Max: 14,2, Diff: 0,8, Sum: 111,2]
      [GC Worker End (ms): Min: 8376874,8, Avg: 8376874,9, Max: 8376875,2, Diff: 0,5]
   [Code Root Fixup: 0,0 ms]
   [Code Root Purge: 0,0 ms]
   [Clear CT: 0,1 ms]
   [Other: 3,0 ms]
      [Choose CSet: 0,0 ms]
      [Ref Proc: 2,6 ms]
      [Ref Enq: 0,0 ms]
      [Redirty Cards: 0,1 ms]
      [Humongous Register: 0,0 ms]
      [Humongous Reclaim: 0,0 ms]
      [Free CSet: 0,0 ms]
   [Eden: 46,0M(46,0M)->0,0B(44,0M) Survivors: 5120,0K->7168,0K Heap: 341,4M(1024,0M)->299,8M(1024,0M)]
 [Times: user=0,09 sys=0,00, real=0,01 secs] 
2018-04-10T16:53:12.454+0200: 8466,548: [GC pause (G1 Evacuation Pause) (young), 0,0362104 secs]
   [Parallel Time: 27,1 ms, GC Workers: 8]
      [GC Worker Start (ms): Min: 8466548,9, Avg: 8466552,3, Max: 8466555,8, Diff: 6,9]
      [Ext Root Scanning (ms): Min: 0,0, Avg: 0,5, Max: 2,2, Diff: 2,2, Sum: 4,3]
      [Update RS (ms): Min: 0,0, Avg: 1,2, Max: 2,5, Diff: 2,5, Sum: 9,4]
         [Processed Buffers: Min: 0, Avg: 7,1, Max: 20, Diff: 20, Sum: 57]
      [Scan RS (ms): Min: 0,1, Avg: 3,0, Max: 8,4, Diff: 8,3, Sum: 24,2]
      [Code Root Scanning (ms): Min: 0,0, Avg: 0,0, Max: 0,0, Diff: 0,0, Sum: 0,0]
      [Object Copy (ms): Min: 11,8, Avg: 16,8, Max: 18,6, Diff: 6,8, Sum: 134,4]
      [Termination (ms): Min: 0,0, Avg: 0,5, Max: 1,6, Diff: 1,6, Sum: 4,4]
         [Termination Attempts: Min: 1, Avg: 9,2, Max: 15, Diff: 14, Sum: 74]
      [GC Worker Other (ms): Min: 0,0, Avg: 0,0, Max: 0,0, Diff: 0,0, Sum: 0,1]
      [GC Worker Total (ms): Min: 18,5, Avg: 22,1, Max: 25,4, Diff: 6,8, Sum: 176,7]
      [GC Worker End (ms): Min: 8466574,2, Avg: 8466574,4, Max: 8466575,4, Diff: 1,2]
   [Code Root Fixup: 0,0 ms]
   [Code Root Purge: 0,0 ms]
   [Clear CT: 0,1 ms]
   [Other: 9,0 ms]
      [Choose CSet: 0,0 ms]
      [Ref Proc: 8,0 ms]
      [Ref Enq: 0,0 ms]
      [Redirty Cards: 0,2 ms]
      [Humongous Register: 0,1 ms]
      [Humongous Reclaim: 0,0 ms]
      [Free CSet: 0,1 ms]
   [Eden: 44,0M(44,0M)->0,0B(44,0M) Survivors: 7168,0K->7168,0K Heap: 343,8M(1024,0M)->302,5M(1024,0M)]
 [Times: user=0,11 sys=0,00, real=0,04 secs] 
2018-04-10T16:54:41.415+0200: 8555,510: [GC pause (G1 Evacuation Pause) (young), 0,0239003 secs]
   [Parallel Time: 22,7 ms, GC Workers: 8]
      [GC Worker Start (ms): Min: 8555510,1, Avg: 8555511,4, Max: 8555517,2, Diff: 7,1]
      [Ext Root Scanning (ms): Min: 0,0, Avg: 0,5, Max: 1,0, Diff: 1,0, Sum: 4,1]
      [Update RS (ms): Min: 0,0, Avg: 2,8, Max: 5,5, Diff: 5,5, Sum: 22,1]
         [Processed Buffers: Min: 0, Avg: 6,8, Max: 21, Diff: 21, Sum: 54]
      [Scan RS (ms): Min: 0,0, Avg: 1,9, Max: 2,9, Diff: 2,9, Sum: 15,6]
      [Code Root Scanning (ms): Min: 0,0, Avg: 0,0, Max: 0,0, Diff: 0,0, Sum: 0,0]
      [Object Copy (ms): Min: 14,2, Avg: 14,9, Max: 15,1, Diff: 0,9, Sum: 119,1]
      [Termination (ms): Min: 0,0, Avg: 0,8, Max: 1,1, Diff: 1,1, Sum: 6,6]
         [Termination Attempts: Min: 1, Avg: 4,1, Max: 9, Diff: 8, Sum: 33]
      [GC Worker Other (ms): Min: 0,0, Avg: 0,0, Max: 0,1, Diff: 0,1, Sum: 0,3]
      [GC Worker Total (ms): Min: 15,1, Avg: 21,0, Max: 22,4, Diff: 7,3, Sum: 167,8]
      [GC Worker End (ms): Min: 8555532,3, Avg: 8555532,4, Max: 8555532,6, Diff: 0,3]
   [Code Root Fixup: 0,0 ms]
   [Code Root Purge: 0,0 ms]
   [Clear CT: 0,1 ms]
   [Other: 1,1 ms]
      [Choose CSet: 0,0 ms]
      [Ref Proc: 0,5 ms]
      [Ref Enq: 0,0 ms]
      [Redirty Cards: 0,1 ms]
      [Humongous Register: 0,1 ms]
      [Humongous Reclaim: 0,0 ms]
      [Free CSet: 0,0 ms]
   [Eden: 44,0M(44,0M)->0,0B(44,0M) Survivors: 7168,0K->7168,0K Heap: 346,5M(1024,0M)->305,9M(1024,0M)]
 [Times: user=0,13 sys=0,00, real=0,03 secs] 
2018-04-10T16:56:11.353+0200: 8645,447: [GC pause (G1 Evacuation Pause) (young), 0,0272266 secs]
   [Parallel Time: 24,6 ms, GC Workers: 8]
      [GC Worker Start (ms): Min: 8645447,4, Avg: 8645448,5, Max: 8645454,5, Diff: 7,1]
      [Ext Root Scanning (ms): Min: 0,0, Avg: 0,5, Max: 1,0, Diff: 1,0, Sum: 4,3]
      [Update RS (ms): Min: 0,0, Avg: 2,2, Max: 2,9, Diff: 2,9, Sum: 17,3]
         [Processed Buffers: Min: 0, Avg: 6,6, Max: 16, Diff: 16, Sum: 53]
      [Scan RS (ms): Min: 0,0, Avg: 2,7, Max: 3,6, Diff: 3,6, Sum: 21,2]
      [Code Root Scanning (ms): Min: 0,0, Avg: 0,0, Max: 0,0, Diff: 0,0, Sum: 0,0]
      [Object Copy (ms): Min: 16,7, Avg: 17,3, Max: 17,8, Diff: 1,2, Sum: 138,8]
      [Termination (ms): Min: 0,0, Avg: 0,1, Max: 0,2, Diff: 0,1, Sum: 1,0]
         [Termination Attempts: Min: 1, Avg: 11,1, Max: 17, Diff: 16, Sum: 89]
      [GC Worker Other (ms): Min: 0,0, Avg: 0,1, Max: 0,6, Diff: 0,6, Sum: 0,7]
      [GC Worker Total (ms): Min: 16,9, Avg: 22,9, Max: 24,5, Diff: 7,6, Sum: 183,3]
      [GC Worker End (ms): Min: 8645471,3, Avg: 8645471,4, Max: 8645471,9, Diff: 0,6]
   [Code Root Fixup: 0,0 ms]
   [Code Root Purge: 0,0 ms]
   [Clear CT: 0,2 ms]
   [Other: 2,5 ms]
      [Choose CSet: 0,0 ms]
      [Ref Proc: 1,8 ms]
      [Ref Enq: 0,0 ms]
      [Redirty Cards: 0,1 ms]
      [Humongous Register: 0,1 ms]
      [Humongous Reclaim: 0,0 ms]
      [Free CSet: 0,1 ms]
   [Eden: 44,0M(44,0M)->0,0B(44,0M) Survivors: 7168,0K->7168,0K Heap: 349,9M(1024,0M)->310,3M(1024,0M)]
 [Times: user=0,19 sys=0,00, real=0,03 secs] 
2018-04-10T16:57:41.302+0200: 8735,396: [GC pause (G1 Evacuation Pause) (young), 0,0248803 secs]
   [Parallel Time: 22,5 ms, GC Workers: 8]
      [GC Worker Start (ms): Min: 8735396,7, Avg: 8735397,1, Max: 8735398,5, Diff: 1,8]
      [Ext Root Scanning (ms): Min: 0,0, Avg: 0,6, Max: 1,1, Diff: 1,0, Sum: 4,4]
      [Update RS (ms): Min: 1,9, Avg: 2,3, Max: 2,8, Diff: 1,0, Sum: 18,7]
         [Processed Buffers: Min: 2, Avg: 6,2, Max: 11, Diff: 9, Sum: 50]
      [Scan RS (ms): Min: 2,7, Avg: 3,0, Max: 3,5, Diff: 0,8, Sum: 24,1]
      [Code Root Scanning (ms): Min: 0,0, Avg: 0,0, Max: 0,0, Diff: 0,0, Sum: 0,0]
      [Object Copy (ms): Min: 15,2, Avg: 15,8, Max: 16,0, Diff: 0,8, Sum: 126,6]
      [Termination (ms): Min: 0,0, Avg: 0,0, Max: 0,0, Diff: 0,0, Sum: 0,0]
         [Termination Attempts: Min: 1, Avg: 1,0, Max: 1, Diff: 0, Sum: 8]
      [GC Worker Other (ms): Min: 0,0, Avg: 0,0, Max: 0,0, Diff: 0,0, Sum: 0,2]
      [GC Worker Total (ms): Min: 20,4, Avg: 21,8, Max: 22,1, Diff: 1,8, Sum: 174,0]
      [GC Worker End (ms): Min: 8735418,9, Avg: 8735418,9, Max: 8735418,9, Diff: 0,0]
   [Code Root Fixup: 0,0 ms]
   [Code Root Purge: 0,0 ms]
   [Clear CT: 0,5 ms]
   [Other: 1,9 ms]
      [Choose CSet: 0,0 ms]
      [Ref Proc: 1,1 ms]
      [Ref Enq: 0,0 ms]
      [Redirty Cards: 0,3 ms]
      [Humongous Register: 0,1 ms]
      [Humongous Reclaim: 0,0 ms]
      [Free CSet: 0,1 ms]
   [Eden: 44,0M(44,0M)->0,0B(44,0M) Survivors: 7168,0K->7168,0K Heap: 354,3M(1024,0M)->315,3M(1024,0M)]
 [Times: user=0,17 sys=0,00, real=0,03 secs] 
2018-04-10T16:59:11.858+0200: 8825,953: [GC pause (G1 Evacuation Pause) (young), 0,0340334 secs]
   [Parallel Time: 27,1 ms, GC Workers: 8]
      [GC Worker Start (ms): Min: 8825952,9, Avg: 8825953,0, Max: 8825953,1, Diff: 0,2]
      [Ext Root Scanning (ms): Min: 0,4, Avg: 0,6, Max: 1,0, Diff: 0,6, Sum: 4,7]
      [Update RS (ms): Min: 2,0, Avg: 2,2, Max: 2,5, Diff: 0,5, Sum: 17,9]
         [Processed Buffers: Min: 2, Avg: 6,2, Max: 16, Diff: 14, Sum: 50]
      [Scan RS (ms): Min: 3,0, Avg: 3,7, Max: 6,8, Diff: 3,8, Sum: 29,4]
      [Code Root Scanning (ms): Min: 0,0, Avg: 0,0, Max: 0,0, Diff: 0,0, Sum: 0,0]
      [Object Copy (ms): Min: 16,5, Avg: 19,7, Max: 20,5, Diff: 4,0, Sum: 157,8]
      [Termination (ms): Min: 0,0, Avg: 0,4, Max: 0,7, Diff: 0,7, Sum: 3,4]
         [Termination Attempts: Min: 1, Avg: 1,0, Max: 1, Diff: 0, Sum: 8]
      [GC Worker Other (ms): Min: 0,0, Avg: 0,0, Max: 0,0, Diff: 0,0, Sum: 0,2]
      [GC Worker Total (ms): Min: 26,5, Avg: 26,7, Max: 26,9, Diff: 0,4, Sum: 213,5]
      [GC Worker End (ms): Min: 8825979,5, Avg: 8825979,7, Max: 8825980,0, Diff: 0,5]
   [Code Root Fixup: 0,0 ms]
   [Code Root Purge: 0,0 ms]
   [Clear CT: 0,2 ms]
   [Other: 6,7 ms]
      [Choose CSet: 0,0 ms]
      [Ref Proc: 6,1 ms]
      [Ref Enq: 0,0 ms]
      [Redirty Cards: 0,1 ms]
      [Humongous Register: 0,1 ms]
      [Humongous Reclaim: 0,0 ms]
      [Free CSet: 0,1 ms]
   [Eden: 44,0M(44,0M)->0,0B(44,0M) Survivors: 7168,0K->7168,0K Heap: 359,3M(1024,0M)->318,7M(1024,0M)]
 [Times: user=0,22 sys=0,00, real=0,03 secs] 
2018-04-10T17:00:42.113+0200: 8916,207: [GC pause (G1 Evacuation Pause) (young), 0,0242671 secs]
   [Parallel Time: 21,8 ms, GC Workers: 8]
      [GC Worker Start (ms): Min: 8916207,3, Avg: 8916207,6, Max: 8916208,3, Diff: 1,0]
      [Ext Root Scanning (ms): Min: 0,0, Avg: 0,6, Max: 1,1, Diff: 1,1, Sum: 4,4]
      [Update RS (ms): Min: 1,6, Avg: 2,0, Max: 2,5, Diff: 0,9, Sum: 16,1]
         [Processed Buffers: Min: 1, Avg: 6,0, Max: 15, Diff: 14, Sum: 48]
      [Scan RS (ms): Min: 2,6, Avg: 3,2, Max: 3,6, Diff: 1,0, Sum: 25,7]
      [Code Root Scanning (ms): Min: 0,0, Avg: 0,0, Max: 0,0, Diff: 0,0, Sum: 0,0]
      [Object Copy (ms): Min: 15,3, Avg: 15,6, Max: 15,8, Diff: 0,6, Sum: 125,2]
      [Termination (ms): Min: 0,0, Avg: 0,0, Max: 0,0, Diff: 0,0, Sum: 0,1]
         [Termination Attempts: Min: 1, Avg: 1,6, Max: 3, Diff: 2, Sum: 13]
      [GC Worker Other (ms): Min: 0,0, Avg: 0,0, Max: 0,0, Diff: 0,0, Sum: 0,2]
      [GC Worker Total (ms): Min: 20,7, Avg: 21,5, Max: 21,7, Diff: 1,0, Sum: 171,7]
      [GC Worker End (ms): Min: 8916229,1, Avg: 8916229,1, Max: 8916229,1, Diff: 0,0]
   [Code Root Fixup: 0,0 ms]
   [Code Root Purge: 0,0 ms]
   [Clear CT: 0,8 ms]
   [Other: 1,6 ms]
      [Choose CSet: 0,0 ms]
      [Ref Proc: 0,8 ms]
      [Ref Enq: 0,0 ms]
      [Redirty Cards: 0,3 ms]
      [Humongous Register: 0,1 ms]
      [Humongous Reclaim: 0,0 ms]
      [Free CSet: 0,1 ms]
   [Eden: 44,0M(44,0M)->0,0B(46,0M) Survivors: 7168,0K->5120,0K Heap: 362,7M(1024,0M)->323,5M(1024,0M)]
 [Times: user=0,16 sys=0,00, real=0,03 secs] 
2018-04-10T17:02:17.788+0200: 9011,882: [GC pause (G1 Evacuation Pause) (young), 0,0333773 secs]
   [Parallel Time: 30,1 ms, GC Workers: 8]
      [GC Worker Start (ms): Min: 9011882,2, Avg: 9011882,6, Max: 9011883,4, Diff: 1,2]
      [Ext Root Scanning (ms): Min: 0,0, Avg: 0,5, Max: 1,1, Diff: 1,1, Sum: 4,2]
      [Update RS (ms): Min: 2,0, Avg: 2,2, Max: 2,8, Diff: 0,8, Sum: 17,9]
         [Processed Buffers: Min: 1, Avg: 6,2, Max: 15, Diff: 14, Sum: 50]
      [Scan RS (ms): Min: 2,5, Avg: 2,9, Max: 3,1, Diff: 0,7, Sum: 22,9]
      [Code Root Scanning (ms): Min: 0,0, Avg: 0,0, Max: 0,0, Diff: 0,0, Sum: 0,0]
      [Object Copy (ms): Min: 14,5, Avg: 15,7, Max: 23,1, Diff: 8,6, Sum: 125,7]
      [Termination (ms): Min: 0,0, Avg: 7,8, Max: 9,2, Diff: 9,2, Sum: 62,2]
         [Termination Attempts: Min: 1, Avg: 11,4, Max: 23, Diff: 22, Sum: 91]
      [GC Worker Other (ms): Min: 0,0, Avg: 0,0, Max: 0,0, Diff: 0,0, Sum: 0,2]
      [GC Worker Total (ms): Min: 28,3, Avg: 29,1, Max: 29,8, Diff: 1,5, Sum: 233,2]
      [GC Worker End (ms): Min: 9011911,5, Avg: 9011911,7, Max: 9011912,1, Diff: 0,5]
   [Code Root Fixup: 0,0 ms]
   [Code Root Purge: 0,0 ms]
   [Clear CT: 0,3 ms]
   [Other: 2,9 ms]
      [Choose CSet: 0,0 ms]
      [Ref Proc: 2,2 ms]
      [Ref Enq: 0,0 ms]
      [Redirty Cards: 0,3 ms]
      [Humongous Register: 0,1 ms]
      [Humongous Reclaim: 0,0 ms]
      [Free CSet: 0,1 ms]
   [Eden: 46,0M(46,0M)->0,0B(44,0M) Survivors: 5120,0K->7168,0K Heap: 369,5M(1024,0M)->326,0M(1024,0M)]
 [Times: user=0,22 sys=0,00, real=0,03 secs] 
2018-04-10T17:03:47.049+0200: 9101,143: [GC pause (G1 Evacuation Pause) (young), 0,0150466 secs]
   [Parallel Time: 13,0 ms, GC Workers: 8]
      [GC Worker Start (ms): Min: 9101143,5, Avg: 9101145,5, Max: 9101154,6, Diff: 11,1]
      [Ext Root Scanning (ms): Min: 0,0, Avg: 0,4, Max: 1,3, Diff: 1,3, Sum: 3,3]
      [Update RS (ms): Min: 0,0, Avg: 0,9, Max: 2,0, Diff: 2,0, Sum: 7,3]
         [Processed Buffers: Min: 0, Avg: 5,9, Max: 20, Diff: 20, Sum: 47]
      [Scan RS (ms): Min: 0,0, Avg: 1,1, Max: 1,4, Diff: 1,4, Sum: 8,5]
      [Code Root Scanning (ms): Min: 0,0, Avg: 0,0, Max: 0,0, Diff: 0,0, Sum: 0,0]
      [Object Copy (ms): Min: 0,0, Avg: 6,1, Max: 7,1, Diff: 7,1, Sum: 49,2]
      [Termination (ms): Min: 0,0, Avg: 0,9, Max: 2,4, Diff: 2,4, Sum: 7,1]
         [Termination Attempts: Min: 1, Avg: 15,4, Max: 24, Diff: 23, Sum: 123]
      [GC Worker Other (ms): Min: 0,0, Avg: 0,0, Max: 0,0, Diff: 0,0, Sum: 0,1]
      [GC Worker Total (ms): Min: 0,0, Avg: 9,4, Max: 12,8, Diff: 12,7, Sum: 75,5]
      [GC Worker End (ms): Min: 9101154,6, Avg: 9101154,9, Max: 9101156,3, Diff: 1,6]
   [Code Root Fixup: 0,0 ms]
   [Code Root Purge: 0,0 ms]
   [Clear CT: 0,1 ms]
   [Other: 1,9 ms]
      [Choose CSet: 0,0 ms]
      [Ref Proc: 1,6 ms]
      [Ref Enq: 0,0 ms]
      [Redirty Cards: 0,1 ms]
      [Humongous Register: 0,0 ms]
      [Humongous Reclaim: 0,0 ms]
      [Free CSet: 0,0 ms]
   [Eden: 44,0M(44,0M)->0,0B(46,0M) Survivors: 7168,0K->5120,0K Heap: 370,0M(1024,0M)->329,0M(1024,0M)]
 [Times: user=0,08 sys=0,00, real=0,01 secs] 
2018-04-10T17:05:21.785+0200: 9195,880: [GC pause (G1 Evacuation Pause) (young), 0,0217082 secs]
   [Parallel Time: 17,9 ms, GC Workers: 8]
      [GC Worker Start (ms): Min: 9195880,0, Avg: 9195880,3, Max: 9195881,2, Diff: 1,2]
      [Ext Root Scanning (ms): Min: 0,0, Avg: 0,6, Max: 1,0, Diff: 1,0, Sum: 4,6]
      [Update RS (ms): Min: 1,9, Avg: 2,2, Max: 2,6, Diff: 0,7, Sum: 17,2]
         [Processed Buffers: Min: 1, Avg: 6,0, Max: 21, Diff: 20, Sum: 48]
      [Scan RS (ms): Min: 2,2, Avg: 2,5, Max: 2,7, Diff: 0,5, Sum: 20,1]
      [Code Root Scanning (ms): Min: 0,0, Avg: 0,0, Max: 0,0, Diff: 0,0, Sum: 0,0]
      [Object Copy (ms): Min: 11,8, Avg: 11,9, Max: 12,1, Diff: 0,2, Sum: 95,3]
      [Termination (ms): Min: 0,0, Avg: 0,3, Max: 0,4, Diff: 0,4, Sum: 2,4]
         [Termination Attempts: Min: 1, Avg: 1,0, Max: 1, Diff: 0, Sum: 8]
      [GC Worker Other (ms): Min: 0,0, Avg: 0,0, Max: 0,0, Diff: 0,0, Sum: 0,2]
      [GC Worker Total (ms): Min: 16,4, Avg: 17,5, Max: 17,7, Diff: 1,3, Sum: 139,8]
      [GC Worker End (ms): Min: 9195897,6, Avg: 9195897,7, Max: 9195897,8, Diff: 0,2]
   [Code Root Fixup: 0,0 ms]
   [Code Root Purge: 0,0 ms]
   [Clear CT: 0,7 ms]
   [Other: 3,1 ms]
      [Choose CSet: 0,0 ms]
      [Ref Proc: 1,8 ms]
      [Ref Enq: 0,0 ms]
      [Redirty Cards: 0,7 ms]
      [Humongous Register: 0,1 ms]
      [Humongous Reclaim: 0,0 ms]
      [Free CSet: 0,1 ms]
   [Eden: 46,0M(46,0M)->0,0B(44,0M) Survivors: 5120,0K->7168,0K Heap: 375,0M(1024,0M)->333,4M(1024,0M)]
 [Times: user=0,15 sys=0,00, real=0,03 secs] 
2018-04-10T17:06:52.192+0200: 9286,286: [GC pause (G1 Evacuation Pause) (young), 0,0268096 secs]
   [Parallel Time: 21,5 ms, GC Workers: 8]
      [GC Worker Start (ms): Min: 9286286,2, Avg: 9286286,5, Max: 9286287,2, Diff: 1,0]
      [Ext Root Scanning (ms): Min: 0,0, Avg: 0,6, Max: 1,1, Diff: 1,1, Sum: 4,7]
      [Update RS (ms): Min: 0,0, Avg: 1,3, Max: 1,7, Diff: 1,7, Sum: 10,4]
         [Processed Buffers: Min: 0, Avg: 6,4, Max: 20, Diff: 20, Sum: 51]
      [Scan RS (ms): Min: 0,0, Avg: 2,4, Max: 3,0, Diff: 3,0, Sum: 18,9]
      [Code Root Scanning (ms): Min: 0,0, Avg: 0,0, Max: 0,0, Diff: 0,0, Sum: 0,0]
      [Object Copy (ms): Min: 16,1, Avg: 16,9, Max: 20,7, Diff: 4,5, Sum: 135,2]
      [Termination (ms): Min: 0,0, Avg: 0,0, Max: 0,0, Diff: 0,0, Sum: 0,1]
         [Termination Attempts: Min: 1, Avg: 3,1, Max: 5, Diff: 4, Sum: 25]
      [GC Worker Other (ms): Min: 0,0, Avg: 0,0, Max: 0,0, Diff: 0,0, Sum: 0,2]
      [GC Worker Total (ms): Min: 20,4, Avg: 21,2, Max: 21,4, Diff: 1,0, Sum: 169,5]
      [GC Worker End (ms): Min: 9286307,6, Avg: 9286307,6, Max: 9286307,6, Diff: 0,0]
   [Code Root Fixup: 0,0 ms]
   [Code Root Purge: 0,0 ms]
   [Clear CT: 0,4 ms]
   [Other: 4,9 ms]
      [Choose CSet: 0,0 ms]
      [Ref Proc: 3,0 ms]
      [Ref Enq: 0,0 ms]
      [Redirty Cards: 1,3 ms]
      [Humongous Register: 0,1 ms]
      [Humongous Reclaim: 0,0 ms]
      [Free CSet: 0,1 ms]
   [Eden: 44,0M(44,0M)->0,0B(44,0M) Survivors: 7168,0K->7168,0K Heap: 377,4M(1024,0M)->336,5M(1024,0M)]
 [Times: user=0,18 sys=0,00, real=0,03 secs] 
2018-04-10T17:08:22.333+0200: 9376,428: [GC pause (G1 Evacuation Pause) (young), 0,0115963 secs]
   [Parallel Time: 8,5 ms, GC Workers: 8]
      [GC Worker Start (ms): Min: 9376427,9, Avg: 9376428,0, Max: 9376428,2, Diff: 0,3]
      [Ext Root Scanning (ms): Min: 0,1, Avg: 0,3, Max: 0,7, Diff: 0,7, Sum: 2,4]
      [Update RS (ms): Min: 0,5, Avg: 0,9, Max: 1,7, Diff: 1,2, Sum: 7,3]
         [Processed Buffers: Min: 1, Avg: 6,1, Max: 16, Diff: 15, Sum: 49]
      [Scan RS (ms): Min: 0,2, Avg: 1,1, Max: 1,4, Diff: 1,1, Sum: 8,4]
      [Code Root Scanning (ms): Min: 0,0, Avg: 0,0, Max: 0,0, Diff: 0,0, Sum: 0,0]
      [Object Copy (ms): Min: 5,9, Avg: 6,0, Max: 6,0, Diff: 0,1, Sum: 47,8]
      [Termination (ms): Min: 0,0, Avg: 0,0, Max: 0,0, Diff: 0,0, Sum: 0,2]
         [Termination Attempts: Min: 3, Avg: 6,8, Max: 12, Diff: 9, Sum: 54]
      [GC Worker Other (ms): Min: 0,0, Avg: 0,0, Max: 0,0, Diff: 0,0, Sum: 0,1]
      [GC Worker Total (ms): Min: 8,1, Avg: 8,3, Max: 8,4, Diff: 0,3, Sum: 66,1]
      [GC Worker End (ms): Min: 9376436,3, Avg: 9376436,3, Max: 9376436,3, Diff: 0,0]
   [Code Root Fixup: 0,0 ms]
   [Code Root Purge: 0,0 ms]
   [Clear CT: 0,2 ms]
   [Other: 2,9 ms]
      [Choose CSet: 0,0 ms]
      [Ref Proc: 2,0 ms]
      [Ref Enq: 0,0 ms]
      [Redirty Cards: 0,2 ms]
      [Humongous Register: 0,0 ms]
      [Humongous Reclaim: 0,1 ms]
      [Free CSet: 0,1 ms]
   [Eden: 44,0M(44,0M)->0,0B(44,0M) Survivors: 7168,0K->7168,0K Heap: 380,5M(1024,0M)->340,7M(1024,0M)]
 [Times: user=0,07 sys=0,00, real=0,01 secs] 
2018-04-10T17:09:51.704+0200: 9465,798: [GC pause (G1 Evacuation Pause) (young), 0,0250500 secs]
   [Parallel Time: 23,2 ms, GC Workers: 8]
      [GC Worker Start (ms): Min: 9465798,7, Avg: 9465801,7, Max: 9465812,2, Diff: 13,5]
      [Ext Root Scanning (ms): Min: 0,0, Avg: 0,6, Max: 1,4, Diff: 1,4, Sum: 4,6]
      [Update RS (ms): Min: 0,0, Avg: 1,9, Max: 3,2, Diff: 3,2, Sum: 15,4]
         [Processed Buffers: Min: 0, Avg: 6,2, Max: 28, Diff: 28, Sum: 50]
      [Scan RS (ms): Min: 0,0, Avg: 3,0, Max: 3,8, Diff: 3,8, Sum: 23,9]
      [Code Root Scanning (ms): Min: 0,0, Avg: 0,0, Max: 0,0, Diff: 0,0, Sum: 0,0]
      [Object Copy (ms): Min: 5,6, Avg: 11,1, Max: 15,1, Diff: 9,5, Sum: 88,5]
      [Termination (ms): Min: 0,0, Avg: 3,3, Max: 3,8, Diff: 3,8, Sum: 26,5]
         [Termination Attempts: Min: 1, Avg: 10,1, Max: 15, Diff: 14, Sum: 81]
      [GC Worker Other (ms): Min: 0,0, Avg: 0,0, Max: 0,0, Diff: 0,0, Sum: 0,1]
      [GC Worker Total (ms): Min: 9,4, Avg: 19,9, Max: 22,8, Diff: 13,5, Sum: 158,9]
      [GC Worker End (ms): Min: 9465821,5, Avg: 9465821,5, Max: 9465821,6, Diff: 0,1]
   [Code Root Fixup: 0,0 ms]
   [Code Root Purge: 0,0 ms]
   [Clear CT: 0,1 ms]
   [Other: 1,8 ms]
      [Choose CSet: 0,0 ms]
      [Ref Proc: 1,1 ms]
      [Ref Enq: 0,0 ms]
      [Redirty Cards: 0,1 ms]
      [Humongous Register: 0,1 ms]
      [Humongous Reclaim: 0,0 ms]
      [Free CSet: 0,1 ms]
   [Eden: 44,0M(44,0M)->0,0B(44,0M) Survivors: 7168,0K->7168,0K Heap: 384,7M(1024,0M)->345,6M(1024,0M)]
 [Times: user=0,15 sys=0,00, real=0,03 secs] 
2018-04-10T17:11:21.745+0200: 9555,840: [GC pause (G1 Evacuation Pause) (young), 0,0266165 secs]
   [Parallel Time: 23,9 ms, GC Workers: 8]
      [GC Worker Start (ms): Min: 9555840,0, Avg: 9555840,1, Max: 9555840,3, Diff: 0,4]
      [Ext Root Scanning (ms): Min: 0,4, Avg: 0,7, Max: 1,1, Diff: 0,7, Sum: 5,8]
      [Update RS (ms): Min: 2,1, Avg: 2,8, Max: 3,3, Diff: 1,2, Sum: 22,0]
         [Processed Buffers: Min: 0, Avg: 6,2, Max: 22, Diff: 22, Sum: 50]
      [Scan RS (ms): Min: 2,2, Avg: 2,8, Max: 3,1, Diff: 0,9, Sum: 22,0]
      [Code Root Scanning (ms): Min: 0,0, Avg: 0,0, Max: 0,0, Diff: 0,0, Sum: 0,0]
      [Object Copy (ms): Min: 14,9, Avg: 15,3, Max: 17,1, Diff: 2,1, Sum: 122,6]
      [Termination (ms): Min: 0,0, Avg: 1,8, Max: 2,3, Diff: 2,3, Sum: 14,6]
         [Termination Attempts: Min: 1, Avg: 1,1, Max: 2, Diff: 1, Sum: 9]
      [GC Worker Other (ms): Min: 0,0, Avg: 0,0, Max: 0,0, Diff: 0,0, Sum: 0,1]
      [GC Worker Total (ms): Min: 23,1, Avg: 23,4, Max: 23,8, Diff: 0,6, Sum: 187,3]
      [GC Worker End (ms): Min: 9555863,4, Avg: 9555863,5, Max: 9555863,7, Diff: 0,4]
   [Code Root Fixup: 0,0 ms]
   [Code Root Purge: 0,0 ms]
   [Clear CT: 0,2 ms]
   [Other: 2,5 ms]
      [Choose CSet: 0,0 ms]
      [Ref Proc: 1,9 ms]
      [Ref Enq: 0,0 ms]
      [Redirty Cards: 0,1 ms]
      [Humongous Register: 0,1 ms]
      [Humongous Reclaim: 0,0 ms]
      [Free CSet: 0,1 ms]
   [Eden: 44,0M(44,0M)->0,0B(44,0M) Survivors: 7168,0K->7168,0K Heap: 389,6M(1024,0M)->349,5M(1024,0M)]
 [Times: user=0,18 sys=0,00, real=0,03 secs] 
2018-04-10T17:12:51.001+0200: 9645,095: [GC pause (G1 Evacuation Pause) (young), 0,0172745 secs]
   [Parallel Time: 11,7 ms, GC Workers: 8]
      [GC Worker Start (ms): Min: 9645095,6, Avg: 9645095,7, Max: 9645096,1, Diff: 0,5]
      [Ext Root Scanning (ms): Min: 0,0, Avg: 0,3, Max: 0,7, Diff: 0,7, Sum: 2,0]
      [Update RS (ms): Min: 0,7, Avg: 2,4, Max: 6,3, Diff: 5,6, Sum: 19,6]
         [Processed Buffers: Min: 0, Avg: 6,8, Max: 39, Diff: 39, Sum: 54]
      [Scan RS (ms): Min: 0,0, Avg: 1,0, Max: 1,7, Diff: 1,7, Sum: 8,0]
      [Code Root Scanning (ms): Min: 0,0, Avg: 0,0, Max: 0,0, Diff: 0,0, Sum: 0,0]
      [Object Copy (ms): Min: 4,1, Avg: 7,0, Max: 8,0, Diff: 3,9, Sum: 55,8]
      [Termination (ms): Min: 0,0, Avg: 0,6, Max: 0,7, Diff: 0,7, Sum: 5,1]
         [Termination Attempts: Min: 1, Avg: 1,2, Max: 2, Diff: 1, Sum: 10]
      [GC Worker Other (ms): Min: 0,0, Avg: 0,0, Max: 0,0, Diff: 0,0, Sum: 0,1]
      [GC Worker Total (ms): Min: 11,0, Avg: 11,3, Max: 11,5, Diff: 0,5, Sum: 90,6]
      [GC Worker End (ms): Min: 9645107,1, Avg: 9645107,1, Max: 9645107,1, Diff: 0,0]
   [Code Root Fixup: 0,0 ms]
   [Code Root Purge: 0,0 ms]
   [Clear CT: 0,1 ms]
   [Other: 5,4 ms]
      [Choose CSet: 0,0 ms]
      [Ref Proc: 5,0 ms]
      [Ref Enq: 0,0 ms]
      [Redirty Cards: 0,1 ms]
      [Humongous Register: 0,0 ms]
      [Humongous Reclaim: 0,0 ms]
      [Free CSet: 0,1 ms]
   [Eden: 44,0M(44,0M)->0,0B(44,0M) Survivors: 7168,0K->7168,0K Heap: 393,5M(1024,0M)->354,5M(1024,0M)]
 [Times: user=0,08 sys=0,00, real=0,02 secs] 
2018-04-10T17:14:21.237+0200: 9735,332: [GC pause (G1 Evacuation Pause) (young), 0,0243102 secs]
   [Parallel Time: 22,1 ms, GC Workers: 8]
      [GC Worker Start (ms): Min: 9735331,8, Avg: 9735332,2, Max: 9735333,3, Diff: 1,5]
      [Ext Root Scanning (ms): Min: 0,0, Avg: 0,5, Max: 0,9, Diff: 0,9, Sum: 3,8]
      [Update RS (ms): Min: 1,3, Avg: 2,1, Max: 2,6, Diff: 1,3, Sum: 16,4]
         [Processed Buffers: Min: 1, Avg: 6,0, Max: 19, Diff: 18, Sum: 48]
      [Scan RS (ms): Min: 2,5, Avg: 3,1, Max: 3,6, Diff: 1,1, Sum: 25,0]
      [Code Root Scanning (ms): Min: 0,0, Avg: 0,0, Max: 0,0, Diff: 0,0, Sum: 0,0]
      [Object Copy (ms): Min: 14,9, Avg: 15,5, Max: 15,8, Diff: 0,8, Sum: 124,0]
      [Termination (ms): Min: 0,0, Avg: 0,3, Max: 0,5, Diff: 0,5, Sum: 2,6]
         [Termination Attempts: Min: 1, Avg: 2,2, Max: 3, Diff: 2, Sum: 18]
      [GC Worker Other (ms): Min: 0,0, Avg: 0,0, Max: 0,0, Diff: 0,0, Sum: 0,1]
      [GC Worker Total (ms): Min: 20,5, Avg: 21,5, Max: 22,0, Diff: 1,5, Sum: 171,9]
      [GC Worker End (ms): Min: 9735353,6, Avg: 9735353,7, Max: 9735353,8, Diff: 0,3]
   [Code Root Fixup: 0,0 ms]
   [Code Root Purge: 0,0 ms]
   [Clear CT: 0,2 ms]
   [Other: 2,0 ms]
      [Choose CSet: 0,0 ms]
      [Ref Proc: 1,0 ms]
      [Ref Enq: 0,0 ms]
      [Redirty Cards: 0,5 ms]
      [Humongous Register: 0,1 ms]
      [Humongous Reclaim: 0,0 ms]
      [Free CSet: 0,1 ms]
   [Eden: 44,0M(44,0M)->0,0B(46,0M) Survivors: 7168,0K->5120,0K Heap: 398,5M(1024,0M)->358,3M(1024,0M)]
 [Times: user=0,18 sys=0,00, real=0,02 secs] 
2018-04-10T17:15:55.215+0200: 9829,310: [GC pause (G1 Evacuation Pause) (young), 0,0264882 secs]
   [Parallel Time: 21,8 ms, GC Workers: 8]
      [GC Worker Start (ms): Min: 9829310,5, Avg: 9829310,9, Max: 9829311,8, Diff: 1,3]
      [Ext Root Scanning (ms): Min: 0,0, Avg: 0,8, Max: 1,7, Diff: 1,7, Sum: 6,2]
      [Update RS (ms): Min: 2,1, Avg: 3,4, Max: 6,1, Diff: 3,9, Sum: 27,2]
         [Processed Buffers: Min: 1, Avg: 5,9, Max: 16, Diff: 15, Sum: 47]
      [Scan RS (ms): Min: 0,7, Avg: 3,9, Max: 7,1, Diff: 6,4, Sum: 31,5]
      [Code Root Scanning (ms): Min: 0,0, Avg: 0,0, Max: 0,0, Diff: 0,0, Sum: 0,0]
      [Object Copy (ms): Min: 10,6, Avg: 12,4, Max: 13,6, Diff: 3,0, Sum: 99,0]
      [Termination (ms): Min: 0,0, Avg: 0,7, Max: 1,0, Diff: 1,0, Sum: 5,6]
         [Termination Attempts: Min: 1, Avg: 1,0, Max: 1, Diff: 0, Sum: 8]
      [GC Worker Other (ms): Min: 0,0, Avg: 0,0, Max: 0,0, Diff: 0,0, Sum: 0,2]
      [GC Worker Total (ms): Min: 20,2, Avg: 21,2, Max: 21,7, Diff: 1,5, Sum: 169,7]
      [GC Worker End (ms): Min: 9829331,9, Avg: 9829332,1, Max: 9829332,3, Diff: 0,4]
   [Code Root Fixup: 0,0 ms]
   [Code Root Purge: 0,0 ms]
   [Clear CT: 0,4 ms]
   [Other: 4,3 ms]
      [Choose CSet: 0,0 ms]
      [Ref Proc: 2,9 ms]
      [Ref Enq: 0,0 ms]
      [Redirty Cards: 0,3 ms]
      [Humongous Register: 0,3 ms]
      [Humongous Reclaim: 0,0 ms]
      [Free CSet: 0,1 ms]
   [Eden: 46,0M(46,0M)->0,0B(44,0M) Survivors: 5120,0K->7168,0K Heap: 404,3M(1024,0M)->362,5M(1024,0M)]
 [Times: user=0,16 sys=0,00, real=0,03 secs] 
2018-04-10T17:17:24.258+0200: 9918,353: [GC pause (G1 Evacuation Pause) (young), 0,0150519 secs]
   [Parallel Time: 11,0 ms, GC Workers: 8]
      [GC Worker Start (ms): Min: 9918352,8, Avg: 9918353,3, Max: 9918355,1, Diff: 2,3]
      [Ext Root Scanning (ms): Min: 0,0, Avg: 0,2, Max: 0,6, Diff: 0,6, Sum: 1,7]
      [Update RS (ms): Min: 0,0, Avg: 0,4, Max: 0,8, Diff: 0,8, Sum: 3,3]
         [Processed Buffers: Min: 0, Avg: 6,0, Max: 19, Diff: 19, Sum: 48]
      [Scan RS (ms): Min: 0,0, Avg: 1,1, Max: 3,2, Diff: 3,2, Sum: 9,0]
      [Code Root Scanning (ms): Min: 0,0, Avg: 0,0, Max: 0,0, Diff: 0,0, Sum: 0,0]
      [Object Copy (ms): Min: 5,9, Avg: 8,0, Max: 10,5, Diff: 4,6, Sum: 63,9]
      [Termination (ms): Min: 0,0, Avg: 0,6, Max: 0,8, Diff: 0,8, Sum: 5,0]
         [Termination Attempts: Min: 1, Avg: 3,6, Max: 7, Diff: 6, Sum: 29]
      [GC Worker Other (ms): Min: 0,0, Avg: 0,0, Max: 0,0, Diff: 0,0, Sum: 0,1]
      [GC Worker Total (ms): Min: 8,6, Avg: 10,4, Max: 10,9, Diff: 2,3, Sum: 83,1]
      [GC Worker End (ms): Min: 9918363,7, Avg: 9918363,7, Max: 9918363,7, Diff: 0,0]
   [Code Root Fixup: 0,0 ms]
   [Code Root Purge: 0,0 ms]
   [Clear CT: 0,2 ms]
   [Other: 3,8 ms]
      [Choose CSet: 0,0 ms]
      [Ref Proc: 3,3 ms]
      [Ref Enq: 0,0 ms]
      [Redirty Cards: 0,2 ms]
      [Humongous Register: 0,0 ms]
      [Humongous Reclaim: 0,0 ms]
      [Free CSet: 0,1 ms]
   [Eden: 44,0M(44,0M)->0,0B(44,0M) Survivors: 7168,0K->7168,0K Heap: 406,5M(1024,0M)->365,4M(1024,0M)]
 [Times: user=0,08 sys=0,01, real=0,01 secs] 
2018-04-10T17:18:53.951+0200: 10008,045: [GC pause (G1 Evacuation Pause) (young) (initial-mark), 0,0270309 secs]
   [Parallel Time: 25,5 ms, GC Workers: 8]
      [GC Worker Start (ms): Min: 10008045,6, Avg: 10008045,9, Max: 10008046,6, Diff: 1,0]
      [Ext Root Scanning (ms): Min: 1,1, Avg: 1,7, Max: 3,0, Diff: 1,9, Sum: 14,0]
      [Update RS (ms): Min: 0,4, Avg: 1,8, Max: 2,3, Diff: 1,9, Sum: 14,5]
         [Processed Buffers: Min: 1, Avg: 6,0, Max: 15, Diff: 14, Sum: 48]
      [Scan RS (ms): Min: 2,9, Avg: 3,3, Max: 3,9, Diff: 1,1, Sum: 26,2]
      [Code Root Scanning (ms): Min: 0,0, Avg: 0,0, Max: 0,0, Diff: 0,0, Sum: 0,0]
      [Object Copy (ms): Min: 17,3, Avg: 17,9, Max: 18,3, Diff: 1,0, Sum: 143,4]
      [Termination (ms): Min: 0,1, Avg: 0,1, Max: 0,1, Diff: 0,1, Sum: 0,8]
         [Termination Attempts: Min: 12, Avg: 18,5, Max: 24, Diff: 12, Sum: 148]
      [GC Worker Other (ms): Min: 0,0, Avg: 0,0, Max: 0,0, Diff: 0,0, Sum: 0,2]
      [GC Worker Total (ms): Min: 24,2, Avg: 24,9, Max: 25,2, Diff: 1,0, Sum: 199,0]
      [GC Worker End (ms): Min: 10008070,8, Avg: 10008070,8, Max: 10008070,8, Diff: 0,0]
   [Code Root Fixup: 0,0 ms]
   [Code Root Purge: 0,0 ms]
   [Clear CT: 0,4 ms]
   [Other: 1,2 ms]
      [Choose CSet: 0,0 ms]
      [Ref Proc: 0,4 ms]
      [Ref Enq: 0,0 ms]
      [Redirty Cards: 0,3 ms]
      [Humongous Register: 0,0 ms]
      [Humongous Reclaim: 0,0 ms]
      [Free CSet: 0,1 ms]
   [Eden: 44,0M(44,0M)->0,0B(44,0M) Survivors: 7168,0K->7168,0K Heap: 409,4M(1024,0M)->369,2M(1024,0M)]
 [Times: user=0,19 sys=0,00, real=0,03 secs] 
2018-04-10T17:18:53.980+0200: 10008,074: [GC concurrent-root-region-scan-start]
2018-04-10T17:18:53.993+0200: 10008,087: [GC concurrent-root-region-scan-end, 0,0128238 secs]
2018-04-10T17:18:53.993+0200: 10008,087: [GC concurrent-mark-start]
2018-04-10T17:18:54.007+0200: 10008,102: [GC concurrent-mark-end, 0,0145226 secs]
2018-04-10T17:18:54.008+0200: 10008,102: [GC remark 2018-04-10T17:18:54.008+0200: 10008,102: [Finalize Marking, 0,0007701 secs] 2018-04-10T17:18:54.008+0200: 10008,103: [GC ref-proc, 0,0007326 secs] 2018-04-10T17:18:54.009+0200: 10008,103: [Unloading, 0,0055451 secs], 0,0083670 secs]
 [Times: user=0,04 sys=0,00, real=0,01 secs] 
2018-04-10T17:18:54.016+0200: 10008,110: [GC cleanup 369M->336M(1024M), 0,0013865 secs]
 [Times: user=0,01 sys=0,00, real=0,00 secs] 
2018-04-10T17:18:54.018+0200: 10008,112: [GC concurrent-cleanup-start]
2018-04-10T17:18:54.018+0200: 10008,112: [GC concurrent-cleanup-end, 0,0000574 secs]
2018-04-10T17:20:24.699+0200: 10098,793: [GC pause (G1 Evacuation Pause) (young), 0,0271745 secs]
   [Parallel Time: 25,0 ms, GC Workers: 8]
      [GC Worker Start (ms): Min: 10098793,4, Avg: 10098793,7, Max: 10098794,3, Diff: 0,9]
      [Ext Root Scanning (ms): Min: 0,0, Avg: 0,6, Max: 1,2, Diff: 1,2, Sum: 4,5]
      [Update RS (ms): Min: 1,1, Avg: 1,5, Max: 2,0, Diff: 0,9, Sum: 12,2]
         [Processed Buffers: Min: 2, Avg: 6,1, Max: 15, Diff: 13, Sum: 49]
      [Scan RS (ms): Min: 2,8, Avg: 3,2, Max: 3,8, Diff: 0,9, Sum: 25,5]
      [Code Root Scanning (ms): Min: 0,0, Avg: 0,0, Max: 0,0, Diff: 0,0, Sum: 0,0]
      [Object Copy (ms): Min: 13,0, Avg: 13,9, Max: 18,8, Diff: 5,8, Sum: 111,4]
      [Termination (ms): Min: 0,0, Avg: 5,2, Max: 6,1, Diff: 6,1, Sum: 41,6]
         [Termination Attempts: Min: 1, Avg: 1,8, Max: 2, Diff: 1, Sum: 14]
      [GC Worker Other (ms): Min: 0,0, Avg: 0,0, Max: 0,0, Diff: 0,0, Sum: 0,1]
      [GC Worker Total (ms): Min: 23,7, Avg: 24,4, Max: 24,9, Diff: 1,2, Sum: 195,4]
      [GC Worker End (ms): Min: 10098818,0, Avg: 10098818,1, Max: 10098818,3, Diff: 0,3]
   [Code Root Fixup: 0,0 ms]
   [Code Root Purge: 0,0 ms]
   [Clear CT: 0,1 ms]
   [Other: 2,0 ms]
      [Choose CSet: 0,0 ms]
      [Ref Proc: 1,4 ms]
      [Ref Enq: 0,0 ms]
      [Redirty Cards: 0,1 ms]
      [Humongous Register: 0,1 ms]
      [Humongous Reclaim: 0,0 ms]
      [Free CSet: 0,0 ms]
   [Eden: 44,0M(44,0M)->0,0B(46,0M) Survivors: 7168,0K->5120,0K Heap: 380,2M(1024,0M)->340,3M(1024,0M)]
 [Times: user=0,20 sys=0,00, real=0,03 secs] 
2018-04-10T17:21:58.985+0200: 10193,079: [GC pause (G1 Evacuation Pause) (mixed), 0,0232226 secs]
   [Parallel Time: 18,8 ms, GC Workers: 8]
      [GC Worker Start (ms): Min: 10193079,8, Avg: 10193080,3, Max: 10193081,3, Diff: 1,5]
      [Ext Root Scanning (ms): Min: 0,0, Avg: 0,5, Max: 1,2, Diff: 1,2, Sum: 4,2]
      [Update RS (ms): Min: 1,6, Avg: 2,2, Max: 2,8, Diff: 1,2, Sum: 17,3]
         [Processed Buffers: Min: 1, Avg: 6,0, Max: 16, Diff: 15, Sum: 48]
      [Scan RS (ms): Min: 2,6, Avg: 3,1, Max: 3,4, Diff: 0,8, Sum: 24,8]
      [Code Root Scanning (ms): Min: 0,0, Avg: 0,0, Max: 0,1, Diff: 0,1, Sum: 0,1]
      [Object Copy (ms): Min: 12,2, Avg: 12,3, Max: 12,5, Diff: 0,3, Sum: 98,1]
      [Termination (ms): Min: 0,0, Avg: 0,0, Max: 0,0, Diff: 0,0, Sum: 0,2]
         [Termination Attempts: Min: 1, Avg: 18,9, Max: 28, Diff: 27, Sum: 151]
      [GC Worker Other (ms): Min: 0,0, Avg: 0,0, Max: 0,0, Diff: 0,0, Sum: 0,1]
      [GC Worker Total (ms): Min: 17,1, Avg: 18,1, Max: 18,6, Diff: 1,5, Sum: 144,8]
      [GC Worker End (ms): Min: 10193098,4, Avg: 10193098,4, Max: 10193098,4, Diff: 0,0]
   [Code Root Fixup: 0,0 ms]
   [Code Root Purge: 0,0 ms]
   [Clear CT: 0,3 ms]
   [Other: 4,1 ms]
      [Choose CSet: 0,1 ms]
      [Ref Proc: 3,1 ms]
      [Ref Enq: 0,0 ms]
      [Redirty Cards: 0,2 ms]
      [Humongous Register: 0,1 ms]
      [Humongous Reclaim: 0,0 ms]
      [Free CSet: 0,2 ms]
   [Eden: 46,0M(46,0M)->0,0B(44,0M) Survivors: 5120,0K->7168,0K Heap: 386,3M(1024,0M)->321,0M(1024,0M)]
 [Times: user=0,15 sys=0,00, real=0,03 secs] 
2018-04-10T17:23:29.669+0200: 10283,763: [GC pause (G1 Evacuation Pause) (mixed), 0,0125870 secs]
   [Parallel Time: 11,2 ms, GC Workers: 8]
      [GC Worker Start (ms): Min: 10283763,8, Avg: 10283764,9, Max: 10283768,2, Diff: 4,4]
      [Ext Root Scanning (ms): Min: 0,0, Avg: 0,6, Max: 2,0, Diff: 2,0, Sum: 4,9]
      [Update RS (ms): Min: 0,0, Avg: 0,9, Max: 1,7, Diff: 1,7, Sum: 7,1]
         [Processed Buffers: Min: 0, Avg: 6,9, Max: 19, Diff: 19, Sum: 55]
      [Scan RS (ms): Min: 0,0, Avg: 1,3, Max: 1,9, Diff: 1,9, Sum: 10,7]
      [Code Root Scanning (ms): Min: 0,0, Avg: 0,0, Max: 0,1, Diff: 0,1, Sum: 0,1]
      [Object Copy (ms): Min: 6,7, Avg: 7,1, Max: 7,3, Diff: 0,6, Sum: 56,9]
      [Termination (ms): Min: 0,0, Avg: 0,0, Max: 0,0, Diff: 0,0, Sum: 0,1]
         [Termination Attempts: Min: 1, Avg: 2,1, Max: 4, Diff: 3, Sum: 17]
      [GC Worker Other (ms): Min: 0,0, Avg: 0,0, Max: 0,0, Diff: 0,0, Sum: 0,1]
      [GC Worker Total (ms): Min: 6,8, Avg: 10,0, Max: 11,1, Diff: 4,4, Sum: 80,0]
      [GC Worker End (ms): Min: 10283774,9, Avg: 10283774,9, Max: 10283774,9, Diff: 0,0]
   [Code Root Fixup: 0,0 ms]
   [Code Root Purge: 0,0 ms]
   [Clear CT: 0,1 ms]
   [Other: 1,2 ms]
      [Choose CSet: 0,1 ms]
      [Ref Proc: 0,6 ms]
      [Ref Enq: 0,0 ms]
      [Redirty Cards: 0,1 ms]
      [Humongous Register: 0,0 ms]
      [Humongous Reclaim: 0,0 ms]
      [Free CSet: 0,1 ms]
   [Eden: 44,0M(44,0M)->0,0B(44,0M) Survivors: 7168,0K->7168,0K Heap: 365,0M(1024,0M)->298,1M(1024,0M)]
 [Times: user=0,07 sys=0,00, real=0,01 secs] 
2018-04-10T17:24:59.858+0200: 10373,952: [GC pause (G1 Evacuation Pause) (mixed), 0,0188084 secs]
   [Parallel Time: 16,2 ms, GC Workers: 8]
      [GC Worker Start (ms): Min: 10373953,0, Avg: 10373953,5, Max: 10373954,3, Diff: 1,3]
      [Ext Root Scanning (ms): Min: 0,0, Avg: 1,2, Max: 7,2, Diff: 7,2, Sum: 9,8]
      [Update RS (ms): Min: 0,0, Avg: 2,0, Max: 5,3, Diff: 5,3, Sum: 15,9]
         [Processed Buffers: Min: 0, Avg: 6,2, Max: 22, Diff: 22, Sum: 50]
      [Scan RS (ms): Min: 0,0, Avg: 1,8, Max: 3,1, Diff: 3,1, Sum: 14,1]
      [Code Root Scanning (ms): Min: 0,0, Avg: 0,0, Max: 0,0, Diff: 0,0, Sum: 0,1]
      [Object Copy (ms): Min: 7,6, Avg: 8,6, Max: 9,2, Diff: 1,6, Sum: 68,9]
      [Termination (ms): Min: 0,0, Avg: 0,9, Max: 1,4, Diff: 1,4, Sum: 6,9]
         [Termination Attempts: Min: 1, Avg: 10,1, Max: 16, Diff: 15, Sum: 81]
      [GC Worker Other (ms): Min: 0,0, Avg: 0,0, Max: 0,0, Diff: 0,0, Sum: 0,1]
      [GC Worker Total (ms): Min: 13,6, Avg: 14,5, Max: 15,1, Diff: 1,5, Sum: 115,9]
      [GC Worker End (ms): Min: 10373967,8, Avg: 10373968,0, Max: 10373968,4, Diff: 0,6]
   [Code Root Fixup: 0,0 ms]
   [Code Root Purge: 0,0 ms]
   [Clear CT: 0,2 ms]
   [Other: 2,4 ms]
      [Choose CSet: 0,2 ms]
      [Ref Proc: 1,5 ms]
      [Ref Enq: 0,0 ms]
      [Redirty Cards: 0,1 ms]
      [Humongous Register: 0,1 ms]
      [Humongous Reclaim: 0,0 ms]
      [Free CSet: 0,1 ms]
   [Eden: 44,0M(44,0M)->0,0B(44,0M) Survivors: 7168,0K->7168,0K Heap: 342,1M(1024,0M)->275,7M(1024,0M)]
 [Times: user=0,10 sys=0,00, real=0,02 secs] 
2018-04-10T17:26:29.476+0200: 10463,570: [GC pause (G1 Evacuation Pause) (mixed), 0,0210823 secs]
   [Parallel Time: 17,7 ms, GC Workers: 8]
      [GC Worker Start (ms): Min: 10463570,7, Avg: 10463572,2, Max: 10463576,4, Diff: 5,7]
      [Ext Root Scanning (ms): Min: 0,0, Avg: 0,6, Max: 1,3, Diff: 1,3, Sum: 4,9]
      [Update RS (ms): Min: 0,0, Avg: 2,0, Max: 3,1, Diff: 3,1, Sum: 16,4]
         [Processed Buffers: Min: 0, Avg: 6,2, Max: 18, Diff: 18, Sum: 50]
      [Scan RS (ms): Min: 2,1, Avg: 3,6, Max: 4,4, Diff: 2,2, Sum: 28,7]
      [Code Root Scanning (ms): Min: 0,0, Avg: 0,0, Max: 0,1, Diff: 0,1, Sum: 0,1]
      [Object Copy (ms): Min: 9,7, Avg: 9,9, Max: 10,0, Diff: 0,3, Sum: 79,2]
      [Termination (ms): Min: 0,0, Avg: 0,0, Max: 0,0, Diff: 0,0, Sum: 0,0]
         [Termination Attempts: Min: 1, Avg: 2,0, Max: 3, Diff: 2, Sum: 16]
      [GC Worker Other (ms): Min: 0,0, Avg: 0,0, Max: 0,0, Diff: 0,0, Sum: 0,2]
      [GC Worker Total (ms): Min: 12,0, Avg: 16,2, Max: 17,7, Diff: 5,7, Sum: 129,6]
      [GC Worker End (ms): Min: 10463588,4, Avg: 10463588,4, Max: 10463588,4, Diff: 0,0]
   [Code Root Fixup: 0,0 ms]
   [Code Root Purge: 0,0 ms]
   [Clear CT: 0,2 ms]
   [Other: 3,1 ms]
      [Choose CSet: 0,1 ms]
      [Ref Proc: 2,1 ms]
      [Ref Enq: 0,0 ms]
      [Redirty Cards: 0,1 ms]
      [Humongous Register: 0,1 ms]
      [Humongous Reclaim: 0,0 ms]
      [Free CSet: 0,3 ms]
   [Eden: 44,0M(44,0M)->0,0B(44,0M) Survivors: 7168,0K->7168,0K Heap: 319,7M(1024,0M)->253,5M(1024,0M)]
 [Times: user=0,13 sys=0,00, real=0,02 secs] 
2018-04-10T17:27:57.949+0200: 10552,043: [GC pause (G1 Evacuation Pause) (mixed), 0,0248768 secs]
   [Parallel Time: 21,4 ms, GC Workers: 8]
      [GC Worker Start (ms): Min: 10552043,9, Avg: 10552045,0, Max: 10552052,2, Diff: 8,3]
      [Ext Root Scanning (ms): Min: 0,0, Avg: 0,6, Max: 2,1, Diff: 2,0, Sum: 5,1]
      [Update RS (ms): Min: 0,0, Avg: 1,4, Max: 1,9, Diff: 1,9, Sum: 10,8]
         [Processed Buffers: Min: 0, Avg: 6,4, Max: 11, Diff: 11, Sum: 51]
      [Scan RS (ms): Min: 0,0, Avg: 1,3, Max: 1,7, Diff: 1,7, Sum: 10,6]
      [Code Root Scanning (ms): Min: 0,0, Avg: 0,0, Max: 0,0, Diff: 0,0, Sum: 0,0]
      [Object Copy (ms): Min: 3,7, Avg: 8,3, Max: 12,0, Diff: 8,3, Sum: 66,4]
      [Termination (ms): Min: 0,0, Avg: 4,3, Max: 9,2, Diff: 9,2, Sum: 34,2]
         [Termination Attempts: Min: 1, Avg: 1,8, Max: 3, Diff: 2, Sum: 14]
      [GC Worker Other (ms): Min: 0,0, Avg: 0,0, Max: 0,0, Diff: 0,0, Sum: 0,2]
      [GC Worker Total (ms): Min: 7,9, Avg: 15,9, Max: 21,2, Diff: 13,3, Sum: 127,3]
      [GC Worker End (ms): Min: 10552059,9, Avg: 10552060,9, Max: 10552065,2, Diff: 5,3]
   [Code Root Fixup: 0,0 ms]
   [Code Root Purge: 0,0 ms]
   [Clear CT: 0,2 ms]
   [Other: 3,3 ms]
      [Choose CSet: 0,2 ms]
      [Ref Proc: 2,1 ms]
      [Ref Enq: 0,0 ms]
      [Redirty Cards: 0,2 ms]
      [Humongous Register: 0,1 ms]
      [Humongous Reclaim: 0,0 ms]
      [Free CSet: 0,3 ms]
   [Eden: 44,0M(44,0M)->0,0B(44,0M) Survivors: 7168,0K->7168,0K Heap: 297,5M(1024,0M)->231,8M(1024,0M)]
 [Times: user=0,10 sys=0,00, real=0,02 secs] 
2018-04-10T17:29:29.055+0200: 10643,149: [GC pause (G1 Evacuation Pause) (mixed), 0,0245366 secs]
   [Parallel Time: 22,7 ms, GC Workers: 8]
      [GC Worker Start (ms): Min: 10643149,3, Avg: 10643149,5, Max: 10643149,7, Diff: 0,5]
      [Ext Root Scanning (ms): Min: 0,3, Avg: 0,6, Max: 1,1, Diff: 0,8, Sum: 4,4]
      [Update RS (ms): Min: 2,0, Avg: 2,3, Max: 2,7, Diff: 0,7, Sum: 18,3]
         [Processed Buffers: Min: 2, Avg: 6,5, Max: 12, Diff: 10, Sum: 52]
      [Scan RS (ms): Min: 2,8, Avg: 3,1, Max: 3,4, Diff: 0,6, Sum: 24,9]
      [Code Root Scanning (ms): Min: 0,0, Avg: 0,0, Max: 0,0, Diff: 0,0, Sum: 0,0]
      [Object Copy (ms): Min: 16,2, Avg: 16,3, Max: 16,6, Diff: 0,4, Sum: 130,4]
      [Termination (ms): Min: 0,0, Avg: 0,0, Max: 0,0, Diff: 0,0, Sum: 0,1]
         [Termination Attempts: Min: 1, Avg: 3,9, Max: 8, Diff: 7, Sum: 31]
      [GC Worker Other (ms): Min: 0,0, Avg: 0,0, Max: 0,0, Diff: 0,0, Sum: 0,2]
      [GC Worker Total (ms): Min: 22,1, Avg: 22,3, Max: 22,5, Diff: 0,5, Sum: 178,3]
      [GC Worker End (ms): Min: 10643171,8, Avg: 10643171,8, Max: 10643171,8, Diff: 0,0]
   [Code Root Fixup: 0,0 ms]
   [Code Root Purge: 0,0 ms]
   [Clear CT: 0,4 ms]
   [Other: 1,4 ms]
      [Choose CSet: 0,1 ms]
      [Ref Proc: 0,6 ms]
      [Ref Enq: 0,0 ms]
      [Redirty Cards: 0,1 ms]
      [Humongous Register: 0,1 ms]
      [Humongous Reclaim: 0,0 ms]
      [Free CSet: 0,1 ms]
   [Eden: 44,0M(44,0M)->0,0B(44,0M) Survivors: 7168,0K->7168,0K Heap: 275,8M(1024,0M)->228,6M(1024,0M)]
 [Times: user=0,17 sys=0,00, real=0,03 secs] 
2018-04-10T17:30:59.326+0200: 10733,420: [GC pause (G1 Evacuation Pause) (young), 0,0281209 secs]
   [Parallel Time: 23,5 ms, GC Workers: 8]
      [GC Worker Start (ms): Min: 10733420,7, Avg: 10733420,8, Max: 10733420,9, Diff: 0,3]
      [Ext Root Scanning (ms): Min: 0,5, Avg: 0,6, Max: 1,1, Diff: 0,7, Sum: 4,8]
      [Update RS (ms): Min: 1,9, Avg: 2,2, Max: 2,4, Diff: 0,5, Sum: 17,6]
         [Processed Buffers: Min: 1, Avg: 6,4, Max: 16, Diff: 15, Sum: 51]
      [Scan RS (ms): Min: 3,4, Avg: 3,5, Max: 3,7, Diff: 0,3, Sum: 27,8]
      [Code Root Scanning (ms): Min: 0,0, Avg: 0,0, Max: 0,0, Diff: 0,0, Sum: 0,0]
      [Object Copy (ms): Min: 16,4, Avg: 16,5, Max: 16,7, Diff: 0,4, Sum: 132,3]
      [Termination (ms): Min: 0,0, Avg: 0,2, Max: 0,4, Diff: 0,4, Sum: 1,6]
         [Termination Attempts: Min: 1, Avg: 14,4, Max: 18, Diff: 17, Sum: 115]
      [GC Worker Other (ms): Min: 0,0, Avg: 0,0, Max: 0,0, Diff: 0,0, Sum: 0,2]
      [GC Worker Total (ms): Min: 22,8, Avg: 23,0, Max: 23,2, Diff: 0,4, Sum: 184,3]
      [GC Worker End (ms): Min: 10733443,8, Avg: 10733443,9, Max: 10733444,0, Diff: 0,3]
   [Code Root Fixup: 0,0 ms]
   [Code Root Purge: 0,0 ms]
   [Clear CT: 0,9 ms]
   [Other: 3,7 ms]
      [Choose CSet: 0,0 ms]
      [Ref Proc: 2,1 ms]
      [Ref Enq: 0,0 ms]
      [Redirty Cards: 0,9 ms]
      [Humongous Register: 0,1 ms]
      [Humongous Reclaim: 0,0 ms]
      [Free CSet: 0,1 ms]
   [Eden: 44,0M(44,0M)->0,0B(44,0M) Survivors: 7168,0K->7168,0K Heap: 272,6M(1024,0M)->232,3M(1024,0M)]
 [Times: user=0,19 sys=0,00, real=0,02 secs] 
2018-04-10T17:32:19.900+0200: 10813,994: [GC pause (G1 Evacuation Pause) (young), 0,0203793 secs]
   [Parallel Time: 16,3 ms, GC Workers: 8]
      [GC Worker Start (ms): Min: 10813994,7, Avg: 10813995,1, Max: 10813995,9, Diff: 1,2]
      [Ext Root Scanning (ms): Min: 0,0, Avg: 0,3, Max: 0,7, Diff: 0,7, Sum: 2,2]
      [Update RS (ms): Min: 1,0, Avg: 1,6, Max: 2,3, Diff: 1,3, Sum: 13,0]
         [Processed Buffers: Min: 1, Avg: 6,2, Max: 16, Diff: 15, Sum: 50]
      [Scan RS (ms): Min: 1,1, Avg: 1,5, Max: 1,7, Diff: 0,6, Sum: 12,1]
      [Code Root Scanning (ms): Min: 0,0, Avg: 0,0, Max: 0,0, Diff: 0,0, Sum: 0,0]
      [Object Copy (ms): Min: 11,6, Avg: 11,8, Max: 12,2, Diff: 0,6, Sum: 94,1]
      [Termination (ms): Min: 0,0, Avg: 0,6, Max: 0,7, Diff: 0,7, Sum: 4,9]
         [Termination Attempts: Min: 1, Avg: 1,0, Max: 1, Diff: 0, Sum: 8]
      [GC Worker Other (ms): Min: 0,0, Avg: 0,0, Max: 0,0, Diff: 0,0, Sum: 0,1]
      [GC Worker Total (ms): Min: 14,8, Avg: 15,8, Max: 16,2, Diff: 1,4, Sum: 126,5]
      [GC Worker End (ms): Min: 10814010,7, Avg: 10814010,9, Max: 10814010,9, Diff: 0,2]
   [Code Root Fixup: 0,0 ms]
   [Code Root Purge: 0,0 ms]
   [Clear CT: 0,2 ms]
   [Other: 3,9 ms]
      [Choose CSet: 0,0 ms]
      [Ref Proc: 2,9 ms]
      [Ref Enq: 0,0 ms]
      [Redirty Cards: 0,3 ms]
      [Humongous Register: 0,1 ms]
      [Humongous Reclaim: 0,0 ms]
      [Free CSet: 0,2 ms]
   [Eden: 44,0M(44,0M)->0,0B(44,0M) Survivors: 7168,0K->7168,0K Heap: 276,3M(1024,0M)->238,3M(1024,0M)]
 [Times: user=0,13 sys=0,00, real=0,02 secs] 
2018-04-10T17:33:50.326+0200: 10904,420: [GC pause (G1 Evacuation Pause) (young), 0,0284436 secs]
   [Parallel Time: 26,1 ms, GC Workers: 8]
      [GC Worker Start (ms): Min: 10904420,7, Avg: 10904421,1, Max: 10904422,9, Diff: 2,2]
      [Ext Root Scanning (ms): Min: 0,0, Avg: 0,5, Max: 1,1, Diff: 1,0, Sum: 4,2]
      [Update RS (ms): Min: 1,0, Avg: 1,8, Max: 2,4, Diff: 1,5, Sum: 14,1]
         [Processed Buffers: Min: 1, Avg: 6,6, Max: 12, Diff: 11, Sum: 53]
      [Scan RS (ms): Min: 3,3, Avg: 4,0, Max: 4,6, Diff: 1,3, Sum: 31,9]
      [Code Root Scanning (ms): Min: 0,0, Avg: 0,0, Max: 0,0, Diff: 0,0, Sum: 0,0]
      [Object Copy (ms): Min: 17,4, Avg: 17,8, Max: 18,1, Diff: 0,7, Sum: 142,6]
      [Termination (ms): Min: 0,4, Avg: 0,7, Max: 1,2, Diff: 0,7, Sum: 5,7]
         [Termination Attempts: Min: 22, Avg: 45,2, Max: 58, Diff: 36, Sum: 362]
      [GC Worker Other (ms): Min: 0,0, Avg: 0,0, Max: 0,0, Diff: 0,0, Sum: 0,1]
      [GC Worker Total (ms): Min: 22,9, Avg: 24,8, Max: 25,4, Diff: 2,5, Sum: 198,7]
      [GC Worker End (ms): Min: 10904445,9, Avg: 10904445,9, Max: 10904446,2, Diff: 0,3]
   [Code Root Fixup: 0,0 ms]
   [Code Root Purge: 0,0 ms]
   [Clear CT: 0,6 ms]
   [Other: 1,7 ms]
      [Choose CSet: 0,0 ms]
      [Ref Proc: 0,7 ms]
      [Ref Enq: 0,0 ms]
      [Redirty Cards: 0,5 ms]
      [Humongous Register: 0,1 ms]
      [Humongous Reclaim: 0,0 ms]
      [Free CSet: 0,1 ms]
   [Eden: 44,0M(44,0M)->0,0B(46,0M) Survivors: 7168,0K->5120,0K Heap: 282,3M(1024,0M)->247,4M(1024,0M)]
 [Times: user=0,20 sys=0,00, real=0,02 secs] 
2018-04-10T17:35:25.123+0200: 10999,217: [GC pause (G1 Evacuation Pause) (young), 0,0230231 secs]
   [Parallel Time: 18,2 ms, GC Workers: 8]
      [GC Worker Start (ms): Min: 10999217,6, Avg: 10999217,8, Max: 10999218,4, Diff: 0,8]
      [Ext Root Scanning (ms): Min: 0,0, Avg: 0,6, Max: 1,1, Diff: 1,1, Sum: 4,8]
      [Update RS (ms): Min: 2,4, Avg: 3,0, Max: 3,8, Diff: 1,4, Sum: 23,7]
         [Processed Buffers: Min: 1, Avg: 6,2, Max: 13, Diff: 12, Sum: 50]
      [Scan RS (ms): Min: 1,3, Avg: 1,9, Max: 2,3, Diff: 1,1, Sum: 15,1]
      [Code Root Scanning (ms): Min: 0,0, Avg: 0,0, Max: 0,0, Diff: 0,0, Sum: 0,0]
      [Object Copy (ms): Min: 11,9, Avg: 12,1, Max: 12,4, Diff: 0,6, Sum: 96,6]
      [Termination (ms): Min: 0,0, Avg: 0,1, Max: 0,1, Diff: 0,1, Sum: 0,7]
         [Termination Attempts: Min: 2, Avg: 4,1, Max: 6, Diff: 4, Sum: 33]
      [GC Worker Other (ms): Min: 0,0, Avg: 0,0, Max: 0,0, Diff: 0,0, Sum: 0,1]
      [GC Worker Total (ms): Min: 17,0, Avg: 17,6, Max: 17,8, Diff: 0,8, Sum: 141,0]
      [GC Worker End (ms): Min: 10999235,4, Avg: 10999235,4, Max: 10999235,5, Diff: 0,0]
   [Code Root Fixup: 0,0 ms]
   [Code Root Purge: 0,0 ms]
   [Clear CT: 0,2 ms]
   [Other: 4,6 ms]
      [Choose CSet: 0,0 ms]
      [Ref Proc: 3,1 ms]
      [Ref Enq: 0,0 ms]
      [Redirty Cards: 0,9 ms]
      [Humongous Register: 0,1 ms]
      [Humongous Reclaim: 0,0 ms]
      [Free CSet: 0,1 ms]
   [Eden: 46,0M(46,0M)->0,0B(44,0M) Survivors: 5120,0K->7168,0K Heap: 293,4M(1024,0M)->251,0M(1024,0M)]
 [Times: user=0,15 sys=0,00, real=0,03 secs] 
2018-04-10T17:36:55.562+0200: 11089,656: [GC pause (G1 Evacuation Pause) (young), 0,0266396 secs]
   [Parallel Time: 22,7 ms, GC Workers: 8]
      [GC Worker Start (ms): Min: 11089656,3, Avg: 11089656,8, Max: 11089657,3, Diff: 0,9]
      [Ext Root Scanning (ms): Min: 0,0, Avg: 0,5, Max: 1,2, Diff: 1,1, Sum: 4,0]
      [Update RS (ms): Min: 1,2, Avg: 1,3, Max: 1,6, Diff: 0,4, Sum: 10,6]
         [Processed Buffers: Min: 1, Avg: 6,6, Max: 14, Diff: 13, Sum: 53]
      [Scan RS (ms): Min: 1,8, Avg: 2,1, Max: 2,4, Diff: 0,6, Sum: 17,2]
      [Code Root Scanning (ms): Min: 0,0, Avg: 0,0, Max: 0,0, Diff: 0,0, Sum: 0,0]
      [Object Copy (ms): Min: 17,6, Avg: 17,7, Max: 18,0, Diff: 0,4, Sum: 141,8]
      [Termination (ms): Min: 0,0, Avg: 0,0, Max: 0,0, Diff: 0,0, Sum: 0,1]
         [Termination Attempts: Min: 1, Avg: 6,8, Max: 9, Diff: 8, Sum: 54]
      [GC Worker Other (ms): Min: 0,0, Avg: 0,0, Max: 0,0, Diff: 0,0, Sum: 0,2]
      [GC Worker Total (ms): Min: 21,3, Avg: 21,7, Max: 22,2, Diff: 0,9, Sum: 174,0]
      [GC Worker End (ms): Min: 11089678,5, Avg: 11089678,5, Max: 11089678,5, Diff: 0,0]
   [Code Root Fixup: 0,0 ms]
   [Code Root Purge: 0,0 ms]
   [Clear CT: 0,8 ms]
   [Other: 3,1 ms]
      [Choose CSet: 0,0 ms]
      [Ref Proc: 2,1 ms]
      [Ref Enq: 0,0 ms]
      [Redirty Cards: 0,5 ms]
      [Humongous Register: 0,1 ms]
      [Humongous Reclaim: 0,0 ms]
      [Free CSet: 0,1 ms]
   [Eden: 44,0M(44,0M)->0,0B(44,0M) Survivors: 7168,0K->7168,0K Heap: 295,0M(1024,0M)->254,9M(1024,0M)]
 [Times: user=0,18 sys=0,00, real=0,03 secs] 
2018-04-10T17:38:24.584+0200: 11178,678: [GC pause (G1 Evacuation Pause) (young), 0,0249297 secs]
   [Parallel Time: 22,2 ms, GC Workers: 8]
      [GC Worker Start (ms): Min: 11178678,7, Avg: 11178679,0, Max: 11178680,0, Diff: 1,2]
      [Ext Root Scanning (ms): Min: 0,0, Avg: 0,6, Max: 1,1, Diff: 1,1, Sum: 4,8]
      [Update RS (ms): Min: 1,2, Avg: 1,8, Max: 2,4, Diff: 1,1, Sum: 14,4]
         [Processed Buffers: Min: 0, Avg: 6,5, Max: 18, Diff: 18, Sum: 52]
      [Scan RS (ms): Min: 2,5, Avg: 3,2, Max: 3,7, Diff: 1,2, Sum: 25,4]
      [Code Root Scanning (ms): Min: 0,0, Avg: 0,0, Max: 0,0, Diff: 0,0, Sum: 0,0]
      [Object Copy (ms): Min: 16,0, Avg: 16,2, Max: 16,6, Diff: 0,7, Sum: 130,0]
      [Termination (ms): Min: 0,0, Avg: 0,0, Max: 0,0, Diff: 0,0, Sum: 0,2]
         [Termination Attempts: Min: 1, Avg: 13,2, Max: 19, Diff: 18, Sum: 106]
      [GC Worker Other (ms): Min: 0,0, Avg: 0,0, Max: 0,0, Diff: 0,0, Sum: 0,2]
      [GC Worker Total (ms): Min: 20,9, Avg: 21,9, Max: 22,1, Diff: 1,3, Sum: 175,1]
      [GC Worker End (ms): Min: 11178700,8, Avg: 11178700,9, Max: 11178700,9, Diff: 0,0]
   [Code Root Fixup: 0,0 ms]
   [Code Root Purge: 0,0 ms]
   [Clear CT: 0,6 ms]
   [Other: 2,0 ms]
      [Choose CSet: 0,0 ms]
      [Ref Proc: 0,6 ms]
      [Ref Enq: 0,0 ms]
      [Redirty Cards: 0,9 ms]
      [Humongous Register: 0,1 ms]
      [Humongous Reclaim: 0,0 ms]
      [Free CSet: 0,1 ms]
   [Eden: 44,0M(44,0M)->0,0B(46,0M) Survivors: 7168,0K->5120,0K Heap: 298,9M(1024,0M)->259,3M(1024,0M)]
 [Times: user=0,18 sys=0,00, real=0,03 secs] 
2018-04-10T17:39:57.373+0200: 11271,468: [GC pause (G1 Evacuation Pause) (young), 0,0215287 secs]
   [Parallel Time: 19,3 ms, GC Workers: 8]
      [GC Worker Start (ms): Min: 11271468,0, Avg: 11271468,2, Max: 11271469,2, Diff: 1,3]
      [Ext Root Scanning (ms): Min: 0,0, Avg: 0,6, Max: 1,0, Diff: 1,0, Sum: 4,6]
      [Update RS (ms): Min: 2,1, Avg: 2,9, Max: 4,0, Diff: 1,9, Sum: 23,2]
         [Processed Buffers: Min: 1, Avg: 6,4, Max: 17, Diff: 16, Sum: 51]
      [Scan RS (ms): Min: 1,6, Avg: 3,4, Max: 8,0, Diff: 6,5, Sum: 27,1]
      [Code Root Scanning (ms): Min: 0,0, Avg: 0,0, Max: 0,0, Diff: 0,0, Sum: 0,0]
      [Object Copy (ms): Min: 6,1, Avg: 11,3, Max: 12,2, Diff: 6,1, Sum: 90,4]
      [Termination (ms): Min: 0,0, Avg: 0,0, Max: 0,0, Diff: 0,0, Sum: 0,0]
         [Termination Attempts: Min: 1, Avg: 1,0, Max: 1, Diff: 0, Sum: 8]
      [GC Worker Other (ms): Min: 0,0, Avg: 0,1, Max: 0,5, Diff: 0,5, Sum: 1,1]
      [GC Worker Total (ms): Min: 17,2, Avg: 18,3, Max: 18,9, Diff: 1,7, Sum: 146,6]
      [GC Worker End (ms): Min: 11271486,4, Avg: 11271486,5, Max: 11271486,9, Diff: 0,5]
   [Code Root Fixup: 0,0 ms]
   [Code Root Purge: 0,0 ms]
   [Clear CT: 0,2 ms]
   [Other: 2,0 ms]
      [Choose CSet: 0,0 ms]
      [Ref Proc: 1,4 ms]
      [Ref Enq: 0,0 ms]
      [Redirty Cards: 0,1 ms]
      [Humongous Register: 0,1 ms]
      [Humongous Reclaim: 0,0 ms]
      [Free CSet: 0,1 ms]
   [Eden: 46,0M(46,0M)->0,0B(44,0M) Survivors: 5120,0K->7168,0K Heap: 305,3M(1024,0M)->263,5M(1024,0M)]
 [Times: user=0,14 sys=0,00, real=0,02 secs] 
2018-04-10T17:41:28.740+0200: 11362,834: [GC pause (G1 Evacuation Pause) (young), 0,0215148 secs]
   [Parallel Time: 20,0 ms, GC Workers: 8]
      [GC Worker Start (ms): Min: 11362834,6, Avg: 11362835,9, Max: 11362839,3, Diff: 4,7]
      [Ext Root Scanning (ms): Min: 0,0, Avg: 0,5, Max: 1,1, Diff: 1,0, Sum: 4,2]
      [Update RS (ms): Min: 0,0, Avg: 1,3, Max: 2,1, Diff: 2,1, Sum: 10,7]
         [Processed Buffers: Min: 0, Avg: 6,4, Max: 25, Diff: 25, Sum: 51]
      [Scan RS (ms): Min: 0,5, Avg: 3,6, Max: 13,7, Diff: 13,2, Sum: 28,7]
      [Code Root Scanning (ms): Min: 0,0, Avg: 0,0, Max: 0,0, Diff: 0,0, Sum: 0,0]
      [Object Copy (ms): Min: 1,6, Avg: 11,5, Max: 14,4, Diff: 12,8, Sum: 91,7]
      [Termination (ms): Min: 0,0, Avg: 1,6, Max: 1,8, Diff: 1,8, Sum: 12,6]
         [Termination Attempts: Min: 1, Avg: 4,2, Max: 7, Diff: 6, Sum: 34]
      [GC Worker Other (ms): Min: 0,0, Avg: 0,0, Max: 0,0, Diff: 0,0, Sum: 0,1]
      [GC Worker Total (ms): Min: 15,1, Avg: 18,5, Max: 19,7, Diff: 4,7, Sum: 148,1]
      [GC Worker End (ms): Min: 11362854,4, Avg: 11362854,4, Max: 11362854,4, Diff: 0,0]
   [Code Root Fixup: 0,0 ms]
   [Code Root Purge: 0,0 ms]
   [Clear CT: 0,2 ms]
   [Other: 1,4 ms]
      [Choose CSet: 0,0 ms]
      [Ref Proc: 0,8 ms]
      [Ref Enq: 0,0 ms]
      [Redirty Cards: 0,1 ms]
      [Humongous Register: 0,1 ms]
      [Humongous Reclaim: 0,0 ms]
      [Free CSet: 0,0 ms]
   [Eden: 44,0M(44,0M)->0,0B(45,0M) Survivors: 7168,0K->6144,0K Heap: 307,5M(1024,0M)->267,4M(1024,0M)]
 [Times: user=0,13 sys=0,00, real=0,02 secs] 
2018-04-10T17:42:59.658+0200: 11453,752: [GC pause (G1 Evacuation Pause) (young), 0,0240529 secs]
   [Parallel Time: 19,6 ms, GC Workers: 8]
      [GC Worker Start (ms): Min: 11453752,7, Avg: 11453753,0, Max: 11453753,8, Diff: 1,1]
      [Ext Root Scanning (ms): Min: 0,0, Avg: 0,6, Max: 1,1, Diff: 1,1, Sum: 4,7]
      [Update RS (ms): Min: 2,3, Avg: 2,9, Max: 3,7, Diff: 1,4, Sum: 23,1]
         [Processed Buffers: Min: 0, Avg: 7,0, Max: 22, Diff: 22, Sum: 56]
      [Scan RS (ms): Min: 2,1, Avg: 3,2, Max: 3,9, Diff: 1,8, Sum: 25,8]
      [Code Root Scanning (ms): Min: 0,0, Avg: 0,0, Max: 0,1, Diff: 0,1, Sum: 0,1]
      [Object Copy (ms): Min: 11,3, Avg: 11,7, Max: 12,0, Diff: 0,6, Sum: 93,8]
      [Termination (ms): Min: 0,0, Avg: 0,0, Max: 0,0, Diff: 0,0, Sum: 0,0]
         [Termination Attempts: Min: 1, Avg: 1,0, Max: 1, Diff: 0, Sum: 8]
      [GC Worker Other (ms): Min: 0,0, Avg: 0,0, Max: 0,0, Diff: 0,0, Sum: 0,2]
      [GC Worker Total (ms): Min: 17,6, Avg: 18,5, Max: 18,7, Diff: 1,1, Sum: 147,7]
      [GC Worker End (ms): Min: 11453771,4, Avg: 11453771,4, Max: 11453771,4, Diff: 0,0]
   [Code Root Fixup: 0,0 ms]
   [Code Root Purge: 0,0 ms]
   [Clear CT: 0,9 ms]
   [Other: 3,5 ms]
      [Choose CSet: 0,0 ms]
      [Ref Proc: 2,0 ms]
      [Ref Enq: 0,0 ms]
      [Redirty Cards: 1,0 ms]
      [Humongous Register: 0,1 ms]
      [Humongous Reclaim: 0,0 ms]
      [Free CSet: 0,1 ms]
   [Eden: 45,0M(45,0M)->0,0B(44,0M) Survivors: 6144,0K->7168,0K Heap: 312,4M(1024,0M)->270,9M(1024,0M)]
 [Times: user=0,16 sys=0,00, real=0,02 secs] 
2018-04-10T17:44:30.531+0200: 11544,625: [GC pause (G1 Evacuation Pause) (young), 0,0259653 secs]
   [Parallel Time: 22,5 ms, GC Workers: 8]
      [GC Worker Start (ms): Min: 11544625,6, Avg: 11544628,2, Max: 11544634,3, Diff: 8,7]
      [Ext Root Scanning (ms): Min: 0,0, Avg: 0,5, Max: 1,1, Diff: 1,1, Sum: 4,2]
      [Update RS (ms): Min: 0,0, Avg: 1,3, Max: 2,1, Diff: 2,1, Sum: 10,5]
         [Processed Buffers: Min: 0, Avg: 6,5, Max: 24, Diff: 24, Sum: 52]
      [Scan RS (ms): Min: 0,0, Avg: 2,3, Max: 3,2, Diff: 3,1, Sum: 18,3]
      [Code Root Scanning (ms): Min: 0,0, Avg: 0,0, Max: 0,0, Diff: 0,0, Sum: 0,1]
      [Object Copy (ms): Min: 12,6, Avg: 14,8, Max: 16,4, Diff: 3,8, Sum: 118,4]
      [Termination (ms): Min: 0,0, Avg: 0,8, Max: 1,0, Diff: 1,0, Sum: 6,1]
         [Termination Attempts: Min: 1, Avg: 2,9, Max: 4, Diff: 3, Sum: 23]
      [GC Worker Other (ms): Min: 0,0, Avg: 0,0, Max: 0,1, Diff: 0,1, Sum: 0,3]
      [GC Worker Total (ms): Min: 13,6, Avg: 19,7, Max: 22,4, Diff: 8,8, Sum: 157,9]
      [GC Worker End (ms): Min: 11544647,9, Avg: 11544647,9, Max: 11544648,0, Diff: 0,1]
   [Code Root Fixup: 0,0 ms]
   [Code Root Purge: 0,0 ms]
   [Clear CT: 0,2 ms]
   [Other: 3,3 ms]
      [Choose CSet: 0,0 ms]
      [Ref Proc: 2,5 ms]
      [Ref Enq: 0,0 ms]
      [Redirty Cards: 0,2 ms]
      [Humongous Register: 0,1 ms]
      [Humongous Reclaim: 0,0 ms]
      [Free CSet: 0,1 ms]
   [Eden: 44,0M(44,0M)->0,0B(45,0M) Survivors: 7168,0K->6144,0K Heap: 314,9M(1024,0M)->274,6M(1024,0M)]
 [Times: user=0,15 sys=0,00, real=0,03 secs] 
2018-04-10T17:46:02.325+0200: 11636,419: [GC pause (G1 Evacuation Pause) (young), 0,0220378 secs]
   [Parallel Time: 19,4 ms, GC Workers: 8]
      [GC Worker Start (ms): Min: 11636419,4, Avg: 11636419,8, Max: 11636420,6, Diff: 1,2]
      [Ext Root Scanning (ms): Min: 0,0, Avg: 0,6, Max: 1,1, Diff: 1,1, Sum: 4,4]
      [Update RS (ms): Min: 1,9, Avg: 2,9, Max: 5,8, Diff: 3,8, Sum: 23,4]
         [Processed Buffers: Min: 1, Avg: 6,5, Max: 18, Diff: 17, Sum: 52]
      [Scan RS (ms): Min: 0,0, Avg: 2,5, Max: 4,0, Diff: 4,0, Sum: 19,9]
      [Code Root Scanning (ms): Min: 0,0, Avg: 0,0, Max: 0,0, Diff: 0,0, Sum: 0,0]
      [Object Copy (ms): Min: 11,5, Avg: 12,5, Max: 13,9, Diff: 2,5, Sum: 100,1]
      [Termination (ms): Min: 0,0, Avg: 0,1, Max: 0,1, Diff: 0,1, Sum: 0,5]
         [Termination Attempts: Min: 8, Avg: 11,6, Max: 17, Diff: 9, Sum: 93]
      [GC Worker Other (ms): Min: 0,0, Avg: 0,0, Max: 0,0, Diff: 0,0, Sum: 0,1]
      [GC Worker Total (ms): Min: 17,7, Avg: 18,5, Max: 18,9, Diff: 1,2, Sum: 148,4]
      [GC Worker End (ms): Min: 11636438,3, Avg: 11636438,3, Max: 11636438,3, Diff: 0,0]
   [Code Root Fixup: 0,0 ms]
   [Code Root Purge: 0,0 ms]
   [Clear CT: 0,4 ms]
   [Other: 2,3 ms]
      [Choose CSet: 0,0 ms]
      [Ref Proc: 1,2 ms]
      [Ref Enq: 0,0 ms]
      [Redirty Cards: 0,6 ms]
      [Humongous Register: 0,1 ms]
      [Humongous Reclaim: 0,0 ms]
      [Free CSet: 0,1 ms]
   [Eden: 45,0M(45,0M)->0,0B(44,0M) Survivors: 6144,0K->7168,0K Heap: 319,6M(1024,0M)->278,4M(1024,0M)]
 [Times: user=0,15 sys=0,00, real=0,03 secs] 
2018-04-10T17:47:33.411+0200: 11727,505: [GC pause (G1 Evacuation Pause) (young), 0,0240438 secs]
   [Parallel Time: 20,5 ms, GC Workers: 8]
      [GC Worker Start (ms): Min: 11727505,6, Avg: 11727505,8, Max: 11727506,3, Diff: 0,7]
      [Ext Root Scanning (ms): Min: 0,1, Avg: 0,6, Max: 1,1, Diff: 1,0, Sum: 4,5]
      [Update RS (ms): Min: 1,3, Avg: 1,5, Max: 2,0, Diff: 0,6, Sum: 12,4]
         [Processed Buffers: Min: 1, Avg: 6,5, Max: 14, Diff: 13, Sum: 52]
      [Scan RS (ms): Min: 2,5, Avg: 2,7, Max: 3,0, Diff: 0,4, Sum: 21,4]
      [Code Root Scanning (ms): Min: 0,0, Avg: 0,0, Max: 0,0, Diff: 0,0, Sum: 0,0]
      [Object Copy (ms): Min: 15,2, Avg: 15,4, Max: 15,5, Diff: 0,3, Sum: 122,9]
      [Termination (ms): Min: 0,0, Avg: 0,0, Max: 0,0, Diff: 0,0, Sum: 0,0]
         [Termination Attempts: Min: 1, Avg: 1,0, Max: 1, Diff: 0, Sum: 8]
      [GC Worker Other (ms): Min: 0,0, Avg: 0,0, Max: 0,0, Diff: 0,0, Sum: 0,2]
      [GC Worker Total (ms): Min: 19,7, Avg: 20,2, Max: 20,4, Diff: 0,7, Sum: 161,4]
      [GC Worker End (ms): Min: 11727526,0, Avg: 11727526,0, Max: 11727526,0, Diff: 0,0]
   [Code Root Fixup: 0,0 ms]
   [Code Root Purge: 0,0 ms]
   [Clear CT: 0,3 ms]
   [Other: 3,2 ms]
      [Choose CSet: 0,0 ms]
      [Ref Proc: 1,9 ms]
      [Ref Enq: 0,0 ms]
      [Redirty Cards: 0,7 ms]
      [Humongous Register: 0,1 ms]
      [Humongous Reclaim: 0,0 ms]
      [Free CSet: 0,1 ms]
   [Eden: 44,0M(44,0M)->0,0B(44,0M) Survivors: 7168,0K->7168,0K Heap: 322,4M(1024,0M)->281,4M(1024,0M)]
 [Times: user=0,16 sys=0,00, real=0,02 secs] 
2018-04-10T17:49:03.882+0200: 11817,976: [GC pause (G1 Evacuation Pause) (young), 0,0249803 secs]
   [Parallel Time: 21,6 ms, GC Workers: 8]
      [GC Worker Start (ms): Min: 11817976,5, Avg: 11817976,7, Max: 11817976,9, Diff: 0,4]
      [Ext Root Scanning (ms): Min: 0,3, Avg: 0,6, Max: 1,1, Diff: 0,8, Sum: 5,0]
      [Update RS (ms): Min: 1,3, Avg: 1,9, Max: 2,2, Diff: 0,8, Sum: 15,1]
         [Processed Buffers: Min: 1, Avg: 6,5, Max: 11, Diff: 10, Sum: 52]
      [Scan RS (ms): Min: 2,6, Avg: 2,9, Max: 3,4, Diff: 0,8, Sum: 23,2]
      [Code Root Scanning (ms): Min: 0,0, Avg: 0,0, Max: 0,0, Diff: 0,0, Sum: 0,0]
      [Object Copy (ms): Min: 15,5, Avg: 15,9, Max: 16,2, Diff: 0,7, Sum: 127,1]
      [Termination (ms): Min: 0,0, Avg: 0,0, Max: 0,0, Diff: 0,0, Sum: 0,1]
         [Termination Attempts: Min: 2, Avg: 4,8, Max: 7, Diff: 5, Sum: 38]
      [GC Worker Other (ms): Min: 0,0, Avg: 0,0, Max: 0,0, Diff: 0,0, Sum: 0,2]
      [GC Worker Total (ms): Min: 21,1, Avg: 21,3, Max: 21,5, Diff: 0,4, Sum: 170,6]
      [GC Worker End (ms): Min: 11817998,0, Avg: 11817998,0, Max: 11817998,0, Diff: 0,0]
   [Code Root Fixup: 0,0 ms]
   [Code Root Purge: 0,0 ms]
   [Clear CT: 0,2 ms]
   [Other: 3,2 ms]
      [Choose CSet: 0,0 ms]
      [Ref Proc: 1,9 ms]
      [Ref Enq: 0,0 ms]
      [Redirty Cards: 0,7 ms]
      [Humongous Register: 0,1 ms]
      [Humongous Reclaim: 0,0 ms]
      [Free CSet: 0,1 ms]
   [Eden: 44,0M(44,0M)->0,0B(44,0M) Survivors: 7168,0K->7168,0K Heap: 325,4M(1024,0M)->285,2M(1024,0M)]
 [Times: user=0,18 sys=0,00, real=0,03 secs] 
2018-04-10T17:50:35.134+0200: 11909,228: [GC pause (G1 Evacuation Pause) (young), 0,0265749 secs]
   [Parallel Time: 23,8 ms, GC Workers: 8]
      [GC Worker Start (ms): Min: 11909228,4, Avg: 11909228,6, Max: 11909229,2, Diff: 0,8]
      [Ext Root Scanning (ms): Min: 0,0, Avg: 0,5, Max: 1,1, Diff: 1,0, Sum: 4,2]
      [Update RS (ms): Min: 0,3, Avg: 1,6, Max: 2,3, Diff: 2,0, Sum: 12,7]
         [Processed Buffers: Min: 2, Avg: 6,5, Max: 15, Diff: 13, Sum: 52]
      [Scan RS (ms): Min: 1,9, Avg: 2,5, Max: 3,2, Diff: 1,3, Sum: 20,2]
      [Code Root Scanning (ms): Min: 0,0, Avg: 0,0, Max: 0,0, Diff: 0,0, Sum: 0,0]
      [Object Copy (ms): Min: 16,4, Avg: 17,3, Max: 18,3, Diff: 1,9, Sum: 138,3]
      [Termination (ms): Min: 0,0, Avg: 1,1, Max: 1,5, Diff: 1,5, Sum: 9,2]
         [Termination Attempts: Min: 1, Avg: 2,9, Max: 5, Diff: 4, Sum: 23]
      [GC Worker Other (ms): Min: 0,0, Avg: 0,0, Max: 0,0, Diff: 0,0, Sum: 0,1]
      [GC Worker Total (ms): Min: 22,2, Avg: 23,1, Max: 23,5, Diff: 1,3, Sum: 184,6]
      [GC Worker End (ms): Min: 11909251,3, Avg: 11909251,7, Max: 11909252,0, Diff: 0,7]
   [Code Root Fixup: 0,0 ms]
   [Code Root Purge: 0,0 ms]
   [Clear CT: 0,3 ms]
   [Other: 2,4 ms]
      [Choose CSet: 0,0 ms]
      [Ref Proc: 1,6 ms]
      [Ref Enq: 0,0 ms]
      [Redirty Cards: 0,2 ms]
      [Humongous Register: 0,1 ms]
      [Humongous Reclaim: 0,0 ms]
      [Free CSet: 0,1 ms]
   [Eden: 44,0M(44,0M)->0,0B(44,0M) Survivors: 7168,0K->7168,0K Heap: 329,2M(1024,0M)->289,5M(1024,0M)]
 [Times: user=0,18 sys=0,00, real=0,03 secs] 
2018-04-10T17:52:04.313+0200: 11998,408: [GC pause (G1 Evacuation Pause) (young), 0,0265833 secs]
   [Parallel Time: 23,3 ms, GC Workers: 8]
      [GC Worker Start (ms): Min: 11998408,1, Avg: 11998408,4, Max: 11998409,1, Diff: 1,0]
      [Ext Root Scanning (ms): Min: 0,0, Avg: 0,6, Max: 1,2, Diff: 1,1, Sum: 4,7]
      [Update RS (ms): Min: 1,3, Avg: 2,5, Max: 3,6, Diff: 2,3, Sum: 19,7]
         [Processed Buffers: Min: 1, Avg: 6,9, Max: 15, Diff: 14, Sum: 55]
      [Scan RS (ms): Min: 2,0, Avg: 2,7, Max: 3,3, Diff: 1,3, Sum: 21,7]
      [Code Root Scanning (ms): Min: 0,0, Avg: 0,0, Max: 0,0, Diff: 0,0, Sum: 0,0]
      [Object Copy (ms): Min: 16,3, Avg: 16,8, Max: 18,3, Diff: 2,0, Sum: 134,2]
      [Termination (ms): Min: 0,0, Avg: 0,1, Max: 0,1, Diff: 0,1, Sum: 0,4]
         [Termination Attempts: Min: 1, Avg: 24,0, Max: 30, Diff: 29, Sum: 192]
      [GC Worker Other (ms): Min: 0,0, Avg: 0,0, Max: 0,1, Diff: 0,1, Sum: 0,3]
      [GC Worker Total (ms): Min: 21,9, Avg: 22,6, Max: 23,0, Diff: 1,0, Sum: 181,0]
      [GC Worker End (ms): Min: 11998431,0, Avg: 11998431,1, Max: 11998431,1, Diff: 0,1]
   [Code Root Fixup: 0,0 ms]
   [Code Root Purge: 0,0 ms]
   [Clear CT: 0,8 ms]
   [Other: 2,4 ms]
      [Choose CSet: 0,0 ms]
      [Ref Proc: 0,9 ms]
      [Ref Enq: 0,0 ms]
      [Redirty Cards: 0,9 ms]
      [Humongous Register: 0,1 ms]
      [Humongous Reclaim: 0,0 ms]
      [Free CSet: 0,1 ms]
   [Eden: 44,0M(44,0M)->0,0B(44,0M) Survivors: 7168,0K->7168,0K Heap: 333,5M(1024,0M)->293,8M(1024,0M)]
 [Times: user=0,18 sys=0,00, real=0,03 secs] 
2018-04-10T17:53:34.296+0200: 12088,390: [GC pause (G1 Evacuation Pause) (young), 0,0158687 secs]
   [Parallel Time: 13,1 ms, GC Workers: 8]
      [GC Worker Start (ms): Min: 12088390,5, Avg: 12088390,8, Max: 12088392,7, Diff: 2,2]
      [Ext Root Scanning (ms): Min: 0,0, Avg: 0,3, Max: 0,8, Diff: 0,8, Sum: 2,7]
      [Update RS (ms): Min: 0,0, Avg: 1,0, Max: 1,4, Diff: 1,4, Sum: 8,0]
         [Processed Buffers: Min: 0, Avg: 6,6, Max: 17, Diff: 17, Sum: 53]
      [Scan RS (ms): Min: 1,1, Avg: 1,6, Max: 1,9, Diff: 0,8, Sum: 12,5]
      [Code Root Scanning (ms): Min: 0,0, Avg: 0,0, Max: 0,0, Diff: 0,0, Sum: 0,0]
      [Object Copy (ms): Min: 9,2, Avg: 9,4, Max: 9,6, Diff: 0,5, Sum: 75,4]
      [Termination (ms): Min: 0,0, Avg: 0,2, Max: 0,3, Diff: 0,3, Sum: 1,3]
         [Termination Attempts: Min: 1, Avg: 1,0, Max: 1, Diff: 0, Sum: 8]
      [GC Worker Other (ms): Min: 0,0, Avg: 0,0, Max: 0,0, Diff: 0,0, Sum: 0,1]
      [GC Worker Total (ms): Min: 10,7, Avg: 12,5, Max: 12,9, Diff: 2,2, Sum: 100,1]
      [GC Worker End (ms): Min: 12088403,3, Avg: 12088403,3, Max: 12088403,5, Diff: 0,2]
   [Code Root Fixup: 0,0 ms]
   [Code Root Purge: 0,0 ms]
   [Clear CT: 0,1 ms]
   [Other: 2,7 ms]
      [Choose CSet: 0,0 ms]
      [Ref Proc: 2,2 ms]
      [Ref Enq: 0,0 ms]
      [Redirty Cards: 0,1 ms]
      [Humongous Register: 0,0 ms]
      [Humongous Reclaim: 0,0 ms]
      [Free CSet: 0,1 ms]
   [Eden: 44,0M(44,0M)->0,0B(44,0M) Survivors: 7168,0K->7168,0K Heap: 337,8M(1024,0M)->298,3M(1024,0M)]
 [Times: user=0,11 sys=0,00, real=0,01 secs] 
2018-04-10T17:55:03.171+0200: 12177,265: [GC pause (G1 Evacuation Pause) (young), 0,0252280 secs]
   [Parallel Time: 11,0 ms, GC Workers: 8]
      [GC Worker Start (ms): Min: 12177265,5, Avg: 12177265,9, Max: 12177267,2, Diff: 1,6]
      [Ext Root Scanning (ms): Min: 0,0, Avg: 0,4, Max: 1,1, Diff: 1,1, Sum: 3,5]
      [Update RS (ms): Min: 0,3, Avg: 1,3, Max: 1,8, Diff: 1,4, Sum: 10,1]
         [Processed Buffers: Min: 2, Avg: 7,0, Max: 13, Diff: 11, Sum: 56]
      [Scan RS (ms): Min: 1,0, Avg: 1,3, Max: 1,6, Diff: 0,6, Sum: 10,2]
      [Code Root Scanning (ms): Min: 0,0, Avg: 0,0, Max: 0,0, Diff: 0,0, Sum: 0,0]
      [Object Copy (ms): Min: 7,2, Avg: 7,3, Max: 7,4, Diff: 0,2, Sum: 58,5]
      [Termination (ms): Min: 0,0, Avg: 0,0, Max: 0,0, Diff: 0,0, Sum: 0,0]
         [Termination Attempts: Min: 1, Avg: 3,9, Max: 5, Diff: 4, Sum: 31]
      [GC Worker Other (ms): Min: 0,0, Avg: 0,0, Max: 0,0, Diff: 0,0, Sum: 0,1]
      [GC Worker Total (ms): Min: 9,1, Avg: 10,3, Max: 10,7, Diff: 1,6, Sum: 82,5]
      [GC Worker End (ms): Min: 12177276,2, Avg: 12177276,2, Max: 12177276,2, Diff: 0,0]
   [Code Root Fixup: 0,0 ms]
   [Code Root Purge: 0,0 ms]
   [Clear CT: 0,2 ms]
   [Other: 14,1 ms]
      [Choose CSet: 0,0 ms]
      [Ref Proc: 13,3 ms]
      [Ref Enq: 0,0 ms]
      [Redirty Cards: 0,1 ms]
      [Humongous Register: 0,1 ms]
      [Humongous Reclaim: 0,0 ms]
      [Free CSet: 0,1 ms]
   [Eden: 44,0M(44,0M)->0,0B(44,0M) Survivors: 7168,0K->7168,0K Heap: 342,3M(1024,0M)->302,3M(1024,0M)]
 [Times: user=0,15 sys=0,00, real=0,03 secs] 
2018-04-10T17:56:33.034+0200: 12267,128: [GC pause (G1 Evacuation Pause) (young), 0,0169294 secs]
   [Parallel Time: 13,9 ms, GC Workers: 8]
      [GC Worker Start (ms): Min: 12267128,3, Avg: 12267128,7, Max: 12267129,2, Diff: 0,8]
      [Ext Root Scanning (ms): Min: 0,1, Avg: 0,6, Max: 1,5, Diff: 1,4, Sum: 5,0]
      [Update RS (ms): Min: 1,5, Avg: 2,0, Max: 2,3, Diff: 0,8, Sum: 15,9]
         [Processed Buffers: Min: 1, Avg: 7,0, Max: 18, Diff: 17, Sum: 56]
      [Scan RS (ms): Min: 1,3, Avg: 1,5, Max: 1,7, Diff: 0,5, Sum: 12,3]
      [Code Root Scanning (ms): Min: 0,0, Avg: 0,0, Max: 0,0, Diff: 0,0, Sum: 0,1]
      [Object Copy (ms): Min: 8,1, Avg: 8,3, Max: 8,9, Diff: 0,7, Sum: 66,7]
      [Termination (ms): Min: 0,0, Avg: 0,7, Max: 0,8, Diff: 0,8, Sum: 5,9]
         [Termination Attempts: Min: 1, Avg: 1,0, Max: 1, Diff: 0, Sum: 8]
      [GC Worker Other (ms): Min: 0,0, Avg: 0,0, Max: 0,0, Diff: 0,0, Sum: 0,2]
      [GC Worker Total (ms): Min: 12,8, Avg: 13,2, Max: 13,6, Diff: 0,8, Sum: 106,0]
      [GC Worker End (ms): Min: 12267141,9, Avg: 12267141,9, Max: 12267142,0, Diff: 0,1]
   [Code Root Fixup: 0,0 ms]
   [Code Root Purge: 0,0 ms]
   [Clear CT: 0,1 ms]
   [Other: 2,9 ms]
      [Choose CSet: 0,0 ms]
      [Ref Proc: 2,4 ms]
      [Ref Enq: 0,0 ms]
      [Redirty Cards: 0,1 ms]
      [Humongous Register: 0,1 ms]
      [Humongous Reclaim: 0,0 ms]
      [Free CSet: 0,0 ms]
   [Eden: 44,0M(44,0M)->0,0B(44,0M) Survivors: 7168,0K->7168,0K Heap: 346,3M(1024,0M)->306,3M(1024,0M)]
 [Times: user=0,11 sys=0,00, real=0,02 secs] 
2018-04-10T17:58:03.595+0200: 12357,689: [GC pause (G1 Evacuation Pause) (young), 0,0249856 secs]
   [Parallel Time: 22,0 ms, GC Workers: 8]
      [GC Worker Start (ms): Min: 12357689,7, Avg: 12357689,9, Max: 12357690,8, Diff: 1,1]
      [Ext Root Scanning (ms): Min: 0,0, Avg: 0,5, Max: 1,1, Diff: 1,1, Sum: 4,3]
      [Update RS (ms): Min: 2,7, Avg: 2,9, Max: 3,2, Diff: 0,6, Sum: 23,3]
         [Processed Buffers: Min: 2, Avg: 7,0, Max: 22, Diff: 20, Sum: 56]
      [Scan RS (ms): Min: 2,3, Avg: 2,6, Max: 2,9, Diff: 0,7, Sum: 20,7]
      [Code Root Scanning (ms): Min: 0,0, Avg: 0,0, Max: 0,0, Diff: 0,0, Sum: 0,1]
      [Object Copy (ms): Min: 15,5, Avg: 15,6, Max: 15,7, Diff: 0,2, Sum: 124,6]
      [Termination (ms): Min: 0,0, Avg: 0,0, Max: 0,0, Diff: 0,0, Sum: 0,2]
         [Termination Attempts: Min: 1, Avg: 8,4, Max: 12, Diff: 11, Sum: 67]
      [GC Worker Other (ms): Min: 0,0, Avg: 0,0, Max: 0,0, Diff: 0,0, Sum: 0,2]
      [GC Worker Total (ms): Min: 20,8, Avg: 21,7, Max: 21,9, Diff: 1,1, Sum: 173,4]
      [GC Worker End (ms): Min: 12357711,6, Avg: 12357711,6, Max: 12357711,6, Diff: 0,0]
   [Code Root Fixup: 0,0 ms]
   [Code Root Purge: 0,0 ms]
   [Clear CT: 0,7 ms]
   [Other: 2,3 ms]
      [Choose CSet: 0,0 ms]
      [Ref Proc: 1,5 ms]
      [Ref Enq: 0,0 ms]
      [Redirty Cards: 0,3 ms]
      [Humongous Register: 0,1 ms]
      [Humongous Reclaim: 0,0 ms]
      [Free CSet: 0,1 ms]
   [Eden: 44,0M(44,0M)->0,0B(44,0M) Survivors: 7168,0K->7168,0K Heap: 350,3M(1024,0M)->309,3M(1024,0M)]
 [Times: user=0,17 sys=0,00, real=0,03 secs] 
2018-04-10T17:59:33.515+0200: 12447,609: [GC pause (G1 Evacuation Pause) (young), 0,0266634 secs]
   [Parallel Time: 24,8 ms, GC Workers: 8]
      [GC Worker Start (ms): Min: 12447609,5, Avg: 12447609,7, Max: 12447610,2, Diff: 0,7]
      [Ext Root Scanning (ms): Min: 0,1, Avg: 0,5, Max: 1,0, Diff: 0,9, Sum: 4,1]
      [Update RS (ms): Min: 0,0, Avg: 2,1, Max: 2,9, Diff: 2,9, Sum: 16,4]
         [Processed Buffers: Min: 0, Avg: 6,6, Max: 19, Diff: 19, Sum: 53]
      [Scan RS (ms): Min: 0,4, Avg: 2,5, Max: 3,4, Diff: 3,0, Sum: 19,6]
      [Code Root Scanning (ms): Min: 0,0, Avg: 0,0, Max: 0,0, Diff: 0,0, Sum: 0,0]
      [Object Copy (ms): Min: 18,5, Avg: 19,4, Max: 23,6, Diff: 5,0, Sum: 155,4]
      [Termination (ms): Min: 0,0, Avg: 0,0, Max: 0,1, Diff: 0,0, Sum: 0,3]
         [Termination Attempts: Min: 1, Avg: 14,8, Max: 24, Diff: 23, Sum: 118]
      [GC Worker Other (ms): Min: 0,0, Avg: 0,0, Max: 0,0, Diff: 0,0, Sum: 0,2]
      [GC Worker Total (ms): Min: 24,0, Avg: 24,5, Max: 24,7, Diff: 0,7, Sum: 196,0]
      [GC Worker End (ms): Min: 12447634,2, Avg: 12447634,2, Max: 12447634,2, Diff: 0,0]
   [Code Root Fixup: 0,0 ms]
   [Code Root Purge: 0,0 ms]
   [Clear CT: 0,2 ms]
   [Other: 1,6 ms]
      [Choose CSet: 0,0 ms]
      [Ref Proc: 0,6 ms]
      [Ref Enq: 0,0 ms]
      [Redirty Cards: 0,5 ms]
      [Humongous Register: 0,1 ms]
      [Humongous Reclaim: 0,0 ms]
      [Free CSet: 0,1 ms]
   [Eden: 44,0M(44,0M)->0,0B(44,0M) Survivors: 7168,0K->7168,0K Heap: 353,3M(1024,0M)->313,8M(1024,0M)]
 [Times: user=0,19 sys=0,00, real=0,03 secs] 
2018-04-10T18:01:02.729+0200: 12536,823: [GC pause (G1 Evacuation Pause) (young), 0,0112141 secs]
   [Parallel Time: 9,5 ms, GC Workers: 8]
      [GC Worker Start (ms): Min: 12536823,1, Avg: 12536823,2, Max: 12536823,5, Diff: 0,4]
      [Ext Root Scanning (ms): Min: 0,0, Avg: 0,3, Max: 0,7, Diff: 0,7, Sum: 2,3]
      [Update RS (ms): Min: 0,6, Avg: 1,7, Max: 6,3, Diff: 5,7, Sum: 13,4]
         [Processed Buffers: Min: 1, Avg: 6,6, Max: 17, Diff: 16, Sum: 53]
      [Scan RS (ms): Min: 0,0, Avg: 1,2, Max: 1,5, Diff: 1,5, Sum: 9,4]
      [Code Root Scanning (ms): Min: 0,0, Avg: 0,0, Max: 0,0, Diff: 0,0, Sum: 0,0]
      [Object Copy (ms): Min: 2,6, Avg: 6,0, Max: 7,0, Diff: 4,4, Sum: 48,2]
      [Termination (ms): Min: 0,0, Avg: 0,0, Max: 0,0, Diff: 0,0, Sum: 0,0]
         [Termination Attempts: Min: 1, Avg: 3,6, Max: 7, Diff: 6, Sum: 29]
      [GC Worker Other (ms): Min: 0,0, Avg: 0,0, Max: 0,0, Diff: 0,0, Sum: 0,1]
      [GC Worker Total (ms): Min: 8,9, Avg: 9,2, Max: 9,3, Diff: 0,4, Sum: 73,4]
      [GC Worker End (ms): Min: 12536832,3, Avg: 12536832,3, Max: 12536832,4, Diff: 0,0]
   [Code Root Fixup: 0,0 ms]
   [Code Root Purge: 0,0 ms]
   [Clear CT: 0,3 ms]
   [Other: 1,4 ms]
      [Choose CSet: 0,0 ms]
      [Ref Proc: 1,0 ms]
      [Ref Enq: 0,0 ms]
      [Redirty Cards: 0,1 ms]
      [Humongous Register: 0,0 ms]
      [Humongous Reclaim: 0,0 ms]
      [Free CSet: 0,0 ms]
   [Eden: 44,0M(44,0M)->0,0B(44,0M) Survivors: 7168,0K->7168,0K Heap: 357,8M(1024,0M)->317,4M(1024,0M)]
 [Times: user=0,08 sys=0,00, real=0,01 secs] 
2018-04-10T18:02:33.730+0200: 12627,824: [GC pause (G1 Evacuation Pause) (young), 0,0153665 secs]
   [Parallel Time: 11,7 ms, GC Workers: 8]
      [GC Worker Start (ms): Min: 12627824,2, Avg: 12627824,3, Max: 12627824,7, Diff: 0,4]
      [Ext Root Scanning (ms): Min: 0,0, Avg: 0,3, Max: 1,0, Diff: 1,0, Sum: 2,4]
      [Update RS (ms): Min: 0,8, Avg: 1,3, Max: 1,7, Diff: 0,9, Sum: 10,6]
         [Processed Buffers: Min: 1, Avg: 7,0, Max: 15, Diff: 14, Sum: 56]
      [Scan RS (ms): Min: 0,2, Avg: 1,1, Max: 1,6, Diff: 1,3, Sum: 8,4]
      [Code Root Scanning (ms): Min: 0,0, Avg: 0,0, Max: 0,0, Diff: 0,0, Sum: 0,0]
      [Object Copy (ms): Min: 8,6, Avg: 8,8, Max: 9,7, Diff: 1,0, Sum: 70,6]
      [Termination (ms): Min: 0,0, Avg: 0,0, Max: 0,0, Diff: 0,0, Sum: 0,0]
         [Termination Attempts: Min: 1, Avg: 4,0, Max: 6, Diff: 5, Sum: 32]
      [GC Worker Other (ms): Min: 0,0, Avg: 0,0, Max: 0,0, Diff: 0,0, Sum: 0,1]
      [GC Worker Total (ms): Min: 11,2, Avg: 11,5, Max: 11,6, Diff: 0,4, Sum: 92,3]
      [GC Worker End (ms): Min: 12627835,9, Avg: 12627835,9, Max: 12627835,9, Diff: 0,0]
   [Code Root Fixup: 0,0 ms]
   [Code Root Purge: 0,0 ms]
   [Clear CT: 0,3 ms]
   [Other: 3,4 ms]
      [Choose CSet: 0,0 ms]
      [Ref Proc: 2,9 ms]
      [Ref Enq: 0,0 ms]
      [Redirty Cards: 0,1 ms]
      [Humongous Register: 0,1 ms]
      [Humongous Reclaim: 0,0 ms]
      [Free CSet: 0,0 ms]
   [Eden: 44,0M(44,0M)->0,0B(68,0M) Survivors: 7168,0K->7168,0K Heap: 361,4M(1024,0M)->321,2M(1024,0M)]
 [Times: user=0,10 sys=0,00, real=0,01 secs] 
2018-04-10T18:04:03.019+0200: 12717,113: [GC pause (G1 Evacuation Pause) (young), 0,0209755 secs]
   [Parallel Time: 18,3 ms, GC Workers: 8]
      [GC Worker Start (ms): Min: 12717113,6, Avg: 12717114,9, Max: 12717119,8, Diff: 6,2]
      [Ext Root Scanning (ms): Min: 0,0, Avg: 0,6, Max: 1,1, Diff: 1,0, Sum: 4,5]
      [Update RS (ms): Min: 0,0, Avg: 2,3, Max: 3,5, Diff: 3,5, Sum: 18,5]
         [Processed Buffers: Min: 0, Avg: 6,9, Max: 18, Diff: 18, Sum: 55]
      [Scan RS (ms): Min: 1,4, Avg: 3,9, Max: 8,1, Diff: 6,7, Sum: 31,2]
      [Code Root Scanning (ms): Min: 0,0, Avg: 0,0, Max: 0,0, Diff: 0,0, Sum: 0,0]
      [Object Copy (ms): Min: 6,2, Avg: 10,1, Max: 10,9, Diff: 4,7, Sum: 81,1]
      [Termination (ms): Min: 0,0, Avg: 0,0, Max: 0,0, Diff: 0,0, Sum: 0,2]
         [Termination Attempts: Min: 2, Avg: 3,8, Max: 6, Diff: 4, Sum: 30]
      [GC Worker Other (ms): Min: 0,0, Avg: 0,0, Max: 0,0, Diff: 0,0, Sum: 0,1]
      [GC Worker Total (ms): Min: 12,0, Avg: 17,0, Max: 18,3, Diff: 6,2, Sum: 135,7]
      [GC Worker End (ms): Min: 12717131,9, Avg: 12717131,9, Max: 12717131,9, Diff: 0,0]
   [Code Root Fixup: 0,0 ms]
   [Code Root Purge: 0,0 ms]
   [Clear CT: 0,1 ms]
   [Other: 2,6 ms]
      [Choose CSet: 0,0 ms]
      [Ref Proc: 2,1 ms]
      [Ref Enq: 0,0 ms]
      [Redirty Cards: 0,1 ms]
      [Humongous Register: 0,1 ms]
      [Humongous Reclaim: 0,0 ms]
      [Free CSet: 0,0 ms]
   [Eden: 44,0M(44,0M)->0,0B(53,0M) Survivors: 7168,0K->7168,0K Heap: 365,2M(1024,0M)->325,6M(1024,0M)]
 [Times: user=0,14 sys=0,00, real=0,02 secs] 
2018-04-10T18:05:49.504+0200: 12823,598: [GC pause (G1 Evacuation Pause) (young), 0,0250777 secs]
   [Parallel Time: 23,3 ms, GC Workers: 8]
      [GC Worker Start (ms): Min: 12823598,7, Avg: 12823599,0, Max: 12823599,7, Diff: 1,0]
      [Ext Root Scanning (ms): Min: 0,0, Avg: 0,6, Max: 1,2, Diff: 1,1, Sum: 4,7]
      [Update RS (ms): Min: 2,3, Avg: 2,5, Max: 2,9, Diff: 0,6, Sum: 20,2]
         [Processed Buffers: Min: 2, Avg: 6,6, Max: 15, Diff: 13, Sum: 53]
      [Scan RS (ms): Min: 2,2, Avg: 2,6, Max: 2,9, Diff: 0,6, Sum: 21,0]
      [Code Root Scanning (ms): Min: 0,0, Avg: 0,0, Max: 0,0, Diff: 0,0, Sum: 0,0]
      [Object Copy (ms): Min: 17,0, Avg: 17,2, Max: 17,4, Diff: 0,3, Sum: 137,5]
      [Termination (ms): Min: 0,0, Avg: 0,0, Max: 0,0, Diff: 0,0, Sum: 0,0]
         [Termination Attempts: Min: 1, Avg: 1,0, Max: 1, Diff: 0, Sum: 8]
      [GC Worker Other (ms): Min: 0,0, Avg: 0,0, Max: 0,0, Diff: 0,0, Sum: 0,2]
      [GC Worker Total (ms): Min: 22,3, Avg: 23,0, Max: 23,3, Diff: 1,0, Sum: 183,7]
      [GC Worker End (ms): Min: 12823621,9, Avg: 12823621,9, Max: 12823621,9, Diff: 0,0]
   [Code Root Fixup: 0,0 ms]
   [Code Root Purge: 0,0 ms]
   [Clear CT: 0,5 ms]
   [Other: 1,2 ms]
      [Choose CSet: 0,0 ms]
      [Ref Proc: 0,5 ms]
      [Ref Enq: 0,0 ms]
      [Redirty Cards: 0,2 ms]
      [Humongous Register: 0,1 ms]
      [Humongous Reclaim: 0,0 ms]
      [Free CSet: 0,1 ms]
   [Eden: 53,0M(53,0M)->0,0B(43,0M) Survivors: 7168,0K->8192,0K Heap: 378,6M(1024,0M)->330,3M(1024,0M)]
 [Times: user=0,18 sys=0,00, real=0,03 secs] 
2018-04-10T18:07:16.517+0200: 12910,611: [GC pause (G1 Evacuation Pause) (young), 0,0259485 secs]
   [Parallel Time: 22,1 ms, GC Workers: 8]
      [GC Worker Start (ms): Min: 12910611,7, Avg: 12910611,8, Max: 12910611,9, Diff: 0,3]
      [Ext Root Scanning (ms): Min: 0,4, Avg: 0,6, Max: 1,0, Diff: 0,6, Sum: 4,6]
      [Update RS (ms): Min: 1,7, Avg: 2,1, Max: 2,5, Diff: 0,8, Sum: 16,5]
         [Processed Buffers: Min: 1, Avg: 6,2, Max: 21, Diff: 20, Sum: 50]
      [Scan RS (ms): Min: 1,8, Avg: 2,4, Max: 2,7, Diff: 0,8, Sum: 19,0]
      [Code Root Scanning (ms): Min: 0,0, Avg: 0,0, Max: 0,0, Diff: 0,0, Sum: 0,0]
      [Object Copy (ms): Min: 16,6, Avg: 16,8, Max: 17,0, Diff: 0,4, Sum: 134,4]
      [Termination (ms): Min: 0,0, Avg: 0,0, Max: 0,0, Diff: 0,0, Sum: 0,0]
         [Termination Attempts: Min: 1, Avg: 1,1, Max: 2, Diff: 1, Sum: 9]
      [GC Worker Other (ms): Min: 0,0, Avg: 0,0, Max: 0,0, Diff: 0,0, Sum: 0,2]
      [GC Worker Total (ms): Min: 21,7, Avg: 21,8, Max: 22,0, Diff: 0,3, Sum: 174,7]
      [GC Worker End (ms): Min: 12910633,6, Avg: 12910633,6, Max: 12910633,6, Diff: 0,0]
   [Code Root Fixup: 0,0 ms]
   [Code Root Purge: 0,0 ms]
   [Clear CT: 0,7 ms]
   [Other: 3,1 ms]
      [Choose CSet: 0,0 ms]
      [Ref Proc: 2,3 ms]
      [Ref Enq: 0,0 ms]
      [Redirty Cards: 0,3 ms]
      [Humongous Register: 0,1 ms]
      [Humongous Reclaim: 0,0 ms]
      [Free CSet: 0,1 ms]
   [Eden: 43,0M(43,0M)->0,0B(46,0M) Survivors: 8192,0K->5120,0K Heap: 373,3M(1024,0M)->334,1M(1024,0M)]
 [Times: user=0,17 sys=0,00, real=0,02 secs] 
2018-04-10T18:08:49.487+0200: 13003,582: [GC pause (G1 Evacuation Pause) (young), 0,0221959 secs]
   [Parallel Time: 19,1 ms, GC Workers: 8]
      [GC Worker Start (ms): Min: 13003582,0, Avg: 13003582,8, Max: 13003584,5, Diff: 2,6]
      [Ext Root Scanning (ms): Min: 0,0, Avg: 0,5, Max: 1,0, Diff: 1,0, Sum: 3,7]
      [Update RS (ms): Min: 1,3, Avg: 2,5, Max: 4,2, Diff: 2,9, Sum: 19,7]
         [Processed Buffers: Min: 1, Avg: 6,8, Max: 18, Diff: 17, Sum: 54]
      [Scan RS (ms): Min: 1,5, Avg: 3,0, Max: 3,7, Diff: 2,2, Sum: 23,7]
      [Code Root Scanning (ms): Min: 0,0, Avg: 0,0, Max: 0,0, Diff: 0,0, Sum: 0,1]
      [Object Copy (ms): Min: 11,3, Avg: 12,1, Max: 12,3, Diff: 1,0, Sum: 96,7]
      [Termination (ms): Min: 0,0, Avg: 0,1, Max: 0,1, Diff: 0,1, Sum: 0,6]
         [Termination Attempts: Min: 2, Avg: 3,4, Max: 7, Diff: 5, Sum: 27]
      [GC Worker Other (ms): Min: 0,0, Avg: 0,0, Max: 0,0, Diff: 0,0, Sum: 0,2]
      [GC Worker Total (ms): Min: 16,3, Avg: 18,1, Max: 18,9, Diff: 2,6, Sum: 144,7]
      [GC Worker End (ms): Min: 13003600,9, Avg: 13003600,9, Max: 13003600,9, Diff: 0,0]
   [Code Root Fixup: 0,0 ms]
   [Code Root Purge: 0,0 ms]
   [Clear CT: 0,3 ms]
   [Other: 2,7 ms]
      [Choose CSet: 0,0 ms]
      [Ref Proc: 0,5 ms]
      [Ref Enq: 0,0 ms]
      [Redirty Cards: 1,5 ms]
      [Humongous Register: 0,1 ms]
      [Humongous Reclaim: 0,0 ms]
      [Free CSet: 0,1 ms]
   [Eden: 46,0M(46,0M)->0,0B(44,0M) Survivors: 5120,0K->7168,0K Heap: 380,1M(1024,0M)->339,0M(1024,0M)]
 [Times: user=0,14 sys=0,00, real=0,02 secs] 
2018-04-10T18:10:20.661+0200: 13094,756: [GC pause (G1 Evacuation Pause) (young), 0,0187979 secs]
   [Parallel Time: 15,6 ms, GC Workers: 8]
      [GC Worker Start (ms): Min: 13094755,7, Avg: 13094757,7, Max: 13094761,5, Diff: 5,8]
      [Ext Root Scanning (ms): Min: 0,0, Avg: 0,2, Max: 0,6, Diff: 0,6, Sum: 1,8]
      [Update RS (ms): Min: 0,0, Avg: 0,6, Max: 1,1, Diff: 1,1, Sum: 5,0]
         [Processed Buffers: Min: 0, Avg: 6,4, Max: 18, Diff: 18, Sum: 51]
      [Scan RS (ms): Min: 0,0, Avg: 0,8, Max: 1,4, Diff: 1,3, Sum: 6,4]
      [Code Root Scanning (ms): Min: 0,0, Avg: 0,0, Max: 0,0, Diff: 0,0, Sum: 0,0]
      [Object Copy (ms): Min: 7,6, Avg: 10,0, Max: 12,3, Diff: 4,7, Sum: 79,9]
      [Termination (ms): Min: 0,0, Avg: 1,6, Max: 2,0, Diff: 2,0, Sum: 12,9]
         [Termination Attempts: Min: 1, Avg: 10,8, Max: 14, Diff: 13, Sum: 86]
      [GC Worker Other (ms): Min: 0,0, Avg: 0,0, Max: 0,0, Diff: 0,0, Sum: 0,1]
      [GC Worker Total (ms): Min: 9,5, Avg: 13,3, Max: 15,3, Diff: 5,8, Sum: 106,2]
      [GC Worker End (ms): Min: 13094770,9, Avg: 13094771,0, Max: 13094771,2, Diff: 0,3]
   [Code Root Fixup: 0,0 ms]
   [Code Root Purge: 0,0 ms]
   [Clear CT: 0,2 ms]
   [Other: 3,0 ms]
      [Choose CSet: 0,0 ms]
      [Ref Proc: 2,3 ms]
      [Ref Enq: 0,0 ms]
      [Redirty Cards: 0,2 ms]
      [Humongous Register: 0,0 ms]
      [Humongous Reclaim: 0,0 ms]
      [Free CSet: 0,1 ms]
   [Eden: 44,0M(44,0M)->0,0B(44,0M) Survivors: 7168,0K->7168,0K Heap: 383,0M(1024,0M)->342,1M(1024,0M)]
 [Times: user=0,10 sys=0,00, real=0,02 secs] 
2018-04-10T18:11:48.825+0200: 13182,919: [GC pause (G1 Evacuation Pause) (young), 0,0247698 secs]
   [Parallel Time: 22,0 ms, GC Workers: 8]
      [GC Worker Start (ms): Min: 13182919,7, Avg: 13182920,1, Max: 13182920,9, Diff: 1,2]
      [Ext Root Scanning (ms): Min: 0,0, Avg: 0,5, Max: 1,1, Diff: 1,1, Sum: 4,1]
      [Update RS (ms): Min: 1,3, Avg: 2,2, Max: 2,8, Diff: 1,5, Sum: 17,2]
         [Processed Buffers: Min: 1, Avg: 7,0, Max: 14, Diff: 13, Sum: 56]
      [Scan RS (ms): Min: 2,7, Avg: 3,6, Max: 5,0, Diff: 2,3, Sum: 29,0]
      [Code Root Scanning (ms): Min: 0,0, Avg: 0,0, Max: 0,1, Diff: 0,1, Sum: 0,1]
      [Object Copy (ms): Min: 13,8, Avg: 14,6, Max: 15,0, Diff: 1,2, Sum: 117,2]
      [Termination (ms): Min: 0,0, Avg: 0,0, Max: 0,0, Diff: 0,0, Sum: 0,1]
         [Termination Attempts: Min: 1, Avg: 6,2, Max: 8, Diff: 7, Sum: 50]
      [GC Worker Other (ms): Min: 0,0, Avg: 0,0, Max: 0,0, Diff: 0,0, Sum: 0,2]
      [GC Worker Total (ms): Min: 20,2, Avg: 21,0, Max: 21,4, Diff: 1,2, Sum: 167,9]
      [GC Worker End (ms): Min: 13182941,1, Avg: 13182941,1, Max: 13182941,1, Diff: 0,0]
   [Code Root Fixup: 0,0 ms]
   [Code Root Purge: 0,0 ms]
   [Clear CT: 0,9 ms]
   [Other: 1,9 ms]
      [Choose CSet: 0,0 ms]
      [Ref Proc: 0,6 ms]
      [Ref Enq: 0,0 ms]
      [Redirty Cards: 0,7 ms]
      [Humongous Register: 0,1 ms]
      [Humongous Reclaim: 0,0 ms]
      [Free CSet: 0,1 ms]
   [Eden: 44,0M(44,0M)->0,0B(46,0M) Survivors: 7168,0K->5120,0K Heap: 386,1M(1024,0M)->346,3M(1024,0M)]
 [Times: user=0,16 sys=0,00, real=0,03 secs] 
2018-04-10T18:13:23.216+0200: 13277,311: [GC pause (G1 Evacuation Pause) (young), 0,0226863 secs]
   [Parallel Time: 18,0 ms, GC Workers: 8]
      [GC Worker Start (ms): Min: 13277311,4, Avg: 13277314,1, Max: 13277317,6, Diff: 6,3]
      [Ext Root Scanning (ms): Min: 0,0, Avg: 0,3, Max: 1,1, Diff: 1,1, Sum: 2,4]
      [Update RS (ms): Min: 0,0, Avg: 3,4, Max: 8,7, Diff: 8,7, Sum: 27,0]
         [Processed Buffers: Min: 0, Avg: 6,8, Max: 24, Diff: 24, Sum: 54]
      [Scan RS (ms): Min: 0,0, Avg: 2,3, Max: 6,6, Diff: 6,6, Sum: 18,2]
      [Code Root Scanning (ms): Min: 0,0, Avg: 0,0, Max: 0,0, Diff: 0,0, Sum: 0,0]
      [Object Copy (ms): Min: 3,8, Avg: 7,0, Max: 9,0, Diff: 5,2, Sum: 56,1]
      [Termination (ms): Min: 0,0, Avg: 1,4, Max: 2,1, Diff: 2,0, Sum: 11,2]
         [Termination Attempts: Min: 1, Avg: 20,4, Max: 33, Diff: 32, Sum: 163]
      [GC Worker Other (ms): Min: 0,0, Avg: 0,0, Max: 0,0, Diff: 0,0, Sum: 0,1]
      [GC Worker Total (ms): Min: 10,8, Avg: 14,4, Max: 17,2, Diff: 6,4, Sum: 115,0]
      [GC Worker End (ms): Min: 13277328,4, Avg: 13277328,5, Max: 13277328,6, Diff: 0,2]
   [Code Root Fixup: 0,0 ms]
   [Code Root Purge: 0,0 ms]
   [Clear CT: 0,5 ms]
   [Other: 4,2 ms]
      [Choose CSet: 0,0 ms]
      [Ref Proc: 1,9 ms]
      [Ref Enq: 0,0 ms]
      [Redirty Cards: 1,6 ms]
      [Humongous Register: 0,0 ms]
      [Humongous Reclaim: 0,1 ms]
      [Free CSet: 0,2 ms]
   [Eden: 46,0M(46,0M)->0,0B(44,0M) Survivors: 5120,0K->7168,0K Heap: 392,3M(1024,0M)->351,5M(1024,0M)]
 [Times: user=0,08 sys=0,00, real=0,02 secs] 
2018-04-10T18:14:53.691+0200: 13367,786: [GC pause (G1 Evacuation Pause) (young), 0,0271924 secs]
   [Parallel Time: 24,0 ms, GC Workers: 8]
      [GC Worker Start (ms): Min: 13367786,2, Avg: 13367787,8, Max: 13367793,3, Diff: 7,1]
      [Ext Root Scanning (ms): Min: 0,0, Avg: 0,6, Max: 1,2, Diff: 1,1, Sum: 4,8]
      [Update RS (ms): Min: 0,0, Avg: 1,7, Max: 2,6, Diff: 2,6, Sum: 13,9]
         [Processed Buffers: Min: 0, Avg: 6,6, Max: 26, Diff: 26, Sum: 53]
      [Scan RS (ms): Min: 0,0, Avg: 2,5, Max: 3,1, Diff: 3,1, Sum: 19,9]
      [Code Root Scanning (ms): Min: 0,0, Avg: 0,0, Max: 0,1, Diff: 0,1, Sum: 0,1]
      [Object Copy (ms): Min: 16,8, Avg: 17,5, Max: 17,7, Diff: 0,9, Sum: 140,1]
      [Termination (ms): Min: 0,0, Avg: 0,0, Max: 0,0, Diff: 0,0, Sum: 0,1]
         [Termination Attempts: Min: 1, Avg: 6,6, Max: 11, Diff: 10, Sum: 53]
      [GC Worker Other (ms): Min: 0,0, Avg: 0,0, Max: 0,0, Diff: 0,0, Sum: 0,2]
      [GC Worker Total (ms): Min: 16,9, Avg: 22,4, Max: 23,9, Diff: 7,1, Sum: 179,0]
      [GC Worker End (ms): Min: 13367810,1, Avg: 13367810,1, Max: 13367810,1, Diff: 0,0]
   [Code Root Fixup: 0,0 ms]
   [Code Root Purge: 0,0 ms]
   [Clear CT: 0,5 ms]
   [Other: 2,7 ms]
      [Choose CSet: 0,0 ms]
      [Ref Proc: 1,9 ms]
      [Ref Enq: 0,0 ms]
      [Redirty Cards: 0,3 ms]
      [Humongous Register: 0,1 ms]
      [Humongous Reclaim: 0,0 ms]
      [Free CSet: 0,1 ms]
   [Eden: 44,0M(44,0M)->0,0B(46,0M) Survivors: 7168,0K->5120,0K Heap: 395,5M(1024,0M)->354,8M(1024,0M)]
 [Times: user=0,16 sys=0,00, real=0,03 secs] 
2018-04-10T18:16:29.073+0200: 13463,167: [GC pause (G1 Evacuation Pause) (young), 0,0217045 secs]
   [Parallel Time: 19,8 ms, GC Workers: 8]
      [GC Worker Start (ms): Min: 13463167,4, Avg: 13463168,2, Max: 13463170,4, Diff: 3,0]
      [Ext Root Scanning (ms): Min: 0,0, Avg: 0,5, Max: 1,1, Diff: 1,1, Sum: 4,0]
      [Update RS (ms): Min: 1,5, Avg: 2,6, Max: 3,1, Diff: 1,5, Sum: 20,8]
         [Processed Buffers: Min: 1, Avg: 6,4, Max: 18, Diff: 17, Sum: 51]
      [Scan RS (ms): Min: 2,6, Avg: 3,4, Max: 3,9, Diff: 1,3, Sum: 26,9]
      [Code Root Scanning (ms): Min: 0,0, Avg: 0,0, Max: 0,0, Diff: 0,0, Sum: 0,0]
      [Object Copy (ms): Min: 11,7, Avg: 12,4, Max: 12,7, Diff: 1,0, Sum: 99,2]
      [Termination (ms): Min: 0,0, Avg: 0,0, Max: 0,0, Diff: 0,0, Sum: 0,0]
         [Termination Attempts: Min: 1, Avg: 1,0, Max: 1, Diff: 0, Sum: 8]
      [GC Worker Other (ms): Min: 0,0, Avg: 0,0, Max: 0,0, Diff: 0,0, Sum: 0,2]
      [GC Worker Total (ms): Min: 16,7, Avg: 18,9, Max: 19,7, Diff: 3,0, Sum: 151,1]
      [GC Worker End (ms): Min: 13463187,1, Avg: 13463187,1, Max: 13463187,1, Diff: 0,0]
   [Code Root Fixup: 0,0 ms]
   [Code Root Purge: 0,0 ms]
   [Clear CT: 0,3 ms]
   [Other: 1,6 ms]
      [Choose CSet: 0,0 ms]
      [Ref Proc: 0,7 ms]
      [Ref Enq: 0,0 ms]
      [Redirty Cards: 0,4 ms]
      [Humongous Register: 0,1 ms]
      [Humongous Reclaim: 0,0 ms]
      [Free CSet: 0,1 ms]
   [Eden: 46,0M(46,0M)->0,0B(44,0M) Survivors: 5120,0K->7168,0K Heap: 400,8M(1024,0M)->358,9M(1024,0M)]
 [Times: user=0,16 sys=0,00, real=0,02 secs] 
2018-04-10T18:17:58.343+0200: 13552,437: [GC pause (G1 Evacuation Pause) (young), 0,0235059 secs]
   [Parallel Time: 21,4 ms, GC Workers: 8]
      [GC Worker Start (ms): Min: 13552437,6, Avg: 13552437,8, Max: 13552438,4, Diff: 0,9]
      [Ext Root Scanning (ms): Min: 0,0, Avg: 0,6, Max: 1,1, Diff: 1,1, Sum: 4,8]
      [Update RS (ms): Min: 1,2, Avg: 1,6, Max: 2,0, Diff: 0,8, Sum: 12,6]
         [Processed Buffers: Min: 1, Avg: 6,5, Max: 23, Diff: 22, Sum: 52]
      [Scan RS (ms): Min: 2,5, Avg: 2,9, Max: 3,4, Diff: 0,9, Sum: 23,6]
      [Code Root Scanning (ms): Min: 0,0, Avg: 0,0, Max: 0,0, Diff: 0,0, Sum: 0,0]
      [Object Copy (ms): Min: 15,7, Avg: 15,9, Max: 16,1, Diff: 0,4, Sum: 127,0]
      [Termination (ms): Min: 0,0, Avg: 0,0, Max: 0,0, Diff: 0,0, Sum: 0,3]
         [Termination Attempts: Min: 1, Avg: 15,2, Max: 21, Diff: 20, Sum: 122]
      [GC Worker Other (ms): Min: 0,0, Avg: 0,0, Max: 0,0, Diff: 0,0, Sum: 0,3]
      [GC Worker Total (ms): Min: 20,4, Avg: 21,1, Max: 21,3, Diff: 0,9, Sum: 168,7]
      [GC Worker End (ms): Min: 13552458,8, Avg: 13552458,8, Max: 13552458,8, Diff: 0,0]
   [Code Root Fixup: 0,0 ms]
   [Code Root Purge: 0,0 ms]
   [Clear CT: 0,5 ms]
   [Other: 1,6 ms]
      [Choose CSet: 0,0 ms]
      [Ref Proc: 0,6 ms]
      [Ref Enq: 0,0 ms]
      [Redirty Cards: 0,5 ms]
      [Humongous Register: 0,1 ms]
      [Humongous Reclaim: 0,0 ms]
      [Free CSet: 0,1 ms]
   [Eden: 44,0M(44,0M)->0,0B(44,0M) Survivors: 7168,0K->7168,0K Heap: 402,9M(1024,0M)->362,4M(1024,0M)]
 [Times: user=0,17 sys=0,00, real=0,03 secs] 
2018-04-10T18:19:27.674+0200: 13641,768: [GC pause (G1 Evacuation Pause) (young), 0,0333617 secs]
   [Parallel Time: 31,4 ms, GC Workers: 8]
      [GC Worker Start (ms): Min: 13641768,4, Avg: 13641768,6, Max: 13641769,3, Diff: 1,0]
      [Ext Root Scanning (ms): Min: 0,0, Avg: 0,6, Max: 1,1, Diff: 1,0, Sum: 4,7]
      [Update RS (ms): Min: 1,9, Avg: 2,2, Max: 2,9, Diff: 0,9, Sum: 17,7]
         [Processed Buffers: Min: 1, Avg: 6,6, Max: 13, Diff: 12, Sum: 53]
      [Scan RS (ms): Min: 2,6, Avg: 3,2, Max: 3,9, Diff: 1,3, Sum: 25,6]
      [Code Root Scanning (ms): Min: 0,0, Avg: 0,0, Max: 0,0, Diff: 0,0, Sum: 0,0]
      [Object Copy (ms): Min: 24,4, Avg: 25,0, Max: 25,3, Diff: 0,9, Sum: 200,2]
      [Termination (ms): Min: 0,0, Avg: 0,0, Max: 0,0, Diff: 0,0, Sum: 0,1]
         [Termination Attempts: Min: 1, Avg: 1,6, Max: 3, Diff: 2, Sum: 13]
      [GC Worker Other (ms): Min: 0,0, Avg: 0,0, Max: 0,0, Diff: 0,0, Sum: 0,2]
      [GC Worker Total (ms): Min: 30,3, Avg: 31,0, Max: 31,3, Diff: 1,0, Sum: 248,4]
      [GC Worker End (ms): Min: 13641799,7, Avg: 13641799,7, Max: 13641799,7, Diff: 0,0]
   [Code Root Fixup: 0,0 ms]
   [Code Root Purge: 0,0 ms]
   [Clear CT: 0,5 ms]
   [Other: 1,4 ms]
      [Choose CSet: 0,0 ms]
      [Ref Proc: 0,7 ms]
      [Ref Enq: 0,0 ms]
      [Redirty Cards: 0,1 ms]
      [Humongous Register: 0,1 ms]
      [Humongous Reclaim: 0,0 ms]
      [Free CSet: 0,1 ms]
   [Eden: 44,0M(44,0M)->0,0B(44,0M) Survivors: 7168,0K->7168,0K Heap: 406,4M(1024,0M)->367,5M(1024,0M)]
 [Times: user=0,19 sys=0,00, real=0,04 secs] 
2018-04-10T18:20:57.696+0200: 13731,791: [GC pause (G1 Evacuation Pause) (young) (initial-mark), 0,0216019 secs]
   [Parallel Time: 17,8 ms, GC Workers: 8]
      [GC Worker Start (ms): Min: 13731791,5, Avg: 13731792,1, Max: 13731792,8, Diff: 1,3]
      [Ext Root Scanning (ms): Min: 0,3, Avg: 1,6, Max: 4,2, Diff: 3,9, Sum: 13,0]
      [Update RS (ms): Min: 0,0, Avg: 1,0, Max: 1,7, Diff: 1,7, Sum: 7,7]
         [Processed Buffers: Min: 0, Avg: 6,1, Max: 25, Diff: 25, Sum: 49]
      [Scan RS (ms): Min: 0,0, Avg: 1,1, Max: 1,6, Diff: 1,6, Sum: 8,9]
      [Code Root Scanning (ms): Min: 0,0, Avg: 0,0, Max: 0,0, Diff: 0,0, Sum: 0,0]
      [Object Copy (ms): Min: 10,0, Avg: 10,8, Max: 13,2, Diff: 3,3, Sum: 86,5]
      [Termination (ms): Min: 0,0, Avg: 2,0, Max: 2,5, Diff: 2,5, Sum: 16,0]
         [Termination Attempts: Min: 1, Avg: 4,1, Max: 7, Diff: 6, Sum: 33]
      [GC Worker Other (ms): Min: 0,0, Avg: 0,0, Max: 0,0, Diff: 0,0, Sum: 0,1]
      [GC Worker Total (ms): Min: 15,8, Avg: 16,5, Max: 17,2, Diff: 1,4, Sum: 132,2]
      [GC Worker End (ms): Min: 13731808,5, Avg: 13731808,7, Max: 13731808,8, Diff: 0,3]
   [Code Root Fixup: 0,0 ms]
   [Code Root Purge: 0,0 ms]
   [Clear CT: 0,3 ms]
   [Other: 3,5 ms]
      [Choose CSet: 0,0 ms]
      [Ref Proc: 2,4 ms]
      [Ref Enq: 0,0 ms]
      [Redirty Cards: 0,3 ms]
      [Humongous Register: 0,1 ms]
      [Humongous Reclaim: 0,0 ms]
      [Free CSet: 0,1 ms]
   [Eden: 44,0M(44,0M)->0,0B(44,0M) Survivors: 7168,0K->7168,0K Heap: 411,5M(1024,0M)->370,9M(1024,0M)]
 [Times: user=0,10 sys=0,00, real=0,02 secs] 
2018-04-10T18:20:57.718+0200: 13731,812: [GC concurrent-root-region-scan-start]
2018-04-10T18:20:57.725+0200: 13731,820: [GC concurrent-root-region-scan-end, 0,0073455 secs]
2018-04-10T18:20:57.726+0200: 13731,820: [GC concurrent-mark-start]
2018-04-10T18:20:57.749+0200: 13731,844: [GC concurrent-mark-end, 0,0239514 secs]
2018-04-10T18:20:57.750+0200: 13731,844: [GC remark 2018-04-10T18:20:57.750+0200: 13731,844: [Finalize Marking, 0,0007161 secs] 2018-04-10T18:20:57.750+0200: 13731,845: [GC ref-proc, 0,0007958 secs] 2018-04-10T18:20:57.751+0200: 13731,846: [Unloading, 0,0057711 secs], 0,0093800 secs]
 [Times: user=0,04 sys=0,00, real=0,01 secs] 
2018-04-10T18:20:57.759+0200: 13731,854: [GC cleanup 370M->329M(1024M), 0,0041203 secs]
 [Times: user=0,01 sys=0,00, real=0,00 secs] 
2018-04-10T18:20:57.764+0200: 13731,858: [GC concurrent-cleanup-start]
2018-04-10T18:20:57.764+0200: 13731,859: [GC concurrent-cleanup-end, 0,0002406 secs]
2018-04-10T18:22:27.561+0200: 13821,655: [GC pause (G1 Evacuation Pause) (young), 0,0258714 secs]
   [Parallel Time: 24,2 ms, GC Workers: 8]
      [GC Worker Start (ms): Min: 13821655,4, Avg: 13821655,6, Max: 13821656,3, Diff: 0,9]
      [Ext Root Scanning (ms): Min: 0,0, Avg: 0,6, Max: 1,2, Diff: 1,1, Sum: 5,2]
      [Update RS (ms): Min: 0,4, Avg: 1,7, Max: 2,6, Diff: 2,2, Sum: 13,5]
         [Processed Buffers: Min: 1, Avg: 6,4, Max: 13, Diff: 12, Sum: 51]
      [Scan RS (ms): Min: 2,3, Avg: 2,8, Max: 3,4, Diff: 1,1, Sum: 22,2]
      [Code Root Scanning (ms): Min: 0,0, Avg: 0,0, Max: 0,0, Diff: 0,0, Sum: 0,0]
      [Object Copy (ms): Min: 15,9, Avg: 16,7, Max: 17,4, Diff: 1,6, Sum: 133,4]
      [Termination (ms): Min: 0,0, Avg: 1,7, Max: 2,1, Diff: 2,1, Sum: 13,9]
         [Termination Attempts: Min: 1, Avg: 3,4, Max: 4, Diff: 3, Sum: 27]
      [GC Worker Other (ms): Min: 0,0, Avg: 0,0, Max: 0,0, Diff: 0,0, Sum: 0,1]
      [GC Worker Total (ms): Min: 23,0, Avg: 23,5, Max: 23,8, Diff: 0,9, Sum: 188,3]
      [GC Worker End (ms): Min: 13821678,7, Avg: 13821679,2, Max: 13821679,4, Diff: 0,7]
   [Code Root Fixup: 0,0 ms]
   [Code Root Purge: 0,0 ms]
   [Clear CT: 0,2 ms]
   [Other: 1,4 ms]
      [Choose CSet: 0,0 ms]
      [Ref Proc: 0,4 ms]
      [Ref Enq: 0,0 ms]
      [Redirty Cards: 0,5 ms]
      [Humongous Register: 0,1 ms]
      [Humongous Reclaim: 0,0 ms]
      [Free CSet: 0,1 ms]
   [Eden: 44,0M(44,0M)->0,0B(44,0M) Survivors: 7168,0K->7168,0K Heap: 373,9M(1024,0M)->333,7M(1024,0M)]
 [Times: user=0,18 sys=0,00, real=0,03 secs] 
2018-04-10T18:23:57.976+0200: 13912,071: [GC pause (G1 Evacuation Pause) (mixed), 0,0446107 secs]
   [Parallel Time: 41,6 ms, GC Workers: 8]
      [GC Worker Start (ms): Min: 13912071,0, Avg: 13912071,4, Max: 13912072,2, Diff: 1,1]
      [Ext Root Scanning (ms): Min: 0,0, Avg: 0,6, Max: 1,2, Diff: 1,2, Sum: 4,5]
      [Update RS (ms): Min: 1,9, Avg: 2,2, Max: 2,7, Diff: 0,8, Sum: 17,8]
         [Processed Buffers: Min: 1, Avg: 6,5, Max: 17, Diff: 16, Sum: 52]
      [Scan RS (ms): Min: 3,2, Avg: 3,5, Max: 3,9, Diff: 0,7, Sum: 27,7]
      [Code Root Scanning (ms): Min: 0,0, Avg: 0,0, Max: 0,1, Diff: 0,1, Sum: 0,1]
      [Object Copy (ms): Min: 19,0, Avg: 20,9, Max: 34,0, Diff: 15,0, Sum: 167,3]
      [Termination (ms): Min: 0,0, Avg: 13,3, Max: 15,7, Diff: 15,7, Sum: 106,1]
         [Termination Attempts: Min: 1, Avg: 1,0, Max: 1, Diff: 0, Sum: 8]
      [GC Worker Other (ms): Min: 0,0, Avg: 0,0, Max: 0,0, Diff: 0,0, Sum: 0,1]
      [GC Worker Total (ms): Min: 39,6, Avg: 40,4, Max: 40,7, Diff: 1,1, Sum: 323,5]
      [GC Worker End (ms): Min: 13912111,6, Avg: 13912111,8, Max: 13912112,4, Diff: 0,8]
   [Code Root Fixup: 0,0 ms]
   [Code Root Purge: 0,0 ms]
   [Clear CT: 0,2 ms]
   [Other: 2,7 ms]
      [Choose CSet: 0,1 ms]
      [Ref Proc: 2,0 ms]
      [Ref Enq: 0,0 ms]
      [Redirty Cards: 0,1 ms]
      [Humongous Register: 0,1 ms]
      [Humongous Reclaim: 0,0 ms]
      [Free CSet: 0,2 ms]
   [Eden: 44,0M(44,0M)->0,0B(44,0M) Survivors: 7168,0K->7168,0K Heap: 377,7M(1024,0M)->313,8M(1024,0M)]
 [Times: user=0,29 sys=0,00, real=0,04 secs] 
2018-04-10T18:25:27.909+0200: 14002,004: [GC pause (G1 Evacuation Pause) (mixed), 0,0141053 secs]
   [Parallel Time: 12,9 ms, GC Workers: 8]
      [GC Worker Start (ms): Min: 14002004,2, Avg: 14002004,6, Max: 14002005,4, Diff: 1,2]
      [Ext Root Scanning (ms): Min: 0,0, Avg: 0,5, Max: 1,6, Diff: 1,6, Sum: 3,8]
      [Update RS (ms): Min: 1,0, Avg: 2,5, Max: 11,7, Diff: 10,8, Sum: 20,3]
         [Processed Buffers: Min: 0, Avg: 6,6, Max: 20, Diff: 20, Sum: 53]
      [Scan RS (ms): Min: 0,0, Avg: 1,4, Max: 1,8, Diff: 1,8, Sum: 11,3]
      [Code Root Scanning (ms): Min: 0,0, Avg: 0,0, Max: 0,1, Diff: 0,1, Sum: 0,1]
      [Object Copy (ms): Min: 0,1, Avg: 6,9, Max: 8,2, Diff: 8,1, Sum: 54,8]
      [Termination (ms): Min: 0,0, Avg: 0,8, Max: 1,1, Diff: 1,1, Sum: 6,2]
         [Termination Attempts: Min: 1, Avg: 5,8, Max: 9, Diff: 8, Sum: 46]
      [GC Worker Other (ms): Min: 0,0, Avg: 0,0, Max: 0,0, Diff: 0,0, Sum: 0,1]
      [GC Worker Total (ms): Min: 11,3, Avg: 12,1, Max: 12,5, Diff: 1,2, Sum: 96,7]
      [GC Worker End (ms): Min: 14002016,7, Avg: 14002016,7, Max: 14002017,0, Diff: 0,3]
   [Code Root Fixup: 0,0 ms]
   [Code Root Purge: 0,0 ms]
   [Clear CT: 0,1 ms]
   [Other: 1,1 ms]
      [Choose CSet: 0,1 ms]
      [Ref Proc: 0,3 ms]
      [Ref Enq: 0,0 ms]
      [Redirty Cards: 0,1 ms]
      [Humongous Register: 0,1 ms]
      [Humongous Reclaim: 0,0 ms]
      [Free CSet: 0,1 ms]
   [Eden: 44,0M(44,0M)->0,0B(45,0M) Survivors: 7168,0K->6144,0K Heap: 357,8M(1024,0M)->293,8M(1024,0M)]
 [Times: user=0,09 sys=0,00, real=0,01 secs] 
2018-04-10T18:26:58.971+0200: 14093,065: [GC pause (G1 Evacuation Pause) (mixed), 0,0238167 secs]
   [Parallel Time: 21,7 ms, GC Workers: 8]
      [GC Worker Start (ms): Min: 14093065,3, Avg: 14093065,6, Max: 14093066,2, Diff: 0,9]
      [Ext Root Scanning (ms): Min: 0,0, Avg: 0,6, Max: 1,2, Diff: 1,2, Sum: 4,7]
      [Update RS (ms): Min: 1,9, Avg: 2,2, Max: 2,4, Diff: 0,5, Sum: 17,5]
         [Processed Buffers: Min: 1, Avg: 6,2, Max: 30, Diff: 29, Sum: 50]
      [Scan RS (ms): Min: 3,5, Avg: 4,1, Max: 4,7, Diff: 1,2, Sum: 33,0]
      [Code Root Scanning (ms): Min: 0,0, Avg: 0,0, Max: 0,1, Diff: 0,1, Sum: 0,1]
      [Object Copy (ms): Min: 13,0, Avg: 13,7, Max: 14,2, Diff: 1,2, Sum: 109,6]
      [Termination (ms): Min: 0,0, Avg: 0,1, Max: 0,1, Diff: 0,1, Sum: 0,5]
         [Termination Attempts: Min: 1, Avg: 30,2, Max: 38, Diff: 37, Sum: 242]
      [GC Worker Other (ms): Min: 0,0, Avg: 0,0, Max: 0,0, Diff: 0,0, Sum: 0,2]
      [GC Worker Total (ms): Min: 20,1, Avg: 20,7, Max: 20,9, Diff: 0,9, Sum: 165,7]
      [GC Worker End (ms): Min: 14093086,3, Avg: 14093086,3, Max: 14093086,3, Diff: 0,0]
   [Code Root Fixup: 0,0 ms]
   [Code Root Purge: 0,0 ms]
   [Clear CT: 0,3 ms]
   [Other: 1,8 ms]
      [Choose CSet: 0,1 ms]
      [Ref Proc: 0,8 ms]
      [Ref Enq: 0,0 ms]
      [Redirty Cards: 0,2 ms]
      [Humongous Register: 0,1 ms]
      [Humongous Reclaim: 0,0 ms]
      [Free CSet: 0,2 ms]
   [Eden: 45,0M(45,0M)->0,0B(44,0M) Survivors: 6144,0K->7168,0K Heap: 338,8M(1024,0M)->274,5M(1024,0M)]
 [Times: user=0,16 sys=0,00, real=0,02 secs] 
2018-04-10T18:28:29.035+0200: 14183,130: [GC pause (G1 Evacuation Pause) (mixed), 0,0244447 secs]
   [Parallel Time: 21,3 ms, GC Workers: 8]
      [GC Worker Start (ms): Min: 14183129,9, Avg: 14183130,2, Max: 14183130,8, Diff: 0,8]
      [Ext Root Scanning (ms): Min: 0,0, Avg: 0,6, Max: 1,2, Diff: 1,2, Sum: 4,8]
      [Update RS (ms): Min: 1,1, Avg: 1,4, Max: 1,7, Diff: 0,6, Sum: 11,5]
         [Processed Buffers: Min: 1, Avg: 6,0, Max: 19, Diff: 18, Sum: 48]
      [Scan RS (ms): Min: 3,0, Avg: 3,4, Max: 4,0, Diff: 1,1, Sum: 26,9]
      [Code Root Scanning (ms): Min: 0,0, Avg: 0,0, Max: 0,1, Diff: 0,1, Sum: 0,2]
      [Object Copy (ms): Min: 15,0, Avg: 15,2, Max: 15,5, Diff: 0,5, Sum: 121,9]
      [Termination (ms): Min: 0,0, Avg: 0,0, Max: 0,0, Diff: 0,0, Sum: 0,0]
         [Termination Attempts: Min: 1, Avg: 2,4, Max: 4, Diff: 3, Sum: 19]
      [GC Worker Other (ms): Min: 0,0, Avg: 0,1, Max: 0,2, Diff: 0,2, Sum: 0,6]
      [GC Worker Total (ms): Min: 20,1, Avg: 20,7, Max: 21,1, Diff: 1,0, Sum: 165,9]
      [GC Worker End (ms): Min: 14183150,9, Avg: 14183150,9, Max: 14183151,0, Diff: 0,2]
   [Code Root Fixup: 0,0 ms]
   [Code Root Purge: 0,0 ms]
   [Clear CT: 0,8 ms]
   [Other: 2,3 ms]
      [Choose CSet: 0,1 ms]
      [Ref Proc: 1,0 ms]
      [Ref Enq: 0,0 ms]
      [Redirty Cards: 0,4 ms]
      [Humongous Register: 0,1 ms]
      [Humongous Reclaim: 0,0 ms]
      [Free CSet: 0,2 ms]
   [Eden: 44,0M(44,0M)->0,0B(45,0M) Survivors: 7168,0K->6144,0K Heap: 318,5M(1024,0M)->252,8M(1024,0M)]
 [Times: user=0,17 sys=0,00, real=0,03 secs] 
2018-04-10T18:29:58.786+0200: 14272,881: [GC pause (G1 Evacuation Pause) (mixed), 0,0249135 secs]
   [Parallel Time: 21,9 ms, GC Workers: 8]
      [GC Worker Start (ms): Min: 14272881,0, Avg: 14272881,2, Max: 14272882,0, Diff: 1,0]
      [Ext Root Scanning (ms): Min: 0,0, Avg: 0,5, Max: 1,1, Diff: 1,1, Sum: 4,3]
      [Update RS (ms): Min: 1,8, Avg: 2,1, Max: 2,5, Diff: 0,7, Sum: 16,8]
         [Processed Buffers: Min: 0, Avg: 6,1, Max: 20, Diff: 20, Sum: 49]
      [Scan RS (ms): Min: 2,6, Avg: 3,0, Max: 3,5, Diff: 0,9, Sum: 23,8]
      [Code Root Scanning (ms): Min: 0,0, Avg: 0,0, Max: 0,2, Diff: 0,2, Sum: 0,3]
      [Object Copy (ms): Min: 12,6, Avg: 13,2, Max: 15,0, Diff: 2,3, Sum: 105,3]
      [Termination (ms): Min: 0,0, Avg: 2,1, Max: 2,7, Diff: 2,7, Sum: 17,1]
         [Termination Attempts: Min: 1, Avg: 9,6, Max: 17, Diff: 16, Sum: 77]
      [GC Worker Other (ms): Min: 0,0, Avg: 0,0, Max: 0,0, Diff: 0,0, Sum: 0,1]
      [GC Worker Total (ms): Min: 20,4, Avg: 21,0, Max: 21,4, Diff: 0,9, Sum: 167,7]
      [GC Worker End (ms): Min: 14272901,8, Avg: 14272902,2, Max: 14272902,5, Diff: 0,7]
   [Code Root Fixup: 0,0 ms]
   [Code Root Purge: 0,0 ms]
   [Clear CT: 0,3 ms]
   [Other: 2,7 ms]
      [Choose CSet: 0,1 ms]
      [Ref Proc: 1,1 ms]
      [Ref Enq: 0,0 ms]
      [Redirty Cards: 0,8 ms]
      [Humongous Register: 0,1 ms]
      [Humongous Reclaim: 0,0 ms]
      [Free CSet: 0,2 ms]
   [Eden: 45,0M(45,0M)->0,0B(44,0M) Survivors: 6144,0K->7168,0K Heap: 297,8M(1024,0M)->233,9M(1024,0M)]
 [Times: user=0,17 sys=0,00, real=0,02 secs] 
2018-04-10T18:31:29.888+0200: 14363,983: [GC pause (G1 Evacuation Pause) (mixed), 0,0250085 secs]
   [Parallel Time: 21,9 ms, GC Workers: 8]
      [GC Worker Start (ms): Min: 14363983,1, Avg: 14363983,5, Max: 14363984,7, Diff: 1,7]
      [Ext Root Scanning (ms): Min: 0,0, Avg: 0,6, Max: 1,2, Diff: 1,2, Sum: 4,5]
      [Update RS (ms): Min: 1,2, Avg: 1,8, Max: 2,2, Diff: 1,0, Sum: 14,2]
         [Processed Buffers: Min: 0, Avg: 6,5, Max: 15, Diff: 15, Sum: 52]
      [Scan RS (ms): Min: 2,4, Avg: 2,8, Max: 3,3, Diff: 0,9, Sum: 22,8]
      [Code Root Scanning (ms): Min: 0,0, Avg: 0,0, Max: 0,1, Diff: 0,1, Sum: 0,1]
      [Object Copy (ms): Min: 16,0, Avg: 16,2, Max: 16,4, Diff: 0,5, Sum: 129,5]
      [Termination (ms): Min: 0,0, Avg: 0,0, Max: 0,0, Diff: 0,0, Sum: 0,2]
         [Termination Attempts: Min: 1, Avg: 8,2, Max: 14, Diff: 13, Sum: 66]
      [GC Worker Other (ms): Min: 0,0, Avg: 0,0, Max: 0,0, Diff: 0,0, Sum: 0,2]
      [GC Worker Total (ms): Min: 20,2, Avg: 21,4, Max: 21,8, Diff: 1,7, Sum: 171,4]
      [GC Worker End (ms): Min: 14364004,9, Avg: 14364004,9, Max: 14364004,9, Diff: 0,0]
   [Code Root Fixup: 0,0 ms]
   [Code Root Purge: 0,0 ms]
   [Clear CT: 0,3 ms]
   [Other: 2,8 ms]
      [Choose CSet: 0,1 ms]
      [Ref Proc: 1,7 ms]
      [Ref Enq: 0,0 ms]
      [Redirty Cards: 0,3 ms]
      [Humongous Register: 0,1 ms]
      [Humongous Reclaim: 0,0 ms]
      [Free CSet: 0,2 ms]
   [Eden: 44,0M(44,0M)->0,0B(46,0M) Survivors: 7168,0K->5120,0K Heap: 277,9M(1024,0M)->230,2M(1024,0M)]
 [Times: user=0,17 sys=0,00, real=0,02 secs] 
2018-04-10T18:32:57.086+0200: 14451,180: [GC pause (G1 Evacuation Pause) (young), 0,0238876 secs]
   [Parallel Time: 21,0 ms, GC Workers: 8]
      [GC Worker Start (ms): Min: 14451180,5, Avg: 14451180,6, Max: 14451180,7, Diff: 0,2]
      [Ext Root Scanning (ms): Min: 0,5, Avg: 0,6, Max: 1,1, Diff: 0,6, Sum: 5,0]
      [Update RS (ms): Min: 2,3, Avg: 2,8, Max: 3,7, Diff: 1,5, Sum: 22,2]
         [Processed Buffers: Min: 1, Avg: 6,6, Max: 17, Diff: 16, Sum: 53]
      [Scan RS (ms): Min: 1,7, Avg: 2,4, Max: 2,9, Diff: 1,2, Sum: 19,6]
      [Code Root Scanning (ms): Min: 0,0, Avg: 0,0, Max: 0,0, Diff: 0,0, Sum: 0,0]
      [Object Copy (ms): Min: 14,8, Avg: 14,9, Max: 15,1, Diff: 0,3, Sum: 119,5]
      [Termination (ms): Min: 0,0, Avg: 0,0, Max: 0,0, Diff: 0,0, Sum: 0,0]
         [Termination Attempts: Min: 1, Avg: 1,0, Max: 1, Diff: 0, Sum: 8]
      [GC Worker Other (ms): Min: 0,0, Avg: 0,0, Max: 0,0, Diff: 0,0, Sum: 0,2]
      [GC Worker Total (ms): Min: 20,7, Avg: 20,8, Max: 20,9, Diff: 0,3, Sum: 166,5]
      [GC Worker End (ms): Min: 14451201,4, Avg: 14451201,4, Max: 14451201,4, Diff: 0,0]
   [Code Root Fixup: 0,0 ms]
   [Code Root Purge: 0,0 ms]
   [Clear CT: 0,2 ms]
   [Other: 2,6 ms]
      [Choose CSet: 0,0 ms]
      [Ref Proc: 1,4 ms]
      [Ref Enq: 0,0 ms]
      [Redirty Cards: 0,7 ms]
      [Humongous Register: 0,1 ms]
      [Humongous Reclaim: 0,0 ms]
      [Free CSet: 0,1 ms]
   [Eden: 46,0M(46,0M)->0,0B(44,0M) Survivors: 5120,0K->7168,0K Heap: 276,2M(1024,0M)->237,4M(1024,0M)]
 [Times: user=0,17 sys=0,00, real=0,02 secs] 
2018-04-10T18:34:28.010+0200: 14542,105: [GC pause (G1 Evacuation Pause) (young), 0,0262865 secs]
   [Parallel Time: 23,9 ms, GC Workers: 8]
      [GC Worker Start (ms): Min: 14542104,8, Avg: 14542105,4, Max: 14542106,4, Diff: 1,6]
      [Ext Root Scanning (ms): Min: 0,0, Avg: 0,5, Max: 1,0, Diff: 1,0, Sum: 4,2]
      [Update RS (ms): Min: 1,0, Avg: 1,7, Max: 2,0, Diff: 1,0, Sum: 13,4]
         [Processed Buffers: Min: 1, Avg: 6,0, Max: 18, Diff: 17, Sum: 48]
      [Scan RS (ms): Min: 3,1, Avg: 3,3, Max: 3,5, Diff: 0,4, Sum: 26,6]
      [Code Root Scanning (ms): Min: 0,0, Avg: 0,0, Max: 0,0, Diff: 0,0, Sum: 0,0]
      [Object Copy (ms): Min: 17,3, Avg: 17,4, Max: 17,5, Diff: 0,2, Sum: 139,0]
      [Termination (ms): Min: 0,0, Avg: 0,1, Max: 0,1, Diff: 0,1, Sum: 0,7]
         [Termination Attempts: Min: 1, Avg: 2,8, Max: 5, Diff: 4, Sum: 22]
      [GC Worker Other (ms): Min: 0,0, Avg: 0,0, Max: 0,0, Diff: 0,0, Sum: 0,2]
      [GC Worker Total (ms): Min: 22,0, Avg: 23,0, Max: 23,6, Diff: 1,6, Sum: 184,0]
      [GC Worker End (ms): Min: 14542128,4, Avg: 14542128,4, Max: 14542128,4, Diff: 0,0]
   [Code Root Fixup: 0,0 ms]
   [Code Root Purge: 0,0 ms]
   [Clear CT: 0,3 ms]
   [Other: 2,1 ms]
      [Choose CSet: 0,0 ms]
      [Ref Proc: 0,6 ms]
      [Ref Enq: 0,0 ms]
      [Redirty Cards: 0,9 ms]
      [Humongous Register: 0,1 ms]
      [Humongous Reclaim: 0,0 ms]
      [Free CSet: 0,1 ms]
   [Eden: 44,0M(44,0M)->0,0B(46,0M) Survivors: 7168,0K->5120,0K Heap: 281,4M(1024,0M)->241,4M(1024,0M)]
 [Times: user=0,18 sys=0,00, real=0,03 secs] 
2018-04-10T18:36:00.879+0200: 14634,973: [GC pause (G1 Evacuation Pause) (young), 0,0220494 secs]
   [Parallel Time: 18,9 ms, GC Workers: 8]
      [GC Worker Start (ms): Min: 14634973,6, Avg: 14634973,9, Max: 14634974,6, Diff: 1,0]
      [Ext Root Scanning (ms): Min: 0,0, Avg: 0,5, Max: 1,1, Diff: 1,1, Sum: 4,4]
      [Update RS (ms): Min: 2,5, Avg: 3,0, Max: 4,0, Diff: 1,5, Sum: 23,9]
         [Processed Buffers: Min: 0, Avg: 6,2, Max: 15, Diff: 15, Sum: 50]
      [Scan RS (ms): Min: 1,7, Avg: 2,5, Max: 3,4, Diff: 1,6, Sum: 19,7]
      [Code Root Scanning (ms): Min: 0,0, Avg: 0,0, Max: 0,0, Diff: 0,0, Sum: 0,0]
      [Object Copy (ms): Min: 11,4, Avg: 12,0, Max: 12,8, Diff: 1,5, Sum: 96,3]
      [Termination (ms): Min: 0,0, Avg: 0,0, Max: 0,0, Diff: 0,0, Sum: 0,0]
         [Termination Attempts: Min: 1, Avg: 1,2, Max: 2, Diff: 1, Sum: 10]
      [GC Worker Other (ms): Min: 0,0, Avg: 0,0, Max: 0,0, Diff: 0,0, Sum: 0,2]
      [GC Worker Total (ms): Min: 17,4, Avg: 18,1, Max: 18,4, Diff: 1,0, Sum: 144,5]
      [GC Worker End (ms): Min: 14634992,0, Avg: 14634992,0, Max: 14634992,0, Diff: 0,0]
   [Code Root Fixup: 0,0 ms]
   [Code Root Purge: 0,0 ms]
   [Clear CT: 0,2 ms]
   [Other: 3,0 ms]
      [Choose CSet: 0,0 ms]
      [Ref Proc: 1,6 ms]
      [Ref Enq: 0,0 ms]
      [Redirty Cards: 0,8 ms]
      [Humongous Register: 0,1 ms]
      [Humongous Reclaim: 0,0 ms]
      [Free CSet: 0,1 ms]
   [Eden: 46,0M(46,0M)->0,0B(44,0M) Survivors: 5120,0K->7168,0K Heap: 287,4M(1024,0M)->246,5M(1024,0M)]
 [Times: user=0,15 sys=0,00, real=0,02 secs] 
2018-04-10T18:37:30.629+0200: 14724,723: [GC pause (G1 Evacuation Pause) (young), 0,0248722 secs]
   [Parallel Time: 22,6 ms, GC Workers: 8]
      [GC Worker Start (ms): Min: 14724723,3, Avg: 14724723,6, Max: 14724724,1, Diff: 0,9]
      [Ext Root Scanning (ms): Min: 0,0, Avg: 0,5, Max: 1,1, Diff: 1,1, Sum: 4,1]
      [Update RS (ms): Min: 0,3, Avg: 1,3, Max: 1,9, Diff: 1,6, Sum: 10,7]
         [Processed Buffers: Min: 1, Avg: 6,0, Max: 21, Diff: 20, Sum: 48]
      [Scan RS (ms): Min: 1,9, Avg: 2,4, Max: 2,6, Diff: 0,7, Sum: 18,8]
      [Code Root Scanning (ms): Min: 0,0, Avg: 0,0, Max: 0,0, Diff: 0,0, Sum: 0,0]
      [Object Copy (ms): Min: 17,2, Avg: 17,5, Max: 18,5, Diff: 1,3, Sum: 140,4]
      [Termination (ms): Min: 0,0, Avg: 0,0, Max: 0,0, Diff: 0,0, Sum: 0,1]
         [Termination Attempts: Min: 1, Avg: 5,2, Max: 8, Diff: 7, Sum: 42]
      [GC Worker Other (ms): Min: 0,0, Avg: 0,1, Max: 0,2, Diff: 0,2, Sum: 0,6]
      [GC Worker Total (ms): Min: 21,2, Avg: 21,8, Max: 22,2, Diff: 1,0, Sum: 174,7]
      [GC Worker End (ms): Min: 14724745,4, Avg: 14724745,4, Max: 14724745,6, Diff: 0,2]
   [Code Root Fixup: 0,0 ms]
   [Code Root Purge: 0,0 ms]
   [Clear CT: 0,8 ms]
   [Other: 1,5 ms]
      [Choose CSet: 0,0 ms]
      [Ref Proc: 0,4 ms]
      [Ref Enq: 0,0 ms]
      [Redirty Cards: 0,5 ms]
      [Humongous Register: 0,1 ms]
      [Humongous Reclaim: 0,0 ms]
      [Free CSet: 0,1 ms]
   [Eden: 44,0M(44,0M)->0,0B(44,0M) Survivors: 7168,0K->7168,0K Heap: 290,5M(1024,0M)->249,7M(1024,0M)]
 [Times: user=0,18 sys=0,00, real=0,02 secs] 
2018-04-10T18:38:59.390+0200: 14813,484: [GC pause (G1 Evacuation Pause) (young), 0,0266578 secs]
   [Parallel Time: 21,3 ms, GC Workers: 8]
      [GC Worker Start (ms): Min: 14813484,2, Avg: 14813484,4, Max: 14813485,1, Diff: 0,9]
      [Ext Root Scanning (ms): Min: 0,0, Avg: 0,6, Max: 1,0, Diff: 1,0, Sum: 4,6]
      [Update RS (ms): Min: 1,4, Avg: 2,0, Max: 2,5, Diff: 1,2, Sum: 16,2]
         [Processed Buffers: Min: 1, Avg: 6,5, Max: 16, Diff: 15, Sum: 52]
      [Scan RS (ms): Min: 2,4, Avg: 2,8, Max: 3,1, Diff: 0,6, Sum: 22,2]
      [Code Root Scanning (ms): Min: 0,0, Avg: 0,0, Max: 0,0, Diff: 0,0, Sum: 0,0]
      [Object Copy (ms): Min: 14,9, Avg: 15,3, Max: 16,0, Diff: 1,1, Sum: 122,5]
      [Termination (ms): Min: 0,0, Avg: 0,0, Max: 0,0, Diff: 0,0, Sum: 0,0]
         [Termination Attempts: Min: 1, Avg: 1,0, Max: 1, Diff: 0, Sum: 8]
      [GC Worker Other (ms): Min: 0,0, Avg: 0,0, Max: 0,0, Diff: 0,0, Sum: 0,2]
      [GC Worker Total (ms): Min: 20,1, Avg: 20,7, Max: 21,0, Diff: 0,9, Sum: 165,8]
      [GC Worker End (ms): Min: 14813505,2, Avg: 14813505,2, Max: 14813505,2, Diff: 0,0]
   [Code Root Fixup: 0,0 ms]
   [Code Root Purge: 0,0 ms]
   [Clear CT: 0,8 ms]
   [Other: 4,5 ms]
      [Choose CSet: 0,0 ms]
      [Ref Proc: 3,5 ms]
      [Ref Enq: 0,0 ms]
      [Redirty Cards: 0,5 ms]
      [Humongous Register: 0,1 ms]
      [Humongous Reclaim: 0,0 ms]
      [Free CSet: 0,1 ms]
   [Eden: 44,0M(44,0M)->0,0B(46,0M) Survivors: 7168,0K->5120,0K Heap: 293,7M(1024,0M)->253,8M(1024,0M)]
 [Times: user=0,18 sys=0,00, real=0,03 secs] 
2018-04-10T18:40:34.761+0200: 14908,855: [GC pause (G1 Evacuation Pause) (young), 0,0107577 secs]
   [Parallel Time: 8,2 ms, GC Workers: 8]
      [GC Worker Start (ms): Min: 14908855,6, Avg: 14908855,8, Max: 14908855,8, Diff: 0,2]
      [Ext Root Scanning (ms): Min: 0,2, Avg: 0,3, Max: 0,6, Diff: 0,4, Sum: 2,1]
      [Update RS (ms): Min: 0,7, Avg: 0,8, Max: 1,0, Diff: 0,2, Sum: 6,7]
         [Processed Buffers: Min: 1, Avg: 6,1, Max: 18, Diff: 17, Sum: 49]
      [Scan RS (ms): Min: 1,0, Avg: 1,1, Max: 1,3, Diff: 0,3, Sum: 9,2]
      [Code Root Scanning (ms): Min: 0,0, Avg: 0,0, Max: 0,0, Diff: 0,0, Sum: 0,0]
      [Object Copy (ms): Min: 5,4, Avg: 5,5, Max: 5,6, Diff: 0,2, Sum: 44,3]
      [Termination (ms): Min: 0,0, Avg: 0,0, Max: 0,0, Diff: 0,0, Sum: 0,3]
         [Termination Attempts: Min: 1, Avg: 1,0, Max: 1, Diff: 0, Sum: 8]
      [GC Worker Other (ms): Min: 0,0, Avg: 0,0, Max: 0,0, Diff: 0,0, Sum: 0,1]
      [GC Worker Total (ms): Min: 7,7, Avg: 7,8, Max: 7,9, Diff: 0,2, Sum: 62,6]
      [GC Worker End (ms): Min: 14908863,6, Avg: 14908863,6, Max: 14908863,6, Diff: 0,0]
   [Code Root Fixup: 0,0 ms]
   [Code Root Purge: 0,0 ms]
   [Clear CT: 0,6 ms]
   [Other: 1,9 ms]
      [Choose CSet: 0,0 ms]
      [Ref Proc: 1,3 ms]
      [Ref Enq: 0,0 ms]
      [Redirty Cards: 0,2 ms]
      [Humongous Register: 0,0 ms]
      [Humongous Reclaim: 0,0 ms]
      [Free CSet: 0,0 ms]
   [Eden: 46,0M(46,0M)->0,0B(44,0M) Survivors: 5120,0K->7168,0K Heap: 299,8M(1024,0M)->257,9M(1024,0M)]
 [Times: user=0,06 sys=0,00, real=0,01 secs] 
2018-04-10T18:42:04.078+0200: 14998,173: [GC pause (G1 Evacuation Pause) (young), 0,0256190 secs]
   [Parallel Time: 21,6 ms, GC Workers: 8]
      [GC Worker Start (ms): Min: 14998173,1, Avg: 14998173,3, Max: 14998174,3, Diff: 1,2]
      [Ext Root Scanning (ms): Min: 0,0, Avg: 0,6, Max: 1,2, Diff: 1,1, Sum: 4,7]
      [Update RS (ms): Min: 1,0, Avg: 1,5, Max: 1,9, Diff: 0,9, Sum: 11,9]
         [Processed Buffers: Min: 1, Avg: 6,1, Max: 15, Diff: 14, Sum: 49]
      [Scan RS (ms): Min: 2,2, Avg: 2,5, Max: 2,8, Diff: 0,6, Sum: 20,1]
      [Code Root Scanning (ms): Min: 0,0, Avg: 0,0, Max: 0,0, Diff: 0,0, Sum: 0,0]
      [Object Copy (ms): Min: 16,3, Avg: 16,5, Max: 16,7, Diff: 0,4, Sum: 132,0]
      [Termination (ms): Min: 0,0, Avg: 0,0, Max: 0,0, Diff: 0,0, Sum: 0,3]
         [Termination Attempts: Min: 1, Avg: 15,5, Max: 23, Diff: 22, Sum: 124]
      [GC Worker Other (ms): Min: 0,0, Avg: 0,0, Max: 0,0, Diff: 0,0, Sum: 0,2]
      [GC Worker Total (ms): Min: 20,1, Avg: 21,1, Max: 21,4, Diff: 1,2, Sum: 169,1]
      [GC Worker End (ms): Min: 14998194,4, Avg: 14998194,4, Max: 14998194,4, Diff: 0,0]
   [Code Root Fixup: 0,0 ms]
   [Code Root Purge: 0,0 ms]
   [Clear CT: 0,5 ms]
   [Other: 3,4 ms]
      [Choose CSet: 0,0 ms]
      [Ref Proc: 2,6 ms]
      [Ref Enq: 0,0 ms]
      [Redirty Cards: 0,4 ms]
      [Humongous Register: 0,1 ms]
      [Humongous Reclaim: 0,0 ms]
      [Free CSet: 0,1 ms]
   [Eden: 44,0M(44,0M)->0,0B(46,0M) Survivors: 7168,0K->5120,0K Heap: 301,9M(1024,0M)->260,9M(1024,0M)]
 [Times: user=0,17 sys=0,00, real=0,02 secs] 
2018-04-10T18:43:37.201+0200: 15091,295: [GC pause (G1 Evacuation Pause) (young), 0,0217617 secs]
   [Parallel Time: 17,1 ms, GC Workers: 8]
      [GC Worker Start (ms): Min: 15091295,4, Avg: 15091295,5, Max: 15091295,9, Diff: 0,5]
      [Ext Root Scanning (ms): Min: 0,2, Avg: 0,6, Max: 1,1, Diff: 0,9, Sum: 4,8]
      [Update RS (ms): Min: 1,8, Avg: 2,3, Max: 2,7, Diff: 0,8, Sum: 18,0]
         [Processed Buffers: Min: 1, Avg: 6,5, Max: 30, Diff: 29, Sum: 52]
      [Scan RS (ms): Min: 1,9, Avg: 2,3, Max: 2,5, Diff: 0,6, Sum: 18,3]
      [Code Root Scanning (ms): Min: 0,0, Avg: 0,0, Max: 0,0, Diff: 0,0, Sum: 0,0]
      [Object Copy (ms): Min: 11,4, Avg: 11,7, Max: 12,2, Diff: 0,7, Sum: 93,7]
      [Termination (ms): Min: 0,0, Avg: 0,0, Max: 0,0, Diff: 0,0, Sum: 0,0]
         [Termination Attempts: Min: 1, Avg: 1,0, Max: 1, Diff: 0, Sum: 8]
      [GC Worker Other (ms): Min: 0,0, Avg: 0,0, Max: 0,0, Diff: 0,0, Sum: 0,2]
      [GC Worker Total (ms): Min: 16,5, Avg: 16,9, Max: 17,0, Diff: 0,5, Sum: 135,0]
      [GC Worker End (ms): Min: 15091312,4, Avg: 15091312,4, Max: 15091312,4, Diff: 0,0]
   [Code Root Fixup: 0,0 ms]
   [Code Root Purge: 0,0 ms]
   [Clear CT: 0,7 ms]
   [Other: 3,9 ms]
      [Choose CSet: 0,0 ms]
      [Ref Proc: 2,7 ms]
      [Ref Enq: 0,0 ms]
      [Redirty Cards: 0,6 ms]
      [Humongous Register: 0,1 ms]
      [Humongous Reclaim: 0,0 ms]
      [Free CSet: 0,1 ms]
   [Eden: 46,0M(46,0M)->0,0B(44,0M) Survivors: 5120,0K->7168,0K Heap: 306,9M(1024,0M)->265,5M(1024,0M)]
 [Times: user=0,15 sys=0,00, real=0,02 secs] 
2018-04-10T18:45:07.777+0200: 15181,871: [GC pause (G1 Evacuation Pause) (young), 0,0212453 secs]
   [Parallel Time: 20,0 ms, GC Workers: 8]
      [GC Worker Start (ms): Min: 15181871,4, Avg: 15181871,7, Max: 15181872,0, Diff: 0,6]
      [Ext Root Scanning (ms): Min: 0,2, Avg: 0,6, Max: 1,1, Diff: 0,9, Sum: 4,7]
      [Update RS (ms): Min: 1,4, Avg: 1,7, Max: 2,1, Diff: 0,7, Sum: 13,8]
         [Processed Buffers: Min: 1, Avg: 6,2, Max: 15, Diff: 14, Sum: 50]
      [Scan RS (ms): Min: 2,1, Avg: 2,4, Max: 2,6, Diff: 0,6, Sum: 18,9]
      [Code Root Scanning (ms): Min: 0,0, Avg: 0,0, Max: 0,0, Diff: 0,0, Sum: 0,0]
      [Object Copy (ms): Min: 14,4, Avg: 14,6, Max: 14,8, Diff: 0,4, Sum: 117,1]
      [Termination (ms): Min: 0,0, Avg: 0,2, Max: 0,3, Diff: 0,3, Sum: 1,7]
         [Termination Attempts: Min: 1, Avg: 1,0, Max: 1, Diff: 0, Sum: 8]
      [GC Worker Other (ms): Min: 0,0, Avg: 0,0, Max: 0,0, Diff: 0,0, Sum: 0,1]
      [GC Worker Total (ms): Min: 19,3, Avg: 19,5, Max: 19,9, Diff: 0,6, Sum: 156,4]
      [GC Worker End (ms): Min: 15181891,1, Avg: 15181891,2, Max: 15181891,2, Diff: 0,1]
   [Code Root Fixup: 0,0 ms]
   [Code Root Purge: 0,0 ms]
   [Clear CT: 0,1 ms]
   [Other: 1,1 ms]
      [Choose CSet: 0,0 ms]
      [Ref Proc: 0,5 ms]
      [Ref Enq: 0,0 ms]
      [Redirty Cards: 0,1 ms]
      [Humongous Register: 0,1 ms]
      [Humongous Reclaim: 0,0 ms]
      [Free CSet: 0,1 ms]
   [Eden: 44,0M(44,0M)->0,0B(44,0M) Survivors: 7168,0K->7168,0K Heap: 309,5M(1024,0M)->268,3M(1024,0M)]
 [Times: user=0,16 sys=0,00, real=0,02 secs] 
2018-04-10T18:46:38.078+0200: 15272,172: [GC pause (G1 Evacuation Pause) (young), 0,0263968 secs]
   [Parallel Time: 21,6 ms, GC Workers: 8]
      [GC Worker Start (ms): Min: 15272172,2, Avg: 15272172,5, Max: 15272174,1, Diff: 1,9]
      [Ext Root Scanning (ms): Min: 0,0, Avg: 0,5, Max: 1,0, Diff: 1,0, Sum: 4,0]
      [Update RS (ms): Min: 0,6, Avg: 1,6, Max: 2,0, Diff: 1,4, Sum: 12,7]
         [Processed Buffers: Min: 2, Avg: 6,1, Max: 10, Diff: 8, Sum: 49]
      [Scan RS (ms): Min: 2,2, Avg: 2,7, Max: 3,3, Diff: 1,1, Sum: 21,8]
      [Code Root Scanning (ms): Min: 0,0, Avg: 0,0, Max: 0,0, Diff: 0,0, Sum: 0,0]
      [Object Copy (ms): Min: 15,1, Avg: 15,7, Max: 16,0, Diff: 0,8, Sum: 125,5]
      [Termination (ms): Min: 0,0, Avg: 0,0, Max: 0,0, Diff: 0,0, Sum: 0,2]
         [Termination Attempts: Min: 2, Avg: 3,9, Max: 7, Diff: 5, Sum: 31]
      [GC Worker Other (ms): Min: 0,0, Avg: 0,0, Max: 0,0, Diff: 0,0, Sum: 0,1]
      [GC Worker Total (ms): Min: 19,0, Avg: 20,6, Max: 20,9, Diff: 1,9, Sum: 164,5]
      [GC Worker End (ms): Min: 15272193,0, Avg: 15272193,0, Max: 15272193,1, Diff: 0,0]
   [Code Root Fixup: 0,0 ms]
   [Code Root Purge: 0,0 ms]
   [Clear CT: 1,0 ms]
   [Other: 3,7 ms]
      [Choose CSet: 0,0 ms]
      [Ref Proc: 2,2 ms]
      [Ref Enq: 0,0 ms]
      [Redirty Cards: 1,0 ms]
      [Humongous Register: 0,1 ms]
      [Humongous Reclaim: 0,0 ms]
      [Free CSet: 0,1 ms]
   [Eden: 44,0M(44,0M)->0,0B(44,0M) Survivors: 7168,0K->7168,0K Heap: 312,3M(1024,0M)->271,9M(1024,0M)]
 [Times: user=0,18 sys=0,00, real=0,02 secs] 
2018-04-10T18:48:08.117+0200: 15362,211: [GC pause (G1 Evacuation Pause) (young), 0,0282555 secs]
   [Parallel Time: 23,8 ms, GC Workers: 8]
      [GC Worker Start (ms): Min: 15362211,7, Avg: 15362211,8, Max: 15362212,2, Diff: 0,5]
      [Ext Root Scanning (ms): Min: 0,2, Avg: 0,5, Max: 1,0, Diff: 0,8, Sum: 4,2]
      [Update RS (ms): Min: 0,7, Avg: 1,7, Max: 2,2, Diff: 1,5, Sum: 13,5]
         [Processed Buffers: Min: 1, Avg: 6,2, Max: 12, Diff: 11, Sum: 50]
      [Scan RS (ms): Min: 2,1, Avg: 2,4, Max: 2,8, Diff: 0,7, Sum: 19,5]
      [Code Root Scanning (ms): Min: 0,0, Avg: 0,0, Max: 0,0, Diff: 0,0, Sum: 0,0]
      [Object Copy (ms): Min: 18,3, Avg: 18,6, Max: 19,5, Diff: 1,2, Sum: 148,7]
      [Termination (ms): Min: 0,0, Avg: 0,1, Max: 0,2, Diff: 0,2, Sum: 1,2]
         [Termination Attempts: Min: 1, Avg: 1,1, Max: 2, Diff: 1, Sum: 9]
      [GC Worker Other (ms): Min: 0,0, Avg: 0,0, Max: 0,0, Diff: 0,0, Sum: 0,2]
      [GC Worker Total (ms): Min: 23,1, Avg: 23,4, Max: 23,6, Diff: 0,5, Sum: 187,3]
      [GC Worker End (ms): Min: 15362235,2, Avg: 15362235,2, Max: 15362235,3, Diff: 0,1]
   [Code Root Fixup: 0,0 ms]
   [Code Root Purge: 0,0 ms]
   [Clear CT: 0,3 ms]
   [Other: 4,2 ms]
      [Choose CSet: 0,0 ms]
      [Ref Proc: 3,4 ms]
      [Ref Enq: 0,0 ms]
      [Redirty Cards: 0,4 ms]
      [Humongous Register: 0,1 ms]
      [Humongous Reclaim: 0,0 ms]
      [Free CSet: 0,1 ms]
   [Eden: 44,0M(44,0M)->0,0B(44,0M) Survivors: 7168,0K->7168,0K Heap: 315,9M(1024,0M)->275,6M(1024,0M)]
 [Times: user=0,17 sys=0,00, real=0,02 secs] 
2018-04-10T18:49:37.313+0200: 15451,407: [GC pause (G1 Evacuation Pause) (young), 0,0270638 secs]
   [Parallel Time: 24,1 ms, GC Workers: 8]
      [GC Worker Start (ms): Min: 15451407,6, Avg: 15451407,9, Max: 15451408,6, Diff: 1,0]
      [Ext Root Scanning (ms): Min: 0,0, Avg: 0,6, Max: 1,1, Diff: 1,0, Sum: 4,5]
      [Update RS (ms): Min: 0,9, Avg: 2,0, Max: 2,3, Diff: 1,4, Sum: 15,7]
         [Processed Buffers: Min: 1, Avg: 6,5, Max: 15, Diff: 14, Sum: 52]
      [Scan RS (ms): Min: 2,6, Avg: 2,8, Max: 3,0, Diff: 0,5, Sum: 22,3]
      [Code Root Scanning (ms): Min: 0,0, Avg: 0,0, Max: 0,0, Diff: 0,0, Sum: 0,0]
      [Object Copy (ms): Min: 16,1, Avg: 16,5, Max: 17,3, Diff: 1,2, Sum: 132,3]
      [Termination (ms): Min: 0,0, Avg: 1,1, Max: 1,6, Diff: 1,6, Sum: 8,8]
         [Termination Attempts: Min: 1, Avg: 1,8, Max: 4, Diff: 3, Sum: 14]
      [GC Worker Other (ms): Min: 0,0, Avg: 0,0, Max: 0,0, Diff: 0,0, Sum: 0,1]
      [GC Worker Total (ms): Min: 22,0, Avg: 23,0, Max: 23,6, Diff: 1,6, Sum: 183,8]
      [GC Worker End (ms): Min: 15451430,6, Avg: 15451430,9, Max: 15451431,2, Diff: 0,6]
   [Code Root Fixup: 0,0 ms]
   [Code Root Purge: 0,0 ms]
   [Clear CT: 0,9 ms]
   [Other: 2,0 ms]
      [Choose CSet: 0,0 ms]
      [Ref Proc: 0,7 ms]
      [Ref Enq: 0,0 ms]
      [Redirty Cards: 0,8 ms]
      [Humongous Register: 0,1 ms]
      [Humongous Reclaim: 0,0 ms]
      [Free CSet: 0,1 ms]
   [Eden: 44,0M(44,0M)->0,0B(44,0M) Survivors: 7168,0K->7168,0K Heap: 319,6M(1024,0M)->279,8M(1024,0M)]
 [Times: user=0,18 sys=0,00, real=0,03 secs] 
2018-04-10T18:51:08.024+0200: 15542,119: [GC pause (G1 Evacuation Pause) (young), 0,0277579 secs]
   [Parallel Time: 23,0 ms, GC Workers: 8]
      [GC Worker Start (ms): Min: 15542119,0, Avg: 15542119,2, Max: 15542119,3, Diff: 0,3]
      [Ext Root Scanning (ms): Min: 0,4, Avg: 0,6, Max: 1,1, Diff: 0,7, Sum: 4,7]
      [Update RS (ms): Min: 0,0, Avg: 2,2, Max: 2,9, Diff: 2,9, Sum: 17,5]
         [Processed Buffers: Min: 0, Avg: 6,8, Max: 15, Diff: 15, Sum: 54]
      [Scan RS (ms): Min: 2,5, Avg: 2,8, Max: 3,1, Diff: 0,7, Sum: 22,2]
      [Code Root Scanning (ms): Min: 0,0, Avg: 0,0, Max: 0,0, Diff: 0,0, Sum: 0,0]
      [Object Copy (ms): Min: 16,7, Avg: 17,2, Max: 19,3, Diff: 2,6, Sum: 137,4]
      [Termination (ms): Min: 0,0, Avg: 0,0, Max: 0,0, Diff: 0,0, Sum: 0,0]
         [Termination Attempts: Min: 1, Avg: 1,0, Max: 1, Diff: 0, Sum: 8]
      [GC Worker Other (ms): Min: 0,0, Avg: 0,0, Max: 0,0, Diff: 0,0, Sum: 0,2]
      [GC Worker Total (ms): Min: 22,6, Avg: 22,8, Max: 22,9, Diff: 0,3, Sum: 182,1]
      [GC Worker End (ms): Min: 15542141,9, Avg: 15542141,9, Max: 15542141,9, Diff: 0,0]
   [Code Root Fixup: 0,0 ms]
   [Code Root Purge: 0,0 ms]
   [Clear CT: 0,9 ms]
   [Other: 3,8 ms]
      [Choose CSet: 0,0 ms]
      [Ref Proc: 2,2 ms]
      [Ref Enq: 0,0 ms]
      [Redirty Cards: 1,0 ms]
      [Humongous Register: 0,1 ms]
      [Humongous Reclaim: 0,0 ms]
      [Free CSet: 0,1 ms]
   [Eden: 44,0M(44,0M)->0,0B(44,0M) Survivors: 7168,0K->7168,0K Heap: 323,8M(1024,0M)->284,3M(1024,0M)]
 [Times: user=0,19 sys=0,00, real=0,03 secs] 
2018-04-10T18:52:37.801+0200: 15631,895: [GC pause (G1 Evacuation Pause) (young), 0,0140072 secs]
   [Parallel Time: 11,9 ms, GC Workers: 8]
      [GC Worker Start (ms): Min: 15631895,4, Avg: 15631896,9, Max: 15631901,2, Diff: 5,7]
      [Ext Root Scanning (ms): Min: 0,0, Avg: 0,3, Max: 0,6, Diff: 0,6, Sum: 2,0]
      [Update RS (ms): Min: 0,0, Avg: 0,8, Max: 1,1, Diff: 1,1, Sum: 6,0]
         [Processed Buffers: Min: 0, Avg: 6,8, Max: 16, Diff: 16, Sum: 54]
      [Scan RS (ms): Min: 0,0, Avg: 0,8, Max: 1,2, Diff: 1,2, Sum: 6,8]
      [Code Root Scanning (ms): Min: 0,0, Avg: 0,0, Max: 0,0, Diff: 0,0, Sum: 0,0]
      [Object Copy (ms): Min: 4,4, Avg: 6,9, Max: 8,3, Diff: 3,9, Sum: 55,6]
      [Termination (ms): Min: 0,0, Avg: 0,7, Max: 1,1, Diff: 1,1, Sum: 5,5]
         [Termination Attempts: Min: 1, Avg: 1,0, Max: 1, Diff: 0, Sum: 8]
      [GC Worker Other (ms): Min: 0,0, Avg: 0,0, Max: 0,0, Diff: 0,0, Sum: 0,1]
      [GC Worker Total (ms): Min: 5,2, Avg: 9,5, Max: 11,2, Diff: 6,0, Sum: 75,9]
      [GC Worker End (ms): Min: 15631906,3, Avg: 15631906,4, Max: 15631906,6, Diff: 0,4]
   [Code Root Fixup: 0,0 ms]
   [Code Root Purge: 0,0 ms]
   [Clear CT: 0,1 ms]
   [Other: 2,0 ms]
      [Choose CSet: 0,0 ms]
      [Ref Proc: 1,6 ms]
      [Ref Enq: 0,0 ms]
      [Redirty Cards: 0,1 ms]
      [Humongous Register: 0,1 ms]
      [Humongous Reclaim: 0,0 ms]
      [Free CSet: 0,0 ms]
   [Eden: 44,0M(44,0M)->0,0B(46,0M) Survivors: 7168,0K->5120,0K Heap: 328,3M(1024,0M)->287,8M(1024,0M)]
 [Times: user=0,07 sys=0,00, real=0,01 secs] 
2018-04-10T18:54:12.537+0200: 15726,631: [GC pause (G1 Evacuation Pause) (young), 0,0252908 secs]
   [Parallel Time: 21,7 ms, GC Workers: 8]
      [GC Worker Start (ms): Min: 15726631,4, Avg: 15726631,7, Max: 15726632,3, Diff: 0,9]
      [Ext Root Scanning (ms): Min: 0,0, Avg: 0,5, Max: 1,1, Diff: 1,1, Sum: 4,2]
      [Update RS (ms): Min: 2,2, Avg: 2,5, Max: 3,1, Diff: 0,9, Sum: 19,8]
         [Processed Buffers: Min: 1, Avg: 6,6, Max: 16, Diff: 15, Sum: 53]
      [Scan RS (ms): Min: 2,1, Avg: 2,6, Max: 3,0, Diff: 0,9, Sum: 21,1]
      [Code Root Scanning (ms): Min: 0,0, Avg: 0,0, Max: 0,0, Diff: 0,0, Sum: 0,0]
      [Object Copy (ms): Min: 13,4, Avg: 13,7, Max: 14,6, Diff: 1,2, Sum: 109,5]
      [Termination (ms): Min: 0,0, Avg: 1,4, Max: 1,8, Diff: 1,8, Sum: 11,6]
         [Termination Attempts: Min: 1, Avg: 5,5, Max: 10, Diff: 9, Sum: 44]
      [GC Worker Other (ms): Min: 0,0, Avg: 0,0, Max: 0,0, Diff: 0,0, Sum: 0,1]
      [GC Worker Total (ms): Min: 20,2, Avg: 20,8, Max: 21,3, Diff: 1,1, Sum: 166,4]
      [GC Worker End (ms): Min: 15726651,9, Avg: 15726652,5, Max: 15726652,8, Diff: 0,9]
   [Code Root Fixup: 0,0 ms]
   [Code Root Purge: 0,0 ms]
   [Clear CT: 0,6 ms]
   [Other: 3,0 ms]
      [Choose CSet: 0,0 ms]
      [Ref Proc: 2,0 ms]
      [Ref Enq: 0,0 ms]
      [Redirty Cards: 0,4 ms]
      [Humongous Register: 0,1 ms]
      [Humongous Reclaim: 0,0 ms]
      [Free CSet: 0,1 ms]
   [Eden: 46,0M(46,0M)->0,0B(44,0M) Survivors: 5120,0K->7168,0K Heap: 333,8M(1024,0M)->292,0M(1024,0M)]
 [Times: user=0,17 sys=0,00, real=0,02 secs] 
2018-04-10T18:55:41.803+0200: 15815,897: [GC pause (G1 Evacuation Pause) (young), 0,0249757 secs]
   [Parallel Time: 22,2 ms, GC Workers: 8]
      [GC Worker Start (ms): Min: 15815897,8, Avg: 15815898,0, Max: 15815898,4, Diff: 0,6]
      [Ext Root Scanning (ms): Min: 0,2, Avg: 0,6, Max: 1,1, Diff: 0,9, Sum: 4,7]
      [Update RS (ms): Min: 1,5, Avg: 1,9, Max: 2,4, Diff: 0,8, Sum: 15,2]
         [Processed Buffers: Min: 1, Avg: 6,5, Max: 14, Diff: 13, Sum: 52]
      [Scan RS (ms): Min: 2,1, Avg: 2,4, Max: 2,7, Diff: 0,6, Sum: 19,1]
      [Code Root Scanning (ms): Min: 0,0, Avg: 0,0, Max: 0,0, Diff: 0,0, Sum: 0,0]
      [Object Copy (ms): Min: 16,5, Avg: 16,7, Max: 16,8, Diff: 0,3, Sum: 133,5]
      [Termination (ms): Min: 0,0, Avg: 0,0, Max: 0,0, Diff: 0,0, Sum: 0,0]
         [Termination Attempts: Min: 1, Avg: 1,0, Max: 1, Diff: 0, Sum: 8]
      [GC Worker Other (ms): Min: 0,0, Avg: 0,0, Max: 0,0, Diff: 0,0, Sum: 0,2]
      [GC Worker Total (ms): Min: 21,2, Avg: 21,6, Max: 21,8, Diff: 0,6, Sum: 172,8]
      [GC Worker End (ms): Min: 15815919,6, Avg: 15815919,6, Max: 15815919,6, Diff: 0,0]
   [Code Root Fixup: 0,0 ms]
   [Code Root Purge: 0,0 ms]
   [Clear CT: 0,5 ms]
   [Other: 2,3 ms]
      [Choose CSet: 0,0 ms]
      [Ref Proc: 0,8 ms]
      [Ref Enq: 0,0 ms]
      [Redirty Cards: 0,9 ms]
      [Humongous Register: 0,1 ms]
      [Humongous Reclaim: 0,0 ms]
      [Free CSet: 0,1 ms]
   [Eden: 44,0M(44,0M)->0,0B(46,0M) Survivors: 7168,0K->5120,0K Heap: 336,0M(1024,0M)->294,5M(1024,0M)]
 [Times: user=0,17 sys=0,00, real=0,03 secs] 
2018-04-10T18:57:15.567+0200: 15909,662: [GC pause (G1 Evacuation Pause) (young), 0,0258954 secs]
   [Parallel Time: 19,0 ms, GC Workers: 8]
      [GC Worker Start (ms): Min: 15909661,9, Avg: 15909662,3, Max: 15909662,9, Diff: 1,0]
      [Ext Root Scanning (ms): Min: 0,0, Avg: 0,6, Max: 1,2, Diff: 1,1, Sum: 4,6]
      [Update RS (ms): Min: 1,8, Avg: 2,3, Max: 2,6, Diff: 0,9, Sum: 18,4]
         [Processed Buffers: Min: 1, Avg: 6,6, Max: 32, Diff: 31, Sum: 53]
      [Scan RS (ms): Min: 2,7, Avg: 3,2, Max: 4,0, Diff: 1,3, Sum: 25,6]
      [Code Root Scanning (ms): Min: 0,0, Avg: 0,0, Max: 0,0, Diff: 0,0, Sum: 0,0]
      [Object Copy (ms): Min: 11,8, Avg: 12,4, Max: 12,7, Diff: 0,9, Sum: 99,0]
      [Termination (ms): Min: 0,0, Avg: 0,0, Max: 0,0, Diff: 0,0, Sum: 0,0]
         [Termination Attempts: Min: 1, Avg: 1,0, Max: 1, Diff: 0, Sum: 8]
      [GC Worker Other (ms): Min: 0,0, Avg: 0,0, Max: 0,0, Diff: 0,0, Sum: 0,2]
      [GC Worker Total (ms): Min: 17,9, Avg: 18,5, Max: 18,9, Diff: 1,0, Sum: 147,9]
      [GC Worker End (ms): Min: 15909680,8, Avg: 15909680,8, Max: 15909680,8, Diff: 0,0]
   [Code Root Fixup: 0,0 ms]
   [Code Root Purge: 0,0 ms]
   [Clear CT: 1,1 ms]
   [Other: 5,8 ms]
      [Choose CSet: 0,0 ms]
      [Ref Proc: 4,3 ms]
      [Ref Enq: 0,0 ms]
      [Redirty Cards: 0,9 ms]
      [Humongous Register: 0,1 ms]
      [Humongous Reclaim: 0,0 ms]
      [Free CSet: 0,1 ms]
   [Eden: 46,0M(46,0M)->0,0B(44,0M) Survivors: 5120,0K->7168,0K Heap: 340,5M(1024,0M)->298,4M(1024,0M)]
 [Times: user=0,17 sys=0,00, real=0,02 secs] 
2018-04-10T18:58:45.978+0200: 16000,072: [GC pause (G1 Evacuation Pause) (young), 0,0246607 secs]
   [Parallel Time: 20,9 ms, GC Workers: 8]
      [GC Worker Start (ms): Min: 16000072,7, Avg: 16000072,9, Max: 16000073,0, Diff: 0,3]
      [Ext Root Scanning (ms): Min: 0,4, Avg: 0,6, Max: 1,0, Diff: 0,7, Sum: 4,6]
      [Update RS (ms): Min: 1,1, Avg: 1,4, Max: 1,7, Diff: 0,6, Sum: 11,5]
         [Processed Buffers: Min: 1, Avg: 6,4, Max: 12, Diff: 11, Sum: 51]
      [Scan RS (ms): Min: 2,1, Avg: 2,4, Max: 2,8, Diff: 0,7, Sum: 19,2]
      [Code Root Scanning (ms): Min: 0,0, Avg: 0,0, Max: 0,0, Diff: 0,0, Sum: 0,0]
      [Object Copy (ms): Min: 16,0, Avg: 16,2, Max: 16,4, Diff: 0,4, Sum: 129,3]
      [Termination (ms): Min: 0,0, Avg: 0,0, Max: 0,1, Diff: 0,1, Sum: 0,3]
         [Termination Attempts: Min: 1, Avg: 15,1, Max: 24, Diff: 23, Sum: 121]
      [GC Worker Other (ms): Min: 0,0, Avg: 0,0, Max: 0,0, Diff: 0,0, Sum: 0,2]
      [GC Worker Total (ms): Min: 20,5, Avg: 20,6, Max: 20,8, Diff: 0,3, Sum: 165,1]
      [GC Worker End (ms): Min: 16000093,5, Avg: 16000093,5, Max: 16000093,5, Diff: 0,0]
   [Code Root Fixup: 0,0 ms]
   [Code Root Purge: 0,0 ms]
   [Clear CT: 0,4 ms]
   [Other: 3,4 ms]
      [Choose CSet: 0,0 ms]
      [Ref Proc: 2,5 ms]
      [Ref Enq: 0,0 ms]
      [Redirty Cards: 0,4 ms]
      [Humongous Register: 0,1 ms]
      [Humongous Reclaim: 0,0 ms]
      [Free CSet: 0,1 ms]
   [Eden: 44,0M(44,0M)->0,0B(46,0M) Survivors: 7168,0K->5120,0K Heap: 342,4M(1024,0M)->301,9M(1024,0M)]
 [Times: user=0,17 sys=0,00, real=0,02 secs] 
2018-04-10T19:00:21.567+0200: 16095,662: [GC pause (G1 Evacuation Pause) (young), 0,0237695 secs]
   [Parallel Time: 18,9 ms, GC Workers: 8]
      [GC Worker Start (ms): Min: 16095661,9, Avg: 16095662,2, Max: 16095663,4, Diff: 1,6]
      [Ext Root Scanning (ms): Min: 0,0, Avg: 0,6, Max: 1,1, Diff: 1,1, Sum: 4,5]
      [Update RS (ms): Min: 1,9, Avg: 2,9, Max: 4,2, Diff: 2,3, Sum: 23,4]
         [Processed Buffers: Min: 0, Avg: 6,5, Max: 27, Diff: 27, Sum: 52]
      [Scan RS (ms): Min: 1,0, Avg: 2,6, Max: 5,3, Diff: 4,3, Sum: 20,6]
      [Code Root Scanning (ms): Min: 0,0, Avg: 0,0, Max: 0,0, Diff: 0,0, Sum: 0,0]
      [Object Copy (ms): Min: 10,0, Avg: 12,3, Max: 12,8, Diff: 2,8, Sum: 98,5]
      [Termination (ms): Min: 0,0, Avg: 0,0, Max: 0,0, Diff: 0,0, Sum: 0,0]
         [Termination Attempts: Min: 1, Avg: 1,0, Max: 1, Diff: 0, Sum: 8]
      [GC Worker Other (ms): Min: 0,0, Avg: 0,0, Max: 0,0, Diff: 0,0, Sum: 0,2]
      [GC Worker Total (ms): Min: 17,2, Avg: 18,4, Max: 18,8, Diff: 1,6, Sum: 147,2]
      [GC Worker End (ms): Min: 16095680,6, Avg: 16095680,6, Max: 16095680,6, Diff: 0,0]
   [Code Root Fixup: 0,0 ms]
   [Code Root Purge: 0,0 ms]
   [Clear CT: 0,8 ms]
   [Other: 4,1 ms]
      [Choose CSet: 0,0 ms]
      [Ref Proc: 2,9 ms]
      [Ref Enq: 0,0 ms]
      [Redirty Cards: 0,6 ms]
      [Humongous Register: 0,1 ms]
      [Humongous Reclaim: 0,0 ms]
      [Free CSet: 0,1 ms]
   [Eden: 46,0M(46,0M)->0,0B(44,0M) Survivors: 5120,0K->7168,0K Heap: 347,9M(1024,0M)->306,4M(1024,0M)]
 [Times: user=0,16 sys=0,00, real=0,02 secs] 
2018-04-10T19:01:50.732+0200: 16184,826: [GC pause (G1 Evacuation Pause) (young), 0,0100700 secs]
   [Parallel Time: 8,5 ms, GC Workers: 8]
      [GC Worker Start (ms): Min: 16184826,2, Avg: 16184826,3, Max: 16184826,4, Diff: 0,2]
      [Ext Root Scanning (ms): Min: 0,1, Avg: 0,2, Max: 0,6, Diff: 0,5, Sum: 1,9]
      [Update RS (ms): Min: 0,0, Avg: 0,7, Max: 0,9, Diff: 0,9, Sum: 5,4]
         [Processed Buffers: Min: 0, Avg: 6,5, Max: 15, Diff: 15, Sum: 52]
      [Scan RS (ms): Min: 0,0, Avg: 0,7, Max: 0,9, Diff: 0,9, Sum: 5,3]
      [Code Root Scanning (ms): Min: 0,0, Avg: 0,0, Max: 0,0, Diff: 0,0, Sum: 0,0]
      [Object Copy (ms): Min: 6,3, Avg: 6,6, Max: 7,9, Diff: 1,6, Sum: 52,6]
      [Termination (ms): Min: 0,0, Avg: 0,0, Max: 0,0, Diff: 0,0, Sum: 0,1]
         [Termination Attempts: Min: 1, Avg: 14,8, Max: 21, Diff: 20, Sum: 118]
      [GC Worker Other (ms): Min: 0,0, Avg: 0,0, Max: 0,0, Diff: 0,0, Sum: 0,1]
      [GC Worker Total (ms): Min: 8,1, Avg: 8,2, Max: 8,3, Diff: 0,2, Sum: 65,4]
      [GC Worker End (ms): Min: 16184834,5, Avg: 16184834,5, Max: 16184834,5, Diff: 0,0]
   [Code Root Fixup: 0,0 ms]
   [Code Root Purge: 0,0 ms]
   [Clear CT: 0,2 ms]
   [Other: 1,4 ms]
      [Choose CSet: 0,0 ms]
      [Ref Proc: 1,1 ms]
      [Ref Enq: 0,0 ms]
      [Redirty Cards: 0,1 ms]
      [Humongous Register: 0,0 ms]
      [Humongous Reclaim: 0,0 ms]
      [Free CSet: 0,0 ms]
   [Eden: 44,0M(44,0M)->0,0B(44,0M) Survivors: 7168,0K->7168,0K Heap: 350,4M(1024,0M)->309,4M(1024,0M)]
 [Times: user=0,06 sys=0,00, real=0,01 secs] 
2018-04-10T19:03:21.849+0200: 16275,943: [GC pause (G1 Evacuation Pause) (young), 0,0270721 secs]
   [Parallel Time: 23,5 ms, GC Workers: 8]
      [GC Worker Start (ms): Min: 16275943,5, Avg: 16275943,7, Max: 16275944,3, Diff: 0,8]
      [Ext Root Scanning (ms): Min: 0,0, Avg: 0,5, Max: 1,0, Diff: 1,0, Sum: 4,1]
      [Update RS (ms): Min: 2,2, Avg: 2,5, Max: 3,0, Diff: 0,8, Sum: 19,7]
         [Processed Buffers: Min: 1, Avg: 6,9, Max: 17, Diff: 16, Sum: 55]
      [Scan RS (ms): Min: 2,0, Avg: 2,4, Max: 2,7, Diff: 0,7, Sum: 19,5]
      [Code Root Scanning (ms): Min: 0,0, Avg: 0,0, Max: 0,0, Diff: 0,0, Sum: 0,0]
      [Object Copy (ms): Min: 16,7, Avg: 16,9, Max: 17,3, Diff: 0,5, Sum: 135,3]
      [Termination (ms): Min: 0,0, Avg: 0,6, Max: 0,8, Diff: 0,8, Sum: 5,0]
         [Termination Attempts: Min: 1, Avg: 1,0, Max: 1, Diff: 0, Sum: 8]
      [GC Worker Other (ms): Min: 0,0, Avg: 0,0, Max: 0,0, Diff: 0,0, Sum: 0,1]
      [GC Worker Total (ms): Min: 22,4, Avg: 23,0, Max: 23,2, Diff: 0,8, Sum: 183,8]
      [GC Worker End (ms): Min: 16275966,5, Avg: 16275966,7, Max: 16275966,8, Diff: 0,3]
   [Code Root Fixup: 0,0 ms]
   [Code Root Purge: 0,0 ms]
   [Clear CT: 0,4 ms]
   [Other: 3,1 ms]
      [Choose CSet: 0,0 ms]
      [Ref Proc: 2,0 ms]
      [Ref Enq: 0,0 ms]
      [Redirty Cards: 0,6 ms]
      [Humongous Register: 0,1 ms]
      [Humongous Reclaim: 0,0 ms]
      [Free CSet: 0,1 ms]
   [Eden: 44,0M(44,0M)->0,0B(44,0M) Survivors: 7168,0K->7168,0K Heap: 353,4M(1024,0M)->313,5M(1024,0M)]
 [Times: user=0,18 sys=0,00, real=0,03 secs] 
2018-04-10T19:04:52.715+0200: 16366,809: [GC pause (G1 Evacuation Pause) (young), 0,0189282 secs]
   [Parallel Time: 16,4 ms, GC Workers: 8]
      [GC Worker Start (ms): Min: 16366809,4, Avg: 16366809,6, Max: 16366810,3, Diff: 0,9]
      [Ext Root Scanning (ms): Min: 0,0, Avg: 0,6, Max: 1,1, Diff: 1,1, Sum: 4,8]
      [Update RS (ms): Min: 2,0, Avg: 2,4, Max: 2,8, Diff: 0,9, Sum: 19,1]
         [Processed Buffers: Min: 1, Avg: 6,8, Max: 13, Diff: 12, Sum: 54]
      [Scan RS (ms): Min: 2,2, Avg: 2,8, Max: 3,4, Diff: 1,3, Sum: 22,8]
      [Code Root Scanning (ms): Min: 0,0, Avg: 0,0, Max: 0,0, Diff: 0,0, Sum: 0,0]
      [Object Copy (ms): Min: 10,1, Avg: 10,2, Max: 10,3, Diff: 0,3, Sum: 81,2]
      [Termination (ms): Min: 0,0, Avg: 0,0, Max: 0,0, Diff: 0,0, Sum: 0,0]
         [Termination Attempts: Min: 1, Avg: 2,8, Max: 5, Diff: 4, Sum: 22]
      [GC Worker Other (ms): Min: 0,0, Avg: 0,0, Max: 0,0, Diff: 0,0, Sum: 0,2]
      [GC Worker Total (ms): Min: 15,4, Avg: 16,0, Max: 16,3, Diff: 0,9, Sum: 128,2]
      [GC Worker End (ms): Min: 16366825,7, Avg: 16366825,7, Max: 16366825,7, Diff: 0,0]
   [Code Root Fixup: 0,0 ms]
   [Code Root Purge: 0,0 ms]
   [Clear CT: 0,3 ms]
   [Other: 2,2 ms]
      [Choose CSet: 0,0 ms]
      [Ref Proc: 1,4 ms]
      [Ref Enq: 0,0 ms]
      [Redirty Cards: 0,4 ms]
      [Humongous Register: 0,1 ms]
      [Humongous Reclaim: 0,0 ms]
      [Free CSet: 0,0 ms]
   [Eden: 44,0M(44,0M)->0,0B(44,0M) Survivors: 7168,0K->7168,0K Heap: 357,5M(1024,0M)->317,9M(1024,0M)]
 [Times: user=0,13 sys=0,00, real=0,02 secs] 
2018-04-10T19:06:23.453+0200: 16457,548: [GC pause (G1 Evacuation Pause) (young), 0,0237896 secs]
   [Parallel Time: 21,8 ms, GC Workers: 8]
      [GC Worker Start (ms): Min: 16457548,0, Avg: 16457548,1, Max: 16457548,2, Diff: 0,2]
      [Ext Root Scanning (ms): Min: 0,4, Avg: 0,5, Max: 1,0, Diff: 0,6, Sum: 4,3]
      [Update RS (ms): Min: 1,6, Avg: 2,0, Max: 2,2, Diff: 0,6, Sum: 15,7]
         [Processed Buffers: Min: 1, Avg: 6,4, Max: 15, Diff: 14, Sum: 51]
      [Scan RS (ms): Min: 2,5, Avg: 2,7, Max: 3,0, Diff: 0,5, Sum: 21,8]
      [Code Root Scanning (ms): Min: 0,0, Avg: 0,0, Max: 0,0, Diff: 0,0, Sum: 0,0]
      [Object Copy (ms): Min: 15,9, Avg: 16,3, Max: 16,4, Diff: 0,4, Sum: 130,2]
      [Termination (ms): Min: 0,0, Avg: 0,0, Max: 0,0, Diff: 0,0, Sum: 0,0]
         [Termination Attempts: Min: 1, Avg: 1,0, Max: 1, Diff: 0, Sum: 8]
      [GC Worker Other (ms): Min: 0,0, Avg: 0,0, Max: 0,0, Diff: 0,0, Sum: 0,2]
      [GC Worker Total (ms): Min: 21,4, Avg: 21,5, Max: 21,7, Diff: 0,2, Sum: 172,2]
      [GC Worker End (ms): Min: 16457569,6, Avg: 16457569,6, Max: 16457569,6, Diff: 0,0]
   [Code Root Fixup: 0,0 ms]
   [Code Root Purge: 0,0 ms]
   [Clear CT: 0,6 ms]
   [Other: 1,4 ms]
      [Choose CSet: 0,0 ms]
      [Ref Proc: 0,6 ms]
      [Ref Enq: 0,0 ms]
      [Redirty Cards: 0,2 ms]
      [Humongous Register: 0,1 ms]
      [Humongous Reclaim: 0,0 ms]
      [Free CSet: 0,1 ms]
   [Eden: 44,0M(44,0M)->0,0B(44,0M) Survivors: 7168,0K->7168,0K Heap: 361,9M(1024,0M)->321,7M(1024,0M)]
 [Times: user=0,17 sys=0,00, real=0,03 secs] 
2018-04-10T19:07:52.856+0200: 16546,951: [GC pause (G1 Evacuation Pause) (young), 0,0272638 secs]
   [Parallel Time: 24,8 ms, GC Workers: 8]
      [GC Worker Start (ms): Min: 16546951,1, Avg: 16546951,8, Max: 16546953,2, Diff: 2,1]
      [Ext Root Scanning (ms): Min: 0,0, Avg: 0,5, Max: 1,1, Diff: 1,1, Sum: 3,8]
      [Update RS (ms): Min: 1,6, Avg: 2,2, Max: 2,6, Diff: 1,0, Sum: 17,7]
         [Processed Buffers: Min: 1, Avg: 6,4, Max: 15, Diff: 14, Sum: 51]
      [Scan RS (ms): Min: 2,7, Avg: 3,1, Max: 3,5, Diff: 0,8, Sum: 24,8]
      [Code Root Scanning (ms): Min: 0,0, Avg: 0,0, Max: 0,0, Diff: 0,0, Sum: 0,0]
      [Object Copy (ms): Min: 17,2, Avg: 17,5, Max: 17,7, Diff: 0,6, Sum: 139,9]
      [Termination (ms): Min: 0,1, Avg: 0,1, Max: 0,1, Diff: 0,1, Sum: 0,8]
         [Termination Attempts: Min: 10, Avg: 12,1, Max: 14, Diff: 4, Sum: 97]
      [GC Worker Other (ms): Min: 0,0, Avg: 0,0, Max: 0,0, Diff: 0,0, Sum: 0,2]
      [GC Worker Total (ms): Min: 22,0, Avg: 23,4, Max: 24,1, Diff: 2,1, Sum: 187,2]
      [GC Worker End (ms): Min: 16546975,2, Avg: 16546975,2, Max: 16546975,2, Diff: 0,0]
   [Code Root Fixup: 0,0 ms]
   [Code Root Purge: 0,0 ms]
   [Clear CT: 0,8 ms]
   [Other: 1,6 ms]
      [Choose CSet: 0,0 ms]
      [Ref Proc: 0,6 ms]
      [Ref Enq: 0,0 ms]
      [Redirty Cards: 0,5 ms]
      [Humongous Register: 0,1 ms]
      [Humongous Reclaim: 0,0 ms]
      [Free CSet: 0,1 ms]
   [Eden: 44,0M(44,0M)->0,0B(44,0M) Survivors: 7168,0K->7168,0K Heap: 365,7M(1024,0M)->326,8M(1024,0M)]
 [Times: user=0,19 sys=0,00, real=0,02 secs] 
2018-04-10T19:09:22.966+0200: 16637,060: [GC pause (G1 Evacuation Pause) (young), 0,0261715 secs]
   [Parallel Time: 21,1 ms, GC Workers: 8]
      [GC Worker Start (ms): Min: 16637060,6, Avg: 16637060,8, Max: 16637061,4, Diff: 0,8]
      [Ext Root Scanning (ms): Min: 0,0, Avg: 0,6, Max: 1,1, Diff: 1,0, Sum: 4,6]
      [Update RS (ms): Min: 2,0, Avg: 2,2, Max: 2,4, Diff: 0,4, Sum: 17,4]
         [Processed Buffers: Min: 1, Avg: 6,0, Max: 13, Diff: 12, Sum: 48]
      [Scan RS (ms): Min: 2,7, Avg: 2,8, Max: 3,0, Diff: 0,3, Sum: 22,4]
      [Code Root Scanning (ms): Min: 0,0, Avg: 0,0, Max: 0,0, Diff: 0,0, Sum: 0,0]
      [Object Copy (ms): Min: 15,1, Avg: 15,2, Max: 15,3, Diff: 0,2, Sum: 121,4]
      [Termination (ms): Min: 0,0, Avg: 0,1, Max: 0,1, Diff: 0,1, Sum: 0,4]
         [Termination Attempts: Min: 3, Avg: 5,4, Max: 7, Diff: 4, Sum: 43]
      [GC Worker Other (ms): Min: 0,0, Avg: 0,0, Max: 0,0, Diff: 0,0, Sum: 0,2]
      [GC Worker Total (ms): Min: 20,2, Avg: 20,8, Max: 21,0, Diff: 0,8, Sum: 166,4]
      [GC Worker End (ms): Min: 16637081,6, Avg: 16637081,6, Max: 16637081,6, Diff: 0,0]
   [Code Root Fixup: 0,0 ms]
   [Code Root Purge: 0,0 ms]
   [Clear CT: 0,3 ms]
   [Other: 4,8 ms]
      [Choose CSet: 0,0 ms]
      [Ref Proc: 4,0 ms]
      [Ref Enq: 0,0 ms]
      [Redirty Cards: 0,3 ms]
      [Humongous Register: 0,1 ms]
      [Humongous Reclaim: 0,0 ms]
      [Free CSet: 0,1 ms]
   [Eden: 44,0M(44,0M)->0,0B(46,0M) Survivors: 7168,0K->5120,0K Heap: 370,8M(1024,0M)->330,5M(1024,0M)]
 [Times: user=0,19 sys=0,00, real=0,02 secs] 
2018-04-10T19:10:56.235+0200: 16730,330: [GC pause (G1 Evacuation Pause) (young), 0,0216381 secs]
   [Parallel Time: 18,7 ms, GC Workers: 8]
      [GC Worker Start (ms): Min: 16730330,0, Avg: 16730330,4, Max: 16730331,3, Diff: 1,3]
      [Ext Root Scanning (ms): Min: 0,0, Avg: 0,6, Max: 1,1, Diff: 1,1, Sum: 4,5]
      [Update RS (ms): Min: 2,1, Avg: 2,4, Max: 3,0, Diff: 0,9, Sum: 19,0]
         [Processed Buffers: Min: 1, Avg: 6,4, Max: 21, Diff: 20, Sum: 51]
      [Scan RS (ms): Min: 2,5, Avg: 2,9, Max: 3,4, Diff: 0,9, Sum: 23,1]
      [Code Root Scanning (ms): Min: 0,0, Avg: 0,0, Max: 0,0, Diff: 0,0, Sum: 0,0]
      [Object Copy (ms): Min: 11,7, Avg: 12,4, Max: 12,8, Diff: 1,1, Sum: 98,8]
      [Termination (ms): Min: 0,0, Avg: 0,0, Max: 0,0, Diff: 0,0, Sum: 0,0]
         [Termination Attempts: Min: 1, Avg: 1,0, Max: 1, Diff: 0, Sum: 8]
      [GC Worker Other (ms): Min: 0,0, Avg: 0,0, Max: 0,0, Diff: 0,0, Sum: 0,2]
      [GC Worker Total (ms): Min: 17,3, Avg: 18,2, Max: 18,6, Diff: 1,3, Sum: 145,6]
      [GC Worker End (ms): Min: 16730348,6, Avg: 16730348,6, Max: 16730348,6, Diff: 0,0]
   [Code Root Fixup: 0,0 ms]
   [Code Root Purge: 0,0 ms]
   [Clear CT: 0,9 ms]
   [Other: 2,0 ms]
      [Choose CSet: 0,0 ms]
      [Ref Proc: 0,7 ms]
      [Ref Enq: 0,0 ms]
      [Redirty Cards: 0,7 ms]
      [Humongous Register: 0,1 ms]
      [Humongous Reclaim: 0,0 ms]
      [Free CSet: 0,1 ms]
   [Eden: 46,0M(46,0M)->0,0B(44,0M) Survivors: 5120,0K->7168,0K Heap: 376,5M(1024,0M)->333,9M(1024,0M)]
 [Times: user=0,14 sys=0,00, real=0,03 secs] 
2018-04-10T19:12:27.109+0200: 16821,203: [GC pause (G1 Evacuation Pause) (young), 0,0245007 secs]
   [Parallel Time: 21,7 ms, GC Workers: 8]
      [GC Worker Start (ms): Min: 16821203,2, Avg: 16821203,3, Max: 16821203,5, Diff: 0,3]
      [Ext Root Scanning (ms): Min: 0,4, Avg: 0,6, Max: 1,1, Diff: 0,8, Sum: 4,6]
      [Update RS (ms): Min: 1,4, Avg: 1,9, Max: 2,5, Diff: 1,1, Sum: 15,0]
         [Processed Buffers: Min: 1, Avg: 6,1, Max: 15, Diff: 14, Sum: 49]
      [Scan RS (ms): Min: 1,9, Avg: 2,5, Max: 2,7, Diff: 0,8, Sum: 19,8]
      [Code Root Scanning (ms): Min: 0,0, Avg: 0,0, Max: 0,0, Diff: 0,0, Sum: 0,0]
      [Object Copy (ms): Min: 15,8, Avg: 16,0, Max: 16,2, Diff: 0,4, Sum: 128,1]
      [Termination (ms): Min: 0,0, Avg: 0,3, Max: 0,4, Diff: 0,4, Sum: 2,3]
         [Termination Attempts: Min: 1, Avg: 11,8, Max: 18, Diff: 17, Sum: 94]
      [GC Worker Other (ms): Min: 0,0, Avg: 0,0, Max: 0,0, Diff: 0,0, Sum: 0,1]
      [GC Worker Total (ms): Min: 21,0, Avg: 21,3, Max: 21,5, Diff: 0,4, Sum: 170,1]
      [GC Worker End (ms): Min: 16821224,5, Avg: 16821224,6, Max: 16821224,7, Diff: 0,1]
   [Code Root Fixup: 0,0 ms]
   [Code Root Purge: 0,0 ms]
   [Clear CT: 0,5 ms]
   [Other: 2,3 ms]
      [Choose CSet: 0,0 ms]
      [Ref Proc: 1,0 ms]
      [Ref Enq: 0,0 ms]
      [Redirty Cards: 0,7 ms]
      [Humongous Register: 0,1 ms]
      [Humongous Reclaim: 0,0 ms]
      [Free CSet: 0,1 ms]
   [Eden: 44,0M(44,0M)->0,0B(46,0M) Survivors: 7168,0K->5120,0K Heap: 377,9M(1024,0M)->337,3M(1024,0M)]
 [Times: user=0,16 sys=0,00, real=0,02 secs] 
2018-04-10T19:14:02.023+0200: 16916,117: [GC pause (G1 Evacuation Pause) (young), 0,0110698 secs]
   [Parallel Time: 8,7 ms, GC Workers: 8]
      [GC Worker Start (ms): Min: 16916117,7, Avg: 16916118,4, Max: 16916120,3, Diff: 2,6]
      [Ext Root Scanning (ms): Min: 0,0, Avg: 0,3, Max: 0,7, Diff: 0,7, Sum: 2,3]
      [Update RS (ms): Min: 0,0, Avg: 1,1, Max: 1,7, Diff: 1,7, Sum: 8,7]
         [Processed Buffers: Min: 0, Avg: 6,6, Max: 21, Diff: 21, Sum: 53]
      [Scan RS (ms): Min: 0,8, Avg: 1,4, Max: 1,7, Diff: 0,9, Sum: 11,1]
      [Code Root Scanning (ms): Min: 0,0, Avg: 0,0, Max: 0,0, Diff: 0,0, Sum: 0,0]
      [Object Copy (ms): Min: 4,5, Avg: 4,7, Max: 4,9, Diff: 0,4, Sum: 38,0]
      [Termination (ms): Min: 0,0, Avg: 0,0, Max: 0,0, Diff: 0,0, Sum: 0,2]
         [Termination Attempts: Min: 2, Avg: 3,5, Max: 6, Diff: 4, Sum: 28]
      [GC Worker Other (ms): Min: 0,0, Avg: 0,0, Max: 0,0, Diff: 0,0, Sum: 0,1]
      [GC Worker Total (ms): Min: 5,6, Avg: 7,5, Max: 8,3, Diff: 2,6, Sum: 60,4]
      [GC Worker End (ms): Min: 16916126,0, Avg: 16916126,0, Max: 16916126,0, Diff: 0,0]
   [Code Root Fixup: 0,0 ms]
   [Code Root Purge: 0,0 ms]
   [Clear CT: 0,1 ms]
   [Other: 2,3 ms]
      [Choose CSet: 0,0 ms]
      [Ref Proc: 1,7 ms]
      [Ref Enq: 0,0 ms]
      [Redirty Cards: 0,3 ms]
      [Humongous Register: 0,0 ms]
      [Humongous Reclaim: 0,0 ms]
      [Free CSet: 0,0 ms]
   [Eden: 46,0M(46,0M)->0,0B(54,0M) Survivors: 5120,0K->7168,0K Heap: 383,3M(1024,0M)->341,9M(1024,0M)]
 [Times: user=0,07 sys=0,00, real=0,01 secs] 
2018-04-10T19:15:33.035+0200: 17007,129: [GC pause (G1 Evacuation Pause) (young), 0,0141358 secs]
   [Parallel Time: 12,5 ms, GC Workers: 8]
      [GC Worker Start (ms): Min: 17007129,3, Avg: 17007129,5, Max: 17007129,9, Diff: 0,5]
      [Ext Root Scanning (ms): Min: 0,0, Avg: 0,4, Max: 0,8, Diff: 0,8, Sum: 2,9]
      [Update RS (ms): Min: 0,0, Avg: 1,0, Max: 1,5, Diff: 1,5, Sum: 8,0]
         [Processed Buffers: Min: 0, Avg: 6,4, Max: 14, Diff: 14, Sum: 51]
      [Scan RS (ms): Min: 0,7, Avg: 1,6, Max: 1,9, Diff: 1,2, Sum: 12,7]
      [Code Root Scanning (ms): Min: 0,0, Avg: 0,0, Max: 0,0, Diff: 0,0, Sum: 0,0]
      [Object Copy (ms): Min: 8,0, Avg: 8,4, Max: 10,3, Diff: 2,3, Sum: 66,9]
      [Termination (ms): Min: 0,0, Avg: 0,0, Max: 0,0, Diff: 0,0, Sum: 0,1]
         [Termination Attempts: Min: 1, Avg: 7,8, Max: 11, Diff: 10, Sum: 62]
      [GC Worker Other (ms): Min: 0,0, Avg: 0,0, Max: 0,0, Diff: 0,0, Sum: 0,1]
      [GC Worker Total (ms): Min: 11,0, Avg: 11,3, Max: 11,5, Diff: 0,5, Sum: 90,7]
      [GC Worker End (ms): Min: 17007140,8, Avg: 17007140,8, Max: 17007140,8, Diff: 0,0]
   [Code Root Fixup: 0,0 ms]
   [Code Root Purge: 0,0 ms]
   [Clear CT: 0,1 ms]
   [Other: 1,5 ms]
      [Choose CSet: 0,0 ms]
      [Ref Proc: 1,1 ms]
      [Ref Enq: 0,0 ms]
      [Redirty Cards: 0,1 ms]
      [Humongous Register: 0,0 ms]
      [Humongous Reclaim: 0,0 ms]
      [Free CSet: 0,0 ms]
   [Eden: 44,0M(44,0M)->0,0B(74,0M) Survivors: 7168,0K->7168,0K Heap: 385,9M(1024,0M)->344,8M(1024,0M)]
 [Times: user=0,10 sys=0,00, real=0,02 secs] 
2018-04-10T19:18:04.299+0200: 17158,393: [GC pause (G1 Evacuation Pause) (young), 0,0327151 secs]
   [Parallel Time: 29,4 ms, GC Workers: 8]
      [GC Worker Start (ms): Min: 17158393,7, Avg: 17158393,8, Max: 17158394,0, Diff: 0,2]
      [Ext Root Scanning (ms): Min: 0,5, Avg: 0,6, Max: 1,1, Diff: 0,6, Sum: 5,1]
      [Update RS (ms): Min: 2,1, Avg: 2,7, Max: 3,6, Diff: 1,6, Sum: 21,5]
         [Processed Buffers: Min: 0, Avg: 6,9, Max: 13, Diff: 13, Sum: 55]
      [Scan RS (ms): Min: 2,1, Avg: 3,0, Max: 3,6, Diff: 1,4, Sum: 24,4]
      [Code Root Scanning (ms): Min: 0,0, Avg: 0,0, Max: 0,0, Diff: 0,0, Sum: 0,0]
      [Object Copy (ms): Min: 21,7, Avg: 22,0, Max: 22,4, Diff: 0,7, Sum: 176,0]
      [Termination (ms): Min: 0,0, Avg: 0,5, Max: 0,7, Diff: 0,7, Sum: 4,1]
         [Termination Attempts: Min: 1, Avg: 15,5, Max: 26, Diff: 25, Sum: 124]
      [GC Worker Other (ms): Min: 0,0, Avg: 0,0, Max: 0,0, Diff: 0,0, Sum: 0,2]
      [GC Worker Total (ms): Min: 28,6, Avg: 28,9, Max: 29,0, Diff: 0,4, Sum: 231,3]
      [GC Worker End (ms): Min: 17158422,5, Avg: 17158422,7, Max: 17158422,9, Diff: 0,4]
   [Code Root Fixup: 0,0 ms]
   [Code Root Purge: 0,0 ms]
   [Clear CT: 0,2 ms]
   [Other: 3,1 ms]
      [Choose CSet: 0,0 ms]
      [Ref Proc: 2,2 ms]
      [Ref Enq: 0,0 ms]
      [Redirty Cards: 0,2 ms]
      [Humongous Register: 0,1 ms]
      [Humongous Reclaim: 0,0 ms]
      [Free CSet: 0,2 ms]
   [Eden: 74,0M(74,0M)->0,0B(40,0M) Survivors: 7168,0K->11,0M Heap: 418,8M(1024,0M)->349,5M(1024,0M)]
 [Times: user=0,21 sys=0,00, real=0,03 secs] 
2018-04-10T19:19:25.714+0200: 17239,809: [GC pause (G1 Evacuation Pause) (young), 0,0281299 secs]
   [Parallel Time: 26,0 ms, GC Workers: 8]
      [GC Worker Start (ms): Min: 17239809,2, Avg: 17239809,6, Max: 17239810,2, Diff: 1,0]
      [Ext Root Scanning (ms): Min: 0,0, Avg: 0,5, Max: 1,2, Diff: 1,2, Sum: 4,3]
      [Update RS (ms): Min: 0,0, Avg: 1,5, Max: 2,2, Diff: 2,2, Sum: 12,0]
         [Processed Buffers: Min: 0, Avg: 6,1, Max: 16, Diff: 16, Sum: 49]
      [Scan RS (ms): Min: 2,1, Avg: 2,3, Max: 2,5, Diff: 0,4, Sum: 18,8]
      [Code Root Scanning (ms): Min: 0,0, Avg: 0,0, Max: 0,0, Diff: 0,0, Sum: 0,0]
      [Object Copy (ms): Min: 20,7, Avg: 21,1, Max: 22,9, Diff: 2,2, Sum: 168,8]
      [Termination (ms): Min: 0,0, Avg: 0,0, Max: 0,0, Diff: 0,0, Sum: 0,1]
         [Termination Attempts: Min: 1, Avg: 6,9, Max: 13, Diff: 12, Sum: 55]
      [GC Worker Other (ms): Min: 0,0, Avg: 0,0, Max: 0,0, Diff: 0,0, Sum: 0,2]
      [GC Worker Total (ms): Min: 24,9, Avg: 25,5, Max: 25,9, Diff: 1,0, Sum: 204,2]
      [GC Worker End (ms): Min: 17239835,1, Avg: 17239835,1, Max: 17239835,1, Diff: 0,0]
   [Code Root Fixup: 0,0 ms]
   [Code Root Purge: 0,0 ms]
   [Clear CT: 0,3 ms]
   [Other: 1,8 ms]
      [Choose CSet: 0,0 ms]
      [Ref Proc: 0,7 ms]
      [Ref Enq: 0,0 ms]
      [Redirty Cards: 0,6 ms]
      [Humongous Register: 0,1 ms]
      [Humongous Reclaim: 0,0 ms]
      [Free CSet: 0,1 ms]
   [Eden: 40,0M(40,0M)->0,0B(46,0M) Survivors: 11,0M->5120,0K Heap: 389,5M(1024,0M)->351,4M(1024,0M)]
 [Times: user=0,20 sys=0,00, real=0,03 secs] 
2018-04-10T19:20:59.303+0200: 17333,397: [GC pause (G1 Evacuation Pause) (young), 0,0252106 secs]
   [Parallel Time: 19,7 ms, GC Workers: 8]
      [GC Worker Start (ms): Min: 17333397,4, Avg: 17333397,7, Max: 17333398,4, Diff: 1,0]
      [Ext Root Scanning (ms): Min: 0,0, Avg: 0,6, Max: 1,1, Diff: 1,1, Sum: 4,5]
      [Update RS (ms): Min: 1,6, Avg: 2,8, Max: 3,3, Diff: 1,6, Sum: 22,2]
         [Processed Buffers: Min: 1, Avg: 6,8, Max: 14, Diff: 13, Sum: 54]
      [Scan RS (ms): Min: 1,7, Avg: 2,2, Max: 2,5, Diff: 0,8, Sum: 17,6]
      [Code Root Scanning (ms): Min: 0,0, Avg: 0,0, Max: 0,0, Diff: 0,0, Sum: 0,0]
      [Object Copy (ms): Min: 10,7, Avg: 11,3, Max: 13,2, Diff: 2,6, Sum: 90,5]
      [Termination (ms): Min: 0,0, Avg: 2,2, Max: 2,8, Diff: 2,8, Sum: 17,6]
         [Termination Attempts: Min: 1, Avg: 1,5, Max: 2, Diff: 1, Sum: 12]
      [GC Worker Other (ms): Min: 0,0, Avg: 0,0, Max: 0,0, Diff: 0,0, Sum: 0,1]
      [GC Worker Total (ms): Min: 18,2, Avg: 19,1, Max: 19,6, Diff: 1,4, Sum: 152,5]
      [GC Worker End (ms): Min: 17333416,6, Avg: 17333416,8, Max: 17333417,1, Diff: 0,4]
   [Code Root Fixup: 0,0 ms]
   [Code Root Purge: 0,0 ms]
   [Clear CT: 0,2 ms]
   [Other: 5,3 ms]
      [Choose CSet: 0,0 ms]
      [Ref Proc: 3,8 ms]
      [Ref Enq: 0,0 ms]
      [Redirty Cards: 0,9 ms]
      [Humongous Register: 0,1 ms]
      [Humongous Reclaim: 0,0 ms]
      [Free CSet: 0,1 ms]
   [Eden: 46,0M(46,0M)->0,0B(44,0M) Survivors: 5120,0K->7168,0K Heap: 397,4M(1024,0M)->356,0M(1024,0M)]
 [Times: user=0,17 sys=0,00, real=0,03 secs] 
2018-04-10T19:22:30.087+0200: 17424,181: [GC pause (G1 Evacuation Pause) (young), 0,0147655 secs]
   [Parallel Time: 10,5 ms, GC Workers: 8]
      [GC Worker Start (ms): Min: 17424181,3, Avg: 17424181,4, Max: 17424181,7, Diff: 0,5]
      [Ext Root Scanning (ms): Min: 0,0, Avg: 0,3, Max: 1,0, Diff: 1,0, Sum: 2,6]
      [Update RS (ms): Min: 0,0, Avg: 0,8, Max: 1,2, Diff: 1,2, Sum: 6,5]
         [Processed Buffers: Min: 0, Avg: 6,8, Max: 14, Diff: 14, Sum: 54]
      [Scan RS (ms): Min: 0,0, Avg: 0,8, Max: 1,0, Diff: 1,0, Sum: 6,6]
      [Code Root Scanning (ms): Min: 0,0, Avg: 0,0, Max: 0,0, Diff: 0,0, Sum: 0,0]
      [Object Copy (ms): Min: 7,7, Avg: 8,2, Max: 9,9, Diff: 2,2, Sum: 65,4]
      [Termination (ms): Min: 0,0, Avg: 0,1, Max: 0,2, Diff: 0,2, Sum: 1,0]
         [Termination Attempts: Min: 1, Avg: 3,0, Max: 5, Diff: 4, Sum: 24]
      [GC Worker Other (ms): Min: 0,0, Avg: 0,0, Max: 0,0, Diff: 0,0, Sum: 0,1]
      [GC Worker Total (ms): Min: 10,0, Avg: 10,3, Max: 10,4, Diff: 0,5, Sum: 82,2]
      [GC Worker End (ms): Min: 17424191,7, Avg: 17424191,7, Max: 17424191,7, Diff: 0,0]
   [Code Root Fixup: 0,0 ms]
   [Code Root Purge: 0,0 ms]
   [Clear CT: 0,9 ms]
   [Other: 3,4 ms]
      [Choose CSet: 0,0 ms]
      [Ref Proc: 2,8 ms]
      [Ref Enq: 0,0 ms]
      [Redirty Cards: 0,3 ms]
      [Humongous Register: 0,0 ms]
      [Humongous Reclaim: 0,0 ms]
      [Free CSet: 0,0 ms]
   [Eden: 44,0M(44,0M)->0,0B(44,0M) Survivors: 7168,0K->7168,0K Heap: 400,0M(1024,0M)->359,8M(1024,0M)]
 [Times: user=0,09 sys=0,00, real=0,01 secs] 
2018-04-10T19:23:58.256+0200: 17512,350: [GC pause (G1 Evacuation Pause) (young), 0,0259459 secs]
   [Parallel Time: 22,5 ms, GC Workers: 8]
      [GC Worker Start (ms): Min: 17512350,6, Avg: 17512351,3, Max: 17512352,7, Diff: 2,1]
      [Ext Root Scanning (ms): Min: 0,0, Avg: 0,5, Max: 1,1, Diff: 1,1, Sum: 4,3]
      [Update RS (ms): Min: 1,0, Avg: 1,9, Max: 3,0, Diff: 2,0, Sum: 15,0]
         [Processed Buffers: Min: 2, Avg: 6,8, Max: 14, Diff: 12, Sum: 54]
      [Scan RS (ms): Min: 1,8, Avg: 2,7, Max: 3,2, Diff: 1,4, Sum: 21,8]
      [Code Root Scanning (ms): Min: 0,0, Avg: 0,0, Max: 0,0, Diff: 0,0, Sum: 0,0]
      [Object Copy (ms): Min: 16,3, Avg: 16,6, Max: 16,9, Diff: 0,5, Sum: 132,5]
      [Termination (ms): Min: 0,0, Avg: 0,0, Max: 0,1, Diff: 0,1, Sum: 0,3]
         [Termination Attempts: Min: 1, Avg: 13,6, Max: 20, Diff: 19, Sum: 109]
      [GC Worker Other (ms): Min: 0,0, Avg: 0,0, Max: 0,0, Diff: 0,0, Sum: 0,2]
      [GC Worker Total (ms): Min: 20,3, Avg: 21,8, Max: 22,4, Diff: 2,1, Sum: 174,0]
      [GC Worker End (ms): Min: 17512373,0, Avg: 17512373,0, Max: 17512373,0, Diff: 0,0]
   [Code Root Fixup: 0,0 ms]
   [Code Root Purge: 0,0 ms]
   [Clear CT: 1,1 ms]
   [Other: 2,3 ms]
      [Choose CSet: 0,0 ms]
      [Ref Proc: 1,1 ms]
      [Ref Enq: 0,0 ms]
      [Redirty Cards: 0,7 ms]
      [Humongous Register: 0,1 ms]
      [Humongous Reclaim: 0,0 ms]
      [Free CSet: 0,1 ms]
   [Eden: 44,0M(44,0M)->0,0B(46,0M) Survivors: 7168,0K->5120,0K Heap: 403,8M(1024,0M)->364,8M(1024,0M)]
 [Times: user=0,17 sys=0,00, real=0,02 secs] 
2018-04-10T19:25:32.149+0200: 17606,243: [GC pause (G1 Evacuation Pause) (young) (initial-mark), 0,0254259 secs]
   [Parallel Time: 20,2 ms, GC Workers: 8]
      [GC Worker Start (ms): Min: 17606243,6, Avg: 17606243,8, Max: 17606243,9, Diff: 0,3]
      [Ext Root Scanning (ms): Min: 1,3, Avg: 1,4, Max: 1,6, Diff: 0,2, Sum: 11,6]
      [Update RS (ms): Min: 2,2, Avg: 2,6, Max: 3,1, Diff: 0,9, Sum: 20,6]
         [Processed Buffers: Min: 1, Avg: 6,8, Max: 21, Diff: 20, Sum: 54]
      [Scan RS (ms): Min: 2,2, Avg: 2,6, Max: 2,9, Diff: 0,7, Sum: 20,5]
      [Code Root Scanning (ms): Min: 0,0, Avg: 0,0, Max: 0,0, Diff: 0,0, Sum: 0,0]
      [Object Copy (ms): Min: 12,0, Avg: 12,4, Max: 13,3, Diff: 1,3, Sum: 98,9]
      [Termination (ms): Min: 0,0, Avg: 0,6, Max: 0,8, Diff: 0,8, Sum: 4,7]
         [Termination Attempts: Min: 2, Avg: 11,8, Max: 16, Diff: 14, Sum: 94]
      [GC Worker Other (ms): Min: 0,0, Avg: 0,0, Max: 0,0, Diff: 0,0, Sum: 0,1]
      [GC Worker Total (ms): Min: 19,3, Avg: 19,6, Max: 19,7, Diff: 0,4, Sum: 156,5]
      [GC Worker End (ms): Min: 17606263,1, Avg: 17606263,3, Max: 17606263,5, Diff: 0,3]
   [Code Root Fixup: 0,0 ms]
   [Code Root Purge: 0,0 ms]
   [Clear CT: 1,0 ms]
   [Other: 4,2 ms]
      [Choose CSet: 0,0 ms]
      [Ref Proc: 2,6 ms]
      [Ref Enq: 0,0 ms]
      [Redirty Cards: 0,9 ms]
      [Humongous Register: 0,0 ms]
      [Humongous Reclaim: 0,0 ms]
      [Free CSet: 0,1 ms]
   [Eden: 46,0M(46,0M)->0,0B(44,0M) Survivors: 5120,0K->7168,0K Heap: 410,8M(1024,0M)->369,0M(1024,0M)]
 [Times: user=0,16 sys=0,00, real=0,02 secs] 
2018-04-10T19:25:32.174+0200: 17606,269: [GC concurrent-root-region-scan-start]
2018-04-10T19:25:32.188+0200: 17606,282: [GC concurrent-root-region-scan-end, 0,0131410 secs]
2018-04-10T19:25:32.188+0200: 17606,282: [GC concurrent-mark-start]
2018-04-10T19:25:32.205+0200: 17606,299: [GC concurrent-mark-end, 0,0174381 secs]
2018-04-10T19:25:32.205+0200: 17606,300: [GC remark 2018-04-10T19:25:32.205+0200: 17606,300: [Finalize Marking, 0,0008802 secs] 2018-04-10T19:25:32.206+0200: 17606,301: [GC ref-proc, 0,0006616 secs] 2018-04-10T19:25:32.207+0200: 17606,301: [Unloading, 0,0037628 secs], 0,0066210 secs]
 [Times: user=0,03 sys=0,00, real=0,01 secs] 
2018-04-10T19:25:32.212+0200: 17606,307: [GC cleanup 369M->326M(1024M), 0,0012340 secs]
 [Times: user=0,00 sys=0,00, real=0,00 secs] 
2018-04-10T19:25:32.213+0200: 17606,308: [GC concurrent-cleanup-start]
2018-04-10T19:25:32.214+0200: 17606,308: [GC concurrent-cleanup-end, 0,0000792 secs]
2018-04-10T19:27:01.262+0200: 17695,356: [GC pause (G1 Evacuation Pause) (young), 0,0300165 secs]
   [Parallel Time: 27,2 ms, GC Workers: 8]
      [GC Worker Start (ms): Min: 17695356,7, Avg: 17695357,0, Max: 17695357,7, Diff: 1,0]
      [Ext Root Scanning (ms): Min: 0,0, Avg: 0,7, Max: 1,7, Diff: 1,7, Sum: 5,9]
      [Update RS (ms): Min: 1,5, Avg: 2,2, Max: 3,0, Diff: 1,5, Sum: 18,0]
         [Processed Buffers: Min: 1, Avg: 6,8, Max: 20, Diff: 19, Sum: 54]
      [Scan RS (ms): Min: 2,5, Avg: 2,9, Max: 3,3, Diff: 0,8, Sum: 23,3]
      [Code Root Scanning (ms): Min: 0,0, Avg: 0,0, Max: 0,0, Diff: 0,0, Sum: 0,0]
      [Object Copy (ms): Min: 17,7, Avg: 18,5, Max: 19,5, Diff: 1,7, Sum: 148,0]
      [Termination (ms): Min: 0,0, Avg: 1,6, Max: 2,3, Diff: 2,3, Sum: 12,4]
         [Termination Attempts: Min: 1, Avg: 2,6, Max: 5, Diff: 4, Sum: 21]
      [GC Worker Other (ms): Min: 0,0, Avg: 0,0, Max: 0,0, Diff: 0,0, Sum: 0,1]
      [GC Worker Total (ms): Min: 25,2, Avg: 26,0, Max: 26,8, Diff: 1,7, Sum: 207,7]
      [GC Worker End (ms): Min: 17695382,8, Avg: 17695383,0, Max: 17695383,5, Diff: 0,7]
   [Code Root Fixup: 0,0 ms]
   [Code Root Purge: 0,0 ms]
   [Clear CT: 0,1 ms]
   [Other: 2,7 ms]
      [Choose CSet: 0,0 ms]
      [Ref Proc: 2,1 ms]
      [Ref Enq: 0,0 ms]
      [Redirty Cards: 0,1 ms]
      [Humongous Register: 0,1 ms]
      [Humongous Reclaim: 0,0 ms]
      [Free CSet: 0,1 ms]
   [Eden: 44,0M(44,0M)->0,0B(46,0M) Survivors: 7168,0K->5120,0K Heap: 370,0M(1024,0M)->329,6M(1024,0M)]
 [Times: user=0,19 sys=0,00, real=0,03 secs] 
2018-04-10T19:28:36.512+0200: 17790,607: [GC pause (G1 Evacuation Pause) (mixed), 0,0232369 secs]
   [Parallel Time: 22,0 ms, GC Workers: 8]
      [GC Worker Start (ms): Min: 17790607,2, Avg: 17790607,3, Max: 17790607,6, Diff: 0,4]
      [Ext Root Scanning (ms): Min: 0,3, Avg: 0,7, Max: 1,2, Diff: 0,9, Sum: 5,7]
      [Update RS (ms): Min: 2,5, Avg: 3,4, Max: 8,4, Diff: 5,8, Sum: 27,5]
         [Processed Buffers: Min: 0, Avg: 6,5, Max: 15, Diff: 15, Sum: 52]
      [Scan RS (ms): Min: 0,0, Avg: 3,6, Max: 4,7, Diff: 4,7, Sum: 29,2]
      [Code Root Scanning (ms): Min: 0,0, Avg: 0,0, Max: 0,1, Diff: 0,1, Sum: 0,3]
      [Object Copy (ms): Min: 12,7, Avg: 13,1, Max: 13,5, Diff: 0,8, Sum: 105,0]
      [Termination (ms): Min: 0,0, Avg: 0,7, Max: 0,9, Diff: 0,9, Sum: 5,7]
         [Termination Attempts: Min: 1, Avg: 1,0, Max: 1, Diff: 0, Sum: 8]
      [GC Worker Other (ms): Min: 0,0, Avg: 0,0, Max: 0,0, Diff: 0,0, Sum: 0,1]
      [GC Worker Total (ms): Min: 21,4, Avg: 21,7, Max: 21,9, Diff: 0,4, Sum: 173,5]
      [GC Worker End (ms): Min: 17790629,0, Avg: 17790629,0, Max: 17790629,0, Diff: 0,1]
   [Code Root Fixup: 0,0 ms]
   [Code Root Purge: 0,0 ms]
   [Clear CT: 0,2 ms]
   [Other: 1,0 ms]
      [Choose CSet: 0,1 ms]
      [Ref Proc: 0,3 ms]
      [Ref Enq: 0,0 ms]
      [Redirty Cards: 0,1 ms]
      [Humongous Register: 0,1 ms]
      [Humongous Reclaim: 0,0 ms]
      [Free CSet: 0,1 ms]
   [Eden: 46,0M(46,0M)->0,0B(44,0M) Survivors: 5120,0K->7168,0K Heap: 375,6M(1024,0M)->312,5M(1024,0M)]
 [Times: user=0,16 sys=0,00, real=0,02 secs] 
2018-04-10T19:30:04.704+0200: 17878,798: [GC pause (G1 Evacuation Pause) (mixed), 0,0173197 secs]
   [Parallel Time: 15,3 ms, GC Workers: 8]
      [GC Worker Start (ms): Min: 17878798,6, Avg: 17878799,3, Max: 17878801,5, Diff: 2,8]
      [Ext Root Scanning (ms): Min: 0,0, Avg: 0,7, Max: 2,2, Diff: 2,2, Sum: 5,6]
      [Update RS (ms): Min: 0,0, Avg: 1,9, Max: 4,9, Diff: 4,9, Sum: 14,9]
         [Processed Buffers: Min: 0, Avg: 6,2, Max: 20, Diff: 20, Sum: 50]
      [Scan RS (ms): Min: 0,0, Avg: 2,0, Max: 6,9, Diff: 6,9, Sum: 16,1]
      [Code Root Scanning (ms): Min: 0,0, Avg: 0,0, Max: 0,1, Diff: 0,1, Sum: 0,1]
      [Object Copy (ms): Min: 4,3, Avg: 9,2, Max: 13,2, Diff: 8,9, Sum: 73,4]
      [Termination (ms): Min: 0,0, Avg: 0,5, Max: 0,6, Diff: 0,6, Sum: 3,8]
         [Termination Attempts: Min: 1, Avg: 7,9, Max: 11, Diff: 10, Sum: 63]
      [GC Worker Other (ms): Min: 0,0, Avg: 0,0, Max: 0,0, Diff: 0,0, Sum: 0,1]
      [GC Worker Total (ms): Min: 12,1, Avg: 14,3, Max: 14,9, Diff: 2,8, Sum: 114,1]
      [GC Worker End (ms): Min: 17878813,4, Avg: 17878813,5, Max: 17878813,6, Diff: 0,2]
   [Code Root Fixup: 0,0 ms]
   [Code Root Purge: 0,0 ms]
   [Clear CT: 0,1 ms]
   [Other: 2,0 ms]
      [Choose CSet: 0,1 ms]
      [Ref Proc: 1,1 ms]
      [Ref Enq: 0,0 ms]
      [Redirty Cards: 0,1 ms]
      [Humongous Register: 0,1 ms]
      [Humongous Reclaim: 0,0 ms]
      [Free CSet: 0,1 ms]
   [Eden: 44,0M(44,0M)->0,0B(46,0M) Survivors: 7168,0K->5120,0K Heap: 356,5M(1024,0M)->291,6M(1024,0M)]
 [Times: user=0,10 sys=0,00, real=0,02 secs] 
2018-04-10T19:31:37.878+0200: 17971,972: [GC pause (G1 Evacuation Pause) (mixed), 0,0208688 secs]
   [Parallel Time: 18,2 ms, GC Workers: 8]
      [GC Worker Start (ms): Min: 17971972,2, Avg: 17971972,6, Max: 17971973,3, Diff: 1,0]
      [Ext Root Scanning (ms): Min: 0,0, Avg: 0,5, Max: 0,9, Diff: 0,9, Sum: 4,1]
      [Update RS (ms): Min: 2,3, Avg: 2,5, Max: 2,8, Diff: 0,5, Sum: 20,3]
         [Processed Buffers: Min: 1, Avg: 6,5, Max: 15, Diff: 14, Sum: 52]
      [Scan RS (ms): Min: 3,7, Avg: 4,1, Max: 4,4, Diff: 0,7, Sum: 33,0]
      [Code Root Scanning (ms): Min: 0,0, Avg: 0,0, Max: 0,0, Diff: 0,0, Sum: 0,0]
      [Object Copy (ms): Min: 10,3, Avg: 10,5, Max: 10,7, Diff: 0,4, Sum: 83,8]
      [Termination (ms): Min: 0,0, Avg: 0,1, Max: 0,1, Diff: 0,1, Sum: 0,8]
         [Termination Attempts: Min: 1, Avg: 14,0, Max: 25, Diff: 24, Sum: 112]
      [GC Worker Other (ms): Min: 0,0, Avg: 0,0, Max: 0,0, Diff: 0,0, Sum: 0,2]
      [GC Worker Total (ms): Min: 17,1, Avg: 17,8, Max: 18,1, Diff: 1,0, Sum: 142,2]
      [GC Worker End (ms): Min: 17971990,4, Avg: 17971990,4, Max: 17971990,4, Diff: 0,0]
   [Code Root Fixup: 0,0 ms]
   [Code Root Purge: 0,0 ms]
   [Clear CT: 0,2 ms]
   [Other: 2,4 ms]
      [Choose CSet: 0,1 ms]
      [Ref Proc: 1,5 ms]
      [Ref Enq: 0,0 ms]
      [Redirty Cards: 0,3 ms]
      [Humongous Register: 0,1 ms]
      [Humongous Reclaim: 0,0 ms]
      [Free CSet: 0,2 ms]
   [Eden: 46,0M(46,0M)->0,0B(44,0M) Survivors: 5120,0K->7168,0K Heap: 337,6M(1024,0M)->273,4M(1024,0M)]
 [Times: user=0,15 sys=0,00, real=0,02 secs] 
2018-04-10T19:33:00.666+0200: 18054,760: [GC pause (G1 Evacuation Pause) (mixed), 0,0393073 secs]
   [Parallel Time: 36,4 ms, GC Workers: 8]
      [GC Worker Start (ms): Min: 18054760,8, Avg: 18054761,6, Max: 18054763,5, Diff: 2,7]
      [Ext Root Scanning (ms): Min: 0,0, Avg: 0,9, Max: 2,3, Diff: 2,3, Sum: 6,8]
      [Update RS (ms): Min: 1,2, Avg: 2,2, Max: 3,0, Diff: 1,8, Sum: 17,7]
         [Processed Buffers: Min: 1, Avg: 7,2, Max: 17, Diff: 16, Sum: 58]
      [Scan RS (ms): Min: 3,1, Avg: 3,5, Max: 3,8, Diff: 0,7, Sum: 28,3]
      [Code Root Scanning (ms): Min: 0,0, Avg: 0,0, Max: 0,1, Diff: 0,1, Sum: 0,1]
      [Object Copy (ms): Min: 25,6, Avg: 26,3, Max: 27,6, Diff: 2,0, Sum: 210,4]
      [Termination (ms): Min: 0,0, Avg: 1,8, Max: 2,3, Diff: 2,3, Sum: 14,2]
         [Termination Attempts: Min: 1, Avg: 7,4, Max: 12, Diff: 11, Sum: 59]
      [GC Worker Other (ms): Min: 0,0, Avg: 0,1, Max: 0,8, Diff: 0,8, Sum: 1,0]
      [GC Worker Total (ms): Min: 32,7, Avg: 34,8, Max: 36,3, Diff: 3,6, Sum: 278,5]
      [GC Worker End (ms): Min: 18054796,2, Avg: 18054796,4, Max: 18054797,2, Diff: 1,0]
   [Code Root Fixup: 0,0 ms]
   [Code Root Purge: 0,0 ms]
   [Clear CT: 0,3 ms]
   [Other: 2,5 ms]
      [Choose CSet: 0,2 ms]
      [Ref Proc: 1,2 ms]
      [Ref Enq: 0,0 ms]
      [Redirty Cards: 0,3 ms]
      [Humongous Register: 0,1 ms]
      [Humongous Reclaim: 0,0 ms]
      [Free CSet: 0,3 ms]
   [Eden: 44,0M(44,0M)->0,0B(44,0M) Survivors: 7168,0K->7168,0K Heap: 317,4M(1024,0M)->254,0M(1024,0M)]
 [Times: user=0,18 sys=0,00, real=0,03 secs] 
2018-04-10T19:34:32.062+0200: 18146,156: [GC pause (G1 Evacuation Pause) (mixed), 0,0215639 secs]
   [Parallel Time: 18,2 ms, GC Workers: 8]
      [GC Worker Start (ms): Min: 18146156,7, Avg: 18146160,0, Max: 18146163,3, Diff: 6,7]
      [Ext Root Scanning (ms): Min: 0,0, Avg: 0,2, Max: 0,6, Diff: 0,6, Sum: 1,9]
      [Update RS (ms): Min: 0,0, Avg: 0,6, Max: 1,4, Diff: 1,4, Sum: 5,0]
         [Processed Buffers: Min: 0, Avg: 6,5, Max: 21, Diff: 21, Sum: 52]
      [Scan RS (ms): Min: 0,0, Avg: 1,3, Max: 2,8, Diff: 2,8, Sum: 10,7]
      [Code Root Scanning (ms): Min: 0,0, Avg: 0,0, Max: 0,1, Diff: 0,1, Sum: 0,2]
      [Object Copy (ms): Min: 10,2, Avg: 11,4, Max: 12,5, Diff: 2,3, Sum: 91,0]
      [Termination (ms): Min: 0,0, Avg: 0,7, Max: 1,3, Diff: 1,3, Sum: 5,6]
         [Termination Attempts: Min: 1, Avg: 11,5, Max: 17, Diff: 16, Sum: 92]
      [GC Worker Other (ms): Min: 0,0, Avg: 0,0, Max: 0,0, Diff: 0,0, Sum: 0,1]
      [GC Worker Total (ms): Min: 10,9, Avg: 14,3, Max: 17,5, Diff: 6,7, Sum: 114,3]
      [GC Worker End (ms): Min: 18146174,2, Avg: 18146174,3, Max: 18146174,8, Diff: 0,6]
   [Code Root Fixup: 0,0 ms]
   [Code Root Purge: 0,0 ms]
   [Clear CT: 0,2 ms]
   [Other: 3,2 ms]
      [Choose CSet: 0,1 ms]
      [Ref Proc: 2,6 ms]
      [Ref Enq: 0,0 ms]
      [Redirty Cards: 0,1 ms]
      [Humongous Register: 0,1 ms]
      [Humongous Reclaim: 0,0 ms]
      [Free CSet: 0,1 ms]
   [Eden: 44,0M(44,0M)->0,0B(44,0M) Survivors: 7168,0K->7168,0K Heap: 298,0M(1024,0M)->238,9M(1024,0M)]
 [Times: user=0,09 sys=0,00, real=0,02 secs] 
2018-04-10T19:36:01.933+0200: 18236,028: [GC pause (G1 Evacuation Pause) (mixed), 0,0236658 secs]
   [Parallel Time: 19,0 ms, GC Workers: 8]
      [GC Worker Start (ms): Min: 18236028,1, Avg: 18236028,4, Max: 18236028,9, Diff: 0,9]
      [Ext Root Scanning (ms): Min: 0,0, Avg: 0,5, Max: 1,1, Diff: 1,1, Sum: 4,2]
      [Update RS (ms): Min: 0,8, Avg: 2,3, Max: 3,1, Diff: 2,3, Sum: 18,7]
         [Processed Buffers: Min: 1, Avg: 6,8, Max: 22, Diff: 21, Sum: 54]
      [Scan RS (ms): Min: 2,2, Avg: 2,6, Max: 2,9, Diff: 0,7, Sum: 20,7]
      [Code Root Scanning (ms): Min: 0,0, Avg: 0,0, Max: 0,0, Diff: 0,0, Sum: 0,0]
      [Object Copy (ms): Min: 12,6, Avg: 13,0, Max: 14,8, Diff: 2,2, Sum: 103,9]
      [Termination (ms): Min: 0,0, Avg: 0,2, Max: 0,2, Diff: 0,2, Sum: 1,3]
         [Termination Attempts: Min: 1, Avg: 6,1, Max: 9, Diff: 8, Sum: 49]
      [GC Worker Other (ms): Min: 0,0, Avg: 0,0, Max: 0,0, Diff: 0,0, Sum: 0,2]
      [GC Worker Total (ms): Min: 18,0, Avg: 18,6, Max: 18,9, Diff: 0,9, Sum: 149,1]
      [GC Worker End (ms): Min: 18236046,9, Avg: 18236047,0, Max: 18236047,0, Diff: 0,1]
   [Code Root Fixup: 0,0 ms]
   [Code Root Purge: 0,0 ms]
   [Clear CT: 1,0 ms]
   [Other: 3,7 ms]
      [Choose CSet: 0,1 ms]
      [Ref Proc: 2,1 ms]
      [Ref Enq: 0,0 ms]
      [Redirty Cards: 0,9 ms]
      [Humongous Register: 0,1 ms]
      [Humongous Reclaim: 0,0 ms]
      [Free CSet: 0,1 ms]
   [Eden: 44,0M(44,0M)->0,0B(44,0M) Survivors: 7168,0K->7168,0K Heap: 282,9M(1024,0M)->236,5M(1024,0M)]
 [Times: user=0,16 sys=0,00, real=0,03 secs] 
2018-04-10T19:37:33.035+0200: 18327,129: [GC pause (G1 Evacuation Pause) (young), 0,0209447 secs]
   [Parallel Time: 18,7 ms, GC Workers: 8]
      [GC Worker Start (ms): Min: 18327129,4, Avg: 18327129,6, Max: 18327129,7, Diff: 0,3]
      [Ext Root Scanning (ms): Min: 0,3, Avg: 0,5, Max: 0,9, Diff: 0,6, Sum: 3,9]
      [Update RS (ms): Min: 0,0, Avg: 1,2, Max: 1,8, Diff: 1,7, Sum: 9,4]
         [Processed Buffers: Min: 1, Avg: 6,2, Max: 16, Diff: 15, Sum: 50]
      [Scan RS (ms): Min: 2,1, Avg: 2,3, Max: 2,5, Diff: 0,4, Sum: 18,7]
      [Code Root Scanning (ms): Min: 0,0, Avg: 0,0, Max: 0,0, Diff: 0,0, Sum: 0,0]
      [Object Copy (ms): Min: 14,2, Avg: 14,5, Max: 15,4, Diff: 1,2, Sum: 115,8]
      [Termination (ms): Min: 0,0, Avg: 0,0, Max: 0,0, Diff: 0,0, Sum: 0,1]
         [Termination Attempts: Min: 1, Avg: 11,8, Max: 19, Diff: 18, Sum: 94]
      [GC Worker Other (ms): Min: 0,0, Avg: 0,0, Max: 0,0, Diff: 0,0, Sum: 0,2]
      [GC Worker Total (ms): Min: 18,4, Avg: 18,5, Max: 18,7, Diff: 0,3, Sum: 148,1]
      [GC Worker End (ms): Min: 18327148,1, Avg: 18327148,1, Max: 18327148,1, Diff: 0,0]
   [Code Root Fixup: 0,0 ms]
   [Code Root Purge: 0,0 ms]
   [Clear CT: 0,2 ms]
   [Other: 2,0 ms]
      [Choose CSet: 0,0 ms]
      [Ref Proc: 1,5 ms]
      [Ref Enq: 0,0 ms]
      [Redirty Cards: 0,1 ms]
      [Humongous Register: 0,0 ms]
      [Humongous Reclaim: 0,0 ms]
      [Free CSet: 0,0 ms]
   [Eden: 44,0M(44,0M)->0,0B(46,0M) Survivors: 7168,0K->5120,0K Heap: 280,5M(1024,0M)->239,8M(1024,0M)]
 [Times: user=0,15 sys=0,00, real=0,03 secs] 
2018-04-10T19:39:06.603+0200: 18420,697: [GC pause (G1 Evacuation Pause) (young), 0,0220056 secs]
   [Parallel Time: 18,3 ms, GC Workers: 8]
      [GC Worker Start (ms): Min: 18420697,7, Avg: 18420698,0, Max: 18420698,7, Diff: 1,0]
      [Ext Root Scanning (ms): Min: 0,0, Avg: 0,6, Max: 1,1, Diff: 1,1, Sum: 4,7]
      [Update RS (ms): Min: 0,0, Avg: 2,1, Max: 3,1, Diff: 3,1, Sum: 16,5]
         [Processed Buffers: Min: 0, Avg: 6,4, Max: 22, Diff: 22, Sum: 51]
      [Scan RS (ms): Min: 1,9, Avg: 2,8, Max: 3,5, Diff: 1,6, Sum: 22,4]
      [Code Root Scanning (ms): Min: 0,0, Avg: 0,0, Max: 0,0, Diff: 0,0, Sum: 0,0]
      [Object Copy (ms): Min: 11,5, Avg: 12,5, Max: 14,2, Diff: 2,7, Sum: 99,8]
      [Termination (ms): Min: 0,0, Avg: 0,0, Max: 0,0, Diff: 0,0, Sum: 0,1]
         [Termination Attempts: Min: 1, Avg: 1,0, Max: 1, Diff: 0, Sum: 8]
      [GC Worker Other (ms): Min: 0,0, Avg: 0,0, Max: 0,0, Diff: 0,0, Sum: 0,2]
      [GC Worker Total (ms): Min: 17,3, Avg: 18,0, Max: 18,2, Diff: 1,0, Sum: 143,6]
      [GC Worker End (ms): Min: 18420716,0, Avg: 18420716,0, Max: 18420716,0, Diff: 0,0]
   [Code Root Fixup: 0,0 ms]
   [Code Root Purge: 0,0 ms]
   [Clear CT: 0,7 ms]
   [Other: 3,0 ms]
      [Choose CSet: 0,0 ms]
      [Ref Proc: 2,0 ms]
      [Ref Enq: 0,0 ms]
      [Redirty Cards: 0,4 ms]
      [Humongous Register: 0,1 ms]
      [Humongous Reclaim: 0,0 ms]
      [Free CSet: 0,1 ms]
   [Eden: 46,0M(46,0M)->0,0B(44,0M) Survivors: 5120,0K->7168,0K Heap: 285,8M(1024,0M)->243,9M(1024,0M)]
 [Times: user=0,15 sys=0,00, real=0,02 secs] 
2018-04-10T19:40:35.587+0200: 18509,682: [GC pause (G1 Evacuation Pause) (young), 0,0289100 secs]
   [Parallel Time: 26,7 ms, GC Workers: 8]
      [GC Worker Start (ms): Min: 18509682,0, Avg: 18509682,3, Max: 18509683,4, Diff: 1,4]
      [Ext Root Scanning (ms): Min: 0,0, Avg: 0,6, Max: 1,2, Diff: 1,1, Sum: 4,6]
      [Update RS (ms): Min: 1,3, Avg: 1,8, Max: 2,1, Diff: 0,8, Sum: 14,5]
         [Processed Buffers: Min: 1, Avg: 5,9, Max: 14, Diff: 13, Sum: 47]
      [Scan RS (ms): Min: 2,1, Avg: 2,3, Max: 2,4, Diff: 0,4, Sum: 18,4]
      [Code Root Scanning (ms): Min: 0,0, Avg: 0,0, Max: 0,0, Diff: 0,0, Sum: 0,0]
      [Object Copy (ms): Min: 15,7, Avg: 16,4, Max: 20,9, Diff: 5,3, Sum: 131,3]
      [Termination (ms): Min: 0,0, Avg: 4,6, Max: 5,7, Diff: 5,6, Sum: 37,0]
         [Termination Attempts: Min: 1, Avg: 1,9, Max: 3, Diff: 2, Sum: 15]
      [GC Worker Other (ms): Min: 0,0, Avg: 0,0, Max: 0,0, Diff: 0,0, Sum: 0,2]
      [GC Worker Total (ms): Min: 24,9, Avg: 25,7, Max: 26,3, Diff: 1,4, Sum: 206,0]
      [GC Worker End (ms): Min: 18509707,8, Avg: 18509708,0, Max: 18509708,3, Diff: 0,5]
   [Code Root Fixup: 0,0 ms]
   [Code Root Purge: 0,0 ms]
   [Clear CT: 0,2 ms]
   [Other: 2,0 ms]
      [Choose CSet: 0,0 ms]
      [Ref Proc: 1,2 ms]
      [Ref Enq: 0,0 ms]
      [Redirty Cards: 0,3 ms]
      [Humongous Register: 0,1 ms]
      [Humongous Reclaim: 0,0 ms]
      [Free CSet: 0,1 ms]
   [Eden: 44,0M(44,0M)->0,0B(45,0M) Survivors: 7168,0K->6144,0K Heap: 287,9M(1024,0M)->247,6M(1024,0M)]
 [Times: user=0,20 sys=0,00, real=0,03 secs] 
2018-04-10T19:42:08.498+0200: 18602,592: [GC pause (G1 Evacuation Pause) (young), 0,0216874 secs]
   [Parallel Time: 19,5 ms, GC Workers: 8]
      [GC Worker Start (ms): Min: 18602592,4, Avg: 18602592,7, Max: 18602592,8, Diff: 0,4]
      [Ext Root Scanning (ms): Min: 0,5, Avg: 0,6, Max: 1,1, Diff: 0,7, Sum: 5,0]
      [Update RS (ms): Min: 2,2, Avg: 2,4, Max: 2,9, Diff: 0,7, Sum: 19,4]
         [Processed Buffers: Min: 1, Avg: 6,6, Max: 15, Diff: 14, Sum: 53]
      [Scan RS (ms): Min: 2,4, Avg: 3,1, Max: 3,6, Diff: 1,1, Sum: 24,6]
      [Code Root Scanning (ms): Min: 0,0, Avg: 0,0, Max: 0,0, Diff: 0,0, Sum: 0,0]
      [Object Copy (ms): Min: 12,3, Avg: 12,8, Max: 13,1, Diff: 0,8, Sum: 102,1]
      [Termination (ms): Min: 0,0, Avg: 0,0, Max: 0,0, Diff: 0,0, Sum: 0,0]
         [Termination Attempts: Min: 1, Avg: 1,0, Max: 1, Diff: 0, Sum: 8]
      [GC Worker Other (ms): Min: 0,0, Avg: 0,0, Max: 0,0, Diff: 0,0, Sum: 0,2]
      [GC Worker Total (ms): Min: 18,8, Avg: 18,9, Max: 19,2, Diff: 0,4, Sum: 151,2]
      [GC Worker End (ms): Min: 18602611,6, Avg: 18602611,6, Max: 18602611,7, Diff: 0,0]
   [Code Root Fixup: 0,0 ms]
   [Code Root Purge: 0,0 ms]
   [Clear CT: 0,4 ms]
   [Other: 1,8 ms]
      [Choose CSet: 0,0 ms]
      [Ref Proc: 0,7 ms]
      [Ref Enq: 0,0 ms]
      [Redirty Cards: 0,3 ms]
      [Humongous Register: 0,1 ms]
      [Humongous Reclaim: 0,0 ms]
      [Free CSet: 0,1 ms]
   [Eden: 45,0M(45,0M)->0,0B(44,0M) Survivors: 6144,0K->7168,0K Heap: 292,6M(1024,0M)->250,9M(1024,0M)]
 [Times: user=0,15 sys=0,00, real=0,02 secs] 
2018-04-10T19:43:38.843+0200: 18692,937: [GC pause (G1 Evacuation Pause) (young), 0,0248327 secs]
   [Parallel Time: 22,4 ms, GC Workers: 8]
      [GC Worker Start (ms): Min: 18692937,3, Avg: 18692937,5, Max: 18692937,6, Diff: 0,3]
      [Ext Root Scanning (ms): Min: 0,5, Avg: 0,7, Max: 1,3, Diff: 0,8, Sum: 5,6]
      [Update RS (ms): Min: 1,2, Avg: 1,4, Max: 1,7, Diff: 0,5, Sum: 11,5]
         [Processed Buffers: Min: 1, Avg: 6,4, Max: 14, Diff: 13, Sum: 51]
      [Scan RS (ms): Min: 2,1, Avg: 3,3, Max: 9,2, Diff: 7,0, Sum: 26,3]
      [Code Root Scanning (ms): Min: 0,0, Avg: 0,0, Max: 0,0, Diff: 0,0, Sum: 0,0]
      [Object Copy (ms): Min: 10,9, Avg: 16,7, Max: 17,7, Diff: 6,8, Sum: 133,5]
      [Termination (ms): Min: 0,0, Avg: 0,0, Max: 0,1, Diff: 0,1, Sum: 0,4]
         [Termination Attempts: Min: 1, Avg: 4,2, Max: 6, Diff: 5, Sum: 34]
      [GC Worker Other (ms): Min: 0,0, Avg: 0,0, Max: 0,1, Diff: 0,1, Sum: 0,3]
      [GC Worker Total (ms): Min: 22,1, Avg: 22,2, Max: 22,3, Diff: 0,3, Sum: 177,6]
      [GC Worker End (ms): Min: 18692959,7, Avg: 18692959,7, Max: 18692959,7, Diff: 0,1]
   [Code Root Fixup: 0,0 ms]
   [Code Root Purge: 0,0 ms]
   [Clear CT: 0,8 ms]
   [Other: 1,6 ms]
      [Choose CSet: 0,0 ms]
      [Ref Proc: 0,5 ms]
      [Ref Enq: 0,0 ms]
      [Redirty Cards: 0,6 ms]
      [Humongous Register: 0,1 ms]
      [Humongous Reclaim: 0,0 ms]
      [Free CSet: 0,1 ms]
   [Eden: 44,0M(44,0M)->0,0B(44,0M) Survivors: 7168,0K->7168,0K Heap: 294,9M(1024,0M)->253,9M(1024,0M)]
 [Times: user=0,16 sys=0,00, real=0,03 secs] 
2018-04-10T19:45:09.007+0200: 18783,101: [GC pause (G1 Evacuation Pause) (young), 0,0312473 secs]
   [Parallel Time: 28,9 ms, GC Workers: 8]
      [GC Worker Start (ms): Min: 18783101,4, Avg: 18783102,0, Max: 18783102,4, Diff: 0,9]
      [Ext Root Scanning (ms): Min: 0,2, Avg: 0,5, Max: 1,2, Diff: 1,0, Sum: 4,4]
      [Update RS (ms): Min: 1,8, Avg: 2,0, Max: 2,3, Diff: 0,5, Sum: 16,1]
         [Processed Buffers: Min: 1, Avg: 6,4, Max: 11, Diff: 10, Sum: 51]
      [Scan RS (ms): Min: 2,0, Avg: 2,4, Max: 2,8, Diff: 0,8, Sum: 19,4]
      [Code Root Scanning (ms): Min: 0,0, Avg: 0,0, Max: 0,0, Diff: 0,0, Sum: 0,0]
      [Object Copy (ms): Min: 17,4, Avg: 18,1, Max: 21,5, Diff: 4,1, Sum: 144,4]
      [Termination (ms): Min: 0,0, Avg: 3,8, Max: 4,4, Diff: 4,4, Sum: 30,2]
         [Termination Attempts: Min: 1, Avg: 1,0, Max: 1, Diff: 0, Sum: 8]
      [GC Worker Other (ms): Min: 0,0, Avg: 0,0, Max: 0,0, Diff: 0,0, Sum: 0,1]
      [GC Worker Total (ms): Min: 26,5, Avg: 26,8, Max: 27,4, Diff: 1,0, Sum: 214,7]
      [GC Worker End (ms): Min: 18783128,6, Avg: 18783128,9, Max: 18783129,0, Diff: 0,4]
   [Code Root Fixup: 0,0 ms]
   [Code Root Purge: 0,0 ms]
   [Clear CT: 0,1 ms]
   [Other: 2,2 ms]
      [Choose CSet: 0,0 ms]
      [Ref Proc: 1,6 ms]
      [Ref Enq: 0,0 ms]
      [Redirty Cards: 0,1 ms]
      [Humongous Register: 0,1 ms]
      [Humongous Reclaim: 0,0 ms]
      [Free CSet: 0,0 ms]
   [Eden: 44,0M(44,0M)->0,0B(44,0M) Survivors: 7168,0K->7168,0K Heap: 297,9M(1024,0M)->258,5M(1024,0M)]
 [Times: user=0,20 sys=0,00, real=0,03 secs] 
2018-04-10T19:46:38.365+0200: 18872,459: [GC pause (G1 Evacuation Pause) (young), 0,0241376 secs]
   [Parallel Time: 21,5 ms, GC Workers: 8]
      [GC Worker Start (ms): Min: 18872459,8, Avg: 18872460,0, Max: 18872460,7, Diff: 0,9]
      [Ext Root Scanning (ms): Min: 0,0, Avg: 0,6, Max: 1,1, Diff: 1,1, Sum: 4,5]
      [Update RS (ms): Min: 1,2, Avg: 1,6, Max: 2,0, Diff: 0,9, Sum: 13,0]
         [Processed Buffers: Min: 1, Avg: 6,2, Max: 11, Diff: 10, Sum: 50]
      [Scan RS (ms): Min: 2,7, Avg: 2,9, Max: 3,1, Diff: 0,4, Sum: 23,5]
      [Code Root Scanning (ms): Min: 0,0, Avg: 0,0, Max: 0,0, Diff: 0,0, Sum: 0,0]
      [Object Copy (ms): Min: 15,5, Avg: 15,8, Max: 16,4, Diff: 0,9, Sum: 126,4]
      [Termination (ms): Min: 0,0, Avg: 0,0, Max: 0,0, Diff: 0,0, Sum: 0,0]
         [Termination Attempts: Min: 1, Avg: 1,0, Max: 1, Diff: 0, Sum: 8]
      [GC Worker Other (ms): Min: 0,0, Avg: 0,0, Max: 0,0, Diff: 0,0, Sum: 0,2]
      [GC Worker Total (ms): Min: 20,3, Avg: 21,0, Max: 21,2, Diff: 0,9, Sum: 167,7]
      [GC Worker End (ms): Min: 18872481,0, Avg: 18872481,0, Max: 18872481,0, Diff: 0,0]
   [Code Root Fixup: 0,0 ms]
   [Code Root Purge: 0,0 ms]
   [Clear CT: 0,4 ms]
   [Other: 2,2 ms]
      [Choose CSet: 0,0 ms]
      [Ref Proc: 1,4 ms]
      [Ref Enq: 0,0 ms]
      [Redirty Cards: 0,3 ms]
      [Humongous Register: 0,1 ms]
      [Humongous Reclaim: 0,0 ms]
      [Free CSet: 0,1 ms]
   [Eden: 44,0M(44,0M)->0,0B(44,0M) Survivors: 7168,0K->7168,0K Heap: 302,5M(1024,0M)->262,8M(1024,0M)]
 [Times: user=0,17 sys=0,00, real=0,03 secs] 
2018-04-10T19:48:09.487+0200: 18963,581: [GC pause (G1 Evacuation Pause) (young), 0,0257926 secs]
   [Parallel Time: 23,2 ms, GC Workers: 8]
      [GC Worker Start (ms): Min: 18963581,8, Avg: 18963582,0, Max: 18963582,7, Diff: 0,9]
      [Ext Root Scanning (ms): Min: 0,0, Avg: 0,6, Max: 1,1, Diff: 1,1, Sum: 4,5]
      [Update RS (ms): Min: 1,3, Avg: 2,0, Max: 2,6, Diff: 1,4, Sum: 16,0]
         [Processed Buffers: Min: 1, Avg: 6,1, Max: 20, Diff: 19, Sum: 49]
      [Scan RS (ms): Min: 2,2, Avg: 2,6, Max: 3,1, Diff: 0,9, Sum: 21,0]
      [Code Root Scanning (ms): Min: 0,0, Avg: 0,0, Max: 0,0, Diff: 0,0, Sum: 0,0]
      [Object Copy (ms): Min: 16,5, Avg: 17,0, Max: 18,1, Diff: 1,6, Sum: 135,8]
      [Termination (ms): Min: 0,0, Avg: 0,0, Max: 0,1, Diff: 0,1, Sum: 0,3]
         [Termination Attempts: Min: 1, Avg: 2,6, Max: 5, Diff: 4, Sum: 21]
      [GC Worker Other (ms): Min: 0,0, Avg: 0,0, Max: 0,0, Diff: 0,0, Sum: 0,2]
      [GC Worker Total (ms): Min: 21,5, Avg: 22,2, Max: 22,4, Diff: 0,9, Sum: 177,8]
      [GC Worker End (ms): Min: 18963604,2, Avg: 18963604,2, Max: 18963604,2, Diff: 0,0]
   [Code Root Fixup: 0,0 ms]
   [Code Root Purge: 0,0 ms]
   [Clear CT: 0,5 ms]
   [Other: 2,1 ms]
      [Choose CSet: 0,0 ms]
      [Ref Proc: 1,1 ms]
      [Ref Enq: 0,0 ms]
      [Redirty Cards: 0,5 ms]
      [Humongous Register: 0,1 ms]
      [Humongous Reclaim: 0,0 ms]
      [Free CSet: 0,1 ms]
   [Eden: 44,0M(44,0M)->0,0B(44,0M) Survivors: 7168,0K->7168,0K Heap: 306,8M(1024,0M)->267,3M(1024,0M)]
 [Times: user=0,18 sys=0,00, real=0,02 secs] 
2018-04-10T19:49:39.010+0200: 19053,104: [GC pause (G1 Evacuation Pause) (young), 0,0321482 secs]
   [Parallel Time: 28,6 ms, GC Workers: 8]
      [GC Worker Start (ms): Min: 19053104,4, Avg: 19053104,8, Max: 19053105,4, Diff: 1,0]
      [Ext Root Scanning (ms): Min: 0,0, Avg: 0,6, Max: 1,0, Diff: 1,0, Sum: 4,5]
      [Update RS (ms): Min: 0,3, Avg: 1,9, Max: 2,6, Diff: 2,3, Sum: 15,2]
         [Processed Buffers: Min: 2, Avg: 6,2, Max: 15, Diff: 13, Sum: 50]
      [Scan RS (ms): Min: 2,6, Avg: 3,0, Max: 3,5, Diff: 0,9, Sum: 23,8]
      [Code Root Scanning (ms): Min: 0,0, Avg: 0,0, Max: 0,0, Diff: 0,0, Sum: 0,0]
      [Object Copy (ms): Min: 17,2, Avg: 18,1, Max: 22,5, Diff: 5,3, Sum: 145,1]
      [Termination (ms): Min: 0,0, Avg: 3,8, Max: 4,9, Diff: 4,9, Sum: 30,7]
         [Termination Attempts: Min: 1, Avg: 2,0, Max: 4, Diff: 3, Sum: 16]
      [GC Worker Other (ms): Min: 0,0, Avg: 0,0, Max: 0,0, Diff: 0,0, Sum: 0,1]
      [GC Worker Total (ms): Min: 26,8, Avg: 27,4, Max: 28,3, Diff: 1,4, Sum: 219,5]
      [GC Worker End (ms): Min: 19053131,5, Avg: 19053132,2, Max: 19053132,8, Diff: 1,3]
   [Code Root Fixup: 0,0 ms]
   [Code Root Purge: 0,0 ms]
   [Clear CT: 0,2 ms]
   [Other: 3,3 ms]
      [Choose CSet: 0,0 ms]
      [Ref Proc: 2,6 ms]
      [Ref Enq: 0,0 ms]
      [Redirty Cards: 0,2 ms]
      [Humongous Register: 0,1 ms]
      [Humongous Reclaim: 0,0 ms]
      [Free CSet: 0,1 ms]
   [Eden: 44,0M(44,0M)->0,0B(44,0M) Survivors: 7168,0K->7168,0K Heap: 311,3M(1024,0M)->271,3M(1024,0M)]
 [Times: user=0,22 sys=0,00, real=0,03 secs] 
2018-04-10T19:51:10.088+0200: 19144,183: [GC pause (G1 Evacuation Pause) (young), 0,0096010 secs]
   [Parallel Time: 8,2 ms, GC Workers: 8]
      [GC Worker Start (ms): Min: 19144182,8, Avg: 19144182,9, Max: 19144183,1, Diff: 0,3]
      [Ext Root Scanning (ms): Min: 0,0, Avg: 0,2, Max: 0,6, Diff: 0,6, Sum: 1,8]
      [Update RS (ms): Min: 0,0, Avg: 0,5, Max: 0,9, Diff: 0,9, Sum: 4,3]
         [Processed Buffers: Min: 0, Avg: 6,2, Max: 17, Diff: 17, Sum: 50]
      [Scan RS (ms): Min: 0,0, Avg: 0,7, Max: 1,0, Diff: 1,0, Sum: 5,9]
      [Code Root Scanning (ms): Min: 0,0, Avg: 0,0, Max: 0,0, Diff: 0,0, Sum: 0,0]
      [Object Copy (ms): Min: 5,3, Avg: 5,8, Max: 7,7, Diff: 2,4, Sum: 46,8]
      [Termination (ms): Min: 0,0, Avg: 0,5, Max: 0,6, Diff: 0,6, Sum: 4,2]
         [Termination Attempts: Min: 1, Avg: 2,6, Max: 5, Diff: 4, Sum: 21]
      [GC Worker Other (ms): Min: 0,0, Avg: 0,0, Max: 0,0, Diff: 0,0, Sum: 0,0]
      [GC Worker Total (ms): Min: 7,7, Avg: 7,9, Max: 8,0, Diff: 0,3, Sum: 63,1]
      [GC Worker End (ms): Min: 19144190,8, Avg: 19144190,8, Max: 19144190,8, Diff: 0,0]
   [Code Root Fixup: 0,0 ms]
   [Code Root Purge: 0,0 ms]
   [Clear CT: 0,1 ms]
   [Other: 1,3 ms]
      [Choose CSet: 0,0 ms]
      [Ref Proc: 1,0 ms]
      [Ref Enq: 0,0 ms]
      [Redirty Cards: 0,1 ms]
      [Humongous Register: 0,0 ms]
      [Humongous Reclaim: 0,0 ms]
      [Free CSet: 0,0 ms]
   [Eden: 44,0M(44,0M)->0,0B(47,0M) Survivors: 7168,0K->5120,0K Heap: 315,3M(1024,0M)->276,3M(1024,0M)]
 [Times: user=0,06 sys=0,00, real=0,01 secs] 
2018-04-10T19:52:46.709+0200: 19240,804: [GC pause (G1 Evacuation Pause) (young), 0,0236309 secs]
   [Parallel Time: 18,5 ms, GC Workers: 8]
      [GC Worker Start (ms): Min: 19240804,0, Avg: 19240804,2, Max: 19240804,5, Diff: 0,5]
      [Ext Root Scanning (ms): Min: 0,2, Avg: 0,6, Max: 1,1, Diff: 0,8, Sum: 4,6]
      [Update RS (ms): Min: 1,9, Avg: 2,4, Max: 2,9, Diff: 1,0, Sum: 19,1]
         [Processed Buffers: Min: 1, Avg: 7,0, Max: 32, Diff: 31, Sum: 56]
      [Scan RS (ms): Min: 2,0, Avg: 2,7, Max: 3,4, Diff: 1,4, Sum: 21,7]
      [Code Root Scanning (ms): Min: 0,0, Avg: 0,0, Max: 0,0, Diff: 0,0, Sum: 0,0]
      [Object Copy (ms): Min: 12,0, Avg: 12,4, Max: 12,6, Diff: 0,6, Sum: 99,5]
      [Termination (ms): Min: 0,0, Avg: 0,0, Max: 0,0, Diff: 0,0, Sum: 0,1]
         [Termination Attempts: Min: 1, Avg: 2,2, Max: 3, Diff: 2, Sum: 18]
      [GC Worker Other (ms): Min: 0,0, Avg: 0,0, Max: 0,0, Diff: 0,0, Sum: 0,2]
      [GC Worker Total (ms): Min: 17,9, Avg: 18,2, Max: 18,4, Diff: 0,5, Sum: 145,3]
      [GC Worker End (ms): Min: 19240822,4, Avg: 19240822,4, Max: 19240822,4, Diff: 0,0]
   [Code Root Fixup: 0,0 ms]
   [Code Root Purge: 0,0 ms]
   [Clear CT: 0,2 ms]
   [Other: 4,9 ms]
      [Choose CSet: 0,0 ms]
      [Ref Proc: 3,5 ms]
      [Ref Enq: 0,0 ms]
      [Redirty Cards: 0,8 ms]
      [Humongous Register: 0,1 ms]
      [Humongous Reclaim: 0,0 ms]
      [Free CSet: 0,1 ms]
   [Eden: 47,0M(47,0M)->0,0B(44,0M) Survivors: 5120,0K->7168,0K Heap: 323,3M(1024,0M)->280,5M(1024,0M)]
 [Times: user=0,16 sys=0,00, real=0,02 secs] 
2018-04-10T19:54:15.544+0200: 19329,638: [GC pause (G1 Evacuation Pause) (young), 0,0239607 secs]
   [Parallel Time: 21,4 ms, GC Workers: 8]
      [GC Worker Start (ms): Min: 19329638,7, Avg: 19329638,9, Max: 19329639,4, Diff: 0,6]
      [Ext Root Scanning (ms): Min: 0,2, Avg: 0,6, Max: 1,1, Diff: 1,0, Sum: 4,7]
      [Update RS (ms): Min: 1,3, Avg: 1,5, Max: 1,8, Diff: 0,5, Sum: 12,0]
         [Processed Buffers: Min: 1, Avg: 6,1, Max: 14, Diff: 13, Sum: 49]
      [Scan RS (ms): Min: 2,2, Avg: 2,5, Max: 2,7, Diff: 0,5, Sum: 19,9]
      [Code Root Scanning (ms): Min: 0,0, Avg: 0,0, Max: 0,0, Diff: 0,0, Sum: 0,0]
      [Object Copy (ms): Min: 16,0, Avg: 16,1, Max: 16,2, Diff: 0,2, Sum: 129,0]
      [Termination (ms): Min: 0,0, Avg: 0,0, Max: 0,0, Diff: 0,0, Sum: 0,3]
         [Termination Attempts: Min: 1, Avg: 15,6, Max: 21, Diff: 20, Sum: 125]
      [GC Worker Other (ms): Min: 0,0, Avg: 0,0, Max: 0,0, Diff: 0,0, Sum: 0,2]
      [GC Worker Total (ms): Min: 20,3, Avg: 20,8, Max: 21,0, Diff: 0,6, Sum: 166,1]
      [GC Worker End (ms): Min: 19329659,7, Avg: 19329659,7, Max: 19329659,7, Diff: 0,0]
   [Code Root Fixup: 0,0 ms]
   [Code Root Purge: 0,0 ms]
   [Clear CT: 0,5 ms]
   [Other: 2,0 ms]
      [Choose CSet: 0,0 ms]
      [Ref Proc: 1,1 ms]
      [Ref Enq: 0,0 ms]
      [Redirty Cards: 0,3 ms]
      [Humongous Register: 0,1 ms]
      [Humongous Reclaim: 0,0 ms]
      [Free CSet: 0,1 ms]
   [Eden: 44,0M(44,0M)->0,0B(45,0M) Survivors: 7168,0K->6144,0K Heap: 324,5M(1024,0M)->284,8M(1024,0M)]
 [Times: user=0,18 sys=0,00, real=0,03 secs] 
2018-04-10T19:55:45.785+0200: 19419,879: [GC pause (G1 Evacuation Pause) (young), 0,0213406 secs]
   [Parallel Time: 18,1 ms, GC Workers: 8]
      [GC Worker Start (ms): Min: 19419879,5, Avg: 19419879,8, Max: 19419880,3, Diff: 0,8]
      [Ext Root Scanning (ms): Min: 0,0, Avg: 0,6, Max: 1,1, Diff: 1,1, Sum: 4,6]
      [Update RS (ms): Min: 1,8, Avg: 2,2, Max: 2,6, Diff: 0,8, Sum: 17,3]
         [Processed Buffers: Min: 1, Avg: 6,5, Max: 25, Diff: 24, Sum: 52]
      [Scan RS (ms): Min: 2,9, Avg: 3,2, Max: 3,9, Diff: 1,0, Sum: 25,5]
      [Code Root Scanning (ms): Min: 0,0, Avg: 0,0, Max: 0,0, Diff: 0,0, Sum: 0,0]
      [Object Copy (ms): Min: 11,4, Avg: 11,9, Max: 12,2, Diff: 0,8, Sum: 94,9]
      [Termination (ms): Min: 0,0, Avg: 0,0, Max: 0,0, Diff: 0,0, Sum: 0,0]
         [Termination Attempts: Min: 1, Avg: 1,0, Max: 1, Diff: 0, Sum: 8]
      [GC Worker Other (ms): Min: 0,0, Avg: 0,0, Max: 0,0, Diff: 0,0, Sum: 0,2]
      [GC Worker Total (ms): Min: 17,2, Avg: 17,8, Max: 18,0, Diff: 0,8, Sum: 142,4]
      [GC Worker End (ms): Min: 19419897,6, Avg: 19419897,6, Max: 19419897,6, Diff: 0,0]
   [Code Root Fixup: 0,0 ms]
   [Code Root Purge: 0,0 ms]
   [Clear CT: 0,3 ms]
   [Other: 2,9 ms]
      [Choose CSet: 0,0 ms]
      [Ref Proc: 2,0 ms]
      [Ref Enq: 0,0 ms]
      [Redirty Cards: 0,3 ms]
      [Humongous Register: 0,1 ms]
      [Humongous Reclaim: 0,0 ms]
      [Free CSet: 0,1 ms]
   [Eden: 45,0M(45,0M)->0,0B(44,0M) Survivors: 6144,0K->7168,0K Heap: 329,8M(1024,0M)->287,9M(1024,0M)]
 [Times: user=0,16 sys=0,00, real=0,03 secs] 
2018-04-10T19:57:17.078+0200: 19511,173: [GC pause (G1 Evacuation Pause) (young), 0,0241738 secs]
   [Parallel Time: 23,0 ms, GC Workers: 8]
      [GC Worker Start (ms): Min: 19511173,1, Avg: 19511174,8, Max: 19511180,4, Diff: 7,3]
      [Ext Root Scanning (ms): Min: 0,0, Avg: 0,6, Max: 1,2, Diff: 1,2, Sum: 4,4]
      [Update RS (ms): Min: 0,0, Avg: 1,7, Max: 2,7, Diff: 2,7, Sum: 13,5]
         [Processed Buffers: Min: 0, Avg: 6,2, Max: 25, Diff: 25, Sum: 50]
      [Scan RS (ms): Min: 0,0, Avg: 2,2, Max: 3,0, Diff: 3,0, Sum: 17,9]
      [Code Root Scanning (ms): Min: 0,0, Avg: 0,0, Max: 0,0, Diff: 0,0, Sum: 0,0]
      [Object Copy (ms): Min: 13,6, Avg: 15,0, Max: 16,6, Diff: 2,9, Sum: 120,1]
      [Termination (ms): Min: 0,0, Avg: 1,5, Max: 1,9, Diff: 1,9, Sum: 12,0]
         [Termination Attempts: Min: 1, Avg: 6,9, Max: 12, Diff: 11, Sum: 55]
      [GC Worker Other (ms): Min: 0,0, Avg: 0,0, Max: 0,0, Diff: 0,0, Sum: 0,1]
      [GC Worker Total (ms): Min: 15,3, Avg: 21,0, Max: 22,7, Diff: 7,4, Sum: 168,1]
      [GC Worker End (ms): Min: 19511195,7, Avg: 19511195,8, Max: 19511196,0, Diff: 0,3]
   [Code Root Fixup: 0,0 ms]
   [Code Root Purge: 0,0 ms]
   [Clear CT: 0,1 ms]
   [Other: 1,1 ms]
      [Choose CSet: 0,0 ms]
      [Ref Proc: 0,5 ms]
      [Ref Enq: 0,0 ms]
      [Redirty Cards: 0,1 ms]
      [Humongous Register: 0,1 ms]
      [Humongous Reclaim: 0,0 ms]
      [Free CSet: 0,1 ms]
   [Eden: 44,0M(44,0M)->0,0B(44,0M) Survivors: 7168,0K->7168,0K Heap: 331,9M(1024,0M)->291,5M(1024,0M)]
 [Times: user=0,16 sys=0,00, real=0,02 secs] 
2018-04-10T19:58:43.589+0200: 19597,684: [GC pause (G1 Evacuation Pause) (young), 0,0257466 secs]
   [Parallel Time: 22,6 ms, GC Workers: 8]
      [GC Worker Start (ms): Min: 19597684,0, Avg: 19597684,2, Max: 19597684,9, Diff: 0,9]
      [Ext Root Scanning (ms): Min: 0,0, Avg: 0,6, Max: 1,1, Diff: 1,1, Sum: 4,4]
      [Update RS (ms): Min: 1,4, Avg: 2,1, Max: 2,5, Diff: 1,1, Sum: 17,1]
         [Processed Buffers: Min: 1, Avg: 6,4, Max: 15, Diff: 14, Sum: 51]
      [Scan RS (ms): Min: 3,1, Avg: 3,3, Max: 3,9, Diff: 0,8, Sum: 26,8]
      [Code Root Scanning (ms): Min: 0,0, Avg: 0,0, Max: 0,0, Diff: 0,0, Sum: 0,0]
      [Object Copy (ms): Min: 15,2, Avg: 15,6, Max: 16,4, Diff: 1,2, Sum: 124,9]
      [Termination (ms): Min: 0,0, Avg: 0,3, Max: 0,5, Diff: 0,5, Sum: 2,8]
         [Termination Attempts: Min: 1, Avg: 2,5, Max: 6, Diff: 5, Sum: 20]
      [GC Worker Other (ms): Min: 0,0, Avg: 0,0, Max: 0,0, Diff: 0,0, Sum: 0,1]
      [GC Worker Total (ms): Min: 21,4, Avg: 22,0, Max: 22,4, Diff: 1,0, Sum: 176,1]
      [GC Worker End (ms): Min: 19597706,2, Avg: 19597706,3, Max: 19597706,4, Diff: 0,2]
   [Code Root Fixup: 0,0 ms]
   [Code Root Purge: 0,0 ms]
   [Clear CT: 1,1 ms]
   [Other: 2,1 ms]
      [Choose CSet: 0,0 ms]
      [Ref Proc: 0,7 ms]
      [Ref Enq: 0,0 ms]
      [Redirty Cards: 0,8 ms]
      [Humongous Register: 0,1 ms]
      [Humongous Reclaim: 0,0 ms]
      [Free CSet: 0,1 ms]
   [Eden: 44,0M(44,0M)->0,0B(44,0M) Survivors: 7168,0K->7168,0K Heap: 335,5M(1024,0M)->296,3M(1024,0M)]
 [Times: user=0,17 sys=0,00, real=0,02 secs] 
2018-04-10T20:00:14.057+0200: 19688,152: [GC pause (G1 Evacuation Pause) (young), 0,0222029 secs]
   [Parallel Time: 20,5 ms, GC Workers: 8]
      [GC Worker Start (ms): Min: 19688151,9, Avg: 19688152,1, Max: 19688152,4, Diff: 0,5]
      [Ext Root Scanning (ms): Min: 0,3, Avg: 0,6, Max: 1,2, Diff: 1,0, Sum: 4,9]
      [Update RS (ms): Min: 1,8, Avg: 1,9, Max: 2,3, Diff: 0,5, Sum: 15,6]
         [Processed Buffers: Min: 2, Avg: 6,1, Max: 11, Diff: 9, Sum: 49]
      [Scan RS (ms): Min: 2,4, Avg: 2,8, Max: 3,1, Diff: 0,7, Sum: 22,3]
      [Code Root Scanning (ms): Min: 0,0, Avg: 0,0, Max: 0,0, Diff: 0,0, Sum: 0,0]
      [Object Copy (ms): Min: 14,4, Avg: 14,5, Max: 14,6, Diff: 0,2, Sum: 116,1]
      [Termination (ms): Min: 0,0, Avg: 0,2, Max: 0,3, Diff: 0,3, Sum: 1,2]
         [Termination Attempts: Min: 1, Avg: 4,1, Max: 6, Diff: 5, Sum: 33]
      [GC Worker Other (ms): Min: 0,0, Avg: 0,0, Max: 0,0, Diff: 0,0, Sum: 0,2]
      [GC Worker Total (ms): Min: 19,7, Avg: 20,0, Max: 20,2, Diff: 0,5, Sum: 160,4]
      [GC Worker End (ms): Min: 19688172,1, Avg: 19688172,1, Max: 19688172,2, Diff: 0,2]
   [Code Root Fixup: 0,0 ms]
   [Code Root Purge: 0,0 ms]
   [Clear CT: 0,2 ms]
   [Other: 1,4 ms]
      [Choose CSet: 0,0 ms]
      [Ref Proc: 0,7 ms]
      [Ref Enq: 0,0 ms]
      [Redirty Cards: 0,3 ms]
      [Humongous Register: 0,1 ms]
      [Humongous Reclaim: 0,0 ms]
      [Free CSet: 0,1 ms]
   [Eden: 44,0M(44,0M)->0,0B(44,0M) Survivors: 7168,0K->7168,0K Heap: 340,3M(1024,0M)->299,3M(1024,0M)]
 [Times: user=0,16 sys=0,00, real=0,02 secs] 
2018-04-10T20:01:43.973+0200: 19778,068: [GC pause (G1 Evacuation Pause) (young), 0,0254619 secs]
   [Parallel Time: 21,1 ms, GC Workers: 8]
      [GC Worker Start (ms): Min: 19778067,9, Avg: 19778068,0, Max: 19778068,6, Diff: 0,7]
      [Ext Root Scanning (ms): Min: 0,0, Avg: 0,5, Max: 0,9, Diff: 0,9, Sum: 4,1]
      [Update RS (ms): Min: 0,6, Avg: 2,0, Max: 2,6, Diff: 2,0, Sum: 16,1]
         [Processed Buffers: Min: 1, Avg: 6,4, Max: 11, Diff: 10, Sum: 51]
      [Scan RS (ms): Min: 2,2, Avg: 2,4, Max: 2,7, Diff: 0,5, Sum: 18,9]
      [Code Root Scanning (ms): Min: 0,0, Avg: 0,0, Max: 0,0, Diff: 0,0, Sum: 0,0]
      [Object Copy (ms): Min: 15,4, Avg: 15,8, Max: 17,2, Diff: 1,9, Sum: 126,8]
      [Termination (ms): Min: 0,0, Avg: 0,0, Max: 0,0, Diff: 0,0, Sum: 0,1]
         [Termination Attempts: Min: 1, Avg: 2,1, Max: 4, Diff: 3, Sum: 17]
      [GC Worker Other (ms): Min: 0,0, Avg: 0,0, Max: 0,0, Diff: 0,0, Sum: 0,2]
      [GC Worker Total (ms): Min: 20,2, Avg: 20,8, Max: 20,9, Diff: 0,7, Sum: 166,2]
      [GC Worker End (ms): Min: 19778088,8, Avg: 19778088,8, Max: 19778088,8, Diff: 0,0]
   [Code Root Fixup: 0,0 ms]
   [Code Root Purge: 0,0 ms]
   [Clear CT: 0,4 ms]
   [Other: 4,0 ms]
      [Choose CSet: 0,0 ms]
      [Ref Proc: 2,8 ms]
      [Ref Enq: 0,0 ms]
      [Redirty Cards: 0,7 ms]
      [Humongous Register: 0,1 ms]
      [Humongous Reclaim: 0,0 ms]
      [Free CSet: 0,1 ms]
   [Eden: 44,0M(44,0M)->0,0B(44,0M) Survivors: 7168,0K->7168,0K Heap: 343,3M(1024,0M)->303,6M(1024,0M)]
 [Times: user=0,18 sys=0,00, real=0,03 secs] 
2018-04-10T20:03:14.602+0200: 19868,696: [GC pause (G1 Evacuation Pause) (young), 0,0261280 secs]
   [Parallel Time: 23,6 ms, GC Workers: 8]
      [GC Worker Start (ms): Min: 19868696,6, Avg: 19868696,7, Max: 19868696,9, Diff: 0,3]
      [Ext Root Scanning (ms): Min: 0,4, Avg: 0,6, Max: 1,1, Diff: 0,7, Sum: 4,6]
      [Update RS (ms): Min: 1,6, Avg: 2,0, Max: 2,6, Diff: 0,9, Sum: 16,1]
         [Processed Buffers: Min: 2, Avg: 6,5, Max: 10, Diff: 8, Sum: 52]
      [Scan RS (ms): Min: 2,4, Avg: 3,0, Max: 3,9, Diff: 1,4, Sum: 24,3]
      [Code Root Scanning (ms): Min: 0,0, Avg: 0,0, Max: 0,0, Diff: 0,0, Sum: 0,0]
      [Object Copy (ms): Min: 16,0, Avg: 17,1, Max: 17,4, Diff: 1,5, Sum: 136,7]
      [Termination (ms): Min: 0,0, Avg: 0,1, Max: 0,3, Diff: 0,2, Sum: 0,8]
         [Termination Attempts: Min: 3, Avg: 8,0, Max: 14, Diff: 11, Sum: 64]
      [GC Worker Other (ms): Min: 0,0, Avg: 0,0, Max: 0,0, Diff: 0,0, Sum: 0,2]
      [GC Worker Total (ms): Min: 22,7, Avg: 22,8, Max: 23,0, Diff: 0,2, Sum: 182,7]
      [GC Worker End (ms): Min: 19868719,5, Avg: 19868719,6, Max: 19868719,7, Diff: 0,2]
   [Code Root Fixup: 0,0 ms]
   [Code Root Purge: 0,0 ms]
   [Clear CT: 0,9 ms]
   [Other: 1,6 ms]
      [Choose CSet: 0,0 ms]
      [Ref Proc: 0,6 ms]
      [Ref Enq: 0,0 ms]
      [Redirty Cards: 0,4 ms]
      [Humongous Register: 0,1 ms]
      [Humongous Reclaim: 0,0 ms]
      [Free CSet: 0,1 ms]
   [Eden: 44,0M(44,0M)->0,0B(44,0M) Survivors: 7168,0K->7168,0K Heap: 347,6M(1024,0M)->307,9M(1024,0M)]
 [Times: user=0,18 sys=0,00, real=0,03 secs] 
2018-04-10T20:04:45.767+0200: 19959,861: [GC pause (G1 Evacuation Pause) (young), 0,0252685 secs]
   [Parallel Time: 23,6 ms, GC Workers: 8]
      [GC Worker Start (ms): Min: 19959861,4, Avg: 19959861,8, Max: 19959862,5, Diff: 1,1]
      [Ext Root Scanning (ms): Min: 0,0, Avg: 0,5, Max: 1,1, Diff: 1,0, Sum: 4,4]
      [Update RS (ms): Min: 1,4, Avg: 1,9, Max: 2,4, Diff: 1,1, Sum: 15,1]
         [Processed Buffers: Min: 1, Avg: 6,2, Max: 14, Diff: 13, Sum: 50]
      [Scan RS (ms): Min: 2,5, Avg: 2,9, Max: 3,3, Diff: 0,7, Sum: 23,2]
      [Code Root Scanning (ms): Min: 0,0, Avg: 0,0, Max: 0,0, Diff: 0,0, Sum: 0,0]
      [Object Copy (ms): Min: 16,1, Avg: 16,3, Max: 16,9, Diff: 0,8, Sum: 130,7]
      [Termination (ms): Min: 0,0, Avg: 1,2, Max: 1,5, Diff: 1,5, Sum: 9,6]
         [Termination Attempts: Min: 1, Avg: 7,6, Max: 14, Diff: 13, Sum: 61]
      [GC Worker Other (ms): Min: 0,0, Avg: 0,0, Max: 0,0, Diff: 0,0, Sum: 0,1]
      [GC Worker Total (ms): Min: 22,3, Avg: 22,9, Max: 23,4, Diff: 1,1, Sum: 183,1]
      [GC Worker End (ms): Min: 19959884,2, Avg: 19959884,7, Max: 19959884,9, Diff: 0,6]
   [Code Root Fixup: 0,0 ms]
   [Code Root Purge: 0,0 ms]
   [Clear CT: 0,6 ms]
   [Other: 1,1 ms]
      [Choose CSet: 0,0 ms]
      [Ref Proc: 0,4 ms]
      [Ref Enq: 0,0 ms]
      [Redirty Cards: 0,2 ms]
      [Humongous Register: 0,1 ms]
      [Humongous Reclaim: 0,0 ms]
      [Free CSet: 0,1 ms]
   [Eden: 44,0M(44,0M)->0,0B(46,0M) Survivors: 7168,0K->5120,0K Heap: 351,9M(1024,0M)->310,8M(1024,0M)]
 [Times: user=0,18 sys=0,00, real=0,02 secs] 
2018-04-10T20:06:21.546+0200: 20055,640: [GC pause (G1 Evacuation Pause) (young), 0,0179615 secs]
   [Parallel Time: 16,0 ms, GC Workers: 8]
      [GC Worker Start (ms): Min: 20055640,5, Avg: 20055640,7, Max: 20055641,2, Diff: 0,6]
      [Ext Root Scanning (ms): Min: 0,0, Avg: 0,4, Max: 0,8, Diff: 0,8, Sum: 3,1]
      [Update RS (ms): Min: 0,8, Avg: 1,5, Max: 2,0, Diff: 1,2, Sum: 12,1]
         [Processed Buffers: Min: 1, Avg: 6,5, Max: 22, Diff: 21, Sum: 52]
      [Scan RS (ms): Min: 1,5, Avg: 1,9, Max: 2,0, Diff: 0,5, Sum: 15,2]
      [Code Root Scanning (ms): Min: 0,0, Avg: 0,0, Max: 0,0, Diff: 0,0, Sum: 0,0]
      [Object Copy (ms): Min: 11,5, Avg: 11,7, Max: 12,5, Diff: 1,1, Sum: 93,2]
      [Termination (ms): Min: 0,0, Avg: 0,0, Max: 0,0, Diff: 0,0, Sum: 0,0]
         [Termination Attempts: Min: 1, Avg: 1,0, Max: 1, Diff: 0, Sum: 8]
      [GC Worker Other (ms): Min: 0,0, Avg: 0,0, Max: 0,0, Diff: 0,0, Sum: 0,1]
      [GC Worker Total (ms): Min: 15,1, Avg: 15,5, Max: 15,7, Diff: 0,6, Sum: 123,9]
      [GC Worker End (ms): Min: 20055656,2, Avg: 20055656,2, Max: 20055656,2, Diff: 0,0]
   [Code Root Fixup: 0,0 ms]
   [Code Root Purge: 0,0 ms]
   [Clear CT: 0,2 ms]
   [Other: 1,7 ms]
      [Choose CSet: 0,0 ms]
      [Ref Proc: 1,1 ms]
      [Ref Enq: 0,0 ms]
      [Redirty Cards: 0,2 ms]
      [Humongous Register: 0,0 ms]
      [Humongous Reclaim: 0,0 ms]
      [Free CSet: 0,1 ms]
   [Eden: 46,0M(46,0M)->0,0B(44,0M) Survivors: 5120,0K->7168,0K Heap: 356,8M(1024,0M)->315,0M(1024,0M)]
 [Times: user=0,13 sys=0,00, real=0,01 secs] 
2018-04-10T20:07:51.950+0200: 20146,044: [GC pause (G1 Evacuation Pause) (young), 0,0090069 secs]
   [Parallel Time: 7,4 ms, GC Workers: 8]
      [GC Worker Start (ms): Min: 20146044,1, Avg: 20146044,1, Max: 20146044,4, Diff: 0,3]
      [Ext Root Scanning (ms): Min: 0,0, Avg: 0,3, Max: 0,6, Diff: 0,6, Sum: 2,1]
      [Update RS (ms): Min: 0,1, Avg: 0,5, Max: 0,7, Diff: 0,6, Sum: 4,2]
         [Processed Buffers: Min: 1, Avg: 6,4, Max: 12, Diff: 11, Sum: 51]
      [Scan RS (ms): Min: 0,7, Avg: 0,8, Max: 1,0, Diff: 0,3, Sum: 6,7]
      [Code Root Scanning (ms): Min: 0,0, Avg: 0,0, Max: 0,0, Diff: 0,0, Sum: 0,0]
      [Object Copy (ms): Min: 5,5, Avg: 5,6, Max: 5,6, Diff: 0,1, Sum: 44,4]
      [Termination (ms): Min: 0,0, Avg: 0,0, Max: 0,0, Diff: 0,0, Sum: 0,1]
         [Termination Attempts: Min: 1, Avg: 14,5, Max: 20, Diff: 19, Sum: 116]
      [GC Worker Other (ms): Min: 0,0, Avg: 0,0, Max: 0,0, Diff: 0,0, Sum: 0,1]
      [GC Worker Total (ms): Min: 7,0, Avg: 7,2, Max: 7,3, Diff: 0,3, Sum: 57,7]
      [GC Worker End (ms): Min: 20146051,4, Avg: 20146051,4, Max: 20146051,4, Diff: 0,0]
   [Code Root Fixup: 0,0 ms]
   [Code Root Purge: 0,0 ms]
   [Clear CT: 0,3 ms]
   [Other: 1,3 ms]
      [Choose CSet: 0,0 ms]
      [Ref Proc: 0,9 ms]
      [Ref Enq: 0,0 ms]
      [Redirty Cards: 0,1 ms]
      [Humongous Register: 0,0 ms]
      [Humongous Reclaim: 0,0 ms]
      [Free CSet: 0,0 ms]
   [Eden: 44,0M(44,0M)->0,0B(68,0M) Survivors: 7168,0K->7168,0K Heap: 359,0M(1024,0M)->318,5M(1024,0M)]
 [Times: user=0,06 sys=0,00, real=0,01 secs] 
2018-04-10T20:10:09.218+0200: 20283,312: [GC pause (G1 Evacuation Pause) (young), 0,0111288 secs]
   [Parallel Time: 10,1 ms, GC Workers: 8]
      [GC Worker Start (ms): Min: 20283312,1, Avg: 20283312,2, Max: 20283312,2, Diff: 0,2]
      [Ext Root Scanning (ms): Min: 0,2, Avg: 0,3, Max: 0,7, Diff: 0,5, Sum: 2,4]
      [Update RS (ms): Min: 0,6, Avg: 0,8, Max: 1,0, Diff: 0,4, Sum: 6,7]
         [Processed Buffers: Min: 2, Avg: 6,9, Max: 12, Diff: 10, Sum: 55]
      [Scan RS (ms): Min: 0,9, Avg: 1,1, Max: 1,1, Diff: 0,2, Sum: 8,4]
      [Code Root Scanning (ms): Min: 0,0, Avg: 0,0, Max: 0,0, Diff: 0,0, Sum: 0,0]
      [Object Copy (ms): Min: 7,6, Avg: 7,7, Max: 7,7, Diff: 0,1, Sum: 61,2]
      [Termination (ms): Min: 0,0, Avg: 0,0, Max: 0,0, Diff: 0,0, Sum: 0,0]
         [Termination Attempts: Min: 1, Avg: 1,0, Max: 1, Diff: 0, Sum: 8]
      [GC Worker Other (ms): Min: 0,0, Avg: 0,0, Max: 0,0, Diff: 0,0, Sum: 0,1]
      [GC Worker Total (ms): Min: 9,8, Avg: 9,9, Max: 9,9, Diff: 0,2, Sum: 78,9]
      [GC Worker End (ms): Min: 20283322,0, Avg: 20283322,0, Max: 20283322,0, Diff: 0,0]
   [Code Root Fixup: 0,0 ms]
   [Code Root Purge: 0,0 ms]
   [Clear CT: 0,2 ms]
   [Other: 0,8 ms]
      [Choose CSet: 0,0 ms]
      [Ref Proc: 0,3 ms]
      [Ref Enq: 0,0 ms]
      [Redirty Cards: 0,2 ms]
      [Humongous Register: 0,0 ms]
      [Humongous Reclaim: 0,0 ms]
      [Free CSet: 0,1 ms]
   [Eden: 68,0M(68,0M)->0,0B(91,0M) Survivors: 7168,0K->10,0M Heap: 386,5M(1024,0M)->322,8M(1024,0M)]
 [Times: user=0,08 sys=0,00, real=0,01 secs] 
2018-04-10T20:13:16.109+0200: 20470,204: [GC pause (G1 Evacuation Pause) (young), 0,0392172 secs]
   [Parallel Time: 37,2 ms, GC Workers: 8]
      [GC Worker Start (ms): Min: 20470204,2, Avg: 20470205,4, Max: 20470209,1, Diff: 4,9]
      [Ext Root Scanning (ms): Min: 0,0, Avg: 0,6, Max: 1,2, Diff: 1,2, Sum: 4,9]
      [Update RS (ms): Min: 0,0, Avg: 1,8, Max: 2,9, Diff: 2,9, Sum: 14,4]
         [Processed Buffers: Min: 0, Avg: 6,8, Max: 19, Diff: 19, Sum: 54]
      [Scan RS (ms): Min: 1,6, Avg: 3,3, Max: 8,1, Diff: 6,5, Sum: 26,6]
      [Code Root Scanning (ms): Min: 0,0, Avg: 0,0, Max: 0,0, Diff: 0,0, Sum: 0,0]
      [Object Copy (ms): Min: 23,7, Avg: 27,9, Max: 30,0, Diff: 6,3, Sum: 222,8]
      [Termination (ms): Min: 0,0, Avg: 1,7, Max: 2,1, Diff: 2,1, Sum: 13,5]
         [Termination Attempts: Min: 1, Avg: 1,0, Max: 1, Diff: 0, Sum: 8]
      [GC Worker Other (ms): Min: 0,0, Avg: 0,0, Max: 0,0, Diff: 0,0, Sum: 0,2]
      [GC Worker Total (ms): Min: 31,8, Avg: 35,3, Max: 36,6, Diff: 4,8, Sum: 282,4]
      [GC Worker End (ms): Min: 20470240,5, Avg: 20470240,7, Max: 20470241,0, Diff: 0,5]
   [Code Root Fixup: 0,0 ms]
   [Code Root Purge: 0,0 ms]
   [Clear CT: 0,1 ms]
   [Other: 1,9 ms]
      [Choose CSet: 0,0 ms]
      [Ref Proc: 1,3 ms]
      [Ref Enq: 0,0 ms]
      [Redirty Cards: 0,1 ms]
      [Humongous Register: 0,1 ms]
      [Humongous Reclaim: 0,0 ms]
      [Free CSet: 0,1 ms]
   [Eden: 91,0M(91,0M)->0,0B(38,0M) Survivors: 10,0M->13,0M Heap: 413,8M(1024,0M)->328,4M(1024,0M)]
 [Times: user=0,23 sys=0,00, real=0,04 secs] 
2018-04-10T20:14:33.902+0200: 20547,997: [GC pause (G1 Evacuation Pause) (young), 0,0339773 secs]
   [Parallel Time: 31,8 ms, GC Workers: 8]
      [GC Worker Start (ms): Min: 20547996,9, Avg: 20547999,2, Max: 20548001,3, Diff: 4,4]
      [Ext Root Scanning (ms): Min: 0,0, Avg: 0,5, Max: 1,4, Diff: 1,4, Sum: 4,0]
      [Update RS (ms): Min: 0,3, Avg: 2,0, Max: 3,7, Diff: 3,4, Sum: 16,1]
         [Processed Buffers: Min: 1, Avg: 6,9, Max: 16, Diff: 15, Sum: 55]
      [Scan RS (ms): Min: 2,2, Avg: 2,5, Max: 2,9, Diff: 0,7, Sum: 20,1]
      [Code Root Scanning (ms): Min: 0,0, Avg: 0,0, Max: 0,0, Diff: 0,0, Sum: 0,0]
      [Object Copy (ms): Min: 23,9, Avg: 24,0, Max: 24,1, Diff: 0,2, Sum: 192,2]
      [Termination (ms): Min: 0,0, Avg: 0,1, Max: 0,1, Diff: 0,1, Sum: 0,8]
         [Termination Attempts: Min: 2, Avg: 3,8, Max: 5, Diff: 3, Sum: 30]
      [GC Worker Other (ms): Min: 0,0, Avg: 0,0, Max: 0,0, Diff: 0,0, Sum: 0,1]
      [GC Worker Total (ms): Min: 27,1, Avg: 29,2, Max: 31,5, Diff: 4,5, Sum: 233,3]
      [GC Worker End (ms): Min: 20548028,3, Avg: 20548028,3, Max: 20548028,4, Diff: 0,0]
   [Code Root Fixup: 0,0 ms]
   [Code Root Purge: 0,0 ms]
   [Clear CT: 0,1 ms]
   [Other: 2,1 ms]
      [Choose CSet: 0,0 ms]
      [Ref Proc: 1,5 ms]
      [Ref Enq: 0,0 ms]
      [Redirty Cards: 0,2 ms]
      [Humongous Register: 0,1 ms]
      [Humongous Reclaim: 0,0 ms]
      [Free CSet: 0,1 ms]
   [Eden: 38,0M(38,0M)->0,0B(46,0M) Survivors: 13,0M->5120,0K Heap: 366,4M(1024,0M)->332,7M(1024,0M)]
 [Times: user=0,23 sys=0,00, real=0,04 secs] 
2018-04-10T20:16:08.865+0200: 20642,959: [GC pause (G1 Evacuation Pause) (young), 0,0265535 secs]
   [Parallel Time: 22,6 ms, GC Workers: 8]
      [GC Worker Start (ms): Min: 20642959,3, Avg: 20642959,7, Max: 20642960,7, Diff: 1,4]
      [Ext Root Scanning (ms): Min: 0,0, Avg: 0,6, Max: 1,1, Diff: 1,1, Sum: 4,4]
      [Update RS (ms): Min: 2,6, Avg: 3,0, Max: 3,7, Diff: 1,1, Sum: 23,9]
         [Processed Buffers: Min: 1, Avg: 6,6, Max: 16, Diff: 15, Sum: 53]
      [Scan RS (ms): Min: 2,3, Avg: 3,2, Max: 3,8, Diff: 1,5, Sum: 25,5]
      [Code Root Scanning (ms): Min: 0,0, Avg: 0,0, Max: 0,0, Diff: 0,0, Sum: 0,0]
      [Object Copy (ms): Min: 12,8, Avg: 13,3, Max: 14,3, Diff: 1,6, Sum: 106,7]
      [Termination (ms): Min: 0,0, Avg: 1,0, Max: 2,1, Diff: 2,1, Sum: 8,1]
         [Termination Attempts: Min: 1, Avg: 9,6, Max: 17, Diff: 16, Sum: 77]
      [GC Worker Other (ms): Min: 0,0, Avg: 0,0, Max: 0,0, Diff: 0,0, Sum: 0,2]
      [GC Worker Total (ms): Min: 20,0, Avg: 21,1, Max: 22,0, Diff: 2,0, Sum: 168,9]
      [GC Worker End (ms): Min: 20642980,6, Avg: 20642980,8, Max: 20642981,7, Diff: 1,1]
   [Code Root Fixup: 0,0 ms]
   [Code Root Purge: 0,0 ms]
   [Clear CT: 0,4 ms]
   [Other: 3,6 ms]
      [Choose CSet: 0,0 ms]
      [Ref Proc: 2,8 ms]
      [Ref Enq: 0,0 ms]
      [Redirty Cards: 0,2 ms]
      [Humongous Register: 0,1 ms]
      [Humongous Reclaim: 0,0 ms]
      [Free CSet: 0,1 ms]
   [Eden: 46,0M(46,0M)->0,0B(44,0M) Survivors: 5120,0K->7168,0K Heap: 378,7M(1024,0M)->336,5M(1024,0M)]
 [Times: user=0,17 sys=0,00, real=0,03 secs] 
2018-04-10T20:17:37.313+0200: 20731,408: [GC pause (G1 Evacuation Pause) (young), 0,0297696 secs]
   [Parallel Time: 26,8 ms, GC Workers: 8]
      [GC Worker Start (ms): Min: 20731407,9, Avg: 20731416,8, Max: 20731423,2, Diff: 15,2]
      [Ext Root Scanning (ms): Min: 0,0, Avg: 0,4, Max: 3,2, Diff: 3,2, Sum: 3,3]
      [Update RS (ms): Min: 0,0, Avg: 3,4, Max: 19,0, Diff: 19,0, Sum: 26,9]
         [Processed Buffers: Min: 0, Avg: 6,4, Max: 19, Diff: 19, Sum: 51]
      [Scan RS (ms): Min: 0,0, Avg: 0,8, Max: 1,8, Diff: 1,8, Sum: 6,4]
      [Code Root Scanning (ms): Min: 0,0, Avg: 0,0, Max: 0,0, Diff: 0,0, Sum: 0,0]
      [Object Copy (ms): Min: 2,8, Avg: 12,1, Max: 16,7, Diff: 13,9, Sum: 96,5]
      [Termination (ms): Min: 0,0, Avg: 1,1, Max: 1,6, Diff: 1,6, Sum: 8,7]
         [Termination Attempts: Min: 1, Avg: 1,0, Max: 1, Diff: 0, Sum: 8]
      [GC Worker Other (ms): Min: 0,0, Avg: 0,0, Max: 0,0, Diff: 0,0, Sum: 0,1]
      [GC Worker Total (ms): Min: 11,3, Avg: 17,7, Max: 26,5, Diff: 15,2, Sum: 141,9]
      [GC Worker End (ms): Min: 20731434,5, Avg: 20731434,5, Max: 20731434,6, Diff: 0,1]
   [Code Root Fixup: 0,0 ms]
   [Code Root Purge: 0,0 ms]
   [Clear CT: 0,1 ms]
   [Other: 2,9 ms]
      [Choose CSet: 0,0 ms]
      [Ref Proc: 2,3 ms]
      [Ref Enq: 0,0 ms]
      [Redirty Cards: 0,1 ms]
      [Humongous Register: 0,1 ms]
      [Humongous Reclaim: 0,0 ms]
      [Free CSet: 0,0 ms]
   [Eden: 44,0M(44,0M)->0,0B(44,0M) Survivors: 7168,0K->7168,0K Heap: 380,5M(1024,0M)->340,3M(1024,0M)]
 [Times: user=0,09 sys=0,00, real=0,03 secs] 
2018-04-10T20:19:07.721+0200: 20821,815: [GC pause (G1 Evacuation Pause) (young), 0,0258038 secs]
   [Parallel Time: 23,0 ms, GC Workers: 8]
      [GC Worker Start (ms): Min: 20821815,8, Avg: 20821816,4, Max: 20821817,3, Diff: 1,5]
      [Ext Root Scanning (ms): Min: 0,0, Avg: 0,6, Max: 1,2, Diff: 1,2, Sum: 4,6]
      [Update RS (ms): Min: 1,7, Avg: 2,9, Max: 7,9, Diff: 6,2, Sum: 22,9]
         [Processed Buffers: Min: 0, Avg: 6,4, Max: 15, Diff: 15, Sum: 51]
      [Scan RS (ms): Min: 0,0, Avg: 2,8, Max: 3,6, Diff: 3,6, Sum: 22,7]
      [Code Root Scanning (ms): Min: 0,0, Avg: 0,0, Max: 0,0, Diff: 0,0, Sum: 0,0]
      [Object Copy (ms): Min: 13,6, Avg: 15,6, Max: 16,2, Diff: 2,6, Sum: 125,2]
      [Termination (ms): Min: 0,0, Avg: 0,0, Max: 0,0, Diff: 0,0, Sum: 0,1]
         [Termination Attempts: Min: 1, Avg: 8,6, Max: 15, Diff: 14, Sum: 69]
      [GC Worker Other (ms): Min: 0,0, Avg: 0,0, Max: 0,1, Diff: 0,0, Sum: 0,2]
      [GC Worker Total (ms): Min: 21,1, Avg: 22,0, Max: 22,5, Diff: 1,5, Sum: 175,7]
      [GC Worker End (ms): Min: 20821838,3, Avg: 20821838,3, Max: 20821838,4, Diff: 0,0]
   [Code Root Fixup: 0,0 ms]
   [Code Root Purge: 0,0 ms]
   [Clear CT: 0,6 ms]
   [Other: 2,3 ms]
      [Choose CSet: 0,0 ms]
      [Ref Proc: 1,5 ms]
      [Ref Enq: 0,0 ms]
      [Redirty Cards: 0,3 ms]
      [Humongous Register: 0,1 ms]
      [Humongous Reclaim: 0,0 ms]
      [Free CSet: 0,1 ms]
   [Eden: 44,0M(44,0M)->0,0B(46,0M) Survivors: 7168,0K->5120,0K Heap: 384,3M(1024,0M)->343,2M(1024,0M)]
 [Times: user=0,17 sys=0,00, real=0,03 secs] 
2018-04-10T20:20:40.360+0200: 20914,455: [GC pause (G1 Evacuation Pause) (young), 0,0206491 secs]
   [Parallel Time: 17,6 ms, GC Workers: 8]
      [GC Worker Start (ms): Min: 20914455,0, Avg: 20914455,1, Max: 20914455,2, Diff: 0,2]
      [Ext Root Scanning (ms): Min: 0,5, Avg: 0,7, Max: 1,1, Diff: 0,6, Sum: 5,2]
      [Update RS (ms): Min: 1,9, Avg: 2,2, Max: 2,5, Diff: 0,6, Sum: 17,6]
         [Processed Buffers: Min: 1, Avg: 6,4, Max: 32, Diff: 31, Sum: 51]
      [Scan RS (ms): Min: 2,5, Avg: 2,9, Max: 3,2, Diff: 0,7, Sum: 23,0]
      [Code Root Scanning (ms): Min: 0,0, Avg: 0,0, Max: 0,0, Diff: 0,0, Sum: 0,0]
      [Object Copy (ms): Min: 11,1, Avg: 11,3, Max: 11,5, Diff: 0,4, Sum: 90,3]
      [Termination (ms): Min: 0,0, Avg: 0,0, Max: 0,0, Diff: 0,0, Sum: 0,3]
         [Termination Attempts: Min: 4, Avg: 7,0, Max: 9, Diff: 5, Sum: 56]
      [GC Worker Other (ms): Min: 0,0, Avg: 0,0, Max: 0,0, Diff: 0,0, Sum: 0,2]
      [GC Worker Total (ms): Min: 17,0, Avg: 17,1, Max: 17,2, Diff: 0,2, Sum: 136,6]
      [GC Worker End (ms): Min: 20914472,2, Avg: 20914472,2, Max: 20914472,2, Diff: 0,0]
   [Code Root Fixup: 0,0 ms]
   [Code Root Purge: 0,0 ms]
   [Clear CT: 0,3 ms]
   [Other: 2,7 ms]
      [Choose CSet: 0,0 ms]
      [Ref Proc: 1,3 ms]
      [Ref Enq: 0,0 ms]
      [Redirty Cards: 0,8 ms]
      [Humongous Register: 0,1 ms]
      [Humongous Reclaim: 0,0 ms]
      [Free CSet: 0,1 ms]
   [Eden: 46,0M(46,0M)->0,0B(44,0M) Survivors: 5120,0K->7168,0K Heap: 389,2M(1024,0M)->348,0M(1024,0M)]
 [Times: user=0,14 sys=0,00, real=0,02 secs] 
2018-04-10T20:22:10.163+0200: 21004,257: [GC pause (G1 Evacuation Pause) (young), 0,0222857 secs]
   [Parallel Time: 19,9 ms, GC Workers: 8]
      [GC Worker Start (ms): Min: 21004257,6, Avg: 21004257,7, Max: 21004257,9, Diff: 0,3]
      [Ext Root Scanning (ms): Min: 0,4, Avg: 0,6, Max: 1,1, Diff: 0,7, Sum: 4,9]
      [Update RS (ms): Min: 1,0, Avg: 1,4, Max: 1,7, Diff: 0,6, Sum: 11,2]
         [Processed Buffers: Min: 1, Avg: 6,5, Max: 12, Diff: 11, Sum: 52]
      [Scan RS (ms): Min: 2,1, Avg: 2,4, Max: 2,7, Diff: 0,6, Sum: 19,4]
      [Code Root Scanning (ms): Min: 0,0, Avg: 0,0, Max: 0,0, Diff: 0,0, Sum: 0,0]
      [Object Copy (ms): Min: 14,8, Avg: 14,9, Max: 15,1, Diff: 0,3, Sum: 119,6]
      [Termination (ms): Min: 0,0, Avg: 0,0, Max: 0,0, Diff: 0,0, Sum: 0,2]
         [Termination Attempts: Min: 1, Avg: 11,4, Max: 17, Diff: 16, Sum: 91]
      [GC Worker Other (ms): Min: 0,0, Avg: 0,0, Max: 0,0, Diff: 0,0, Sum: 0,2]
      [GC Worker Total (ms): Min: 19,3, Avg: 19,4, Max: 19,6, Diff: 0,3, Sum: 155,5]
      [GC Worker End (ms): Min: 21004277,2, Avg: 21004277,2, Max: 21004277,2, Diff: 0,0]
   [Code Root Fixup: 0,0 ms]
   [Code Root Purge: 0,0 ms]
   [Clear CT: 0,2 ms]
   [Other: 2,1 ms]
      [Choose CSet: 0,0 ms]
      [Ref Proc: 1,3 ms]
      [Ref Enq: 0,0 ms]
      [Redirty Cards: 0,3 ms]
      [Humongous Register: 0,1 ms]
      [Humongous Reclaim: 0,0 ms]
      [Free CSet: 0,1 ms]
   [Eden: 44,0M(44,0M)->0,0B(44,0M) Survivors: 7168,0K->7168,0K Heap: 392,0M(1024,0M)->350,9M(1024,0M)]
 [Times: user=0,16 sys=0,00, real=0,02 secs] 
2018-04-10T20:23:39.134+0200: 21093,228: [GC pause (G1 Evacuation Pause) (young), 0,0283911 secs]
   [Parallel Time: 24,4 ms, GC Workers: 8]
      [GC Worker Start (ms): Min: 21093228,6, Avg: 21093228,8, Max: 21093229,5, Diff: 0,9]
      [Ext Root Scanning (ms): Min: 0,0, Avg: 0,6, Max: 1,1, Diff: 1,1, Sum: 4,6]
      [Update RS (ms): Min: 2,0, Avg: 2,4, Max: 3,3, Diff: 1,3, Sum: 19,6]
         [Processed Buffers: Min: 0, Avg: 6,0, Max: 12, Diff: 12, Sum: 48]
      [Scan RS (ms): Min: 2,4, Avg: 3,2, Max: 3,7, Diff: 1,4, Sum: 25,8]
      [Code Root Scanning (ms): Min: 0,0, Avg: 0,0, Max: 0,0, Diff: 0,0, Sum: 0,0]
      [Object Copy (ms): Min: 16,6, Avg: 16,9, Max: 17,5, Diff: 0,9, Sum: 134,9]
      [Termination (ms): Min: 0,0, Avg: 0,6, Max: 0,7, Diff: 0,7, Sum: 5,0]
         [Termination Attempts: Min: 1, Avg: 4,1, Max: 7, Diff: 6, Sum: 33]
      [GC Worker Other (ms): Min: 0,0, Avg: 0,0, Max: 0,2, Diff: 0,2, Sum: 0,3]
      [GC Worker Total (ms): Min: 23,2, Avg: 23,8, Max: 24,0, Diff: 0,8, Sum: 190,3]
      [GC Worker End (ms): Min: 21093252,5, Avg: 21093252,6, Max: 21093252,8, Diff: 0,4]
   [Code Root Fixup: 0,0 ms]
   [Code Root Purge: 0,0 ms]
   [Clear CT: 0,3 ms]
   [Other: 3,7 ms]
      [Choose CSet: 0,0 ms]
      [Ref Proc: 2,8 ms]
      [Ref Enq: 0,0 ms]
      [Redirty Cards: 0,4 ms]
      [Humongous Register: 0,1 ms]
      [Humongous Reclaim: 0,0 ms]
      [Free CSet: 0,1 ms]
   [Eden: 44,0M(44,0M)->0,0B(44,0M) Survivors: 7168,0K->7168,0K Heap: 394,9M(1024,0M)->354,9M(1024,0M)]
 [Times: user=0,19 sys=0,00, real=0,03 secs] 
2018-04-10T20:25:10.038+0200: 21184,132: [GC pause (G1 Evacuation Pause) (young), 0,0134595 secs]
   [Parallel Time: 11,5 ms, GC Workers: 8]
      [GC Worker Start (ms): Min: 21184132,2, Avg: 21184132,4, Max: 21184132,8, Diff: 0,6]
      [Ext Root Scanning (ms): Min: 0,0, Avg: 0,3, Max: 0,8, Diff: 0,8, Sum: 2,7]
      [Update RS (ms): Min: 0,0, Avg: 0,9, Max: 1,7, Diff: 1,7, Sum: 7,4]
         [Processed Buffers: Min: 0, Avg: 6,2, Max: 19, Diff: 19, Sum: 50]
      [Scan RS (ms): Min: 0,0, Avg: 1,3, Max: 1,8, Diff: 1,8, Sum: 10,1]
      [Code Root Scanning (ms): Min: 0,0, Avg: 0,0, Max: 0,0, Diff: 0,0, Sum: 0,0]
      [Object Copy (ms): Min: 7,5, Avg: 8,5, Max: 10,8, Diff: 3,2, Sum: 68,3]
      [Termination (ms): Min: 0,0, Avg: 0,1, Max: 0,1, Diff: 0,1, Sum: 0,6]
         [Termination Attempts: Min: 1, Avg: 15,0, Max: 25, Diff: 24, Sum: 120]
      [GC Worker Other (ms): Min: 0,0, Avg: 0,0, Max: 0,0, Diff: 0,0, Sum: 0,1]
      [GC Worker Total (ms): Min: 10,8, Avg: 11,1, Max: 11,4, Diff: 0,6, Sum: 89,2]
      [GC Worker End (ms): Min: 21184143,6, Avg: 21184143,6, Max: 21184143,6, Diff: 0,0]
   [Code Root Fixup: 0,0 ms]
   [Code Root Purge: 0,0 ms]
   [Clear CT: 0,4 ms]
   [Other: 1,6 ms]
      [Choose CSet: 0,0 ms]
      [Ref Proc: 1,0 ms]
      [Ref Enq: 0,0 ms]
      [Redirty Cards: 0,1 ms]
      [Humongous Register: 0,1 ms]
      [Humongous Reclaim: 0,0 ms]
      [Free CSet: 0,0 ms]
   [Eden: 44,0M(44,0M)->0,0B(44,0M) Survivors: 7168,0K->7168,0K Heap: 398,9M(1024,0M)->359,9M(1024,0M)]
 [Times: user=0,08 sys=0,00, real=0,01 secs] 
2018-04-10T20:26:40.780+0200: 21274,875: [GC pause (G1 Evacuation Pause) (young), 0,0392095 secs]
   [Parallel Time: 31,6 ms, GC Workers: 8]
      [GC Worker Start (ms): Min: 21274875,1, Avg: 21274875,5, Max: 21274876,4, Diff: 1,3]
      [Ext Root Scanning (ms): Min: 0,0, Avg: 0,5, Max: 1,0, Diff: 0,9, Sum: 4,2]
      [Update RS (ms): Min: 0,6, Avg: 2,2, Max: 2,9, Diff: 2,2, Sum: 17,9]
         [Processed Buffers: Min: 1, Avg: 6,6, Max: 12, Diff: 11, Sum: 53]
      [Scan RS (ms): Min: 2,2, Avg: 2,6, Max: 3,0, Diff: 0,8, Sum: 21,0]
      [Code Root Scanning (ms): Min: 0,0, Avg: 0,0, Max: 0,0, Diff: 0,0, Sum: 0,0]
      [Object Copy (ms): Min: 19,9, Avg: 21,0, Max: 23,8, Diff: 3,9, Sum: 167,9]
      [Termination (ms): Min: 0,0, Avg: 3,4, Max: 4,2, Diff: 4,2, Sum: 27,4]
         [Termination Attempts: Min: 1, Avg: 2,9, Max: 5, Diff: 4, Sum: 23]
      [GC Worker Other (ms): Min: 0,0, Avg: 0,0, Max: 0,0, Diff: 0,0, Sum: 0,2]
      [GC Worker Total (ms): Min: 28,6, Avg: 29,8, Max: 31,1, Diff: 2,4, Sum: 238,5]
      [GC Worker End (ms): Min: 21274904,7, Avg: 21274905,3, Max: 21274906,5, Diff: 1,8]
   [Code Root Fixup: 0,0 ms]
   [Code Root Purge: 0,0 ms]
   [Clear CT: 0,3 ms]
   [Other: 7,3 ms]
      [Choose CSet: 0,0 ms]
      [Ref Proc: 6,3 ms]
      [Ref Enq: 0,0 ms]
      [Redirty Cards: 0,5 ms]
      [Humongous Register: 0,1 ms]
      [Humongous Reclaim: 0,0 ms]
      [Free CSet: 0,1 ms]
   [Eden: 44,0M(44,0M)->0,0B(46,0M) Survivors: 7168,0K->5120,0K Heap: 403,9M(1024,0M)->362,8M(1024,0M)]
 [Times: user=0,24 sys=0,00, real=0,04 secs] 
2018-04-10T20:28:14.898+0200: 21368,993: [GC pause (G1 Evacuation Pause) (young) (initial-mark), 0,0226347 secs]
   [Parallel Time: 19,8 ms, GC Workers: 8]
      [GC Worker Start (ms): Min: 21368993,2, Avg: 21368993,5, Max: 21368994,4, Diff: 1,2]
      [Ext Root Scanning (ms): Min: 0,9, Avg: 1,5, Max: 1,8, Diff: 0,9, Sum: 12,0]
      [Update RS (ms): Min: 1,8, Avg: 2,2, Max: 4,1, Diff: 2,3, Sum: 18,0]
         [Processed Buffers: Min: 0, Avg: 6,1, Max: 25, Diff: 25, Sum: 49]
      [Scan RS (ms): Min: 0,4, Avg: 2,2, Max: 2,8, Diff: 2,3, Sum: 17,9]
      [Code Root Scanning (ms): Min: 0,0, Avg: 0,0, Max: 0,0, Diff: 0,0, Sum: 0,0]
      [Object Copy (ms): Min: 12,5, Avg: 12,5, Max: 12,7, Diff: 0,2, Sum: 100,3]
      [Termination (ms): Min: 0,0, Avg: 0,0, Max: 0,0, Diff: 0,0, Sum: 0,0]
         [Termination Attempts: Min: 1, Avg: 2,4, Max: 4, Diff: 3, Sum: 19]
      [GC Worker Other (ms): Min: 0,0, Avg: 0,0, Max: 0,1, Diff: 0,1, Sum: 0,4]
      [GC Worker Total (ms): Min: 17,6, Avg: 18,6, Max: 18,8, Diff: 1,2, Sum: 148,7]
      [GC Worker End (ms): Min: 21369012,1, Avg: 21369012,1, Max: 21369012,2, Diff: 0,1]
   [Code Root Fixup: 0,0 ms]
   [Code Root Purge: 0,0 ms]
   [Clear CT: 0,1 ms]
   [Other: 2,7 ms]
      [Choose CSet: 0,0 ms]
      [Ref Proc: 2,1 ms]
      [Ref Enq: 0,0 ms]
      [Redirty Cards: 0,1 ms]
      [Humongous Register: 0,1 ms]
      [Humongous Reclaim: 0,0 ms]
      [Free CSet: 0,1 ms]
   [Eden: 46,0M(46,0M)->0,0B(44,0M) Survivors: 5120,0K->7168,0K Heap: 408,8M(1024,0M)->367,5M(1024,0M)]
 [Times: user=0,14 sys=0,00, real=0,02 secs] 
2018-04-10T20:28:14.921+0200: 21369,016: [GC concurrent-root-region-scan-start]
2018-04-10T20:28:14.931+0200: 21369,026: [GC concurrent-root-region-scan-end, 0,0102659 secs]
2018-04-10T20:28:14.931+0200: 21369,026: [GC concurrent-mark-start]
2018-04-10T20:28:14.949+0200: 21369,043: [GC concurrent-mark-end, 0,0173317 secs]
2018-04-10T20:28:14.949+0200: 21369,043: [GC remark 2018-04-10T20:28:14.949+0200: 21369,043: [Finalize Marking, 0,0006770 secs] 2018-04-10T20:28:14.950+0200: 21369,044: [GC ref-proc, 0,0007453 secs] 2018-04-10T20:28:14.950+0200: 21369,045: [Unloading, 0,0041296 secs], 0,0076348 secs]
 [Times: user=0,04 sys=0,00, real=0,01 secs] 
2018-04-10T20:28:14.957+0200: 21369,052: [GC cleanup 367M->331M(1024M), 0,0032582 secs]
 [Times: user=0,01 sys=0,00, real=0,00 secs] 
2018-04-10T20:28:14.961+0200: 21369,055: [GC concurrent-cleanup-start]
2018-04-10T20:28:14.961+0200: 21369,055: [GC concurrent-cleanup-end, 0,0002244 secs]
2018-04-10T20:29:44.084+0200: 21458,178: [GC pause (G1 Evacuation Pause) (young), 0,0154559 secs]
   [Parallel Time: 11,6 ms, GC Workers: 8]
      [GC Worker Start (ms): Min: 21458178,1, Avg: 21458178,4, Max: 21458179,2, Diff: 1,1]
      [Ext Root Scanning (ms): Min: 0,0, Avg: 0,3, Max: 0,6, Diff: 0,6, Sum: 2,1]
      [Update RS (ms): Min: 0,5, Avg: 1,3, Max: 4,3, Diff: 3,8, Sum: 10,2]
         [Processed Buffers: Min: 1, Avg: 5,9, Max: 11, Diff: 10, Sum: 47]
      [Scan RS (ms): Min: 0,0, Avg: 1,1, Max: 1,4, Diff: 1,4, Sum: 8,6]
      [Code Root Scanning (ms): Min: 0,0, Avg: 0,0, Max: 0,0, Diff: 0,0, Sum: 0,0]
      [Object Copy (ms): Min: 5,3, Avg: 7,2, Max: 8,2, Diff: 2,8, Sum: 57,6]
      [Termination (ms): Min: 0,0, Avg: 0,9, Max: 1,4, Diff: 1,4, Sum: 6,9]
         [Termination Attempts: Min: 1, Avg: 1,4, Max: 2, Diff: 1, Sum: 11]
      [GC Worker Other (ms): Min: 0,0, Avg: 0,0, Max: 0,0, Diff: 0,0, Sum: 0,1]
      [GC Worker Total (ms): Min: 9,8, Avg: 10,7, Max: 11,5, Diff: 1,6, Sum: 85,5]
      [GC Worker End (ms): Min: 21458189,1, Avg: 21458189,1, Max: 21458189,6, Diff: 0,6]
   [Code Root Fixup: 0,0 ms]
   [Code Root Purge: 0,0 ms]
   [Clear CT: 0,1 ms]
   [Other: 3,8 ms]
      [Choose CSet: 0,0 ms]
      [Ref Proc: 3,3 ms]
      [Ref Enq: 0,0 ms]
      [Redirty Cards: 0,2 ms]
      [Humongous Register: 0,0 ms]
      [Humongous Reclaim: 0,0 ms]
      [Free CSet: 0,1 ms]
   [Eden: 44,0M(44,0M)->0,0B(46,0M) Survivors: 7168,0K->5120,0K Heap: 375,5M(1024,0M)->333,8M(1024,0M)]
 [Times: user=0,10 sys=0,00, real=0,02 secs] 
2018-04-10T20:31:18.069+0200: 21552,164: [GC pause (G1 Evacuation Pause) (mixed), 0,0284690 secs]
   [Parallel Time: 20,5 ms, GC Workers: 8]
      [GC Worker Start (ms): Min: 21552164,2, Avg: 21552164,8, Max: 21552166,4, Diff: 2,2]
      [Ext Root Scanning (ms): Min: 0,0, Avg: 0,5, Max: 1,1, Diff: 1,1, Sum: 3,9]
      [Update RS (ms): Min: 1,7, Avg: 2,2, Max: 3,0, Diff: 1,3, Sum: 17,9]
         [Processed Buffers: Min: 1, Avg: 6,5, Max: 28, Diff: 27, Sum: 52]
      [Scan RS (ms): Min: 4,1, Avg: 4,7, Max: 5,7, Diff: 1,7, Sum: 37,5]
      [Code Root Scanning (ms): Min: 0,0, Avg: 0,0, Max: 0,1, Diff: 0,1, Sum: 0,2]
      [Object Copy (ms): Min: 11,5, Avg: 12,2, Max: 12,3, Diff: 0,8, Sum: 97,3]
      [Termination (ms): Min: 0,0, Avg: 0,0, Max: 0,0, Diff: 0,0, Sum: 0,0]
         [Termination Attempts: Min: 1, Avg: 1,0, Max: 1, Diff: 0, Sum: 8]
      [GC Worker Other (ms): Min: 0,0, Avg: 0,0, Max: 0,0, Diff: 0,0, Sum: 0,2]
      [GC Worker Total (ms): Min: 18,0, Avg: 19,6, Max: 20,2, Diff: 2,2, Sum: 156,9]
      [GC Worker End (ms): Min: 21552184,5, Avg: 21552184,5, Max: 21552184,5, Diff: 0,0]
   [Code Root Fixup: 0,0 ms]
   [Code Root Purge: 0,0 ms]
   [Clear CT: 0,2 ms]
   [Other: 7,8 ms]
      [Choose CSet: 0,1 ms]
      [Ref Proc: 7,0 ms]
      [Ref Enq: 0,0 ms]
      [Redirty Cards: 0,1 ms]
      [Humongous Register: 0,1 ms]
      [Humongous Reclaim: 0,0 ms]
      [Free CSet: 0,1 ms]
   [Eden: 46,0M(46,0M)->0,0B(44,0M) Survivors: 5120,0K->7168,0K Heap: 379,8M(1024,0M)->315,4M(1024,0M)]
 [Times: user=0,19 sys=0,00, real=0,03 secs] 
2018-04-10T20:32:39.767+0200: 21633,862: [GC pause (G1 Evacuation Pause) (mixed), 0,0244570 secs]
   [Parallel Time: 20,2 ms, GC Workers: 8]
      [GC Worker Start (ms): Min: 21633862,3, Avg: 21633864,2, Max: 21633872,2, Diff: 9,9]
      [Ext Root Scanning (ms): Min: 0,0, Avg: 0,3, Max: 0,7, Diff: 0,7, Sum: 2,6]
      [Update RS (ms): Min: 0,0, Avg: 1,0, Max: 1,5, Diff: 1,5, Sum: 8,2]
         [Processed Buffers: Min: 0, Avg: 6,5, Max: 22, Diff: 22, Sum: 52]
      [Scan RS (ms): Min: 0,0, Avg: 1,8, Max: 2,5, Diff: 2,5, Sum: 14,2]
      [Code Root Scanning (ms): Min: 0,0, Avg: 0,0, Max: 0,0, Diff: 0,0, Sum: 0,1]
      [Object Copy (ms): Min: 8,3, Avg: 13,3, Max: 15,0, Diff: 6,7, Sum: 106,4]
      [Termination (ms): Min: 0,0, Avg: 1,1, Max: 1,6, Diff: 1,6, Sum: 9,0]
         [Termination Attempts: Min: 1, Avg: 4,5, Max: 6, Diff: 5, Sum: 36]
      [GC Worker Other (ms): Min: 0,0, Avg: 0,0, Max: 0,0, Diff: 0,0, Sum: 0,1]
      [GC Worker Total (ms): Min: 9,5, Avg: 17,6, Max: 19,8, Diff: 10,2, Sum: 140,5]
      [GC Worker End (ms): Min: 21633881,7, Avg: 21633881,8, Max: 21633882,1, Diff: 0,4]
   [Code Root Fixup: 0,0 ms]
   [Code Root Purge: 0,0 ms]
   [Clear CT: 1,0 ms]
   [Other: 3,3 ms]
      [Choose CSet: 0,1 ms]
      [Ref Proc: 2,3 ms]
      [Ref Enq: 0,0 ms]
      [Redirty Cards: 0,2 ms]
      [Humongous Register: 0,1 ms]
      [Humongous Reclaim: 0,0 ms]
      [Free CSet: 0,2 ms]
   [Eden: 44,0M(44,0M)->0,0B(44,0M) Survivors: 7168,0K->7168,0K Heap: 359,4M(1024,0M)->293,3M(1024,0M)]
 [Times: user=0,14 sys=0,00, real=0,02 secs] 
2018-04-10T20:34:10.889+0200: 21724,984: [GC pause (G1 Evacuation Pause) (mixed), 0,0342731 secs]
   [Parallel Time: 30,4 ms, GC Workers: 8]
      [GC Worker Start (ms): Min: 21724984,0, Avg: 21724984,2, Max: 21724984,6, Diff: 0,6]
      [Ext Root Scanning (ms): Min: 0,0, Avg: 0,4, Max: 0,9, Diff: 0,8, Sum: 3,1]
      [Update RS (ms): Min: 0,0, Avg: 0,8, Max: 1,5, Diff: 1,5, Sum: 6,7]
         [Processed Buffers: Min: 0, Avg: 6,0, Max: 15, Diff: 15, Sum: 48]
      [Scan RS (ms): Min: 2,7, Avg: 3,0, Max: 3,3, Diff: 0,7, Sum: 24,4]
      [Code Root Scanning (ms): Min: 0,0, Avg: 0,0, Max: 0,1, Diff: 0,1, Sum: 0,1]
      [Object Copy (ms): Min: 15,9, Avg: 17,6, Max: 24,2, Diff: 8,4, Sum: 140,4]
      [Termination (ms): Min: 0,0, Avg: 7,4, Max: 8,6, Diff: 8,6, Sum: 59,0]
         [Termination Attempts: Min: 1, Avg: 2,0, Max: 3, Diff: 2, Sum: 16]
      [GC Worker Other (ms): Min: 0,0, Avg: 0,0, Max: 0,0, Diff: 0,0, Sum: 0,1]
      [GC Worker Total (ms): Min: 28,8, Avg: 29,2, Max: 29,5, Diff: 0,7, Sum: 233,8]
      [GC Worker End (ms): Min: 21725013,3, Avg: 21725013,4, Max: 21725013,8, Diff: 0,5]
   [Code Root Fixup: 0,0 ms]
   [Code Root Purge: 0,0 ms]
   [Clear CT: 0,3 ms]
   [Other: 3,6 ms]
      [Choose CSet: 0,1 ms]
      [Ref Proc: 2,2 ms]
      [Ref Enq: 0,0 ms]
      [Redirty Cards: 0,7 ms]
      [Humongous Register: 0,0 ms]
      [Humongous Reclaim: 0,0 ms]
      [Free CSet: 0,2 ms]
   [Eden: 44,0M(44,0M)->0,0B(46,0M) Survivors: 7168,0K->5120,0K Heap: 337,3M(1024,0M)->274,5M(1024,0M)]
 [Times: user=0,21 sys=0,00, real=0,03 secs] 
2018-04-10T20:35:43.659+0200: 21817,754: [GC pause (G1 Evacuation Pause) (mixed), 0,0226092 secs]
   [Parallel Time: 19,2 ms, GC Workers: 8]
      [GC Worker Start (ms): Min: 21817754,3, Avg: 21817754,6, Max: 21817755,4, Diff: 1,1]
      [Ext Root Scanning (ms): Min: 0,0, Avg: 0,5, Max: 1,0, Diff: 1,0, Sum: 4,1]
      [Update RS (ms): Min: 2,6, Avg: 3,6, Max: 6,6, Diff: 4,0, Sum: 28,9]
         [Processed Buffers: Min: 0, Avg: 6,2, Max: 16, Diff: 16, Sum: 50]
      [Scan RS (ms): Min: 0,0, Avg: 2,0, Max: 3,3, Diff: 3,3, Sum: 15,8]
      [Code Root Scanning (ms): Min: 0,0, Avg: 0,0, Max: 0,0, Diff: 0,0, Sum: 0,0]
      [Object Copy (ms): Min: 11,7, Avg: 12,7, Max: 13,1, Diff: 1,3, Sum: 101,5]
      [Termination (ms): Min: 0,0, Avg: 0,0, Max: 0,0, Diff: 0,0, Sum: 0,0]
         [Termination Attempts: Min: 1, Avg: 1,1, Max: 2, Diff: 1, Sum: 9]
      [GC Worker Other (ms): Min: 0,0, Avg: 0,0, Max: 0,0, Diff: 0,0, Sum: 0,2]
      [GC Worker Total (ms): Min: 18,0, Avg: 18,8, Max: 19,1, Diff: 1,1, Sum: 150,5]
      [GC Worker End (ms): Min: 21817773,4, Avg: 21817773,4, Max: 21817773,4, Diff: 0,0]
   [Code Root Fixup: 0,0 ms]
   [Code Root Purge: 0,0 ms]
   [Clear CT: 0,7 ms]
   [Other: 2,7 ms]
      [Choose CSet: 0,1 ms]
      [Ref Proc: 1,7 ms]
      [Ref Enq: 0,0 ms]
      [Redirty Cards: 0,3 ms]
      [Humongous Register: 0,1 ms]
      [Humongous Reclaim: 0,0 ms]
      [Free CSet: 0,2 ms]
   [Eden: 46,0M(46,0M)->0,0B(44,0M) Survivors: 5120,0K->7168,0K Heap: 320,5M(1024,0M)->256,5M(1024,0M)]
 [Times: user=0,15 sys=0,00, real=0,02 secs] 
2018-04-10T20:37:14.470+0200: 21908,564: [GC pause (G1 Evacuation Pause) (mixed), 0,0189035 secs]
   [Parallel Time: 16,7 ms, GC Workers: 8]
      [GC Worker Start (ms): Min: 21908564,9, Avg: 21908565,8, Max: 21908571,5, Diff: 6,6]
      [Ext Root Scanning (ms): Min: 0,0, Avg: 0,6, Max: 1,2, Diff: 1,2, Sum: 4,5]
      [Update RS (ms): Min: 0,0, Avg: 1,1, Max: 1,5, Diff: 1,5, Sum: 9,1]
         [Processed Buffers: Min: 0, Avg: 6,1, Max: 10, Diff: 10, Sum: 49]
      [Scan RS (ms): Min: 0,0, Avg: 1,9, Max: 2,3, Diff: 2,3, Sum: 15,1]
      [Code Root Scanning (ms): Min: 0,0, Avg: 0,1, Max: 0,2, Diff: 0,2, Sum: 0,4]
      [Object Copy (ms): Min: 9,9, Avg: 12,0, Max: 12,4, Diff: 2,5, Sum: 95,8]
      [Termination (ms): Min: 0,0, Avg: 0,0, Max: 0,0, Diff: 0,0, Sum: 0,1]
         [Termination Attempts: Min: 1, Avg: 5,8, Max: 8, Diff: 7, Sum: 46]
      [GC Worker Other (ms): Min: 0,0, Avg: 0,0, Max: 0,0, Diff: 0,0, Sum: 0,2]
      [GC Worker Total (ms): Min: 9,9, Avg: 15,6, Max: 16,5, Diff: 6,6, Sum: 125,2]
      [GC Worker End (ms): Min: 21908581,5, Avg: 21908581,5, Max: 21908581,5, Diff: 0,0]
   [Code Root Fixup: 0,0 ms]
   [Code Root Purge: 0,0 ms]
   [Clear CT: 0,2 ms]
   [Other: 2,0 ms]
      [Choose CSet: 0,1 ms]
      [Ref Proc: 1,1 ms]
      [Ref Enq: 0,0 ms]
      [Redirty Cards: 0,1 ms]
      [Humongous Register: 0,1 ms]
      [Humongous Reclaim: 0,0 ms]
      [Free CSet: 0,2 ms]
   [Eden: 44,0M(44,0M)->0,0B(46,0M) Survivors: 7168,0K->5120,0K Heap: 300,5M(1024,0M)->234,4M(1024,0M)]
 [Times: user=0,12 sys=0,00, real=0,02 secs] 
2018-04-10T20:38:49.221+0200: 22003,316: [GC pause (G1 Evacuation Pause) (mixed), 0,0155850 secs]
   [Parallel Time: 13,5 ms, GC Workers: 8]
      [GC Worker Start (ms): Min: 22003316,2, Avg: 22003317,6, Max: 22003320,5, Diff: 4,3]
      [Ext Root Scanning (ms): Min: 0,0, Avg: 0,5, Max: 1,6, Diff: 1,6, Sum: 3,8]
      [Update RS (ms): Min: 0,0, Avg: 1,3, Max: 2,4, Diff: 2,4, Sum: 10,3]
         [Processed Buffers: Min: 0, Avg: 6,4, Max: 25, Diff: 25, Sum: 51]
      [Scan RS (ms): Min: 0,4, Avg: 2,2, Max: 6,4, Diff: 5,9, Sum: 17,2]
      [Code Root Scanning (ms): Min: 0,0, Avg: 0,0, Max: 0,1, Diff: 0,1, Sum: 0,1]
      [Object Copy (ms): Min: 1,4, Avg: 5,6, Max: 6,9, Diff: 5,4, Sum: 44,8]
      [Termination (ms): Min: 0,0, Avg: 0,9, Max: 2,3, Diff: 2,3, Sum: 7,2]
         [Termination Attempts: Min: 1, Avg: 14,9, Max: 24, Diff: 23, Sum: 119]
      [GC Worker Other (ms): Min: 0,0, Avg: 0,0, Max: 0,0, Diff: 0,0, Sum: 0,1]
      [GC Worker Total (ms): Min: 7,3, Avg: 10,4, Max: 11,6, Diff: 4,3, Sum: 83,5]
      [GC Worker End (ms): Min: 22003327,8, Avg: 22003328,0, Max: 22003329,3, Diff: 1,5]
   [Code Root Fixup: 0,0 ms]
   [Code Root Purge: 0,0 ms]
   [Clear CT: 0,3 ms]
   [Other: 1,8 ms]
      [Choose CSet: 0,1 ms]
      [Ref Proc: 0,9 ms]
      [Ref Enq: 0,0 ms]
      [Redirty Cards: 0,1 ms]
      [Humongous Register: 0,1 ms]
      [Humongous Reclaim: 0,0 ms]
      [Free CSet: 0,2 ms]
   [Eden: 46,0M(46,0M)->0,0B(44,0M) Survivors: 5120,0K->7168,0K Heap: 280,4M(1024,0M)->232,8M(1024,0M)]
 [Times: user=0,08 sys=0,00, real=0,02 secs] 
2018-04-10T20:40:17.392+0200: 22091,486: [GC pause (G1 Evacuation Pause) (young), 0,0210754 secs]
   [Parallel Time: 17,6 ms, GC Workers: 8]
      [GC Worker Start (ms): Min: 22091486,5, Avg: 22091487,4, Max: 22091492,0, Diff: 5,5]
      [Ext Root Scanning (ms): Min: 0,0, Avg: 0,4, Max: 0,9, Diff: 0,9, Sum: 3,5]
      [Update RS (ms): Min: 0,0, Avg: 1,4, Max: 2,2, Diff: 2,2, Sum: 11,6]
         [Processed Buffers: Min: 0, Avg: 6,6, Max: 16, Diff: 16, Sum: 53]
      [Scan RS (ms): Min: 0,0, Avg: 1,3, Max: 2,0, Diff: 2,0, Sum: 10,7]
      [Code Root Scanning (ms): Min: 0,0, Avg: 0,0, Max: 0,0, Diff: 0,0, Sum: 0,0]
      [Object Copy (ms): Min: 9,4, Avg: 11,0, Max: 14,2, Diff: 4,8, Sum: 87,9]
      [Termination (ms): Min: 0,0, Avg: 1,1, Max: 2,4, Diff: 2,4, Sum: 8,5]
         [Termination Attempts: Min: 1, Avg: 2,8, Max: 5, Diff: 4, Sum: 22]
      [GC Worker Other (ms): Min: 0,0, Avg: 0,0, Max: 0,0, Diff: 0,0, Sum: 0,1]
      [GC Worker Total (ms): Min: 11,8, Avg: 15,3, Max: 16,2, Diff: 4,4, Sum: 122,3]
      [GC Worker End (ms): Min: 22091502,4, Avg: 22091502,7, Max: 22091503,8, Diff: 1,4]
   [Code Root Fixup: 0,0 ms]
   [Code Root Purge: 0,0 ms]
   [Clear CT: 0,2 ms]
   [Other: 3,2 ms]
      [Choose CSet: 0,0 ms]
      [Ref Proc: 2,7 ms]
      [Ref Enq: 0,0 ms]
      [Redirty Cards: 0,1 ms]
      [Humongous Register: 0,1 ms]
      [Humongous Reclaim: 0,0 ms]
      [Free CSet: 0,0 ms]
   [Eden: 44,0M(44,0M)->0,0B(53,0M) Survivors: 7168,0K->5120,0K Heap: 276,8M(1024,0M)->235,5M(1024,0M)]
 [Times: user=0,12 sys=0,00, real=0,02 secs] 
2018-04-10T20:42:06.139+0200: 22200,233: [GC pause (G1 Evacuation Pause) (young), 0,0221337 secs]
   [Parallel Time: 17,0 ms, GC Workers: 8]
      [GC Worker Start (ms): Min: 22200233,6, Avg: 22200233,8, Max: 22200234,4, Diff: 0,7]
      [Ext Root Scanning (ms): Min: 0,0, Avg: 0,5, Max: 1,1, Diff: 1,0, Sum: 4,3]
      [Update RS (ms): Min: 1,9, Avg: 2,2, Max: 2,9, Diff: 1,0, Sum: 17,9]
         [Processed Buffers: Min: 1, Avg: 6,6, Max: 18, Diff: 17, Sum: 53]
      [Scan RS (ms): Min: 1,8, Avg: 2,3, Max: 2,9, Diff: 1,1, Sum: 18,7]
      [Code Root Scanning (ms): Min: 0,0, Avg: 0,0, Max: 0,0, Diff: 0,0, Sum: 0,0]
      [Object Copy (ms): Min: 10,6, Avg: 11,1, Max: 11,5, Diff: 0,8, Sum: 88,9]
      [Termination (ms): Min: 0,0, Avg: 0,0, Max: 0,0, Diff: 0,0, Sum: 0,0]
         [Termination Attempts: Min: 1, Avg: 1,0, Max: 1, Diff: 0, Sum: 8]
      [GC Worker Other (ms): Min: 0,0, Avg: 0,0, Max: 0,1, Diff: 0,1, Sum: 0,3]
      [GC Worker Total (ms): Min: 15,7, Avg: 16,3, Max: 16,5, Diff: 0,7, Sum: 130,1]
      [GC Worker End (ms): Min: 22200250,1, Avg: 22200250,1, Max: 22200250,2, Diff: 0,0]
   [Code Root Fixup: 0,0 ms]
   [Code Root Purge: 0,0 ms]
   [Clear CT: 0,8 ms]
   [Other: 4,3 ms]
      [Choose CSet: 0,0 ms]
      [Ref Proc: 3,2 ms]
      [Ref Enq: 0,0 ms]
      [Redirty Cards: 0,6 ms]
      [Humongous Register: 0,1 ms]
      [Humongous Reclaim: 0,0 ms]
      [Free CSet: 0,1 ms]
   [Eden: 53,0M(53,0M)->0,0B(43,0M) Survivors: 5120,0K->8192,0K Heap: 288,5M(1024,0M)->239,0M(1024,0M)]
 [Times: user=0,15 sys=0,00, real=0,02 secs] 
2018-04-10T20:43:33.863+0200: 22287,958: [GC pause (G1 Evacuation Pause) (young), 0,0253175 secs]
   [Parallel Time: 21,8 ms, GC Workers: 8]
      [GC Worker Start (ms): Min: 22287958,3, Avg: 22287958,6, Max: 22287959,0, Diff: 0,7]
      [Ext Root Scanning (ms): Min: 0,2, Avg: 0,6, Max: 1,1, Diff: 1,0, Sum: 4,7]
      [Update RS (ms): Min: 1,0, Avg: 1,3, Max: 1,7, Diff: 0,7, Sum: 10,7]
         [Processed Buffers: Min: 1, Avg: 6,5, Max: 12, Diff: 11, Sum: 52]
      [Scan RS (ms): Min: 2,1, Avg: 2,5, Max: 2,9, Diff: 0,8, Sum: 20,1]
      [Code Root Scanning (ms): Min: 0,0, Avg: 0,0, Max: 0,0, Diff: 0,0, Sum: 0,0]
      [Object Copy (ms): Min: 16,7, Avg: 16,8, Max: 17,0, Diff: 0,3, Sum: 134,5]
      [Termination (ms): Min: 0,0, Avg: 0,0, Max: 0,0, Diff: 0,0, Sum: 0,1]
         [Termination Attempts: Min: 1, Avg: 2,6, Max: 4, Diff: 3, Sum: 21]
      [GC Worker Other (ms): Min: 0,0, Avg: 0,0, Max: 0,2, Diff: 0,1, Sum: 0,4]
      [GC Worker Total (ms): Min: 20,9, Avg: 21,3, Max: 21,5, Diff: 0,7, Sum: 170,4]
      [GC Worker End (ms): Min: 22287979,8, Avg: 22287979,9, Max: 22287980,0, Diff: 0,2]
   [Code Root Fixup: 0,0 ms]
   [Code Root Purge: 0,0 ms]
   [Clear CT: 0,3 ms]
   [Other: 3,1 ms]
      [Choose CSet: 0,0 ms]
      [Ref Proc: 1,9 ms]
      [Ref Enq: 0,0 ms]
      [Redirty Cards: 0,6 ms]
      [Humongous Register: 0,1 ms]
      [Humongous Reclaim: 0,0 ms]
      [Free CSet: 0,1 ms]
   [Eden: 43,0M(43,0M)->0,0B(44,0M) Survivors: 8192,0K->7168,0K Heap: 282,0M(1024,0M)->241,6M(1024,0M)]
 [Times: user=0,18 sys=0,00, real=0,03 secs] 
2018-04-10T20:45:04.056+0200: 22378,150: [GC pause (G1 Evacuation Pause) (young), 0,0253554 secs]
   [Parallel Time: 21,9 ms, GC Workers: 8]
      [GC Worker Start (ms): Min: 22378150,1, Avg: 22378150,2, Max: 22378150,3, Diff: 0,2]
      [Ext Root Scanning (ms): Min: 0,4, Avg: 0,5, Max: 0,9, Diff: 0,5, Sum: 4,2]
      [Update RS (ms): Min: 1,5, Avg: 1,7, Max: 2,1, Diff: 0,5, Sum: 13,8]
         [Processed Buffers: Min: 1, Avg: 6,6, Max: 13, Diff: 12, Sum: 53]
      [Scan RS (ms): Min: 1,9, Avg: 2,2, Max: 2,4, Diff: 0,6, Sum: 17,3]
      [Code Root Scanning (ms): Min: 0,0, Avg: 0,0, Max: 0,0, Diff: 0,0, Sum: 0,0]
      [Object Copy (ms): Min: 17,2, Avg: 17,3, Max: 17,4, Diff: 0,2, Sum: 138,3]
      [Termination (ms): Min: 0,0, Avg: 0,0, Max: 0,0, Diff: 0,0, Sum: 0,0]
         [Termination Attempts: Min: 1, Avg: 2,6, Max: 4, Diff: 3, Sum: 21]
      [GC Worker Other (ms): Min: 0,0, Avg: 0,0, Max: 0,0, Diff: 0,0, Sum: 0,2]
      [GC Worker Total (ms): Min: 21,6, Avg: 21,7, Max: 21,8, Diff: 0,2, Sum: 173,8]
      [GC Worker End (ms): Min: 22378171,9, Avg: 22378171,9, Max: 22378171,9, Diff: 0,0]
   [Code Root Fixup: 0,0 ms]
   [Code Root Purge: 0,0 ms]
   [Clear CT: 0,1 ms]
   [Other: 3,3 ms]
      [Choose CSet: 0,0 ms]
      [Ref Proc: 2,0 ms]
      [Ref Enq: 0,0 ms]
      [Redirty Cards: 0,9 ms]
      [Humongous Register: 0,0 ms]
      [Humongous Reclaim: 0,0 ms]
      [Free CSet: 0,1 ms]
   [Eden: 44,0M(44,0M)->0,0B(44,0M) Survivors: 7168,0K->7168,0K Heap: 285,6M(1024,0M)->246,6M(1024,0M)]
 [Times: user=0,18 sys=0,00, real=0,03 secs] 
2018-04-10T20:46:33.892+0200: 22467,986: [GC pause (G1 Evacuation Pause) (young), 0,0242411 secs]
   [Parallel Time: 21,3 ms, GC Workers: 8]
      [GC Worker Start (ms): Min: 22467986,5, Avg: 22467986,6, Max: 22467986,7, Diff: 0,3]
      [Ext Root Scanning (ms): Min: 0,4, Avg: 0,6, Max: 1,1, Diff: 0,7, Sum: 4,9]
      [Update RS (ms): Min: 1,4, Avg: 1,9, Max: 2,2, Diff: 0,8, Sum: 15,1]
         [Processed Buffers: Min: 2, Avg: 6,5, Max: 13, Diff: 11, Sum: 52]
      [Scan RS (ms): Min: 2,4, Avg: 2,7, Max: 3,1, Diff: 0,7, Sum: 21,8]
      [Code Root Scanning (ms): Min: 0,0, Avg: 0,0, Max: 0,0, Diff: 0,0, Sum: 0,0]
      [Object Copy (ms): Min: 15,6, Avg: 15,8, Max: 15,9, Diff: 0,4, Sum: 126,1]
      [Termination (ms): Min: 0,0, Avg: 0,0, Max: 0,0, Diff: 0,0, Sum: 0,2]
         [Termination Attempts: Min: 1, Avg: 11,0, Max: 17, Diff: 16, Sum: 88]
      [GC Worker Other (ms): Min: 0,0, Avg: 0,0, Max: 0,0, Diff: 0,0, Sum: 0,3]
      [GC Worker Total (ms): Min: 20,9, Avg: 21,0, Max: 21,2, Diff: 0,3, Sum: 168,3]
      [GC Worker End (ms): Min: 22468007,7, Avg: 22468007,7, Max: 22468007,7, Diff: 0,0]
   [Code Root Fixup: 0,0 ms]
   [Code Root Purge: 0,0 ms]
   [Clear CT: 0,9 ms]
   [Other: 2,0 ms]
      [Choose CSet: 0,0 ms]
      [Ref Proc: 0,5 ms]
      [Ref Enq: 0,0 ms]
      [Redirty Cards: 0,9 ms]
      [Humongous Register: 0,1 ms]
      [Humongous Reclaim: 0,0 ms]
      [Free CSet: 0,1 ms]
   [Eden: 44,0M(44,0M)->0,0B(46,0M) Survivors: 7168,0K->5120,0K Heap: 290,6M(1024,0M)->249,5M(1024,0M)]
 [Times: user=0,17 sys=0,00, real=0,03 secs] 
2018-04-10T20:48:06.218+0200: 22560,312: [GC pause (G1 Evacuation Pause) (young), 0,0273229 secs]
   [Parallel Time: 25,3 ms, GC Workers: 8]
      [GC Worker Start (ms): Min: 22560312,5, Avg: 22560312,8, Max: 22560313,4, Diff: 0,8]
      [Ext Root Scanning (ms): Min: 0,0, Avg: 0,6, Max: 1,2, Diff: 1,1, Sum: 4,7]
      [Update RS (ms): Min: 0,0, Avg: 3,2, Max: 4,0, Diff: 4,0, Sum: 25,3]
         [Processed Buffers: Min: 0, Avg: 7,4, Max: 15, Diff: 15, Sum: 59]
      [Scan RS (ms): Min: 0,0, Avg: 2,4, Max: 3,1, Diff: 3,1, Sum: 18,9]
      [Code Root Scanning (ms): Min: 0,0, Avg: 0,0, Max: 0,0, Diff: 0,0, Sum: 0,0]
      [Object Copy (ms): Min: 13,3, Avg: 15,0, Max: 20,0, Diff: 6,7, Sum: 120,2]
      [Termination (ms): Min: 0,0, Avg: 3,6, Max: 4,2, Diff: 4,2, Sum: 28,8]
         [Termination Attempts: Min: 1, Avg: 11,5, Max: 20, Diff: 19, Sum: 92]
      [GC Worker Other (ms): Min: 0,0, Avg: 0,0, Max: 0,0, Diff: 0,0, Sum: 0,1]
      [GC Worker Total (ms): Min: 24,2, Avg: 24,7, Max: 24,9, Diff: 0,7, Sum: 198,0]
      [GC Worker End (ms): Min: 22560337,4, Avg: 22560337,5, Max: 22560337,6, Diff: 0,2]
   [Code Root Fixup: 0,0 ms]
   [Code Root Purge: 0,0 ms]
   [Clear CT: 0,3 ms]
   [Other: 1,7 ms]
      [Choose CSet: 0,0 ms]
      [Ref Proc: 0,9 ms]
      [Ref Enq: 0,0 ms]
      [Redirty Cards: 0,3 ms]
      [Humongous Register: 0,1 ms]
      [Humongous Reclaim: 0,0 ms]
      [Free CSet: 0,1 ms]
   [Eden: 46,0M(46,0M)->0,0B(44,0M) Survivors: 5120,0K->7168,0K Heap: 295,5M(1024,0M)->253,5M(1024,0M)]
 [Times: user=0,18 sys=0,00, real=0,02 secs] 
2018-04-10T20:49:36.268+0200: 22650,363: [GC pause (G1 Evacuation Pause) (young), 0,0097536 secs]
   [Parallel Time: 7,8 ms, GC Workers: 8]
      [GC Worker Start (ms): Min: 22650362,9, Avg: 22650363,0, Max: 22650363,2, Diff: 0,3]
      [Ext Root Scanning (ms): Min: 0,0, Avg: 0,2, Max: 0,6, Diff: 0,6, Sum: 1,7]
      [Update RS (ms): Min: 0,0, Avg: 0,5, Max: 0,7, Diff: 0,7, Sum: 3,6]
         [Processed Buffers: Min: 0, Avg: 6,9, Max: 17, Diff: 17, Sum: 55]
      [Scan RS (ms): Min: 0,0, Avg: 0,6, Max: 0,8, Diff: 0,8, Sum: 4,7]
      [Code Root Scanning (ms): Min: 0,0, Avg: 0,0, Max: 0,0, Diff: 0,0, Sum: 0,0]
      [Object Copy (ms): Min: 5,3, Avg: 5,7, Max: 7,3, Diff: 2,0, Sum: 45,7]
      [Termination (ms): Min: 0,0, Avg: 0,5, Max: 0,6, Diff: 0,6, Sum: 4,2]
         [Termination Attempts: Min: 1, Avg: 15,8, Max: 23, Diff: 22, Sum: 126]
      [GC Worker Other (ms): Min: 0,0, Avg: 0,0, Max: 0,0, Diff: 0,0, Sum: 0,1]
      [GC Worker Total (ms): Min: 7,3, Avg: 7,5, Max: 7,6, Diff: 0,3, Sum: 60,0]
      [GC Worker End (ms): Min: 22650370,5, Avg: 22650370,5, Max: 22650370,5, Diff: 0,0]
   [Code Root Fixup: 0,0 ms]
   [Code Root Purge: 0,0 ms]
   [Clear CT: 0,1 ms]
   [Other: 1,9 ms]
      [Choose CSet: 0,0 ms]
      [Ref Proc: 1,5 ms]
      [Ref Enq: 0,0 ms]
      [Redirty Cards: 0,1 ms]
      [Humongous Register: 0,0 ms]
      [Humongous Reclaim: 0,0 ms]
      [Free CSet: 0,0 ms]
   [Eden: 44,0M(44,0M)->0,0B(44,0M) Survivors: 7168,0K->7168,0K Heap: 297,5M(1024,0M)->256,8M(1024,0M)]
 [Times: user=0,06 sys=0,00, real=0,01 secs] 
2018-04-10T20:51:06.237+0200: 22740,331: [GC pause (G1 Evacuation Pause) (young), 0,0108750 secs]
   [Parallel Time: 9,8 ms, GC Workers: 8]
      [GC Worker Start (ms): Min: 22740331,8, Avg: 22740332,0, Max: 22740332,3, Diff: 0,5]
      [Ext Root Scanning (ms): Min: 0,1, Avg: 0,4, Max: 1,1, Diff: 1,0, Sum: 3,2]
      [Update RS (ms): Min: 0,4, Avg: 0,9, Max: 1,2, Diff: 0,7, Sum: 6,9]
         [Processed Buffers: Min: 3, Avg: 7,1, Max: 14, Diff: 11, Sum: 57]
      [Scan RS (ms): Min: 0,7, Avg: 1,0, Max: 1,1, Diff: 0,4, Sum: 7,7]
      [Code Root Scanning (ms): Min: 0,0, Avg: 0,0, Max: 0,0, Diff: 0,0, Sum: 0,0]
      [Object Copy (ms): Min: 6,5, Avg: 6,8, Max: 7,0, Diff: 0,5, Sum: 54,1]
      [Termination (ms): Min: 0,0, Avg: 0,2, Max: 0,3, Diff: 0,3, Sum: 2,0]
         [Termination Attempts: Min: 1, Avg: 2,2, Max: 4, Diff: 3, Sum: 18]
      [GC Worker Other (ms): Min: 0,0, Avg: 0,0, Max: 0,0, Diff: 0,0, Sum: 0,1]
      [GC Worker Total (ms): Min: 9,0, Avg: 9,3, Max: 9,5, Diff: 0,5, Sum: 74,1]
      [GC Worker End (ms): Min: 22740341,2, Avg: 22740341,2, Max: 22740341,3, Diff: 0,1]
   [Code Root Fixup: 0,0 ms]
   [Code Root Purge: 0,0 ms]
   [Clear CT: 0,1 ms]
   [Other: 0,9 ms]
      [Choose CSet: 0,0 ms]
      [Ref Proc: 0,2 ms]
      [Ref Enq: 0,0 ms]
      [Redirty Cards: 0,1 ms]
      [Humongous Register: 0,1 ms]
      [Humongous Reclaim: 0,0 ms]
      [Free CSet: 0,1 ms]
   [Eden: 44,0M(44,0M)->0,0B(79,0M) Survivors: 7168,0K->7168,0K Heap: 300,8M(1024,0M)->260,9M(1024,0M)]
 [Times: user=0,07 sys=0,00, real=0,01 secs] 
2018-04-10T20:53:47.407+0200: 22901,501: [GC pause (G1 Evacuation Pause) (young), 0,0268069 secs]
   [Parallel Time: 25,0 ms, GC Workers: 8]
      [GC Worker Start (ms): Min: 22901501,6, Avg: 22901501,9, Max: 22901502,4, Diff: 0,8]
      [Ext Root Scanning (ms): Min: 0,1, Avg: 0,5, Max: 1,0, Diff: 0,9, Sum: 3,9]
      [Update RS (ms): Min: 2,1, Avg: 2,8, Max: 3,4, Diff: 1,3, Sum: 22,5]
         [Processed Buffers: Min: 1, Avg: 7,2, Max: 27, Diff: 26, Sum: 58]
      [Scan RS (ms): Min: 2,0, Avg: 2,6, Max: 3,0, Diff: 0,9, Sum: 20,8]
      [Code Root Scanning (ms): Min: 0,0, Avg: 0,0, Max: 0,0, Diff: 0,0, Sum: 0,0]
      [Object Copy (ms): Min: 18,1, Avg: 18,6, Max: 19,6, Diff: 1,5, Sum: 149,1]
      [Termination (ms): Min: 0,0, Avg: 0,0, Max: 0,0, Diff: 0,0, Sum: 0,3]
         [Termination Attempts: Min: 1, Avg: 24,0, Max: 33, Diff: 32, Sum: 192]
      [GC Worker Other (ms): Min: 0,0, Avg: 0,0, Max: 0,0, Diff: 0,0, Sum: 0,2]
      [GC Worker Total (ms): Min: 24,1, Avg: 24,6, Max: 24,9, Diff: 0,8, Sum: 196,8]
      [GC Worker End (ms): Min: 22901526,5, Avg: 22901526,5, Max: 22901526,5, Diff: 0,0]
   [Code Root Fixup: 0,0 ms]
   [Code Root Purge: 0,0 ms]
   [Clear CT: 0,2 ms]
   [Other: 1,6 ms]
      [Choose CSet: 0,0 ms]
      [Ref Proc: 0,5 ms]
      [Ref Enq: 0,0 ms]
      [Redirty Cards: 0,7 ms]
      [Humongous Register: 0,1 ms]
      [Humongous Reclaim: 0,0 ms]
      [Free CSet: 0,1 ms]
   [Eden: 79,0M(79,0M)->0,0B(40,0M) Survivors: 7168,0K->11,0M Heap: 339,9M(1024,0M)->265,3M(1024,0M)]
 [Times: user=0,19 sys=0,00, real=0,02 secs] 
2018-04-10T20:55:09.070+0200: 22983,164: [GC pause (G1 Evacuation Pause) (young), 0,0282193 secs]
   [Parallel Time: 26,6 ms, GC Workers: 8]
      [GC Worker Start (ms): Min: 22983164,4, Avg: 22983164,7, Max: 22983165,3, Diff: 0,9]
      [Ext Root Scanning (ms): Min: 0,0, Avg: 0,5, Max: 0,9, Diff: 0,9, Sum: 4,0]
      [Update RS (ms): Min: 1,3, Avg: 1,6, Max: 1,9, Diff: 0,5, Sum: 12,6]
         [Processed Buffers: Min: 1, Avg: 6,6, Max: 21, Diff: 20, Sum: 53]
      [Scan RS (ms): Min: 1,9, Avg: 2,1, Max: 2,2, Diff: 0,3, Sum: 17,0]
      [Code Root Scanning (ms): Min: 0,0, Avg: 0,0, Max: 0,0, Diff: 0,0, Sum: 0,0]
      [Object Copy (ms): Min: 21,7, Avg: 21,8, Max: 21,9, Diff: 0,2, Sum: 174,3]
      [Termination (ms): Min: 0,0, Avg: 0,0, Max: 0,0, Diff: 0,0, Sum: 0,0]
         [Termination Attempts: Min: 1, Avg: 3,0, Max: 5, Diff: 4, Sum: 24]
      [GC Worker Other (ms): Min: 0,0, Avg: 0,0, Max: 0,0, Diff: 0,0, Sum: 0,2]
      [GC Worker Total (ms): Min: 25,3, Avg: 26,0, Max: 26,2, Diff: 0,9, Sum: 208,0]
      [GC Worker End (ms): Min: 22983190,7, Avg: 22983190,7, Max: 22983190,7, Diff: 0,0]
   [Code Root Fixup: 0,0 ms]
   [Code Root Purge: 0,0 ms]
   [Clear CT: 0,7 ms]
   [Other: 0,9 ms]
      [Choose CSet: 0,0 ms]
      [Ref Proc: 0,2 ms]
      [Ref Enq: 0,0 ms]
      [Redirty Cards: 0,3 ms]
      [Humongous Register: 0,1 ms]
      [Humongous Reclaim: 0,0 ms]
      [Free CSet: 0,1 ms]
   [Eden: 40,0M(40,0M)->0,0B(45,0M) Survivors: 11,0M->6144,0K Heap: 305,3M(1024,0M)->268,7M(1024,0M)]
 [Times: user=0,20 sys=0,00, real=0,03 secs] 
2018-04-10T20:56:38.440+0200: 23072,534: [GC pause (G1 Evacuation Pause) (young), 0,0255065 secs]
   [Parallel Time: 22,4 ms, GC Workers: 8]
      [GC Worker Start (ms): Min: 23072534,3, Avg: 23072534,5, Max: 23072535,0, Diff: 0,6]
      [Ext Root Scanning (ms): Min: 0,1, Avg: 0,6, Max: 1,1, Diff: 1,0, Sum: 4,8]
      [Update RS (ms): Min: 2,8, Avg: 3,4, Max: 4,1, Diff: 1,3, Sum: 27,0]
         [Processed Buffers: Min: 2, Avg: 7,5, Max: 23, Diff: 21, Sum: 60]
      [Scan RS (ms): Min: 1,5, Avg: 2,1, Max: 2,4, Diff: 0,9, Sum: 16,6]
      [Code Root Scanning (ms): Min: 0,0, Avg: 0,0, Max: 0,0, Diff: 0,0, Sum: 0,0]
      [Object Copy (ms): Min: 12,1, Avg: 12,6, Max: 15,2, Diff: 3,1, Sum: 100,9]
      [Termination (ms): Min: 0,0, Avg: 3,0, Max: 3,8, Diff: 3,8, Sum: 23,9]
         [Termination Attempts: Min: 1, Avg: 1,0, Max: 1, Diff: 0, Sum: 8]
      [GC Worker Other (ms): Min: 0,0, Avg: 0,0, Max: 0,0, Diff: 0,0, Sum: 0,2]
      [GC Worker Total (ms): Min: 20,9, Avg: 21,7, Max: 22,3, Diff: 1,4, Sum: 173,4]
      [GC Worker End (ms): Min: 23072555,8, Avg: 23072556,2, Max: 23072556,6, Diff: 0,9]
   [Code Root Fixup: 0,0 ms]
   [Code Root Purge: 0,0 ms]
   [Clear CT: 0,3 ms]
   [Other: 2,8 ms]
      [Choose CSet: 0,0 ms]
      [Ref Proc: 2,0 ms]
      [Ref Enq: 0,0 ms]
      [Redirty Cards: 0,2 ms]
      [Humongous Register: 0,1 ms]
      [Humongous Reclaim: 0,0 ms]
      [Free CSet: 0,1 ms]
   [Eden: 45,0M(45,0M)->0,0B(44,0M) Survivors: 6144,0K->7168,0K Heap: 313,7M(1024,0M)->274,0M(1024,0M)]
 [Times: user=0,17 sys=0,00, real=0,02 secs] 
2018-04-10T20:58:08.648+0200: 23162,742: [GC pause (G1 Evacuation Pause) (young), 0,0231690 secs]
   [Parallel Time: 19,3 ms, GC Workers: 8]
      [GC Worker Start (ms): Min: 23162742,5, Avg: 23162742,8, Max: 23162743,6, Diff: 1,2]
      [Ext Root Scanning (ms): Min: 0,0, Avg: 0,6, Max: 1,2, Diff: 1,1, Sum: 4,7]
      [Update RS (ms): Min: 2,0, Avg: 2,2, Max: 2,6, Diff: 0,6, Sum: 17,8]
         [Processed Buffers: Min: 2, Avg: 7,1, Max: 23, Diff: 21, Sum: 57]
      [Scan RS (ms): Min: 1,4, Avg: 1,9, Max: 2,1, Diff: 0,7, Sum: 14,9]
      [Code Root Scanning (ms): Min: 0,0, Avg: 0,0, Max: 0,1, Diff: 0,1, Sum: 0,1]
      [Object Copy (ms): Min: 14,1, Avg: 14,1, Max: 14,2, Diff: 0,2, Sum: 113,2]
      [Termination (ms): Min: 0,0, Avg: 0,0, Max: 0,0, Diff: 0,0, Sum: 0,0]
         [Termination Attempts: Min: 1, Avg: 1,0, Max: 1, Diff: 0, Sum: 8]
      [GC Worker Other (ms): Min: 0,0, Avg: 0,0, Max: 0,0, Diff: 0,0, Sum: 0,2]
      [GC Worker Total (ms): Min: 18,1, Avg: 18,9, Max: 19,2, Diff: 1,2, Sum: 151,0]
      [GC Worker End (ms): Min: 23162761,7, Avg: 23162761,7, Max: 23162761,7, Diff: 0,0]
   [Code Root Fixup: 0,0 ms]
   [Code Root Purge: 0,0 ms]
   [Clear CT: 0,5 ms]
   [Other: 3,3 ms]
      [Choose CSet: 0,0 ms]
      [Ref Proc: 1,9 ms]
      [Ref Enq: 0,0 ms]
      [Redirty Cards: 0,9 ms]
      [Humongous Register: 0,1 ms]
      [Humongous Reclaim: 0,0 ms]
      [Free CSet: 0,1 ms]
   [Eden: 44,0M(44,0M)->0,0B(44,0M) Survivors: 7168,0K->7168,0K Heap: 318,0M(1024,0M)->277,4M(1024,0M)]
 [Times: user=0,16 sys=0,00, real=0,02 secs] 
2018-04-10T20:59:38.326+0200: 23252,420: [GC pause (G1 Evacuation Pause) (young), 0,0086411 secs]
   [Parallel Time: 7,1 ms, GC Workers: 8]
      [GC Worker Start (ms): Min: 23252420,2, Avg: 23252420,2, Max: 23252420,3, Diff: 0,2]
      [Ext Root Scanning (ms): Min: 0,1, Avg: 0,2, Max: 0,6, Diff: 0,5, Sum: 1,8]
      [Update RS (ms): Min: 0,4, Avg: 0,6, Max: 0,7, Diff: 0,3, Sum: 4,7]
         [Processed Buffers: Min: 1, Avg: 6,4, Max: 15, Diff: 14, Sum: 51]
      [Scan RS (ms): Min: 0,7, Avg: 0,8, Max: 1,0, Diff: 0,3, Sum: 6,5]
      [Code Root Scanning (ms): Min: 0,0, Avg: 0,0, Max: 0,0, Diff: 0,0, Sum: 0,1]
      [Object Copy (ms): Min: 5,1, Avg: 5,3, Max: 5,4, Diff: 0,3, Sum: 42,3]
      [Termination (ms): Min: 0,0, Avg: 0,0, Max: 0,0, Diff: 0,0, Sum: 0,0]
         [Termination Attempts: Min: 1, Avg: 1,6, Max: 2, Diff: 1, Sum: 13]
      [GC Worker Other (ms): Min: 0,0, Avg: 0,0, Max: 0,0, Diff: 0,0, Sum: 0,1]
      [GC Worker Total (ms): Min: 6,9, Avg: 6,9, Max: 7,0, Diff: 0,2, Sum: 55,5]
      [GC Worker End (ms): Min: 23252427,2, Avg: 23252427,2, Max: 23252427,2, Diff: 0,0]
   [Code Root Fixup: 0,0 ms]
   [Code Root Purge: 0,0 ms]
   [Clear CT: 0,2 ms]
   [Other: 1,3 ms]
      [Choose CSet: 0,0 ms]
      [Ref Proc: 1,0 ms]
      [Ref Enq: 0,0 ms]
      [Redirty Cards: 0,1 ms]
      [Humongous Register: 0,0 ms]
      [Humongous Reclaim: 0,0 ms]
      [Free CSet: 0,0 ms]
   [Eden: 44,0M(44,0M)->0,0B(65,0M) Survivors: 7168,0K->7168,0K Heap: 321,4M(1024,0M)->280,9M(1024,0M)]
 [Times: user=0,06 sys=0,00, real=0,01 secs] 
2018-04-10T21:01:08.480+0200: 23342,575: [GC pause (G1 Evacuation Pause) (young), 0,0220954 secs]
   [Parallel Time: 15,6 ms, GC Workers: 8]
      [GC Worker Start (ms): Min: 23342575,1, Avg: 23342576,1, Max: 23342579,1, Diff: 4,0]
      [Ext Root Scanning (ms): Min: 0,0, Avg: 0,5, Max: 1,3, Diff: 1,3, Sum: 3,8]
      [Update RS (ms): Min: 0,0, Avg: 1,1, Max: 1,6, Diff: 1,6, Sum: 9,1]
         [Processed Buffers: Min: 0, Avg: 6,4, Max: 14, Diff: 14, Sum: 51]
      [Scan RS (ms): Min: 0,0, Avg: 1,1, Max: 1,6, Diff: 1,6, Sum: 8,6]
      [Code Root Scanning (ms): Min: 0,0, Avg: 0,8, Max: 6,1, Diff: 6,1, Sum: 6,1]
      [Object Copy (ms): Min: 3,0, Avg: 8,0, Max: 9,7, Diff: 6,7, Sum: 63,6]
      [Termination (ms): Min: 0,0, Avg: 1,2, Max: 1,9, Diff: 1,9, Sum: 9,5]
         [Termination Attempts: Min: 1, Avg: 2,5, Max: 4, Diff: 3, Sum: 20]
      [GC Worker Other (ms): Min: 0,0, Avg: 0,0, Max: 0,0, Diff: 0,0, Sum: 0,1]
      [GC Worker Total (ms): Min: 9,5, Avg: 12,6, Max: 14,1, Diff: 4,6, Sum: 100,9]
      [GC Worker End (ms): Min: 23342588,5, Avg: 23342588,7, Max: 23342589,3, Diff: 0,8]
   [Code Root Fixup: 0,0 ms]
   [Code Root Purge: 0,0 ms]
   [Clear CT: 2,6 ms]
   [Other: 3,9 ms]
      [Choose CSet: 0,0 ms]
      [Ref Proc: 3,0 ms]
      [Ref Enq: 0,0 ms]
      [Redirty Cards: 0,2 ms]
      [Humongous Register: 0,2 ms]
      [Humongous Reclaim: 0,0 ms]
      [Free CSet: 0,1 ms]
   [Eden: 44,0M(44,0M)->0,0B(44,0M) Survivors: 7168,0K->7168,0K Heap: 324,9M(1024,0M)->285,3M(1024,0M)]
 [Times: user=0,09 sys=0,00, real=0,02 secs] 
2018-04-10T21:02:37.877+0200: 23431,971: [GC pause (G1 Evacuation Pause) (young), 0,0282928 secs]
   [Parallel Time: 23,1 ms, GC Workers: 8]
      [GC Worker Start (ms): Min: 23431971,3, Avg: 23431971,6, Max: 23431972,4, Diff: 1,1]
      [Ext Root Scanning (ms): Min: 0,0, Avg: 0,5, Max: 1,0, Diff: 1,0, Sum: 3,8]
      [Update RS (ms): Min: 2,0, Avg: 2,4, Max: 2,7, Diff: 0,7, Sum: 19,4]
         [Processed Buffers: Min: 1, Avg: 7,1, Max: 18, Diff: 17, Sum: 57]
      [Scan RS (ms): Min: 2,0, Avg: 2,2, Max: 2,6, Diff: 0,6, Sum: 17,8]
      [Code Root Scanning (ms): Min: 0,0, Avg: 0,0, Max: 0,0, Diff: 0,0, Sum: 0,0]
      [Object Copy (ms): Min: 16,2, Avg: 16,4, Max: 16,7, Diff: 0,5, Sum: 131,2]
      [Termination (ms): Min: 0,1, Avg: 0,2, Max: 0,3, Diff: 0,2, Sum: 1,4]
         [Termination Attempts: Min: 1, Avg: 5,4, Max: 15, Diff: 14, Sum: 43]
      [GC Worker Other (ms): Min: 0,0, Avg: 0,0, Max: 0,0, Diff: 0,0, Sum: 0,1]
      [GC Worker Total (ms): Min: 20,9, Avg: 21,7, Max: 22,1, Diff: 1,2, Sum: 173,8]
      [GC Worker End (ms): Min: 23431993,3, Avg: 23431993,3, Max: 23431993,5, Diff: 0,2]
   [Code Root Fixup: 0,0 ms]
   [Code Root Purge: 0,0 ms]
   [Clear CT: 0,8 ms]
   [Other: 4,3 ms]
      [Choose CSet: 0,0 ms]
      [Ref Proc: 2,9 ms]
      [Ref Enq: 0,0 ms]
      [Redirty Cards: 0,9 ms]
      [Humongous Register: 0,1 ms]
      [Humongous Reclaim: 0,0 ms]
      [Free CSet: 0,1 ms]
   [Eden: 44,0M(44,0M)->0,0B(44,0M) Survivors: 7168,0K->7168,0K Heap: 329,3M(1024,0M)->288,9M(1024,0M)]
 [Times: user=0,19 sys=0,00, real=0,02 secs] 
2018-04-10T21:04:07.650+0200: 23521,745: [GC pause (G1 Evacuation Pause) (young), 0,0256875 secs]
   [Parallel Time: 23,2 ms, GC Workers: 8]
      [GC Worker Start (ms): Min: 23521745,2, Avg: 23521745,3, Max: 23521745,4, Diff: 0,2]
      [Ext Root Scanning (ms): Min: 0,3, Avg: 0,5, Max: 0,9, Diff: 0,6, Sum: 3,9]
      [Update RS (ms): Min: 1,9, Avg: 2,7, Max: 4,8, Diff: 2,9, Sum: 21,5]
         [Processed Buffers: Min: 1, Avg: 6,9, Max: 18, Diff: 17, Sum: 55]
      [Scan RS (ms): Min: 0,8, Avg: 2,7, Max: 3,5, Diff: 2,8, Sum: 21,9]
      [Code Root Scanning (ms): Min: 0,0, Avg: 0,0, Max: 0,0, Diff: 0,0, Sum: 0,0]
      [Object Copy (ms): Min: 16,8, Avg: 17,0, Max: 17,3, Diff: 0,5, Sum: 136,1]
      [Termination (ms): Min: 0,0, Avg: 0,0, Max: 0,0, Diff: 0,0, Sum: 0,2]
         [Termination Attempts: Min: 1, Avg: 11,9, Max: 19, Diff: 18, Sum: 95]
      [GC Worker Other (ms): Min: 0,0, Avg: 0,0, Max: 0,0, Diff: 0,0, Sum: 0,2]
      [GC Worker Total (ms): Min: 22,9, Avg: 23,0, Max: 23,1, Diff: 0,2, Sum: 183,9]
      [GC Worker End (ms): Min: 23521768,3, Avg: 23521768,3, Max: 23521768,3, Diff: 0,0]
   [Code Root Fixup: 0,0 ms]
   [Code Root Purge: 0,0 ms]
   [Clear CT: 0,1 ms]
   [Other: 2,3 ms]
      [Choose CSet: 0,0 ms]
      [Ref Proc: 1,6 ms]
      [Ref Enq: 0,0 ms]
      [Redirty Cards: 0,2 ms]
      [Humongous Register: 0,0 ms]
      [Humongous Reclaim: 0,0 ms]
      [Free CSet: 0,1 ms]
   [Eden: 44,0M(44,0M)->0,0B(44,0M) Survivors: 7168,0K->7168,0K Heap: 332,9M(1024,0M)->293,6M(1024,0M)]
 [Times: user=0,16 sys=0,00, real=0,03 secs] 
2018-04-10T21:05:37.869+0200: 23611,963: [GC pause (G1 Evacuation Pause) (young), 0,0260142 secs]
   [Parallel Time: 22,9 ms, GC Workers: 8]
      [GC Worker Start (ms): Min: 23611963,6, Avg: 23611963,8, Max: 23611963,9, Diff: 0,3]
      [Ext Root Scanning (ms): Min: 0,5, Avg: 0,7, Max: 1,1, Diff: 0,7, Sum: 5,4]
      [Update RS (ms): Min: 2,0, Avg: 2,6, Max: 3,0, Diff: 1,0, Sum: 20,6]
         [Processed Buffers: Min: 1, Avg: 6,2, Max: 16, Diff: 15, Sum: 50]
      [Scan RS (ms): Min: 2,3, Avg: 2,8, Max: 3,3, Diff: 1,0, Sum: 22,7]
      [Code Root Scanning (ms): Min: 0,0, Avg: 0,0, Max: 0,0, Diff: 0,0, Sum: 0,1]
      [Object Copy (ms): Min: 16,0, Avg: 16,2, Max: 16,3, Diff: 0,3, Sum: 129,5]
      [Termination (ms): Min: 0,0, Avg: 0,1, Max: 0,1, Diff: 0,1, Sum: 0,8]
         [Termination Attempts: Min: 1, Avg: 4,2, Max: 8, Diff: 7, Sum: 34]
      [GC Worker Other (ms): Min: 0,0, Avg: 0,0, Max: 0,0, Diff: 0,0, Sum: 0,1]
      [GC Worker Total (ms): Min: 22,3, Avg: 22,4, Max: 22,6, Diff: 0,3, Sum: 179,2]
      [GC Worker End (ms): Min: 23611986,2, Avg: 23611986,2, Max: 23611986,2, Diff: 0,0]
   [Code Root Fixup: 0,0 ms]
   [Code Root Purge: 0,0 ms]
   [Clear CT: 0,4 ms]
   [Other: 2,6 ms]
      [Choose CSet: 0,0 ms]
      [Ref Proc: 2,0 ms]
      [Ref Enq: 0,0 ms]
      [Redirty Cards: 0,2 ms]
      [Humongous Register: 0,1 ms]
      [Humongous Reclaim: 0,0 ms]
      [Free CSet: 0,1 ms]
   [Eden: 44,0M(44,0M)->0,0B(44,0M) Survivors: 7168,0K->7168,0K Heap: 337,6M(1024,0M)->297,3M(1024,0M)]
 [Times: user=0,18 sys=0,00, real=0,02 secs] 
2018-04-10T21:07:06.893+0200: 23700,988: [GC pause (G1 Evacuation Pause) (young), 0,0314426 secs]
   [Parallel Time: 28,7 ms, GC Workers: 8]
      [GC Worker Start (ms): Min: 23700988,2, Avg: 23700989,0, Max: 23700993,2, Diff: 5,0]
      [Ext Root Scanning (ms): Min: 0,0, Avg: 1,6, Max: 8,7, Diff: 8,7, Sum: 12,8]
      [Update RS (ms): Min: 0,0, Avg: 2,6, Max: 4,3, Diff: 4,3, Sum: 21,0]
         [Processed Buffers: Min: 0, Avg: 6,8, Max: 21, Diff: 21, Sum: 54]
      [Scan RS (ms): Min: 0,0, Avg: 3,3, Max: 4,0, Diff: 4,0, Sum: 26,3]
      [Code Root Scanning (ms): Min: 0,0, Avg: 0,0, Max: 0,0, Diff: 0,0, Sum: 0,1]
      [Object Copy (ms): Min: 18,3, Avg: 18,7, Max: 19,0, Diff: 0,7, Sum: 150,0]
      [Termination (ms): Min: 0,0, Avg: 0,8, Max: 1,2, Diff: 1,2, Sum: 6,3]
         [Termination Attempts: Min: 1, Avg: 12,6, Max: 21, Diff: 20, Sum: 101]
      [GC Worker Other (ms): Min: 0,0, Avg: 0,0, Max: 0,0, Diff: 0,0, Sum: 0,1]
      [GC Worker Total (ms): Min: 23,2, Avg: 27,1, Max: 28,1, Diff: 4,8, Sum: 216,7]
      [GC Worker End (ms): Min: 23701015,9, Avg: 23701016,1, Max: 23701016,4, Diff: 0,5]
   [Code Root Fixup: 0,0 ms]
   [Code Root Purge: 0,0 ms]
   [Clear CT: 0,4 ms]
   [Other: 2,3 ms]
      [Choose CSet: 0,0 ms]
      [Ref Proc: 1,2 ms]
      [Ref Enq: 0,0 ms]
      [Redirty Cards: 0,5 ms]
      [Humongous Register: 0,1 ms]
      [Humongous Reclaim: 0,0 ms]
      [Free CSet: 0,1 ms]
   [Eden: 44,0M(44,0M)->0,0B(44,0M) Survivors: 7168,0K->7168,0K Heap: 341,3M(1024,0M)->302,3M(1024,0M)]
 [Times: user=0,19 sys=0,00, real=0,03 secs] 
2018-04-10T21:08:36.524+0200: 23790,618: [GC pause (G1 Evacuation Pause) (young), 0,0131701 secs]
   [Parallel Time: 9,9 ms, GC Workers: 8]
      [GC Worker Start (ms): Min: 23790618,2, Avg: 23790618,3, Max: 23790618,7, Diff: 0,5]
      [Ext Root Scanning (ms): Min: 0,0, Avg: 0,3, Max: 0,7, Diff: 0,7, Sum: 2,2]
      [Update RS (ms): Min: 0,1, Avg: 1,2, Max: 3,9, Diff: 3,7, Sum: 9,2]
         [Processed Buffers: Min: 1, Avg: 6,8, Max: 12, Diff: 11, Sum: 54]
      [Scan RS (ms): Min: 0,0, Avg: 0,9, Max: 1,2, Diff: 1,2, Sum: 6,9]
      [Code Root Scanning (ms): Min: 0,0, Avg: 0,0, Max: 0,0, Diff: 0,0, Sum: 0,0]
      [Object Copy (ms): Min: 4,8, Avg: 6,2, Max: 6,9, Diff: 2,0, Sum: 49,3]
      [Termination (ms): Min: 0,0, Avg: 0,7, Max: 1,3, Diff: 1,3, Sum: 5,7]
         [Termination Attempts: Min: 1, Avg: 2,6, Max: 5, Diff: 4, Sum: 21]
      [GC Worker Other (ms): Min: 0,0, Avg: 0,0, Max: 0,0, Diff: 0,0, Sum: 0,1]
      [GC Worker Total (ms): Min: 8,7, Avg: 9,2, Max: 9,8, Diff: 1,1, Sum: 73,5]
      [GC Worker End (ms): Min: 23790627,4, Avg: 23790627,5, Max: 23790628,0, Diff: 0,6]
   [Code Root Fixup: 0,0 ms]
   [Code Root Purge: 0,0 ms]
   [Clear CT: 0,1 ms]
   [Other: 3,2 ms]
      [Choose CSet: 0,0 ms]
      [Ref Proc: 2,5 ms]
      [Ref Enq: 0,0 ms]
      [Redirty Cards: 0,1 ms]
      [Humongous Register: 0,0 ms]
      [Humongous Reclaim: 0,0 ms]
      [Free CSet: 0,1 ms]
   [Eden: 44,0M(44,0M)->0,0B(46,0M) Survivors: 7168,0K->5120,0K Heap: 346,3M(1024,0M)->306,2M(1024,0M)]
 [Times: user=0,07 sys=0,00, real=0,02 secs] 
2018-04-10T21:10:09.084+0200: 23883,178: [GC pause (G1 Evacuation Pause) (young), 0,0200088 secs]
   [Parallel Time: 14,5 ms, GC Workers: 8]
      [GC Worker Start (ms): Min: 23883178,0, Avg: 23883179,7, Max: 23883184,3, Diff: 6,3]
      [Ext Root Scanning (ms): Min: 0,0, Avg: 0,2, Max: 0,7, Diff: 0,7, Sum: 1,9]
      [Update RS (ms): Min: 0,0, Avg: 2,2, Max: 11,2, Diff: 11,2, Sum: 17,8]
         [Processed Buffers: Min: 0, Avg: 6,9, Max: 25, Diff: 25, Sum: 55]
      [Scan RS (ms): Min: 0,0, Avg: 0,7, Max: 1,4, Diff: 1,4, Sum: 5,6]
      [Code Root Scanning (ms): Min: 0,0, Avg: 0,0, Max: 0,0, Diff: 0,0, Sum: 0,0]
      [Object Copy (ms): Min: 0,2, Avg: 6,7, Max: 10,3, Diff: 10,1, Sum: 54,0]
      [Termination (ms): Min: 0,0, Avg: 2,2, Max: 2,9, Diff: 2,9, Sum: 17,9]
         [Termination Attempts: Min: 1, Avg: 13,6, Max: 33, Diff: 32, Sum: 109]
      [GC Worker Other (ms): Min: 0,0, Avg: 0,0, Max: 0,0, Diff: 0,0, Sum: 0,1]
      [GC Worker Total (ms): Min: 7,5, Avg: 12,2, Max: 13,8, Diff: 6,3, Sum: 97,3]
      [GC Worker End (ms): Min: 23883191,8, Avg: 23883191,9, Max: 23883192,0, Diff: 0,2]
   [Code Root Fixup: 0,0 ms]
   [Code Root Purge: 0,0 ms]
   [Clear CT: 0,1 ms]
   [Other: 5,4 ms]
      [Choose CSet: 0,0 ms]
      [Ref Proc: 5,0 ms]
      [Ref Enq: 0,0 ms]
      [Redirty Cards: 0,1 ms]
      [Humongous Register: 0,0 ms]
      [Humongous Reclaim: 0,0 ms]
      [Free CSet: 0,0 ms]
   [Eden: 46,0M(46,0M)->0,0B(44,0M) Survivors: 5120,0K->7168,0K Heap: 352,2M(1024,0M)->311,5M(1024,0M)]
 [Times: user=0,08 sys=0,00, real=0,02 secs] 
2018-04-10T21:11:39.285+0200: 23973,380: [GC pause (G1 Evacuation Pause) (young), 0,0186706 secs]
   [Parallel Time: 15,1 ms, GC Workers: 8]
      [GC Worker Start (ms): Min: 23973379,9, Avg: 23973380,1, Max: 23973380,4, Diff: 0,5]
      [Ext Root Scanning (ms): Min: 0,0, Avg: 0,3, Max: 0,7, Diff: 0,7, Sum: 2,4]
      [Update RS (ms): Min: 0,0, Avg: 1,0, Max: 1,4, Diff: 1,4, Sum: 7,9]
         [Processed Buffers: Min: 0, Avg: 6,9, Max: 18, Diff: 18, Sum: 55]
      [Scan RS (ms): Min: 0,0, Avg: 1,4, Max: 1,9, Diff: 1,9, Sum: 11,1]
      [Code Root Scanning (ms): Min: 0,0, Avg: 0,0, Max: 0,0, Diff: 0,0, Sum: 0,0]
      [Object Copy (ms): Min: 11,6, Avg: 12,0, Max: 14,4, Diff: 2,8, Sum: 96,1]
      [Termination (ms): Min: 0,0, Avg: 0,1, Max: 0,1, Diff: 0,1, Sum: 0,4]
         [Termination Attempts: Min: 1, Avg: 29,0, Max: 41, Diff: 40, Sum: 232]
      [GC Worker Other (ms): Min: 0,0, Avg: 0,0, Max: 0,0, Diff: 0,0, Sum: 0,1]
      [GC Worker Total (ms): Min: 14,4, Avg: 14,8, Max: 15,0, Diff: 0,5, Sum: 118,0]
      [GC Worker End (ms): Min: 23973394,8, Avg: 23973394,8, Max: 23973394,8, Diff: 0,0]
   [Code Root Fixup: 0,0 ms]
   [Code Root Purge: 0,0 ms]
   [Clear CT: 0,5 ms]
   [Other: 3,1 ms]
      [Choose CSet: 0,0 ms]
      [Ref Proc: 2,3 ms]
      [Ref Enq: 0,0 ms]
      [Redirty Cards: 0,3 ms]
      [Humongous Register: 0,0 ms]
      [Humongous Reclaim: 0,0 ms]
      [Free CSet: 0,1 ms]
   [Eden: 44,0M(44,0M)->0,0B(51,0M) Survivors: 7168,0K->5120,0K Heap: 355,5M(1024,0M)->314,1M(1024,0M)]
 [Times: user=0,12 sys=0,00, real=0,02 secs] 
2018-04-10T21:13:24.064+0200: 24078,159: [GC pause (G1 Evacuation Pause) (young), 0,0221804 secs]
   [Parallel Time: 20,6 ms, GC Workers: 8]
      [GC Worker Start (ms): Min: 24078158,9, Avg: 24078159,1, Max: 24078159,4, Diff: 0,4]
      [Ext Root Scanning (ms): Min: 0,5, Avg: 0,8, Max: 1,2, Diff: 0,7, Sum: 6,2]
      [Update RS (ms): Min: 1,8, Avg: 2,5, Max: 3,1, Diff: 1,2, Sum: 20,1]
         [Processed Buffers: Min: 1, Avg: 6,8, Max: 16, Diff: 15, Sum: 54]
      [Scan RS (ms): Min: 2,1, Avg: 2,9, Max: 3,6, Diff: 1,5, Sum: 23,1]
      [Code Root Scanning (ms): Min: 0,0, Avg: 0,0, Max: 0,1, Diff: 0,1, Sum: 0,1]
      [Object Copy (ms): Min: 13,4, Avg: 14,0, Max: 14,1, Diff: 0,7, Sum: 112,0]
      [Termination (ms): Min: 0,0, Avg: 0,1, Max: 0,1, Diff: 0,1, Sum: 0,4]
         [Termination Attempts: Min: 3, Avg: 5,9, Max: 8, Diff: 5, Sum: 47]
      [GC Worker Other (ms): Min: 0,0, Avg: 0,0, Max: 0,0, Diff: 0,0, Sum: 0,2]
      [GC Worker Total (ms): Min: 20,1, Avg: 20,3, Max: 20,5, Diff: 0,4, Sum: 162,2]
      [GC Worker End (ms): Min: 24078179,4, Avg: 24078179,4, Max: 24078179,4, Diff: 0,0]
   [Code Root Fixup: 0,0 ms]
   [Code Root Purge: 0,0 ms]
   [Clear CT: 0,2 ms]
   [Other: 1,4 ms]
      [Choose CSet: 0,0 ms]
      [Ref Proc: 0,7 ms]
      [Ref Enq: 0,0 ms]
      [Redirty Cards: 0,2 ms]
      [Humongous Register: 0,1 ms]
      [Humongous Reclaim: 0,0 ms]
      [Free CSet: 0,1 ms]
   [Eden: 51,0M(51,0M)->0,0B(44,0M) Survivors: 5120,0K->7168,0K Heap: 365,1M(1024,0M)->319,4M(1024,0M)]
 [Times: user=0,16 sys=0,00, real=0,03 secs] 
2018-04-10T21:14:53.523+0200: 24167,618: [GC pause (G1 Evacuation Pause) (young), 0,0299710 secs]
   [Parallel Time: 26,4 ms, GC Workers: 8]
      [GC Worker Start (ms): Min: 24167618,0, Avg: 24167618,2, Max: 24167618,4, Diff: 0,4]
      [Ext Root Scanning (ms): Min: 0,3, Avg: 0,6, Max: 1,0, Diff: 0,7, Sum: 4,7]
      [Update RS (ms): Min: 1,4, Avg: 1,8, Max: 2,5, Diff: 1,1, Sum: 14,2]
         [Processed Buffers: Min: 1, Avg: 6,8, Max: 12, Diff: 11, Sum: 54]
      [Scan RS (ms): Min: 2,1, Avg: 2,9, Max: 3,2, Diff: 1,1, Sum: 22,9]
      [Code Root Scanning (ms): Min: 0,0, Avg: 0,0, Max: 0,1, Diff: 0,1, Sum: 0,1]
      [Object Copy (ms): Min: 20,6, Avg: 20,9, Max: 21,2, Diff: 0,5, Sum: 166,9]
      [Termination (ms): Min: 0,0, Avg: 0,0, Max: 0,0, Diff: 0,0, Sum: 0,1]
         [Termination Attempts: Min: 1, Avg: 3,0, Max: 8, Diff: 7, Sum: 24]
      [GC Worker Other (ms): Min: 0,0, Avg: 0,0, Max: 0,0, Diff: 0,0, Sum: 0,2]
      [GC Worker Total (ms): Min: 25,9, Avg: 26,1, Max: 26,3, Diff: 0,4, Sum: 209,1]
      [GC Worker End (ms): Min: 24167644,3, Avg: 24167644,3, Max: 24167644,3, Diff: 0,0]
   [Code Root Fixup: 0,0 ms]
   [Code Root Purge: 0,0 ms]
   [Clear CT: 0,3 ms]
   [Other: 3,3 ms]
      [Choose CSet: 0,0 ms]
      [Ref Proc: 2,5 ms]
      [Ref Enq: 0,0 ms]
      [Redirty Cards: 0,3 ms]
      [Humongous Register: 0,1 ms]
      [Humongous Reclaim: 0,0 ms]
      [Free CSet: 0,1 ms]
   [Eden: 44,0M(44,0M)->0,0B(46,0M) Survivors: 7168,0K->5120,0K Heap: 363,4M(1024,0M)->322,7M(1024,0M)]
 [Times: user=0,20 sys=0,00, real=0,03 secs] 
2018-04-10T21:16:27.795+0200: 24261,890: [GC pause (G1 Evacuation Pause) (young), 0,0121308 secs]
   [Parallel Time: 9,0 ms, GC Workers: 8]
      [GC Worker Start (ms): Min: 24261889,8, Avg: 24261891,2, Max: 24261895,2, Diff: 5,4]
      [Ext Root Scanning (ms): Min: 0,0, Avg: 0,2, Max: 0,6, Diff: 0,6, Sum: 1,8]
      [Update RS (ms): Min: 0,0, Avg: 0,8, Max: 1,1, Diff: 1,1, Sum: 6,1]
         [Processed Buffers: Min: 0, Avg: 6,5, Max: 14, Diff: 14, Sum: 52]
      [Scan RS (ms): Min: 0,0, Avg: 0,6, Max: 0,9, Diff: 0,9, Sum: 4,6]
      [Code Root Scanning (ms): Min: 0,0, Avg: 0,0, Max: 0,0, Diff: 0,0, Sum: 0,0]
      [Object Copy (ms): Min: 2,2, Avg: 4,8, Max: 6,1, Diff: 3,9, Sum: 38,3]
      [Termination (ms): Min: 0,0, Avg: 0,7, Max: 1,0, Diff: 1,0, Sum: 5,5]
         [Termination Attempts: Min: 1, Avg: 2,9, Max: 7, Diff: 6, Sum: 23]
      [GC Worker Other (ms): Min: 0,0, Avg: 0,0, Max: 0,0, Diff: 0,0, Sum: 0,1]
      [GC Worker Total (ms): Min: 3,1, Avg: 7,0, Max: 8,5, Diff: 5,4, Sum: 56,3]
      [GC Worker End (ms): Min: 24261898,2, Avg: 24261898,3, Max: 24261898,4, Diff: 0,2]
   [Code Root Fixup: 0,0 ms]
   [Code Root Purge: 0,0 ms]
   [Clear CT: 0,1 ms]
   [Other: 3,1 ms]
      [Choose CSet: 0,0 ms]
      [Ref Proc: 2,7 ms]
      [Ref Enq: 0,0 ms]
      [Redirty Cards: 0,1 ms]
      [Humongous Register: 0,0 ms]
      [Humongous Reclaim: 0,0 ms]
      [Free CSet: 0,0 ms]
   [Eden: 46,0M(46,0M)->0,0B(44,0M) Survivors: 5120,0K->7168,0K Heap: 368,7M(1024,0M)->327,9M(1024,0M)]
 [Times: user=0,06 sys=0,00, real=0,02 secs] 
2018-04-10T21:17:57.227+0200: 24351,322: [GC pause (G1 Evacuation Pause) (young), 0,0271447 secs]
   [Parallel Time: 23,9 ms, GC Workers: 8]
      [GC Worker Start (ms): Min: 24351322,1, Avg: 24351322,3, Max: 24351323,0, Diff: 0,9]
      [Ext Root Scanning (ms): Min: 0,0, Avg: 0,5, Max: 0,9, Diff: 0,9, Sum: 4,0]
      [Update RS (ms): Min: 0,0, Avg: 1,9, Max: 2,4, Diff: 2,4, Sum: 15,4]
         [Processed Buffers: Min: 0, Avg: 6,5, Max: 14, Diff: 14, Sum: 52]
      [Scan RS (ms): Min: 1,1, Avg: 2,4, Max: 2,8, Diff: 1,7, Sum: 19,3]
      [Code Root Scanning (ms): Min: 0,0, Avg: 0,0, Max: 0,0, Diff: 0,0, Sum: 0,0]
      [Object Copy (ms): Min: 16,6, Avg: 17,3, Max: 20,6, Diff: 4,0, Sum: 138,6]
      [Termination (ms): Min: 0,0, Avg: 1,0, Max: 1,5, Diff: 1,5, Sum: 7,7]
         [Termination Attempts: Min: 1, Avg: 3,1, Max: 5, Diff: 4, Sum: 25]
      [GC Worker Other (ms): Min: 0,0, Avg: 0,0, Max: 0,0, Diff: 0,0, Sum: 0,1]
      [GC Worker Total (ms): Min: 22,9, Avg: 23,1, Max: 23,6, Diff: 0,7, Sum: 185,1]
      [GC Worker End (ms): Min: 24351345,2, Avg: 24351345,5, Max: 24351345,9, Diff: 0,7]
   [Code Root Fixup: 0,0 ms]
   [Code Root Purge: 0,0 ms]
   [Clear CT: 0,3 ms]
   [Other: 2,9 ms]
      [Choose CSet: 0,0 ms]
      [Ref Proc: 2,0 ms]
      [Ref Enq: 0,0 ms]
      [Redirty Cards: 0,5 ms]
      [Humongous Register: 0,1 ms]
      [Humongous Reclaim: 0,0 ms]
      [Free CSet: 0,1 ms]
   [Eden: 44,0M(44,0M)->0,0B(44,0M) Survivors: 7168,0K->7168,0K Heap: 371,9M(1024,0M)->331,0M(1024,0M)]
 [Times: user=0,18 sys=0,00, real=0,02 secs] 
2018-04-10T21:19:27.504+0200: 24441,599: [GC pause (G1 Evacuation Pause) (young), 0,0273349 secs]
   [Parallel Time: 24,1 ms, GC Workers: 8]
      [GC Worker Start (ms): Min: 24441598,9, Avg: 24441599,1, Max: 24441599,5, Diff: 0,6]
      [Ext Root Scanning (ms): Min: 0,2, Avg: 0,6, Max: 1,1, Diff: 1,0, Sum: 5,0]
      [Update RS (ms): Min: 1,6, Avg: 2,2, Max: 3,0, Diff: 1,4, Sum: 17,6]
         [Processed Buffers: Min: 2, Avg: 6,8, Max: 12, Diff: 10, Sum: 54]
      [Scan RS (ms): Min: 2,7, Avg: 3,4, Max: 4,4, Diff: 1,7, Sum: 27,0]
      [Code Root Scanning (ms): Min: 0,0, Avg: 0,0, Max: 0,0, Diff: 0,0, Sum: 0,0]
      [Object Copy (ms): Min: 16,7, Avg: 17,5, Max: 17,7, Diff: 1,0, Sum: 139,8]
      [Termination (ms): Min: 0,0, Avg: 0,0, Max: 0,0, Diff: 0,0, Sum: 0,0]
         [Termination Attempts: Min: 1, Avg: 1,4, Max: 3, Diff: 2, Sum: 11]
      [GC Worker Other (ms): Min: 0,0, Avg: 0,0, Max: 0,1, Diff: 0,0, Sum: 0,2]
      [GC Worker Total (ms): Min: 23,3, Avg: 23,7, Max: 23,9, Diff: 0,6, Sum: 189,6]
      [GC Worker End (ms): Min: 24441622,8, Avg: 24441622,8, Max: 24441622,8, Diff: 0,0]
   [Code Root Fixup: 0,0 ms]
   [Code Root Purge: 0,0 ms]
   [Clear CT: 0,3 ms]
   [Other: 3,0 ms]
      [Choose CSet: 0,0 ms]
      [Ref Proc: 1,9 ms]
      [Ref Enq: 0,0 ms]
      [Redirty Cards: 0,6 ms]
      [Humongous Register: 0,1 ms]
      [Humongous Reclaim: 0,0 ms]
      [Free CSet: 0,1 ms]
   [Eden: 44,0M(44,0M)->0,0B(44,0M) Survivors: 7168,0K->7168,0K Heap: 375,0M(1024,0M)->335,0M(1024,0M)]
 [Times: user=0,19 sys=0,00, real=0,03 secs] 
2018-04-10T21:20:57.267+0200: 24531,361: [GC pause (G1 Evacuation Pause) (young), 0,0281571 secs]
   [Parallel Time: 23,5 ms, GC Workers: 8]
      [GC Worker Start (ms): Min: 24531361,4, Avg: 24531361,6, Max: 24531362,3, Diff: 0,8]
      [Ext Root Scanning (ms): Min: 0,0, Avg: 0,6, Max: 1,1, Diff: 1,1, Sum: 4,5]
      [Update RS (ms): Min: 0,0, Avg: 2,7, Max: 5,9, Diff: 5,9, Sum: 21,9]
         [Processed Buffers: Min: 0, Avg: 6,9, Max: 25, Diff: 25, Sum: 55]
      [Scan RS (ms): Min: 0,1, Avg: 3,3, Max: 6,7, Diff: 6,6, Sum: 26,8]
      [Code Root Scanning (ms): Min: 0,0, Avg: 0,0, Max: 0,0, Diff: 0,0, Sum: 0,0]
      [Object Copy (ms): Min: 12,3, Avg: 16,2, Max: 18,8, Diff: 6,5, Sum: 129,2]
      [Termination (ms): Min: 0,0, Avg: 0,0, Max: 0,0, Diff: 0,0, Sum: 0,2]
         [Termination Attempts: Min: 1, Avg: 13,8, Max: 21, Diff: 20, Sum: 110]
      [GC Worker Other (ms): Min: 0,0, Avg: 0,0, Max: 0,0, Diff: 0,0, Sum: 0,2]
      [GC Worker Total (ms): Min: 22,2, Avg: 22,9, Max: 23,1, Diff: 0,8, Sum: 182,8]
      [GC Worker End (ms): Min: 24531384,5, Avg: 24531384,5, Max: 24531384,5, Diff: 0,0]
   [Code Root Fixup: 0,0 ms]
   [Code Root Purge: 0,0 ms]
   [Clear CT: 0,4 ms]
   [Other: 4,3 ms]
      [Choose CSet: 0,0 ms]
      [Ref Proc: 3,0 ms]
      [Ref Enq: 0,0 ms]
      [Redirty Cards: 0,7 ms]
      [Humongous Register: 0,1 ms]
      [Humongous Reclaim: 0,0 ms]
      [Free CSet: 0,1 ms]
   [Eden: 44,0M(44,0M)->0,0B(46,0M) Survivors: 7168,0K->5120,0K Heap: 379,0M(1024,0M)->339,3M(1024,0M)]
 [Times: user=0,18 sys=0,00, real=0,02 secs] 
2018-04-10T21:22:32.878+0200: 24626,973: [GC pause (G1 Evacuation Pause) (young), 0,0247651 secs]
   [Parallel Time: 22,1 ms, GC Workers: 8]
      [GC Worker Start (ms): Min: 24626972,9, Avg: 24626973,1, Max: 24626973,2, Diff: 0,3]
      [Ext Root Scanning (ms): Min: 0,4, Avg: 0,6, Max: 1,1, Diff: 0,7, Sum: 4,8]
      [Update RS (ms): Min: 2,3, Avg: 3,1, Max: 4,4, Diff: 2,1, Sum: 24,8]
         [Processed Buffers: Min: 1, Avg: 7,1, Max: 14, Diff: 13, Sum: 57]
      [Scan RS (ms): Min: 1,9, Avg: 3,1, Max: 4,0, Diff: 2,2, Sum: 25,0]
      [Code Root Scanning (ms): Min: 0,0, Avg: 0,0, Max: 0,0, Diff: 0,0, Sum: 0,0]
      [Object Copy (ms): Min: 13,1, Avg: 13,7, Max: 14,7, Diff: 1,6, Sum: 109,8]
      [Termination (ms): Min: 0,0, Avg: 1,2, Max: 1,4, Diff: 1,4, Sum: 9,3]
         [Termination Attempts: Min: 1, Avg: 1,0, Max: 1, Diff: 0, Sum: 8]
      [GC Worker Other (ms): Min: 0,0, Avg: 0,0, Max: 0,0, Diff: 0,0, Sum: 0,2]
      [GC Worker Total (ms): Min: 21,3, Avg: 21,7, Max: 22,0, Diff: 0,7, Sum: 173,9]
      [GC Worker End (ms): Min: 24626994,5, Avg: 24626994,8, Max: 24626994,9, Diff: 0,4]
   [Code Root Fixup: 0,0 ms]
   [Code Root Purge: 0,0 ms]
   [Clear CT: 0,4 ms]
   [Other: 2,2 ms]
      [Choose CSet: 0,0 ms]
      [Ref Proc: 0,9 ms]
      [Ref Enq: 0,0 ms]
      [Redirty Cards: 0,7 ms]
      [Humongous Register: 0,1 ms]
      [Humongous Reclaim: 0,0 ms]
      [Free CSet: 0,1 ms]
   [Eden: 46,0M(46,0M)->0,0B(44,0M) Survivors: 5120,0K->7168,0K Heap: 385,3M(1024,0M)->343,5M(1024,0M)]
 [Times: user=0,17 sys=0,00, real=0,02 secs] 
2018-04-10T21:24:03.143+0200: 24717,237: [GC pause (G1 Evacuation Pause) (young), 0,0245321 secs]
   [Parallel Time: 21,0 ms, GC Workers: 8]
      [GC Worker Start (ms): Min: 24717237,5, Avg: 24717237,9, Max: 24717238,7, Diff: 1,2]
      [Ext Root Scanning (ms): Min: 0,0, Avg: 0,5, Max: 1,0, Diff: 1,0, Sum: 4,4]
      [Update RS (ms): Min: 0,4, Avg: 1,5, Max: 2,0, Diff: 1,6, Sum: 12,3]
         [Processed Buffers: Min: 2, Avg: 6,4, Max: 14, Diff: 12, Sum: 51]
      [Scan RS (ms): Min: 2,2, Avg: 2,6, Max: 3,0, Diff: 0,7, Sum: 21,1]
      [Code Root Scanning (ms): Min: 0,0, Avg: 0,0, Max: 0,0, Diff: 0,0, Sum: 0,0]
      [Object Copy (ms): Min: 15,4, Avg: 15,7, Max: 16,6, Diff: 1,2, Sum: 125,4]
      [Termination (ms): Min: 0,0, Avg: 0,0, Max: 0,0, Diff: 0,0, Sum: 0,1]
         [Termination Attempts: Min: 1, Avg: 2,1, Max: 4, Diff: 3, Sum: 17]
      [GC Worker Other (ms): Min: 0,0, Avg: 0,0, Max: 0,0, Diff: 0,0, Sum: 0,2]
      [GC Worker Total (ms): Min: 19,7, Avg: 20,4, Max: 20,9, Diff: 1,2, Sum: 163,6]
      [GC Worker End (ms): Min: 24717258,4, Avg: 24717258,4, Max: 24717258,4, Diff: 0,0]
   [Code Root Fixup: 0,0 ms]
   [Code Root Purge: 0,0 ms]
   [Clear CT: 0,2 ms]
   [Other: 3,4 ms]
      [Choose CSet: 0,0 ms]
      [Ref Proc: 2,5 ms]
      [Ref Enq: 0,0 ms]
      [Redirty Cards: 0,3 ms]
      [Humongous Register: 0,1 ms]
      [Humongous Reclaim: 0,0 ms]
      [Free CSet: 0,1 ms]
   [Eden: 44,0M(44,0M)->0,0B(46,0M) Survivors: 7168,0K->5120,0K Heap: 387,5M(1024,0M)->346,1M(1024,0M)]
 [Times: user=0,17 sys=0,00, real=0,03 secs] 
s]
      [Choose CSet: 0,0 ms]
      [Ref Proc: 1,8 ms]
      [Ref Enq: 0,0 ms]
      [Redirty Cards: 0,3 ms]
      [Humongous Register: 0,1 ms]
      [Humongous Reclaim: 0,0 ms]
      [Free CSet: 0,1 ms]
   [Eden: 45,0M(45,0M)->0,0B(55,0M) Survivors: 6144,0K->7168,0K Heap: 405,3M(1024,0M)->366,0M(1024,0M)]
 [Times: user=0,14 sys=0,00, real=0,02 secs] 
2018-04-10T19:31:59.475+0200: 22282,609: [GC pause (G1 Evacuation Pause) (young) (initial-mark), 0,0113590 secs]
   [Parallel Time: 7,5 ms, GC Workers: 8]
      [GC Worker Start (ms): Min: 22282609,7, Avg: 22282610,1, Max: 22282610,4, Diff: 0,6]
      [Ext Root Scanning (ms): Min: 0,2, Avg: 1,2, Max: 4,0, Diff: 3,8, Sum: 9,5]
      [Update RS (ms): Min: 0,0, Avg: 1,1, Max: 4,3, Diff: 4,3, Sum: 8,4]
         [Processed Buffers: Min: 0, Avg: 6,5, Max: 25, Diff: 25, Sum: 52]
      [Scan RS (ms): Min: 0,0, Avg: 0,7, Max: 0,9, Diff: 0,9, Sum: 5,5]
      [Code Root Scanning (ms): Min: 0,0, Avg: 0,0, Max: 0,0, Diff: 0,0, Sum: 0,0]
      [Object Copy (ms): Min: 1,9, Avg: 3,8, Max: 4,4, Diff: 2,5, Sum: 30,4]
      [Termination (ms): Min: 0,0, Avg: 0,0, Max: 0,0, Diff: 0,0, Sum: 0,1]
         [Termination Attempts: Min: 1, Avg: 13,1, Max: 18, Diff: 17, Sum: 105]
      [GC Worker Other (ms): Min: 0,0, Avg: 0,0, Max: 0,0, Diff: 0,0, Sum: 0,1]
      [GC Worker Total (ms): Min: 6,4, Avg: 6,8, Max: 7,1, Diff: 0,6, Sum: 54,0]
      [GC Worker End (ms): Min: 22282616,8, Avg: 22282616,8, Max: 22282616,8, Diff: 0,0]
   [Code Root Fixup: 0,0 ms]
   [Code Root Purge: 0,0 ms]
   [Clear CT: 0,5 ms]
   [Other: 3,4 ms]
      [Choose CSet: 0,0 ms]
      [Ref Proc: 2,7 ms]
      [Ref Enq: 0,0 ms]
      [Redirty Cards: 0,2 ms]
      [Humongous Register: 0,0 ms]
      [Humongous Reclaim: 0,0 ms]
      [Free CSet: 0,1 ms]
   [Eden: 44,0M(44,0M)->0,0B(91,0M) Survivors: 7168,0K->7168,0K Heap: 410,0M(1024,0M)->366,7M(1024,0M)]
 [Times: user=0,05 sys=0,00, real=0,02 secs] 
2018-04-10T19:31:59.486+0200: 22282,621: [GC concurrent-root-region-scan-start]
2018-04-10T19:31:59.495+0200: 22282,629: [GC concurrent-root-region-scan-end, 0,0083808 secs]
2018-04-10T19:31:59.495+0200: 22282,629: [GC concurrent-mark-start]
2018-04-10T19:31:59.515+0200: 22282,650: [GC concurrent-mark-end, 0,0206234 secs]
2018-04-10T19:31:59.516+0200: 22282,650: [GC remark 2018-04-10T19:31:59.516+0200: 22282,650: [Finalize Marking, 0,0009784 secs] 2018-04-10T19:31:59.517+0200: 22282,651: [GC ref-proc, 0,0010905 secs] 2018-04-10T19:31:59.518+0200: 22282,652: [Unloading, 0,0121065 secs], 0,0160197 secs]
 [Times: user=0,07 sys=0,00, real=0,02 secs] 
2018-04-10T19:31:59.532+0200: 22282,667: [GC cleanup 367M->301M(1024M), 0,0017300 secs]
 [Times: user=0,01 sys=0,01, real=0,00 secs] 
2018-04-10T19:31:59.534+0200: 22282,669: [GC concurrent-cleanup-start]
2018-04-10T19:31:59.534+0200: 22282,669: [GC concurrent-cleanup-end, 0,0001683 secs]
2018-04-10T19:33:14.342+0200: 22357,476: [GC pause (G1 Evacuation Pause) (young), 0,0154187 secs]
   [Parallel Time: 11,1 ms, GC Workers: 8]
      [GC Worker Start (ms): Min: 22357476,6, Avg: 22357476,7, Max: 22357477,0, Diff: 0,4]
      [Ext Root Scanning (ms): Min: 0,0, Avg: 0,3, Max: 0,8, Diff: 0,8, Sum: 2,2]
      [Update RS (ms): Min: 0,0, Avg: 0,6, Max: 0,9, Diff: 0,9, Sum: 4,6]
         [Processed Buffers: Min: 0, Avg: 6,8, Max: 17, Diff: 17, Sum: 54]
      [Scan RS (ms): Min: 0,0, Avg: 0,9, Max: 1,1, Diff: 1,1, Sum: 6,9]
      [Code Root Scanning (ms): Min: 0,0, Avg: 0,0, Max: 0,0, Diff: 0,0, Sum: 0,0]
      [Object Copy (ms): Min: 7,5, Avg: 7,9, Max: 10,1, Diff: 2,6, Sum: 63,6]
      [Termination (ms): Min: 0,0, Avg: 0,9, Max: 1,3, Diff: 1,3, Sum: 7,1]
         [Termination Attempts: Min: 1, Avg: 5,5, Max: 10, Diff: 9, Sum: 44]
      [GC Worker Other (ms): Min: 0,0, Avg: 0,0, Max: 0,0, Diff: 0,0, Sum: 0,1]
      [GC Worker Total (ms): Min: 10,4, Avg: 10,6, Max: 11,0, Diff: 0,6, Sum: 84,5]
      [GC Worker End (ms): Min: 22357487,1, Avg: 22357487,3, Max: 22357487,7, Diff: 0,6]
   [Code Root Fixup: 0,0 ms]
   [Code Root Purge: 0,0 ms]
   [Clear CT: 0,4 ms]
   [Other: 3,9 ms]
      [Choose CSet: 0,0 ms]
      [Ref Proc: 2,9 ms]
      [Ref Enq: 0,0 ms]
      [Redirty Cards: 0,2 ms]
      [Humongous Register: 0,1 ms]
      [Humongous Reclaim: 0,1 ms]
      [Free CSet: 0,2 ms]
   [Eden: 44,0M(44,0M)->0,0B(44,0M) Survivors: 7168,0K->7168,0K Heap: 344,7M(1024,0M)->303,1M(1024,0M)]
 [Times: user=0,07 sys=0,00, real=0,02 secs] 
2018-04-10T19:34:31.871+0200: 22435,006: [GC pause (G1 Evacuation Pause) (mixed), 0,0179303 secs]
   [Parallel Time: 14,2 ms, GC Workers: 8]
      [GC Worker Start (ms): Min: 22435006,0, Avg: 22435010,4, Max: 22435013,9, Diff: 7,9]
      [Ext Root Scanning (ms): Min: 0,0, Avg: 0,2, Max: 1,0, Diff: 1,0, Sum: 1,9]
      [Update RS (ms): Min: 0,0, Avg: 0,5, Max: 1,4, Diff: 1,4, Sum: 3,9]
         [Processed Buffers: Min: 0, Avg: 6,6, Max: 22, Diff: 22, Sum: 53]
      [Scan RS (ms): Min: 0,0, Avg: 0,8, Max: 1,8, Diff: 1,8, Sum: 6,8]
      [Code Root Scanning (ms): Min: 0,0, Avg: 0,0, Max: 0,1, Diff: 0,1, Sum: 0,2]
      [Object Copy (ms): Min: 5,3, Avg: 7,4, Max: 9,8, Diff: 4,5, Sum: 59,0]
      [Termination (ms): Min: 0,0, Avg: 0,5, Max: 0,9, Diff: 0,9, Sum: 4,4]
         [Termination Attempts: Min: 1, Avg: 1,0, Max: 1, Diff: 0, Sum: 8]
      [GC Worker Other (ms): Min: 0,0, Avg: 0,0, Max: 0,0, Diff: 0,0, Sum: 0,1]
      [GC Worker Total (ms): Min: 6,1, Avg: 9,5, Max: 13,9, Diff: 7,9, Sum: 76,2]
      [GC Worker End (ms): Min: 22435019,9, Avg: 22435020,0, Max: 22435020,1, Diff: 0,2]
   [Code Root Fixup: 0,0 ms]
   [Code Root Purge: 0,0 ms]
   [Clear CT: 0,1 ms]
   [Other: 3,6 ms]
      [Choose CSet: 0,1 ms]
      [Ref Proc: 2,9 ms]
      [Ref Enq: 0,0 ms]
      [Redirty Cards: 0,1 ms]
      [Humongous Register: 0,1 ms]
      [Humongous Reclaim: 0,0 ms]
      [Free CSet: 0,2 ms]
   [Eden: 44,0M(44,0M)->0,0B(46,0M) Survivors: 7168,0K->5120,0K Heap: 347,1M(1024,0M)->252,4M(1024,0M)]
 [Times: user=0,07 sys=0,00, real=0,02 secs] 
2018-04-10T19:35:53.082+0200: 22516,216: [GC pause (G1 Evacuation Pause) (mixed), 0,0272623 secs]
   [Parallel Time: 22,3 ms, GC Workers: 8]
      [GC Worker Start (ms): Min: 22516216,7, Avg: 22516217,0, Max: 22516217,4, Diff: 0,7]
      [Ext Root Scanning (ms): Min: 0,2, Avg: 0,5, Max: 1,1, Diff: 0,9, Sum: 4,2]
      [Update RS (ms): Min: 2,1, Avg: 2,7, Max: 3,1, Diff: 1,0, Sum: 21,9]
         [Processed Buffers: Min: 1, Avg: 7,1, Max: 24, Diff: 23, Sum: 57]
      [Scan RS (ms): Min: 2,9, Avg: 3,3, Max: 4,0, Diff: 1,1, Sum: 26,4]
      [Code Root Scanning (ms): Min: 0,0, Avg: 0,0, Max: 0,1, Diff: 0,1, Sum: 0,2]
      [Object Copy (ms): Min: 10,3, Avg: 11,5, Max: 14,0, Diff: 3,7, Sum: 92,3]
      [Termination (ms): Min: 0,0, Avg: 3,1, Max: 4,0, Diff: 4,0, Sum: 25,0]
         [Termination Attempts: Min: 1, Avg: 1,0, Max: 1, Diff: 0, Sum: 8]
      [GC Worker Other (ms): Min: 0,0, Avg: 0,0, Max: 0,0, Diff: 0,0, Sum: 0,2]
      [GC Worker Total (ms): Min: 20,7, Avg: 21,3, Max: 21,7, Diff: 1,0, Sum: 170,1]
      [GC Worker End (ms): Min: 22516237,8, Avg: 22516238,3, Max: 22516238,8, Diff: 1,0]
   [Code Root Fixup: 0,0 ms]
   [Code Root Purge: 0,0 ms]
   [Clear CT: 0,5 ms]
   [Other: 4,4 ms]
      [Choose CSet: 0,1 ms]
      [Ref Proc: 3,6 ms]
      [Ref Enq: 0,0 ms]
      [Redirty Cards: 0,1 ms]
      [Humongous Register: 0,1 ms]
      [Humongous Reclaim: 0,0 ms]
      [Free CSet: 0,2 ms]
   [Eden: 46,0M(46,0M)->0,0B(44,0M) Survivors: 5120,0K->7168,0K Heap: 298,4M(1024,0M)->221,8M(1024,0M)]
 [Times: user=0,17 sys=0,00, real=0,03 secs] 
2018-04-10T19:37:08.838+0200: 22591,973: [GC pause (G1 Evacuation Pause) (mixed), 0,0247699 secs]
   [Parallel Time: 21,4 ms, GC Workers: 8]
      [GC Worker Start (ms): Min: 22591973,2, Avg: 22591973,9, Max: 22591975,4, Diff: 2,2]
      [Ext Root Scanning (ms): Min: 0,0, Avg: 0,6, Max: 1,3, Diff: 1,3, Sum: 4,7]
      [Update RS (ms): Min: 1,4, Avg: 2,2, Max: 3,0, Diff: 1,6, Sum: 17,8]
         [Processed Buffers: Min: 2, Avg: 6,4, Max: 19, Diff: 17, Sum: 51]
      [Scan RS (ms): Min: 2,4, Avg: 2,8, Max: 3,3, Diff: 0,9, Sum: 22,5]
      [Code Root Scanning (ms): Min: 0,0, Avg: 0,2, Max: 0,8, Diff: 0,8, Sum: 1,2]
      [Object Copy (ms): Min: 14,7, Avg: 14,9, Max: 15,0, Diff: 0,2, Sum: 118,9]
      [Termination (ms): Min: 0,0, Avg: 0,0, Max: 0,0, Diff: 0,0, Sum: 0,1]
         [Termination Attempts: Min: 1, Avg: 3,0, Max: 5, Diff: 4, Sum: 24]
      [GC Worker Other (ms): Min: 0,0, Avg: 0,0, Max: 0,0, Diff: 0,0, Sum: 0,2]
      [GC Worker Total (ms): Min: 19,1, Avg: 20,7, Max: 21,3, Diff: 2,2, Sum: 165,3]
      [GC Worker End (ms): Min: 22591994,5, Avg: 22591994,5, Max: 22591994,5, Diff: 0,0]
   [Code Root Fixup: 0,0 ms]
   [Code Root Purge: 0,0 ms]
   [Clear CT: 1,0 ms]
   [Other: 2,3 ms]
      [Choose CSet: 0,0 ms]
      [Ref Proc: 0,7 ms]
      [Ref Enq: 0,0 ms]
      [Redirty Cards: 0,9 ms]
      [Humongous Register: 0,1 ms]
      [Humongous Reclaim: 0,0 ms]
      [Free CSet: 0,2 ms]
   [Eden: 44,0M(44,0M)->0,0B(44,0M) Survivors: 7168,0K->7168,0K Heap: 265,8M(1024,0M)->213,7M(1024,0M)]
 [Times: user=0,17 sys=0,00, real=0,02 secs] 
2018-04-10T19:38:26.064+0200: 22669,199: [GC pause (G1 Evacuation Pause) (young), 0,0252187 secs]
   [Parallel Time: 21,4 ms, GC Workers: 8]
      [GC Worker Start (ms): Min: 22669199,4, Avg: 22669199,6, Max: 22669199,7, Diff: 0,2]
      [Ext Root Scanning (ms): Min: 0,4, Avg: 0,6, Max: 1,1, Diff: 0,7, Sum: 4,9]
      [Update RS (ms): Min: 2,0, Avg: 2,3, Max: 2,7, Diff: 0,8, Sum: 18,5]
         [Processed Buffers: Min: 1, Avg: 6,2, Max: 12, Diff: 11, Sum: 50]
      [Scan RS (ms): Min: 2,2, Avg: 2,6, Max: 3,0, Diff: 0,8, Sum: 20,7]
      [Code Root Scanning (ms): Min: 0,0, Avg: 0,0, Max: 0,0, Diff: 0,0, Sum: 0,0]
      [Object Copy (ms): Min: 15,2, Avg: 15,4, Max: 15,6, Diff: 0,4, Sum: 123,3]
      [Termination (ms): Min: 0,0, Avg: 0,0, Max: 0,0, Diff: 0,0, Sum: 0,0]
         [Termination Attempts: Min: 1, Avg: 1,0, Max: 1, Diff: 0, Sum: 8]
      [GC Worker Other (ms): Min: 0,0, Avg: 0,0, Max: 0,0, Diff: 0,0, Sum: 0,2]
      [GC Worker Total (ms): Min: 20,9, Avg: 21,0, Max: 21,1, Diff: 0,2, Sum: 167,8]
      [GC Worker End (ms): Min: 22669220,5, Avg: 22669220,5, Max: 22669220,5, Diff: 0,0]
   [Code Root Fixup: 0,0 ms]
   [Code Root Purge: 0,0 ms]
   [Clear CT: 0,2 ms]
   [Other: 3,6 ms]
      [Choose CSet: 0,0 ms]
      [Ref Proc: 2,6 ms]
      [Ref Enq: 0,0 ms]
      [Redirty Cards: 0,5 ms]
      [Humongous Register: 0,1 ms]
      [Humongous Reclaim: 0,0 ms]
      [Free CSet: 0,1 ms]
   [Eden: 44,0M(44,0M)->0,0B(44,0M) Survivors: 7168,0K->7168,0K Heap: 257,7M(1024,0M)->217,7M(1024,0M)]
 [Times: user=0,18 sys=0,00, real=0,03 secs] 
2018-04-10T19:39:44.106+0200: 22747,241: [GC pause (G1 Evacuation Pause) (young), 0,0264140 secs]
   [Parallel Time: 22,5 ms, GC Workers: 8]
      [GC Worker Start (ms): Min: 22747241,2, Avg: 22747242,1, Max: 22747246,6, Diff: 5,4]
      [Ext Root Scanning (ms): Min: 0,0, Avg: 0,6, Max: 1,2, Diff: 1,2, Sum: 4,7]
      [Update RS (ms): Min: 0,0, Avg: 1,7, Max: 2,6, Diff: 2,6, Sum: 13,6]
         [Processed Buffers: Min: 0, Avg: 6,8, Max: 17, Diff: 17, Sum: 54]
      [Scan RS (ms): Min: 1,1, Avg: 3,8, Max: 9,5, Diff: 8,4, Sum: 30,3]
      [Code Root Scanning (ms): Min: 0,0, Avg: 0,0, Max: 0,0, Diff: 0,0, Sum: 0,0]
      [Object Copy (ms): Min: 9,6, Avg: 14,2, Max: 15,5, Diff: 5,8, Sum: 113,7]
      [Termination (ms): Min: 0,0, Avg: 1,0, Max: 1,1, Diff: 1,1, Sum: 7,8]
         [Termination Attempts: Min: 1, Avg: 1,2, Max: 2, Diff: 1, Sum: 10]
      [GC Worker Other (ms): Min: 0,0, Avg: 0,0, Max: 0,0, Diff: 0,0, Sum: 0,1]
      [GC Worker Total (ms): Min: 16,9, Avg: 21,3, Max: 22,2, Diff: 5,4, Sum: 170,3]
      [GC Worker End (ms): Min: 22747263,4, Avg: 22747263,4, Max: 22747263,4, Diff: 0,0]
   [Code Root Fixup: 0,0 ms]
   [Code Root Purge: 0,0 ms]
   [Clear CT: 0,1 ms]
   [Other: 3,8 ms]
      [Choose CSet: 0,0 ms]
      [Ref Proc: 3,0 ms]
      [Ref Enq: 0,0 ms]
      [Redirty Cards: 0,3 ms]
      [Humongous Register: 0,1 ms]
      [Humongous Reclaim: 0,0 ms]
      [Free CSet: 0,1 ms]
   [Eden: 44,0M(44,0M)->0,0B(44,0M) Survivors: 7168,0K->7168,0K Heap: 261,7M(1024,0M)->220,6M(1024,0M)]
 [Times: user=0,15 sys=0,00, real=0,02 secs] 
2018-04-10T19:41:00.405+0200: 22823,540: [GC pause (G1 Evacuation Pause) (young), 0,0229748 secs]
   [Parallel Time: 20,2 ms, GC Workers: 8]
      [GC Worker Start (ms): Min: 22823539,9, Avg: 22823540,1, Max: 22823540,6, Diff: 0,7]
      [Ext Root Scanning (ms): Min: 0,1, Avg: 0,8, Max: 2,3, Diff: 2,1, Sum: 6,6]
      [Update RS (ms): Min: 0,8, Avg: 2,1, Max: 2,8, Diff: 2,1, Sum: 16,8]
         [Processed Buffers: Min: 1, Avg: 7,0, Max: 22, Diff: 21, Sum: 56]
      [Scan RS (ms): Min: 2,2, Avg: 3,0, Max: 3,7, Diff: 1,5, Sum: 23,7]
      [Code Root Scanning (ms): Min: 0,0, Avg: 0,0, Max: 0,0, Diff: 0,0, Sum: 0,0]
      [Object Copy (ms): Min: 13,2, Avg: 13,6, Max: 13,9, Diff: 0,6, Sum: 108,4]
      [Termination (ms): Min: 0,0, Avg: 0,4, Max: 0,5, Diff: 0,5, Sum: 2,8]
         [Termination Attempts: Min: 1, Avg: 1,9, Max: 3, Diff: 2, Sum: 15]
      [GC Worker Other (ms): Min: 0,0, Avg: 0,0, Max: 0,0, Diff: 0,0, Sum: 0,1]
      [GC Worker Total (ms): Min: 19,3, Avg: 19,8, Max: 20,1, Diff: 0,8, Sum: 158,5]
      [GC Worker End (ms): Min: 22823559,9, Avg: 22823559,9, Max: 22823560,1, Diff: 0,2]
   [Code Root Fixup: 0,0 ms]
   [Code Root Purge: 0,0 ms]
   [Clear CT: 1,0 ms]
   [Other: 1,7 ms]
      [Choose CSet: 0,0 ms]
      [Ref Proc: 0,6 ms]
      [Ref Enq: 0,0 ms]
      [Redirty Cards: 0,6 ms]
      [Humongous Register: 0,1 ms]
      [Humongous Reclaim: 0,0 ms]
      [Free CSet: 0,1 ms]
   [Eden: 44,0M(44,0M)->0,0B(44,0M) Survivors: 7168,0K->7168,0K Heap: 264,6M(1024,0M)->224,2M(1024,0M)]
 [Times: user=0,16 sys=0,00, real=0,03 secs] 
2018-04-10T19:42:17.604+0200: 22900,738: [GC pause (G1 Evacuation Pause) (young), 0,0253817 secs]
   [Parallel Time: 20,7 ms, GC Workers: 8]
      [GC Worker Start (ms): Min: 22900738,7, Avg: 22900739,0, Max: 22900739,7, Diff: 1,0]
      [Ext Root Scanning (ms): Min: 0,0, Avg: 0,5, Max: 1,1, Diff: 1,0, Sum: 4,0]
      [Update RS (ms): Min: 0,0, Avg: 1,8, Max: 2,4, Diff: 2,4, Sum: 14,1]
         [Processed Buffers: Min: 0, Avg: 6,4, Max: 20, Diff: 20, Sum: 51]
      [Scan RS (ms): Min: 0,2, Avg: 2,2, Max: 2,8, Diff: 2,6, Sum: 17,9]
      [Code Root Scanning (ms): Min: 0,0, Avg: 0,0, Max: 0,0, Diff: 0,0, Sum: 0,0]
      [Object Copy (ms): Min: 15,1, Avg: 15,8, Max: 19,7, Diff: 4,6, Sum: 126,3]
      [Termination (ms): Min: 0,0, Avg: 0,0, Max: 0,0, Diff: 0,0, Sum: 0,0]
         [Termination Attempts: Min: 1, Avg: 1,0, Max: 1, Diff: 0, Sum: 8]
      [GC Worker Other (ms): Min: 0,0, Avg: 0,0, Max: 0,0, Diff: 0,0, Sum: 0,2]
      [GC Worker Total (ms): Min: 19,7, Avg: 20,3, Max: 20,6, Diff: 1,0, Sum: 162,6]
      [GC Worker End (ms): Min: 22900759,3, Avg: 22900759,3, Max: 22900759,3, Diff: 0,0]
   [Code Root Fixup: 0,0 ms]
   [Code Root Purge: 0,0 ms]
   [Clear CT: 0,6 ms]
   [Other: 4,0 ms]
      [Choose CSet: 0,0 ms]
      [Ref Proc: 3,2 ms]
      [Ref Enq: 0,0 ms]
      [Redirty Cards: 0,3 ms]
      [Humongous Register: 0,1 ms]
      [Humongous Reclaim: 0,0 ms]
      [Free CSet: 0,1 ms]
   [Eden: 44,0M(44,0M)->0,0B(44,0M) Survivors: 7168,0K->7168,0K Heap: 268,2M(1024,0M)->228,0M(1024,0M)]
 [Times: user=0,17 sys=0,00, real=0,03 secs] 
2018-04-10T19:43:35.321+0200: 22978,456: [GC pause (G1 Evacuation Pause) (young), 0,0248964 secs]
   [Parallel Time: 21,7 ms, GC Workers: 8]
      [GC Worker Start (ms): Min: 22978455,9, Avg: 22978456,1, Max: 22978456,6, Diff: 0,7]
      [Ext Root Scanning (ms): Min: 0,1, Avg: 0,7, Max: 1,3, Diff: 1,2, Sum: 5,9]
      [Update RS (ms): Min: 1,5, Avg: 2,2, Max: 2,8, Diff: 1,3, Sum: 17,5]
         [Processed Buffers: Min: 1, Avg: 6,6, Max: 24, Diff: 23, Sum: 53]
      [Scan RS (ms): Min: 1,8, Avg: 2,9, Max: 4,0, Diff: 2,1, Sum: 23,0]
      [Code Root Scanning (ms): Min: 0,0, Avg: 0,0, Max: 0,0, Diff: 0,0, Sum: 0,0]
      [Object Copy (ms): Min: 14,8, Avg: 15,6, Max: 15,8, Diff: 1,0, Sum: 124,6]
      [Termination (ms): Min: 0,0, Avg: 0,0, Max: 0,0, Diff: 0,0, Sum: 0,0]
         [Termination Attempts: Min: 1, Avg: 1,0, Max: 1, Diff: 0, Sum: 8]
      [GC Worker Other (ms): Min: 0,0, Avg: 0,0, Max: 0,0, Diff: 0,0, Sum: 0,2]
      [GC Worker Total (ms): Min: 20,9, Avg: 21,4, Max: 21,6, Diff: 0,7, Sum: 171,2]
      [GC Worker End (ms): Min: 22978477,5, Avg: 22978477,5, Max: 22978477,5, Diff: 0,0]
   [Code Root Fixup: 0,0 ms]
   [Code Root Purge: 0,0 ms]
   [Clear CT: 1,2 ms]
   [Other: 2,0 ms]
      [Choose CSet: 0,0 ms]
      [Ref Proc: 0,6 ms]
      [Ref Enq: 0,0 ms]
      [Redirty Cards: 0,8 ms]
      [Humongous Register: 0,1 ms]
      [Humongous Reclaim: 0,0 ms]
      [Free CSet: 0,1 ms]
   [Eden: 44,0M(44,0M)->0,0B(44,0M) Survivors: 7168,0K->7168,0K Heap: 272,0M(1024,0M)->230,8M(1024,0M)]
 [Times: user=0,17 sys=0,00, real=0,03 secs] 
2018-04-10T19:44:51.548+0200: 23054,683: [GC pause (G1 Evacuation Pause) (young), 0,0262686 secs]
   [Parallel Time: 23,7 ms, GC Workers: 8]
      [GC Worker Start (ms): Min: 23054682,8, Avg: 23054683,1, Max: 23054683,9, Diff: 1,1]
      [Ext Root Scanning (ms): Min: 0,0, Avg: 0,6, Max: 1,1, Diff: 1,1, Sum: 4,7]
      [Update RS (ms): Min: 1,5, Avg: 2,1, Max: 3,3, Diff: 1,9, Sum: 16,7]
         [Processed Buffers: Min: 0, Avg: 6,5, Max: 21, Diff: 21, Sum: 52]
      [Scan RS (ms): Min: 1,9, Avg: 3,2, Max: 4,0, Diff: 2,1, Sum: 26,0]
      [Code Root Scanning (ms): Min: 0,0, Avg: 0,0, Max: 0,0, Diff: 0,0, Sum: 0,0]
      [Object Copy (ms): Min: 14,2, Avg: 14,9, Max: 17,2, Diff: 3,0, Sum: 118,8]
      [Termination (ms): Min: 0,0, Avg: 2,4, Max: 2,8, Diff: 2,8, Sum: 19,5]
         [Termination Attempts: Min: 1, Avg: 1,4, Max: 2, Diff: 1, Sum: 11]
      [GC Worker Other (ms): Min: 0,0, Avg: 0,0, Max: 0,0, Diff: 0,0, Sum: 0,2]
      [GC Worker Total (ms): Min: 22,5, Avg: 23,2, Max: 23,6, Diff: 1,1, Sum: 185,9]
      [GC Worker End (ms): Min: 23054706,2, Avg: 23054706,4, Max: 23054706,5, Diff: 0,2]
   [Code Root Fixup: 0,0 ms]
   [Code Root Purge: 0,0 ms]
   [Clear CT: 0,6 ms]
   [Other: 2,0 ms]
      [Choose CSet: 0,0 ms]
      [Ref Proc: 1,0 ms]
      [Ref Enq: 0,0 ms]
      [Redirty Cards: 0,4 ms]
      [Humongous Register: 0,1 ms]
      [Humongous Reclaim: 0,0 ms]
      [Free CSet: 0,1 ms]
   [Eden: 44,0M(44,0M)->0,0B(44,0M) Survivors: 7168,0K->7168,0K Heap: 274,8M(1024,0M)->234,7M(1024,0M)]
 [Times: user=0,18 sys=0,00, real=0,02 secs] 
2018-04-10T19:46:08.387+0200: 23131,522: [GC pause (G1 Evacuation Pause) (young), 0,0278300 secs]
   [Parallel Time: 24,3 ms, GC Workers: 8]
      [GC Worker Start (ms): Min: 23131522,4, Avg: 23131522,5, Max: 23131523,0, Diff: 0,7]
      [Ext Root Scanning (ms): Min: 0,4, Avg: 1,4, Max: 4,9, Diff: 4,6, Sum: 11,6]
      [Update RS (ms): Min: 0,0, Avg: 1,9, Max: 2,9, Diff: 2,9, Sum: 15,4]
         [Processed Buffers: Min: 0, Avg: 6,1, Max: 27, Diff: 27, Sum: 49]
      [Scan RS (ms): Min: 1,7, Avg: 3,1, Max: 3,8, Diff: 2,1, Sum: 24,8]
      [Code Root Scanning (ms): Min: 0,0, Avg: 0,0, Max: 0,0, Diff: 0,0, Sum: 0,0]
      [Object Copy (ms): Min: 15,8, Avg: 15,9, Max: 16,2, Diff: 0,4, Sum: 127,2]
      [Termination (ms): Min: 0,0, Avg: 0,6, Max: 0,8, Diff: 0,8, Sum: 5,0]
         [Termination Attempts: Min: 1, Avg: 2,6, Max: 4, Diff: 3, Sum: 21]
      [GC Worker Other (ms): Min: 0,0, Avg: 0,0, Max: 0,0, Diff: 0,0, Sum: 0,1]
      [GC Worker Total (ms): Min: 22,5, Avg: 23,0, Max: 23,2, Diff: 0,6, Sum: 184,1]
      [GC Worker End (ms): Min: 23131545,4, Avg: 23131545,5, Max: 23131545,6, Diff: 0,3]
   [Code Root Fixup: 0,0 ms]
   [Code Root Purge: 0,0 ms]
   [Clear CT: 0,6 ms]
   [Other: 2,9 ms]
      [Choose CSet: 0,0 ms]
      [Ref Proc: 2,0 ms]
      [Ref Enq: 0,0 ms]
      [Redirty Cards: 0,4 ms]
      [Humongous Register: 0,1 ms]
      [Humongous Reclaim: 0,0 ms]
      [Free CSet: 0,1 ms]
   [Eden: 44,0M(44,0M)->0,0B(44,0M) Survivors: 7168,0K->7168,0K Heap: 278,7M(1024,0M)->237,7M(1024,0M)]
 [Times: user=0,18 sys=0,00, real=0,02 secs] 
2018-04-10T19:47:26.070+0200: 23209,205: [GC pause (G1 Evacuation Pause) (young), 0,0246548 secs]
   [Parallel Time: 21,0 ms, GC Workers: 8]
      [GC Worker Start (ms): Min: 23209205,5, Avg: 23209205,6, Max: 23209206,1, Diff: 0,6]
      [Ext Root Scanning (ms): Min: 0,2, Avg: 0,6, Max: 1,2, Diff: 1,0, Sum: 4,8]
      [Update RS (ms): Min: 1,3, Avg: 2,0, Max: 2,5, Diff: 1,2, Sum: 15,6]
         [Processed Buffers: Min: 1, Avg: 6,6, Max: 18, Diff: 17, Sum: 53]
      [Scan RS (ms): Min: 2,8, Avg: 3,3, Max: 4,0, Diff: 1,1, Sum: 26,6]
      [Code Root Scanning (ms): Min: 0,0, Avg: 0,0, Max: 0,0, Diff: 0,0, Sum: 0,0]
      [Object Copy (ms): Min: 14,2, Avg: 14,8, Max: 15,5, Diff: 1,3, Sum: 118,5]
      [Termination (ms): Min: 0,0, Avg: 0,0, Max: 0,0, Diff: 0,0, Sum: 0,0]
         [Termination Attempts: Min: 1, Avg: 1,0, Max: 1, Diff: 0, Sum: 8]
      [GC Worker Other (ms): Min: 0,0, Avg: 0,0, Max: 0,0, Diff: 0,0, Sum: 0,2]
      [GC Worker Total (ms): Min: 20,3, Avg: 20,7, Max: 20,9, Diff: 0,6, Sum: 165,8]
      [GC Worker End (ms): Min: 23209226,4, Avg: 23209226,4, Max: 23209226,4, Diff: 0,0]
   [Code Root Fixup: 0,0 ms]
   [Code Root Purge: 0,0 ms]
   [Clear CT: 1,0 ms]
   [Other: 2,6 ms]
      [Choose CSet: 0,0 ms]
      [Ref Proc: 1,0 ms]
      [Ref Enq: 0,0 ms]
      [Redirty Cards: 1,1 ms]
      [Humongous Register: 0,1 ms]
      [Humongous Reclaim: 0,0 ms]
      [Free CSet: 0,1 ms]
   [Eden: 44,0M(44,0M)->0,0B(44,0M) Survivors: 7168,0K->7168,0K Heap: 281,7M(1024,0M)->241,2M(1024,0M)]
 [Times: user=0,17 sys=0,00, real=0,02 secs] 
2018-04-10T19:48:44.222+0200: 23287,357: [GC pause (G1 Evacuation Pause) (young), 0,0255033 secs]
   [Parallel Time: 22,0 ms, GC Workers: 8]
      [GC Worker Start (ms): Min: 23287357,0, Avg: 23287357,2, Max: 23287357,3, Diff: 0,3]
      [Ext Root Scanning (ms): Min: 0,4, Avg: 0,6, Max: 1,1, Diff: 0,7, Sum: 4,9]
      [Update RS (ms): Min: 2,0, Avg: 2,4, Max: 2,8, Diff: 0,7, Sum: 18,8]
         [Processed Buffers: Min: 1, Avg: 6,9, Max: 20, Diff: 19, Sum: 55]
      [Scan RS (ms): Min: 2,2, Avg: 2,7, Max: 3,0, Diff: 0,7, Sum: 21,4]
      [Code Root Scanning (ms): Min: 0,0, Avg: 0,0, Max: 0,0, Diff: 0,0, Sum: 0,0]
      [Object Copy (ms): Min: 13,9, Avg: 14,1, Max: 15,1, Diff: 1,3, Sum: 113,0]
      [Termination (ms): Min: 0,0, Avg: 1,3, Max: 1,8, Diff: 1,8, Sum: 10,3]
         [Termination Attempts: Min: 1, Avg: 4,4, Max: 7, Diff: 6, Sum: 35]
      [GC Worker Other (ms): Min: 0,0, Avg: 0,0, Max: 0,0, Diff: 0,0, Sum: 0,1]
      [GC Worker Total (ms): Min: 20,9, Avg: 21,1, Max: 21,5, Diff: 0,6, Sum: 168,6]
      [GC Worker End (ms): Min: 23287378,0, Avg: 23287378,3, Max: 23287378,7, Diff: 0,7]
   [Code Root Fixup: 0,0 ms]
   [Code Root Purge: 0,0 ms]
   [Clear CT: 1,0 ms]
   [Other: 2,6 ms]
      [Choose CSet: 0,0 ms]
      [Ref Proc: 1,3 ms]
      [Ref Enq: 0,0 ms]
      [Redirty Cards: 0,7 ms]
      [Humongous Register: 0,1 ms]
      [Humongous Reclaim: 0,0 ms]
      [Free CSet: 0,1 ms]
   [Eden: 44,0M(44,0M)->0,0B(44,0M) Survivors: 7168,0K->7168,0K Heap: 285,2M(1024,0M)->244,5M(1024,0M)]
 [Times: user=0,17 sys=0,00, real=0,03 secs] 
2018-04-10T19:50:01.983+0200: 23365,117: [GC pause (G1 Evacuation Pause) (young), 0,0233603 secs]
   [Parallel Time: 20,4 ms, GC Workers: 8]
      [GC Worker Start (ms): Min: 23365117,8, Avg: 23365118,0, Max: 23365118,3, Diff: 0,5]
      [Ext Root Scanning (ms): Min: 0,3, Avg: 0,6, Max: 1,1, Diff: 0,8, Sum: 5,0]
      [Update RS (ms): Min: 1,7, Avg: 2,1, Max: 2,6, Diff: 0,8, Sum: 16,4]
         [Processed Buffers: Min: 1, Avg: 6,5, Max: 17, Diff: 16, Sum: 52]
      [Scan RS (ms): Min: 2,1, Avg: 2,7, Max: 3,5, Diff: 1,4, Sum: 21,6]
      [Code Root Scanning (ms): Min: 0,0, Avg: 0,0, Max: 0,0, Diff: 0,0, Sum: 0,0]
      [Object Copy (ms): Min: 13,8, Avg: 14,0, Max: 14,2, Diff: 0,4, Sum: 111,9]
      [Termination (ms): Min: 0,0, Avg: 0,3, Max: 0,4, Diff: 0,4, Sum: 2,0]
         [Termination Attempts: Min: 1, Avg: 2,4, Max: 5, Diff: 4, Sum: 19]
      [GC Worker Other (ms): Min: 0,0, Avg: 0,0, Max: 0,0, Diff: 0,0, Sum: 0,1]
      [GC Worker Total (ms): Min: 19,3, Avg: 19,6, Max: 19,9, Diff: 0,6, Sum: 157,1]
      [GC Worker End (ms): Min: 23365137,6, Avg: 23365137,6, Max: 23365137,7, Diff: 0,2]
   [Code Root Fixup: 0,0 ms]
   [Code Root Purge: 0,0 ms]
   [Clear CT: 1,0 ms]
   [Other: 2,0 ms]
      [Choose CSet: 0,0 ms]
      [Ref Proc: 0,4 ms]
      [Ref Enq: 0,0 ms]
      [Redirty Cards: 1,0 ms]
      [Humongous Register: 0,1 ms]
      [Humongous Reclaim: 0,0 ms]
      [Free CSet: 0,1 ms]
   [Eden: 44,0M(44,0M)->0,0B(44,0M) Survivors: 7168,0K->7168,0K Heap: 288,5M(1024,0M)->248,0M(1024,0M)]
 [Times: user=0,15 sys=0,00, real=0,03 secs] 
2018-04-10T19:51:18.484+0200: 23441,618: [GC pause (G1 Evacuation Pause) (young), 0,0278235 secs]
   [Parallel Time: 23,6 ms, GC Workers: 8]
      [GC Worker Start (ms): Min: 23441618,6, Avg: 23441618,9, Max: 23441619,5, Diff: 0,9]
      [Ext Root Scanning (ms): Min: 0,0, Avg: 0,6, Max: 1,1, Diff: 1,1, Sum: 4,5]
      [Update RS (ms): Min: 0,0, Avg: 1,9, Max: 2,3, Diff: 2,3, Sum: 15,0]
         [Processed Buffers: Min: 0, Avg: 6,6, Max: 18, Diff: 18, Sum: 53]
      [Scan RS (ms): Min: 0,8, Avg: 3,4, Max: 6,6, Diff: 5,8, Sum: 26,8]
      [Code Root Scanning (ms): Min: 0,0, Avg: 0,0, Max: 0,0, Diff: 0,0, Sum: 0,0]
      [Object Copy (ms): Min: 13,1, Avg: 16,8, Max: 21,3, Diff: 8,3, Sum: 134,5]
      [Termination (ms): Min: 0,0, Avg: 0,1, Max: 0,4, Diff: 0,4, Sum: 1,1]
         [Termination Attempts: Min: 5, Avg: 6,4, Max: 9, Diff: 4, Sum: 51]
      [GC Worker Other (ms): Min: 0,0, Avg: 0,0, Max: 0,0, Diff: 0,0, Sum: 0,2]
      [GC Worker Total (ms): Min: 22,0, Avg: 22,8, Max: 23,2, Diff: 1,2, Sum: 182,1]
      [GC Worker End (ms): Min: 23441641,6, Avg: 23441641,6, Max: 23441641,9, Diff: 0,4]
   [Code Root Fixup: 0,0 ms]
   [Code Root Purge: 0,0 ms]
   [Clear CT: 0,7 ms]
   [Other: 3,6 ms]
      [Choose CSet: 0,0 ms]
      [Ref Proc: 2,6 ms]
      [Ref Enq: 0,0 ms]
      [Redirty Cards: 0,4 ms]
      [Humongous Register: 0,1 ms]
      [Humongous Reclaim: 0,0 ms]
      [Free CSet: 0,1 ms]
   [Eden: 44,0M(44,0M)->0,0B(44,0M) Survivors: 7168,0K->7168,0K Heap: 292,0M(1024,0M)->252,2M(1024,0M)]
 [Times: user=0,18 sys=0,00, real=0,03 secs] 
2018-04-10T19:52:34.932+0200: 23518,066: [GC pause (G1 Evacuation Pause) (young), 0,0253834 secs]
   [Parallel Time: 21,5 ms, GC Workers: 8]
      [GC Worker Start (ms): Min: 23518066,8, Avg: 23518067,4, Max: 23518069,2, Diff: 2,4]
      [Ext Root Scanning (ms): Min: 0,0, Avg: 0,6, Max: 1,1, Diff: 1,1, Sum: 4,5]
      [Update RS (ms): Min: 0,0, Avg: 1,7, Max: 2,7, Diff: 2,6, Sum: 13,8]
         [Processed Buffers: Min: 1, Avg: 6,6, Max: 22, Diff: 21, Sum: 53]
      [Scan RS (ms): Min: 2,5, Avg: 3,3, Max: 4,0, Diff: 1,5, Sum: 26,2]
      [Code Root Scanning (ms): Min: 0,0, Avg: 0,0, Max: 0,0, Diff: 0,0, Sum: 0,0]
      [Object Copy (ms): Min: 14,9, Avg: 15,2, Max: 15,4, Diff: 0,4, Sum: 121,3]
      [Termination (ms): Min: 0,0, Avg: 0,1, Max: 0,1, Diff: 0,1, Sum: 0,4]
         [Termination Attempts: Min: 1, Avg: 24,6, Max: 38, Diff: 37, Sum: 197]
      [GC Worker Other (ms): Min: 0,0, Avg: 0,0, Max: 0,0, Diff: 0,0, Sum: 0,2]
      [GC Worker Total (ms): Min: 19,0, Avg: 20,8, Max: 21,4, Diff: 2,4, Sum: 166,3]
      [GC Worker End (ms): Min: 23518088,2, Avg: 23518088,2, Max: 23518088,2, Diff: 0,0]
   [Code Root Fixup: 0,0 ms]
   [Code Root Purge: 0,0 ms]
   [Clear CT: 0,5 ms]
   [Other: 3,4 ms]
      [Choose CSet: 0,0 ms]
      [Ref Proc: 2,2 ms]
      [Ref Enq: 0,0 ms]
      [Redirty Cards: 0,6 ms]
      [Humongous Register: 0,1 ms]
      [Humongous Reclaim: 0,0 ms]
      [Free CSet: 0,1 ms]
   [Eden: 44,0M(44,0M)->0,0B(44,0M) Survivors: 7168,0K->7168,0K Heap: 296,2M(1024,0M)->255,6M(1024,0M)]
 [Times: user=0,17 sys=0,00, real=0,03 secs] 
2018-04-10T19:53:53.048+0200: 23596,183: [GC pause (G1 Evacuation Pause) (young), 0,0217760 secs]
   [Parallel Time: 20,0 ms, GC Workers: 8]
      [GC Worker Start (ms): Min: 23596183,3, Avg: 23596183,5, Max: 23596184,2, Diff: 0,8]
      [Ext Root Scanning (ms): Min: 0,0, Avg: 0,5, Max: 1,0, Diff: 1,0, Sum: 4,0]
      [Update RS (ms): Min: 0,0, Avg: 1,5, Max: 2,2, Diff: 2,2, Sum: 12,3]
         [Processed Buffers: Min: 0, Avg: 6,4, Max: 21, Diff: 21, Sum: 51]
      [Scan RS (ms): Min: 2,6, Avg: 2,9, Max: 3,4, Diff: 0,9, Sum: 23,4]
      [Code Root Scanning (ms): Min: 0,0, Avg: 0,0, Max: 0,0, Diff: 0,0, Sum: 0,0]
      [Object Copy (ms): Min: 14,4, Avg: 14,8, Max: 16,6, Diff: 2,2, Sum: 118,2]
      [Termination (ms): Min: 0,0, Avg: 0,0, Max: 0,1, Diff: 0,1, Sum: 0,3]
         [Termination Attempts: Min: 1, Avg: 25,5, Max: 35, Diff: 34, Sum: 204]
      [GC Worker Other (ms): Min: 0,0, Avg: 0,0, Max: 0,0, Diff: 0,0, Sum: 0,2]
      [GC Worker Total (ms): Min: 19,1, Avg: 19,8, Max: 20,0, Diff: 0,8, Sum: 158,3]
      [GC Worker End (ms): Min: 23596203,3, Avg: 23596203,3, Max: 23596203,3, Diff: 0,0]
   [Code Root Fixup: 0,0 ms]
   [Code Root Purge: 0,0 ms]
   [Clear CT: 0,5 ms]
   [Other: 1,2 ms]
      [Choose CSet: 0,0 ms]
      [Ref Proc: 0,4 ms]
      [Ref Enq: 0,0 ms]
      [Redirty Cards: 0,2 ms]
      [Humongous Register: 0,1 ms]
      [Humongous Reclaim: 0,0 ms]
      [Free CSet: 0,1 ms]
   [Eden: 44,0M(44,0M)->0,0B(44,0M) Survivors: 7168,0K->7168,0K Heap: 299,6M(1024,0M)->259,5M(1024,0M)]
 [Times: user=0,15 sys=0,00, real=0,02 secs] 
2018-04-10T19:55:09.790+0200: 23672,925: [GC pause (G1 Evacuation Pause) (young), 0,0272058 secs]
   [Parallel Time: 21,1 ms, GC Workers: 8]
      [GC Worker Start (ms): Min: 23672924,9, Avg: 23672925,1, Max: 23672925,2, Diff: 0,3]
      [Ext Root Scanning (ms): Min: 0,4, Avg: 0,6, Max: 1,1, Diff: 0,7, Sum: 4,9]
      [Update RS (ms): Min: 1,8, Avg: 2,1, Max: 2,8, Diff: 1,1, Sum: 17,1]
         [Processed Buffers: Min: 1, Avg: 6,9, Max: 17, Diff: 16, Sum: 55]
      [Scan RS (ms): Min: 2,2, Avg: 2,7, Max: 3,2, Diff: 1,0, Sum: 21,4]
      [Code Root Scanning (ms): Min: 0,0, Avg: 0,0, Max: 0,0, Diff: 0,0, Sum: 0,0]
      [Object Copy (ms): Min: 15,2, Avg: 15,4, Max: 15,6, Diff: 0,5, Sum: 122,9]
      [Termination (ms): Min: 0,0, Avg: 0,0, Max: 0,0, Diff: 0,0, Sum: 0,0]
         [Termination Attempts: Min: 1, Avg: 1,0, Max: 1, Diff: 0, Sum: 8]
      [GC Worker Other (ms): Min: 0,0, Avg: 0,0, Max: 0,0, Diff: 0,0, Sum: 0,2]
      [GC Worker Total (ms): Min: 20,7, Avg: 20,8, Max: 21,0, Diff: 0,3, Sum: 166,5]
      [GC Worker End (ms): Min: 23672945,9, Avg: 23672945,9, Max: 23672945,9, Diff: 0,0]
   [Code Root Fixup: 0,0 ms]
   [Code Root Purge: 0,0 ms]
   [Clear CT: 0,2 ms]
   [Other: 5,9 ms]
      [Choose CSet: 0,0 ms]
      [Ref Proc: 5,2 ms]
      [Ref Enq: 0,0 ms]
      [Redirty Cards: 0,2 ms]
      [Humongous Register: 0,1 ms]
      [Humongous Reclaim: 0,0 ms]
      [Free CSet: 0,1 ms]
   [Eden: 44,0M(44,0M)->0,0B(44,0M) Survivors: 7168,0K->7168,0K Heap: 303,5M(1024,0M)->263,2M(1024,0M)]
 [Times: user=0,20 sys=0,00, real=0,03 secs] 
2018-04-10T19:56:27.868+0200: 23751,003: [GC pause (G1 Evacuation Pause) (young), 0,0232437 secs]
   [Parallel Time: 20,4 ms, GC Workers: 8]
      [GC Worker Start (ms): Min: 23751003,0, Avg: 23751003,3, Max: 23751003,9, Diff: 0,9]
      [Ext Root Scanning (ms): Min: 0,0, Avg: 0,6, Max: 1,2, Diff: 1,2, Sum: 4,8]
      [Update RS (ms): Min: 0,0, Avg: 1,9, Max: 2,6, Diff: 2,6, Sum: 15,3]
         [Processed Buffers: Min: 0, Avg: 6,5, Max: 20, Diff: 20, Sum: 52]
      [Scan RS (ms): Min: 2,7, Avg: 3,1, Max: 3,3, Diff: 0,6, Sum: 24,4]
      [Code Root Scanning (ms): Min: 0,0, Avg: 0,0, Max: 0,0, Diff: 0,0, Sum: 0,0]
      [Object Copy (ms): Min: 13,9, Avg: 14,4, Max: 16,2, Diff: 2,3, Sum: 115,5]
      [Termination (ms): Min: 0,0, Avg: 0,0, Max: 0,0, Diff: 0,0, Sum: 0,0]
         [Termination Attempts: Min: 1, Avg: 1,0, Max: 1, Diff: 0, Sum: 8]
      [GC Worker Other (ms): Min: 0,0, Avg: 0,0, Max: 0,0, Diff: 0,0, Sum: 0,2]
      [GC Worker Total (ms): Min: 19,4, Avg: 20,0, Max: 20,3, Diff: 0,9, Sum: 160,2]
      [GC Worker End (ms): Min: 23751023,3, Avg: 23751023,3, Max: 23751023,3, Diff: 0,0]
   [Code Root Fixup: 0,0 ms]
   [Code Root Purge: 0,0 ms]
   [Clear CT: 0,7 ms]
   [Other: 2,1 ms]
      [Choose CSet: 0,0 ms]
      [Ref Proc: 1,0 ms]
      [Ref Enq: 0,0 ms]
      [Redirty Cards: 0,5 ms]
      [Humongous Register: 0,1 ms]
      [Humongous Reclaim: 0,0 ms]
      [Free CSet: 0,1 ms]
   [Eden: 44,0M(44,0M)->0,0B(44,0M) Survivors: 7168,0K->7168,0K Heap: 307,2M(1024,0M)->267,3M(1024,0M)]
 [Times: user=0,16 sys=0,00, real=0,02 secs] 
2018-04-10T19:57:44.796+0200: 23827,931: [GC pause (G1 Evacuation Pause) (young), 0,0227465 secs]
   [Parallel Time: 19,2 ms, GC Workers: 8]
      [GC Worker Start (ms): Min: 23827931,3, Avg: 23827931,4, Max: 23827931,5, Diff: 0,2]
      [Ext Root Scanning (ms): Min: 0,4, Avg: 0,6, Max: 1,1, Diff: 0,7, Sum: 4,5]
      [Update RS (ms): Min: 1,7, Avg: 2,0, Max: 2,2, Diff: 0,6, Sum: 15,8]
         [Processed Buffers: Min: 1, Avg: 6,6, Max: 18, Diff: 17, Sum: 53]
      [Scan RS (ms): Min: 2,0, Avg: 2,6, Max: 3,5, Diff: 1,5, Sum: 20,8]
      [Code Root Scanning (ms): Min: 0,0, Avg: 0,0, Max: 0,0, Diff: 0,0, Sum: 0,0]
      [Object Copy (ms): Min: 12,9, Avg: 13,5, Max: 13,9, Diff: 1,0, Sum: 108,3]
      [Termination (ms): Min: 0,0, Avg: 0,0, Max: 0,0, Diff: 0,0, Sum: 0,1]
         [Termination Attempts: Min: 1, Avg: 3,5, Max: 7, Diff: 6, Sum: 28]
      [GC Worker Other (ms): Min: 0,0, Avg: 0,0, Max: 0,0, Diff: 0,0, Sum: 0,2]
      [GC Worker Total (ms): Min: 18,6, Avg: 18,7, Max: 18,8, Diff: 0,2, Sum: 149,7]
      [GC Worker End (ms): Min: 23827950,1, Avg: 23827950,1, Max: 23827950,1, Diff: 0,0]
   [Code Root Fixup: 0,0 ms]
   [Code Root Purge: 0,0 ms]
   [Clear CT: 0,5 ms]
   [Other: 3,1 ms]
      [Choose CSet: 0,0 ms]
      [Ref Proc: 2,1 ms]
      [Ref Enq: 0,0 ms]
      [Redirty Cards: 0,4 ms]
      [Humongous Register: 0,1 ms]
      [Humongous Reclaim: 0,0 ms]
      [Free CSet: 0,1 ms]
   [Eden: 44,0M(44,0M)->0,0B(44,0M) Survivors: 7168,0K->7168,0K Heap: 311,3M(1024,0M)->270,8M(1024,0M)]
 [Times: user=0,16 sys=0,00, real=0,02 secs] 
2018-04-10T19:59:02.930+0200: 23906,065: [GC pause (G1 Evacuation Pause) (young), 0,0243860 secs]
   [Parallel Time: 21,3 ms, GC Workers: 8]
      [GC Worker Start (ms): Min: 23906065,4, Avg: 23906065,5, Max: 23906065,6, Diff: 0,2]
      [Ext Root Scanning (ms): Min: 0,4, Avg: 0,6, Max: 1,2, Diff: 0,7, Sum: 5,1]
      [Update RS (ms): Min: 2,1, Avg: 2,5, Max: 2,8, Diff: 0,7, Sum: 19,7]
         [Processed Buffers: Min: 2, Avg: 6,8, Max: 15, Diff: 13, Sum: 54]
      [Scan RS (ms): Min: 2,2, Avg: 2,6, Max: 3,0, Diff: 0,7, Sum: 20,6]
      [Code Root Scanning (ms): Min: 0,0, Avg: 0,0, Max: 0,0, Diff: 0,0, Sum: 0,0]
      [Object Copy (ms): Min: 15,3, Avg: 15,5, Max: 15,7, Diff: 0,4, Sum: 123,7]
      [Termination (ms): Min: 0,0, Avg: 0,0, Max: 0,0, Diff: 0,0, Sum: 0,0]
         [Termination Attempts: Min: 1, Avg: 1,0, Max: 1, Diff: 0, Sum: 8]
      [GC Worker Other (ms): Min: 0,0, Avg: 0,0, Max: 0,0, Diff: 0,0, Sum: 0,2]
      [GC Worker Total (ms): Min: 21,1, Avg: 21,2, Max: 21,3, Diff: 0,2, Sum: 169,4]
      [GC Worker End (ms): Min: 23906086,7, Avg: 23906086,7, Max: 23906086,7, Diff: 0,0]
   [Code Root Fixup: 0,0 ms]
   [Code Root Purge: 0,0 ms]
   [Clear CT: 0,3 ms]
   [Other: 2,8 ms]
      [Choose CSet: 0,0 ms]
      [Ref Proc: 1,7 ms]
      [Ref Enq: 0,0 ms]
      [Redirty Cards: 0,6 ms]
      [Humongous Register: 0,1 ms]
      [Humongous Reclaim: 0,0 ms]
      [Free CSet: 0,1 ms]
   [Eden: 44,0M(44,0M)->0,0B(44,0M) Survivors: 7168,0K->7168,0K Heap: 314,8M(1024,0M)->274,5M(1024,0M)]
 [Times: user=0,18 sys=0,00, real=0,02 secs] 
2018-04-10T20:00:19.432+0200: 23982,566: [GC pause (G1 Evacuation Pause) (young), 0,0248357 secs]
   [Parallel Time: 22,8 ms, GC Workers: 8]
      [GC Worker Start (ms): Min: 23982566,6, Avg: 23982566,8, Max: 23982567,6, Diff: 1,0]
      [Ext Root Scanning (ms): Min: 0,0, Avg: 0,6, Max: 1,2, Diff: 1,2, Sum: 4,9]
      [Update RS (ms): Min: 0,1, Avg: 2,1, Max: 3,0, Diff: 2,9, Sum: 16,8]
         [Processed Buffers: Min: 2, Avg: 6,8, Max: 16, Diff: 14, Sum: 54]
      [Scan RS (ms): Min: 2,1, Avg: 2,9, Max: 3,8, Diff: 1,6, Sum: 22,9]
      [Code Root Scanning (ms): Min: 0,0, Avg: 0,0, Max: 0,0, Diff: 0,0, Sum: 0,0]
      [Object Copy (ms): Min: 14,5, Avg: 15,1, Max: 16,9, Diff: 2,4, Sum: 121,0]
      [Termination (ms): Min: 0,0, Avg: 0,9, Max: 1,4, Diff: 1,4, Sum: 7,1]
         [Termination Attempts: Min: 1, Avg: 1,4, Max: 2, Diff: 1, Sum: 11]
      [GC Worker Other (ms): Min: 0,0, Avg: 0,0, Max: 0,0, Diff: 0,0, Sum: 0,2]
      [GC Worker Total (ms): Min: 20,6, Avg: 21,6, Max: 22,3, Diff: 1,6, Sum: 172,9]
      [GC Worker End (ms): Min: 23982588,2, Avg: 23982588,4, Max: 23982588,9, Diff: 0,7]
   [Code Root Fixup: 0,0 ms]
   [Code Root Purge: 0,0 ms]
   [Clear CT: 0,3 ms]
   [Other: 1,7 ms]
      [Choose CSet: 0,0 ms]
      [Ref Proc: 0,8 ms]
      [Ref Enq: 0,0 ms]
      [Redirty Cards: 0,3 ms]
      [Humongous Register: 0,1 ms]
      [Humongous Reclaim: 0,0 ms]
      [Free CSet: 0,1 ms]
   [Eden: 44,0M(44,0M)->0,0B(44,0M) Survivors: 7168,0K->7168,0K Heap: 318,5M(1024,0M)->278,8M(1024,0M)]
 [Times: user=0,17 sys=0,00, real=0,03 secs] 
2018-04-10T20:01:36.708+0200: 24059,842: [GC pause (G1 Evacuation Pause) (young), 0,0202392 secs]
   [Parallel Time: 17,7 ms, GC Workers: 8]
      [GC Worker Start (ms): Min: 24059842,7, Avg: 24059842,8, Max: 24059843,4, Diff: 0,7]
      [Ext Root Scanning (ms): Min: 0,0, Avg: 0,5, Max: 1,1, Diff: 1,1, Sum: 4,1]
      [Update RS (ms): Min: 0,0, Avg: 1,8, Max: 2,3, Diff: 2,3, Sum: 14,4]
         [Processed Buffers: Min: 0, Avg: 6,6, Max: 13, Diff: 13, Sum: 53]
      [Scan RS (ms): Min: 0,7, Avg: 2,5, Max: 3,1, Diff: 2,4, Sum: 19,7]
      [Code Root Scanning (ms): Min: 0,0, Avg: 0,0, Max: 0,0, Diff: 0,0, Sum: 0,0]
      [Object Copy (ms): Min: 11,9, Avg: 12,5, Max: 16,1, Diff: 4,2, Sum: 99,9]
      [Termination (ms): Min: 0,0, Avg: 0,0, Max: 0,0, Diff: 0,0, Sum: 0,0]
         [Termination Attempts: Min: 1, Avg: 2,8, Max: 5, Diff: 4, Sum: 22]
      [GC Worker Other (ms): Min: 0,0, Avg: 0,0, Max: 0,0, Diff: 0,0, Sum: 0,2]
      [GC Worker Total (ms): Min: 16,8, Avg: 17,3, Max: 17,5, Diff: 0,7, Sum: 138,3]
      [GC Worker End (ms): Min: 24059860,1, Avg: 24059860,1, Max: 24059860,1, Diff: 0,0]
   [Code Root Fixup: 0,0 ms]
   [Code Root Purge: 0,0 ms]
   [Clear CT: 0,4 ms]
   [Other: 2,1 ms]
      [Choose CSet: 0,0 ms]
      [Ref Proc: 1,6 ms]
      [Ref Enq: 0,0 ms]
      [Redirty Cards: 0,1 ms]
      [Humongous Register: 0,1 ms]
      [Humongous Reclaim: 0,0 ms]
      [Free CSet: 0,1 ms]
   [Eden: 44,0M(44,0M)->0,0B(53,0M) Survivors: 7168,0K->7168,0K Heap: 322,8M(1024,0M)->282,3M(1024,0M)]
 [Times: user=0,14 sys=0,00, real=0,02 secs] 
2018-04-10T20:03:10.099+0200: 24153,234: [GC pause (G1 Evacuation Pause) (young), 0,0240414 secs]
   [Parallel Time: 20,9 ms, GC Workers: 8]
      [GC Worker Start (ms): Min: 24153234,1, Avg: 24153234,2, Max: 24153234,7, Diff: 0,6]
      [Ext Root Scanning (ms): Min: 0,1, Avg: 0,6, Max: 1,2, Diff: 1,0, Sum: 5,1]
      [Update RS (ms): Min: 2,0, Avg: 2,4, Max: 3,1, Diff: 1,2, Sum: 19,4]
         [Processed Buffers: Min: 1, Avg: 6,6, Max: 13, Diff: 12, Sum: 53]
      [Scan RS (ms): Min: 1,8, Avg: 2,6, Max: 3,1, Diff: 1,3, Sum: 20,4]
      [Code Root Scanning (ms): Min: 0,0, Avg: 0,0, Max: 0,0, Diff: 0,0, Sum: 0,0]
      [Object Copy (ms): Min: 14,8, Avg: 15,0, Max: 15,2, Diff: 0,4, Sum: 119,7]
      [Termination (ms): Min: 0,0, Avg: 0,0, Max: 0,0, Diff: 0,0, Sum: 0,0]
         [Termination Attempts: Min: 1, Avg: 1,0, Max: 1, Diff: 0, Sum: 8]
      [GC Worker Other (ms): Min: 0,0, Avg: 0,0, Max: 0,0, Diff: 0,0, Sum: 0,2]
      [GC Worker Total (ms): Min: 20,1, Avg: 20,6, Max: 20,8, Diff: 0,6, Sum: 164,8]
      [GC Worker End (ms): Min: 24153254,8, Avg: 24153254,8, Max: 24153254,8, Diff: 0,0]
   [Code Root Fixup: 0,0 ms]
   [Code Root Purge: 0,0 ms]
   [Clear CT: 0,4 ms]
   [Other: 2,8 ms]
      [Choose CSet: 0,0 ms]
      [Ref Proc: 1,3 ms]
      [Ref Enq: 0,0 ms]
      [Redirty Cards: 0,9 ms]
      [Humongous Register: 0,1 ms]
      [Humongous Reclaim: 0,0 ms]
      [Free CSet: 0,1 ms]
   [Eden: 53,0M(53,0M)->0,0B(57,0M) Survivors: 7168,0K->8192,0K Heap: 335,3M(1024,0M)->287,5M(1024,0M)]
 [Times: user=0,17 sys=0,00, real=0,02 secs] 
2018-04-10T20:04:25.523+0200: 24228,658: [GC pause (G1 Evacuation Pause) (young), 0,0248232 secs]
   [Parallel Time: 22,3 ms, GC Workers: 8]
      [GC Worker Start (ms): Min: 24228658,2, Avg: 24228658,5, Max: 24228658,9, Diff: 0,7]
      [Ext Root Scanning (ms): Min: 0,1, Avg: 0,6, Max: 1,2, Diff: 1,1, Sum: 4,6]
      [Update RS (ms): Min: 1,3, Avg: 1,7, Max: 2,2, Diff: 1,0, Sum: 13,7]
         [Processed Buffers: Min: 2, Avg: 6,5, Max: 14, Diff: 12, Sum: 52]
      [Scan RS (ms): Min: 2,3, Avg: 2,9, Max: 3,3, Diff: 1,0, Sum: 23,0]
      [Code Root Scanning (ms): Min: 0,0, Avg: 0,0, Max: 0,0, Diff: 0,0, Sum: 0,0]
      [Object Copy (ms): Min: 16,3, Avg: 16,5, Max: 16,6, Diff: 0,3, Sum: 131,7]
      [Termination (ms): Min: 0,0, Avg: 0,0, Max: 0,0, Diff: 0,0, Sum: 0,0]
         [Termination Attempts: Min: 1, Avg: 1,0, Max: 1, Diff: 0, Sum: 8]
      [GC Worker Other (ms): Min: 0,0, Avg: 0,0, Max: 0,0, Diff: 0,0, Sum: 0,2]
      [GC Worker Total (ms): Min: 21,2, Avg: 21,7, Max: 21,9, Diff: 0,7, Sum: 173,2]
      [GC Worker End (ms): Min: 24228680,1, Avg: 24228680,1, Max: 24228680,1, Diff: 0,0]
   [Code Root Fixup: 0,0 ms]
   [Code Root Purge: 0,0 ms]
   [Clear CT: 0,5 ms]
   [Other: 2,0 ms]
      [Choose CSet: 0,0 ms]
      [Ref Proc: 0,9 ms]
      [Ref Enq: 0,0 ms]
      [Redirty Cards: 0,6 ms]
      [Humongous Register: 0,1 ms]
      [Humongous Reclaim: 0,0 ms]
      [Free CSet: 0,1 ms]
   [Eden: 43,0M(43,0M)->0,0B(51,0M) Survivors: 8192,0K->7168,0K Heap: 330,5M(1024,0M)->291,5M(1024,0M)]
 [Times: user=0,17 sys=0,00, real=0,03 secs] 
2018-04-10T20:05:55.370+0200: 24318,505: [GC pause (G1 Evacuation Pause) (young), 0,0257594 secs]
   [Parallel Time: 24,1 ms, GC Workers: 8]
      [GC Worker Start (ms): Min: 24318505,3, Avg: 24318506,1, Max: 24318510,8, Diff: 5,5]
      [Ext Root Scanning (ms): Min: 0,0, Avg: 0,6, Max: 1,2, Diff: 1,2, Sum: 4,7]
      [Update RS (ms): Min: 0,0, Avg: 2,2, Max: 3,2, Diff: 3,2, Sum: 17,9]
         [Processed Buffers: Min: 0, Avg: 6,5, Max: 22, Diff: 22, Sum: 52]
      [Scan RS (ms): Min: 0,8, Avg: 2,5, Max: 3,3, Diff: 2,5, Sum: 20,3]
      [Code Root Scanning (ms): Min: 0,0, Avg: 0,0, Max: 0,0, Diff: 0,0, Sum: 0,0]
      [Object Copy (ms): Min: 17,4, Avg: 17,8, Max: 18,0, Diff: 0,5, Sum: 142,1]
      [Termination (ms): Min: 0,0, Avg: 0,0, Max: 0,1, Diff: 0,1, Sum: 0,4]
         [Termination Attempts: Min: 1, Avg: 20,5, Max: 27, Diff: 26, Sum: 164]
      [GC Worker Other (ms): Min: 0,0, Avg: 0,0, Max: 0,0, Diff: 0,0, Sum: 0,2]
      [GC Worker Total (ms): Min: 18,5, Avg: 23,2, Max: 24,0, Diff: 5,5, Sum: 185,5]
      [GC Worker End (ms): Min: 24318529,3, Avg: 24318529,3, Max: 24318529,3, Diff: 0,0]
   [Code Root Fixup: 0,0 ms]
   [Code Root Purge: 0,0 ms]
   [Clear CT: 0,5 ms]
   [Other: 1,2 ms]
      [Choose CSet: 0,0 ms]
      [Ref Proc: 0,6 ms]
      [Ref Enq: 0,0 ms]
      [Redirty Cards: 0,1 ms]
      [Humongous Register: 0,1 ms]
      [Humongous Reclaim: 0,0 ms]
      [Free CSet: 0,1 ms]
   [Eden: 51,0M(51,0M)->0,0B(47,0M) Survivors: 7168,0K->8192,0K Heap: 342,5M(1024,0M)->297,3M(1024,0M)]
 [Times: user=0,19 sys=0,00, real=0,03 secs] 
2018-04-10T20:07:18.065+0200: 24401,200: [GC pause (G1 Evacuation Pause) (young), 0,0256151 secs]
   [Parallel Time: 22,0 ms, GC Workers: 8]
      [GC Worker Start (ms): Min: 24401200,3, Avg: 24401200,6, Max: 24401201,3, Diff: 0,9]
      [Ext Root Scanning (ms): Min: 0,0, Avg: 0,5, Max: 1,0, Diff: 1,0, Sum: 4,2]
      [Update RS (ms): Min: 0,0, Avg: 2,0, Max: 2,6, Diff: 2,6, Sum: 15,9]
         [Processed Buffers: Min: 0, Avg: 6,6, Max: 21, Diff: 21, Sum: 53]
      [Scan RS (ms): Min: 1,6, Avg: 2,3, Max: 2,7, Diff: 1,2, Sum: 18,7]
      [Code Root Scanning (ms): Min: 0,0, Avg: 0,0, Max: 0,0, Diff: 0,0, Sum: 0,0]
      [Object Copy (ms): Min: 15,9, Avg: 16,6, Max: 19,3, Diff: 3,4, Sum: 132,5]
      [Termination (ms): Min: 0,0, Avg: 0,0, Max: 0,0, Diff: 0,0, Sum: 0,0]
         [Termination Attempts: Min: 1, Avg: 1,1, Max: 2, Diff: 1, Sum: 9]
      [GC Worker Other (ms): Min: 0,0, Avg: 0,0, Max: 0,0, Diff: 0,0, Sum: 0,2]
      [GC Worker Total (ms): Min: 20,8, Avg: 21,4, Max: 21,7, Diff: 0,9, Sum: 171,4]
      [GC Worker End (ms): Min: 24401222,0, Avg: 24401222,0, Max: 24401222,0, Diff: 0,0]
   [Code Root Fixup: 0,0 ms]
   [Code Root Purge: 0,0 ms]
   [Clear CT: 0,5 ms]
   [Other: 3,1 ms]
      [Choose CSet: 0,0 ms]
      [Ref Proc: 2,2 ms]
      [Ref Enq: 0,0 ms]
      [Redirty Cards: 0,5 ms]
      [Humongous Register: 0,1 ms]
      [Humongous Reclaim: 0,0 ms]
      [Free CSet: 0,1 ms]
   [Eden: 47,0M(47,0M)->0,0B(45,0M) Survivors: 8192,0K->6144,0K Heap: 344,3M(1024,0M)->300,0M(1024,0M)]
 [Times: user=0,17 sys=0,00, real=0,03 secs] 
2018-04-10T20:08:37.453+0200: 24480,587: [GC pause (G1 Evacuation Pause) (young), 0,0234557 secs]
   [Parallel Time: 17,7 ms, GC Workers: 8]
      [GC Worker Start (ms): Min: 24480587,7, Avg: 24480588,0, Max: 24480588,6, Diff: 0,9]
      [Ext Root Scanning (ms): Min: 0,0, Avg: 0,6, Max: 1,1, Diff: 1,1, Sum: 4,5]
      [Update RS (ms): Min: 0,9, Avg: 2,2, Max: 3,4, Diff: 2,5, Sum: 17,7]
         [Processed Buffers: Min: 1, Avg: 6,4, Max: 25, Diff: 24, Sum: 51]
      [Scan RS (ms): Min: 2,1, Avg: 3,3, Max: 5,0, Diff: 3,0, Sum: 26,5]
      [Code Root Scanning (ms): Min: 0,0, Avg: 0,0, Max: 0,0, Diff: 0,0, Sum: 0,0]
      [Object Copy (ms): Min: 9,3, Avg: 11,2, Max: 12,8, Diff: 3,5, Sum: 89,6]
      [Termination (ms): Min: 0,0, Avg: 0,0, Max: 0,0, Diff: 0,0, Sum: 0,0]
         [Termination Attempts: Min: 1, Avg: 1,6, Max: 3, Diff: 2, Sum: 13]
      [GC Worker Other (ms): Min: 0,0, Avg: 0,0, Max: 0,0, Diff: 0,0, Sum: 0,2]
      [GC Worker Total (ms): Min: 16,7, Avg: 17,3, Max: 17,6, Diff: 0,9, Sum: 138,6]
      [GC Worker End (ms): Min: 24480605,3, Avg: 24480605,3, Max: 24480605,3, Diff: 0,0]
   [Code Root Fixup: 0,0 ms]
   [Code Root Purge: 0,0 ms]
   [Clear CT: 0,8 ms]
   [Other: 4,9 ms]
      [Choose CSet: 0,0 ms]
      [Ref Proc: 3,3 ms]
      [Ref Enq: 0,0 ms]
      [Redirty Cards: 1,0 ms]
      [Humongous Register: 0,1 ms]
      [Humongous Reclaim: 0,0 ms]
      [Free CSet: 0,1 ms]
   [Eden: 45,0M(45,0M)->0,0B(44,0M) Survivors: 6144,0K->7168,0K Heap: 345,0M(1024,0M)->302,0M(1024,0M)]
 [Times: user=0,14 sys=0,00, real=0,03 secs] 
2018-04-10T20:09:55.084+0200: 24558,219: [GC pause (G1 Evacuation Pause) (young), 0,0242229 secs]
   [Parallel Time: 20,3 ms, GC Workers: 8]
      [GC Worker Start (ms): Min: 24558218,8, Avg: 24558219,3, Max: 24558220,0, Diff: 1,2]
      [Ext Root Scanning (ms): Min: 0,0, Avg: 0,5, Max: 1,0, Diff: 1,0, Sum: 4,2]
      [Update RS (ms): Min: 0,0, Avg: 1,5, Max: 2,0, Diff: 2,0, Sum: 12,1]
         [Processed Buffers: Min: 0, Avg: 6,5, Max: 12, Diff: 12, Sum: 52]
      [Scan RS (ms): Min: 1,7, Avg: 2,1, Max: 2,2, Diff: 0,6, Sum: 16,5]
      [Code Root Scanning (ms): Min: 0,0, Avg: 0,0, Max: 0,0, Diff: 0,0, Sum: 0,0]
      [Object Copy (ms): Min: 14,4, Avg: 14,9, Max: 16,6, Diff: 2,2, Sum: 119,1]
      [Termination (ms): Min: 0,0, Avg: 0,4, Max: 0,6, Diff: 0,6, Sum: 3,1]
         [Termination Attempts: Min: 1, Avg: 10,6, Max: 18, Diff: 17, Sum: 85]
      [GC Worker Other (ms): Min: 0,0, Avg: 0,0, Max: 0,0, Diff: 0,0, Sum: 0,1]
      [GC Worker Total (ms): Min: 18,6, Avg: 19,4, Max: 19,9, Diff: 1,2, Sum: 155,1]
      [GC Worker End (ms): Min: 24558238,6, Avg: 24558238,7, Max: 24558238,8, Diff: 0,2]
   [Code Root Fixup: 0,0 ms]
   [Code Root Purge: 0,0 ms]
   [Clear CT: 0,5 ms]
   [Other: 3,4 ms]
      [Choose CSet: 0,0 ms]
      [Ref Proc: 2,5 ms]
      [Ref Enq: 0,0 ms]
      [Redirty Cards: 0,3 ms]
      [Humongous Register: 0,1 ms]
      [Humongous Reclaim: 0,0 ms]
      [Free CSet: 0,1 ms]
   [Eden: 44,0M(44,0M)->0,0B(44,0M) Survivors: 7168,0K->7168,0K Heap: 346,0M(1024,0M)->304,8M(1024,0M)]
 [Times: user=0,17 sys=0,00, real=0,03 secs] 
2018-04-10T20:11:12.065+0200: 24635,200: [GC pause (G1 Evacuation Pause) (young), 0,0237315 secs]
   [Parallel Time: 21,1 ms, GC Workers: 8]
      [GC Worker Start (ms): Min: 24635200,3, Avg: 24635200,5, Max: 24635201,1, Diff: 0,8]
      [Ext Root Scanning (ms): Min: 0,0, Avg: 0,6, Max: 1,2, Diff: 1,2, Sum: 4,7]
      [Update RS (ms): Min: 1,8, Avg: 2,0, Max: 2,3, Diff: 0,5, Sum: 15,9]
         [Processed Buffers: Min: 2, Avg: 6,8, Max: 17, Diff: 15, Sum: 54]
      [Scan RS (ms): Min: 1,8, Avg: 2,2, Max: 2,6, Diff: 0,8, Sum: 17,8]
      [Code Root Scanning (ms): Min: 0,0, Avg: 0,0, Max: 0,0, Diff: 0,0, Sum: 0,0]
      [Object Copy (ms): Min: 15,4, Avg: 15,7, Max: 15,9, Diff: 0,5, Sum: 125,5]
      [Termination (ms): Min: 0,0, Avg: 0,0, Max: 0,0, Diff: 0,0, Sum: 0,0]
         [Termination Attempts: Min: 1, Avg: 1,0, Max: 1, Diff: 0, Sum: 8]
      [GC Worker Other (ms): Min: 0,0, Avg: 0,0, Max: 0,0, Diff: 0,0, Sum: 0,2]
      [GC Worker Total (ms): Min: 19,9, Avg: 20,5, Max: 20,7, Diff: 0,8, Sum: 164,1]
      [GC Worker End (ms): Min: 24635221,0, Avg: 24635221,0, Max: 24635221,1, Diff: 0,0]
   [Code Root Fixup: 0,0 ms]
   [Code Root Purge: 0,0 ms]
   [Clear CT: 0,4 ms]
   [Other: 2,2 ms]
      [Choose CSet: 0,0 ms]
      [Ref Proc: 0,8 ms]
      [Ref Enq: 0,0 ms]
      [Redirty Cards: 0,8 ms]
      [Humongous Register: 0,1 ms]
      [Humongous Reclaim: 0,0 ms]
      [Free CSet: 0,1 ms]
   [Eden: 44,0M(44,0M)->0,0B(44,0M) Survivors: 7168,0K->7168,0K Heap: 348,8M(1024,0M)->308,7M(1024,0M)]
 [Times: user=0,17 sys=0,00, real=0,03 secs] 
2018-04-10T20:12:28.878+0200: 24712,013: [GC pause (G1 Evacuation Pause) (young), 0,0246615 secs]
   [Parallel Time: 22,0 ms, GC Workers: 8]
      [GC Worker Start (ms): Min: 24712013,3, Avg: 24712013,3, Max: 24712013,4, Diff: 0,2]
      [Ext Root Scanning (ms): Min: 0,5, Avg: 0,7, Max: 1,2, Diff: 0,7, Sum: 5,3]
      [Update RS (ms): Min: 2,2, Avg: 2,7, Max: 3,7, Diff: 1,5, Sum: 21,3]
         [Processed Buffers: Min: 1, Avg: 6,6, Max: 23, Diff: 22, Sum: 53]
      [Scan RS (ms): Min: 1,8, Avg: 2,8, Max: 3,8, Diff: 2,0, Sum: 22,6]
      [Code Root Scanning (ms): Min: 0,0, Avg: 0,0, Max: 0,0, Diff: 0,0, Sum: 0,0]
      [Object Copy (ms): Min: 15,0, Avg: 15,5, Max: 15,8, Diff: 0,8, Sum: 124,2]
      [Termination (ms): Min: 0,0, Avg: 0,0, Max: 0,0, Diff: 0,0, Sum: 0,0]
         [Termination Attempts: Min: 1, Avg: 1,0, Max: 1, Diff: 0, Sum: 8]
      [GC Worker Other (ms): Min: 0,0, Avg: 0,0, Max: 0,0, Diff: 0,0, Sum: 0,2]
      [GC Worker Total (ms): Min: 21,6, Avg: 21,7, Max: 21,8, Diff: 0,2, Sum: 173,7]
      [GC Worker End (ms): Min: 24712035,0, Avg: 24712035,0, Max: 24712035,1, Diff: 0,0]
   [Code Root Fixup: 0,0 ms]
   [Code Root Purge: 0,0 ms]
   [Clear CT: 0,2 ms]
   [Other: 2,4 ms]
      [Choose CSet: 0,0 ms]
      [Ref Proc: 1,2 ms]
      [Ref Enq: 0,0 ms]
      [Redirty Cards: 0,7 ms]
      [Humongous Register: 0,1 ms]
      [Humongous Reclaim: 0,0 ms]
      [Free CSet: 0,1 ms]
   [Eden: 44,0M(44,0M)->0,0B(44,0M) Survivors: 7168,0K->7168,0K Heap: 352,7M(1024,0M)->312,3M(1024,0M)]
 [Times: user=0,17 sys=0,00, real=0,02 secs] 
2018-04-10T20:13:46.241+0200: 24789,376: [GC pause (G1 Evacuation Pause) (young), 0,0278505 secs]
   [Parallel Time: 25,4 ms, GC Workers: 8]
      [GC Worker Start (ms): Min: 24789376,4, Avg: 24789376,5, Max: 24789377,0, Diff: 0,6]
      [Ext Root Scanning (ms): Min: 0,1, Avg: 0,6, Max: 1,2, Diff: 1,1, Sum: 5,1]
      [Update RS (ms): Min: 1,9, Avg: 2,3, Max: 2,7, Diff: 0,8, Sum: 18,1]
         [Processed Buffers: Min: 2, Avg: 6,2, Max: 14, Diff: 12, Sum: 50]
      [Scan RS (ms): Min: 2,3, Avg: 2,8, Max: 3,5, Diff: 1,2, Sum: 22,3]
      [Code Root Scanning (ms): Min: 0,0, Avg: 0,0, Max: 0,0, Diff: 0,0, Sum: 0,0]
      [Object Copy (ms): Min: 16,8, Avg: 17,5, Max: 18,7, Diff: 1,9, Sum: 140,1]
      [Termination (ms): Min: 0,0, Avg: 1,3, Max: 1,6, Diff: 1,6, Sum: 10,1]
         [Termination Attempts: Min: 1, Avg: 3,0, Max: 6, Diff: 5, Sum: 24]
      [GC Worker Other (ms): Min: 0,0, Avg: 0,0, Max: 0,0, Diff: 0,0, Sum: 0,1]
      [GC Worker Total (ms): Min: 24,0, Avg: 24,5, Max: 24,7, Diff: 0,7, Sum: 195,9]
      [GC Worker End (ms): Min: 24789400,8, Avg: 24789401,0, Max: 24789401,2, Diff: 0,4]
   [Code Root Fixup: 0,0 ms]
   [Code Root Purge: 0,0 ms]
   [Clear CT: 0,3 ms]
   [Other: 2,2 ms]
      [Choose CSet: 0,0 ms]
      [Ref Proc: 1,4 ms]
      [Ref Enq: 0,0 ms]
      [Redirty Cards: 0,2 ms]
      [Humongous Register: 0,1 ms]
      [Humongous Reclaim: 0,0 ms]
      [Free CSet: 0,1 ms]
   [Eden: 44,0M(44,0M)->0,0B(44,0M) Survivors: 7168,0K->7168,0K Heap: 356,3M(1024,0M)->315,0M(1024,0M)]
 [Times: user=0,18 sys=0,00, real=0,03 secs] 
2018-04-10T20:15:02.975+0200: 24866,109: [GC pause (G1 Evacuation Pause) (young), 0,0247000 secs]
   [Parallel Time: 22,5 ms, GC Workers: 8]
      [GC Worker Start (ms): Min: 24866109,7, Avg: 24866109,8, Max: 24866109,9, Diff: 0,3]
      [Ext Root Scanning (ms): Min: 0,4, Avg: 0,6, Max: 1,1, Diff: 0,7, Sum: 4,8]
      [Update RS (ms): Min: 2,2, Avg: 2,4, Max: 2,6, Diff: 0,4, Sum: 18,9]
         [Processed Buffers: Min: 1, Avg: 6,5, Max: 15, Diff: 14, Sum: 52]
      [Scan RS (ms): Min: 2,1, Avg: 2,5, Max: 2,9, Diff: 0,7, Sum: 20,2]
      [Code Root Scanning (ms): Min: 0,0, Avg: 0,0, Max: 0,0, Diff: 0,0, Sum: 0,0]
      [Object Copy (ms): Min: 16,0, Avg: 16,3, Max: 16,5, Diff: 0,5, Sum: 130,1]
      [Termination (ms): Min: 0,0, Avg: 0,1, Max: 0,2, Diff: 0,2, Sum: 1,1]
         [Termination Attempts: Min: 1, Avg: 26,4, Max: 38, Diff: 37, Sum: 211]
      [GC Worker Other (ms): Min: 0,0, Avg: 0,0, Max: 0,0, Diff: 0,0, Sum: 0,2]
      [GC Worker Total (ms): Min: 21,8, Avg: 21,9, Max: 22,0, Diff: 0,2, Sum: 175,4]
      [GC Worker End (ms): Min: 24866131,7, Avg: 24866131,7, Max: 24866131,8, Diff: 0,1]
   [Code Root Fixup: 0,0 ms]
   [Code Root Purge: 0,0 ms]
   [Clear CT: 0,7 ms]
   [Other: 1,5 ms]
      [Choose CSet: 0,0 ms]
      [Ref Proc: 0,6 ms]
      [Ref Enq: 0,0 ms]
      [Redirty Cards: 0,4 ms]
      [Humongous Register: 0,1 ms]
      [Humongous Reclaim: 0,0 ms]
      [Free CSet: 0,1 ms]
   [Eden: 44,0M(44,0M)->0,0B(44,0M) Survivors: 7168,0K->7168,0K Heap: 359,0M(1024,0M)->320,5M(1024,0M)]
 [Times: user=0,18 sys=0,00, real=0,03 secs] 
2018-04-10T20:16:19.648+0200: 24942,782: [GC pause (G1 Evacuation Pause) (young), 0,0231175 secs]
   [Parallel Time: 20,7 ms, GC Workers: 8]
      [GC Worker Start (ms): Min: 24942782,7, Avg: 24942782,8, Max: 24942783,0, Diff: 0,3]
      [Ext Root Scanning (ms): Min: 0,4, Avg: 0,6, Max: 1,1, Diff: 0,7, Sum: 4,8]
      [Update RS (ms): Min: 1,3, Avg: 1,9, Max: 3,0, Diff: 1,7, Sum: 15,4]
         [Processed Buffers: Min: 1, Avg: 6,6, Max: 23, Diff: 22, Sum: 53]
      [Scan RS (ms): Min: 2,5, Avg: 3,1, Max: 3,6, Diff: 1,1, Sum: 24,5]
      [Code Root Scanning (ms): Min: 0,0, Avg: 0,0, Max: 0,0, Diff: 0,0, Sum: 0,0]
      [Object Copy (ms): Min: 14,4, Avg: 14,8, Max: 15,0, Diff: 0,6, Sum: 118,7]
      [Termination (ms): Min: 0,0, Avg: 0,0, Max: 0,0, Diff: 0,0, Sum: 0,1]
         [Termination Attempts: Min: 1, Avg: 3,4, Max: 5, Diff: 4, Sum: 27]
      [GC Worker Other (ms): Min: 0,0, Avg: 0,0, Max: 0,0, Diff: 0,0, Sum: 0,2]
      [GC Worker Total (ms): Min: 20,3, Avg: 20,5, Max: 20,6, Diff: 0,3, Sum: 163,7]
      [GC Worker End (ms): Min: 24942803,3, Avg: 24942803,3, Max: 24942803,3, Diff: 0,0]
   [Code Root Fixup: 0,0 ms]
   [Code Root Purge: 0,0 ms]
   [Clear CT: 0,3 ms]
   [Other: 2,1 ms]
      [Choose CSet: 0,0 ms]
      [Ref Proc: 1,0 ms]
      [Ref Enq: 0,0 ms]
      [Redirty Cards: 0,5 ms]
      [Humongous Register: 0,1 ms]
      [Humongous Reclaim: 0,0 ms]
      [Free CSet: 0,1 ms]
   [Eden: 44,0M(44,0M)->0,0B(44,0M) Survivors: 7168,0K->7168,0K Heap: 364,5M(1024,0M)->324,3M(1024,0M)]
 [Times: user=0,16 sys=0,00, real=0,02 secs] 
2018-04-10T20:17:37.293+0200: 25020,428: [GC pause (G1 Evacuation Pause) (young), 0,0498362 secs]
   [Parallel Time: 48,2 ms, GC Workers: 8]
      [GC Worker Start (ms): Min: 25020428,3, Avg: 25020428,7, Max: 25020429,6, Diff: 1,3]
      [Ext Root Scanning (ms): Min: 0,0, Avg: 0,6, Max: 1,2, Diff: 1,2, Sum: 5,0]
      [Update RS (ms): Min: 2,1, Avg: 2,5, Max: 2,8, Diff: 0,7, Sum: 19,7]
         [Processed Buffers: Min: 0, Avg: 6,4, Max: 13, Diff: 13, Sum: 51]
      [Scan RS (ms): Min: 2,2, Avg: 2,7, Max: 3,2, Diff: 1,0, Sum: 22,0]
      [Code Root Scanning (ms): Min: 0,0, Avg: 0,0, Max: 0,0, Diff: 0,0, Sum: 0,0]
      [Object Copy (ms): Min: 14,6, Avg: 18,0, Max: 40,5, Diff: 25,9, Sum: 144,0]
      [Termination (ms): Min: 0,0, Avg: 22,5, Max: 25,9, Diff: 25,9, Sum: 179,8]
         [Termination Attempts: Min: 1, Avg: 4,0, Max: 9, Diff: 8, Sum: 32]
      [GC Worker Other (ms): Min: 0,0, Avg: 0,0, Max: 0,0, Diff: 0,0, Sum: 0,1]
      [GC Worker Total (ms): Min: 45,3, Avg: 46,3, Max: 46,8, Diff: 1,5, Sum: 370,6]
      [GC Worker End (ms): Min: 25020474,9, Avg: 25020475,0, Max: 25020475,2, Diff: 0,3]
   [Code Root Fixup: 0,0 ms]
   [Code Root Purge: 0,0 ms]
   [Clear CT: 0,1 ms]
   [Other: 1,6 ms]
      [Choose CSet: 0,0 ms]
      [Ref Proc: 1,0 ms]
      [Ref Enq: 0,0 ms]
      [Redirty Cards: 0,1 ms]
      [Humongous Register: 0,1 ms]
      [Humongous Reclaim: 0,0 ms]
      [Free CSet: 0,0 ms]
   [Eden: 44,0M(44,0M)->0,0B(44,0M) Survivors: 7168,0K->7168,0K Heap: 368,3M(1024,0M)->327,5M(1024,0M)]
 [Times: user=0,27 sys=0,00, real=0,05 secs] 
2018-04-10T20:18:54.849+0200: 25097,984: [GC pause (G1 Evacuation Pause) (young), 0,0227592 secs]
   [Parallel Time: 19,3 ms, GC Workers: 8]
      [GC Worker Start (ms): Min: 25097984,5, Avg: 25097984,9, Max: 25097985,5, Diff: 1,1]
      [Ext Root Scanning (ms): Min: 0,0, Avg: 0,6, Max: 1,2, Diff: 1,2, Sum: 4,6]
      [Update RS (ms): Min: 0,7, Avg: 2,0, Max: 2,5, Diff: 1,8, Sum: 15,7]
         [Processed Buffers: Min: 1, Avg: 6,5, Max: 12, Diff: 11, Sum: 52]
      [Scan RS (ms): Min: 2,2, Avg: 2,7, Max: 3,3, Diff: 1,1, Sum: 21,4]
      [Code Root Scanning (ms): Min: 0,0, Avg: 0,0, Max: 0,0, Diff: 0,0, Sum: 0,0]
      [Object Copy (ms): Min: 12,9, Avg: 13,3, Max: 14,5, Diff: 1,5, Sum: 106,3]
      [Termination (ms): Min: 0,0, Avg: 0,1, Max: 0,1, Diff: 0,1, Sum: 0,4]
         [Termination Attempts: Min: 1, Avg: 4,4, Max: 6, Diff: 5, Sum: 35]
      [GC Worker Other (ms): Min: 0,0, Avg: 0,0, Max: 0,0, Diff: 0,0, Sum: 0,2]
      [GC Worker Total (ms): Min: 17,9, Avg: 18,6, Max: 19,0, Diff: 1,1, Sum: 148,6]
      [GC Worker End (ms): Min: 25098003,5, Avg: 25098003,5, Max: 25098003,5, Diff: 0,0]
   [Code Root Fixup: 0,0 ms]
   [Code Root Purge: 0,0 ms]
   [Clear CT: 0,7 ms]
   [Other: 2,7 ms]
      [Choose CSet: 0,0 ms]
      [Ref Proc: 1,8 ms]
      [Ref Enq: 0,0 ms]
      [Redirty Cards: 0,4 ms]
      [Humongous Register: 0,1 ms]
      [Humongous Reclaim: 0,0 ms]
      [Free CSet: 0,1 ms]
   [Eden: 44,0M(44,0M)->0,0B(44,0M) Survivors: 7168,0K->7168,0K Heap: 371,5M(1024,0M)->330,8M(1024,0M)]
 [Times: user=0,16 sys=0,00, real=0,02 secs] 
2018-04-10T20:20:10.787+0200: 25173,921: [GC pause (G1 Evacuation Pause) (young), 0,0248445 secs]
   [Parallel Time: 21,7 ms, GC Workers: 8]
      [GC Worker Start (ms): Min: 25173921,7, Avg: 25173921,9, Max: 25173922,1, Diff: 0,4]
      [Ext Root Scanning (ms): Min: 0,3, Avg: 0,6, Max: 1,1, Diff: 0,9, Sum: 4,7]
      [Update RS (ms): Min: 1,7, Avg: 2,3, Max: 2,9, Diff: 1,3, Sum: 18,0]
         [Processed Buffers: Min: 1, Avg: 6,5, Max: 20, Diff: 19, Sum: 52]
      [Scan RS (ms): Min: 2,5, Avg: 2,9, Max: 3,3, Diff: 0,8, Sum: 23,2]
      [Code Root Scanning (ms): Min: 0,0, Avg: 0,0, Max: 0,0, Diff: 0,0, Sum: 0,0]
      [Object Copy (ms): Min: 14,5, Avg: 15,1, Max: 15,4, Diff: 0,9, Sum: 120,8]
      [Termination (ms): Min: 0,0, Avg: 0,1, Max: 0,2, Diff: 0,2, Sum: 1,2]
         [Termination Attempts: Min: 1, Avg: 2,0, Max: 3, Diff: 2, Sum: 16]
      [GC Worker Other (ms): Min: 0,0, Avg: 0,0, Max: 0,0, Diff: 0,0, Sum: 0,1]
      [GC Worker Total (ms): Min: 20,8, Avg: 21,0, Max: 21,2, Diff: 0,4, Sum: 168,1]
      [GC Worker End (ms): Min: 25173942,8, Avg: 25173942,9, Max: 25173942,9, Diff: 0,1]
   [Code Root Fixup: 0,0 ms]
   [Code Root Purge: 0,0 ms]
   [Clear CT: 1,0 ms]
   [Other: 2,1 ms]
      [Choose CSet: 0,0 ms]
      [Ref Proc: 0,9 ms]
      [Ref Enq: 0,0 ms]
      [Redirty Cards: 0,6 ms]
      [Humongous Register: 0,1 ms]
      [Humongous Reclaim: 0,0 ms]
      [Free CSet: 0,1 ms]
   [Eden: 44,0M(44,0M)->0,0B(44,0M) Survivors: 7168,0K->7168,0K Heap: 374,8M(1024,0M)->334,5M(1024,0M)]
 [Times: user=0,17 sys=0,00, real=0,02 secs] 
2018-04-10T20:21:22.998+0200: 25246,133: [GC pause (G1 Evacuation Pause) (young), 0,0370217 secs]
   [Parallel Time: 35,7 ms, GC Workers: 8]
      [GC Worker Start (ms): Min: 25246133,1, Avg: 25246133,2, Max: 25246133,7, Diff: 0,7]
      [Ext Root Scanning (ms): Min: 0,1, Avg: 0,6, Max: 1,1, Diff: 1,0, Sum: 4,6]
      [Update RS (ms): Min: 1,7, Avg: 2,0, Max: 2,3, Diff: 0,6, Sum: 16,3]
         [Processed Buffers: Min: 1, Avg: 7,1, Max: 23, Diff: 22, Sum: 57]
      [Scan RS (ms): Min: 2,2, Avg: 2,4, Max: 2,7, Diff: 0,5, Sum: 19,6]
      [Code Root Scanning (ms): Min: 0,0, Avg: 0,0, Max: 0,0, Diff: 0,0, Sum: 0,0]
      [Object Copy (ms): Min: 16,9, Avg: 18,8, Max: 30,2, Diff: 13,3, Sum: 150,0]
      [Termination (ms): Min: 0,0, Avg: 11,4, Max: 13,2, Diff: 13,2, Sum: 91,4]
         [Termination Attempts: Min: 1, Avg: 10,2, Max: 13, Diff: 12, Sum: 82]
      [GC Worker Other (ms): Min: 0,0, Avg: 0,0, Max: 0,0, Diff: 0,0, Sum: 0,1]
      [GC Worker Total (ms): Min: 34,7, Avg: 35,2, Max: 35,5, Diff: 0,8, Sum: 281,9]
      [GC Worker End (ms): Min: 25246168,3, Avg: 25246168,5, Max: 25246168,7, Diff: 0,3]
   [Code Root Fixup: 0,0 ms]
   [Code Root Purge: 0,0 ms]
   [Clear CT: 0,3 ms]
   [Other: 1,0 ms]
      [Choose CSet: 0,0 ms]
      [Ref Proc: 0,4 ms]
      [Ref Enq: 0,0 ms]
      [Redirty Cards: 0,1 ms]
      [Humongous Register: 0,1 ms]
      [Humongous Reclaim: 0,0 ms]
      [Free CSet: 0,1 ms]
   [Eden: 44,0M(44,0M)->0,0B(44,0M) Survivors: 7168,0K->7168,0K Heap: 378,5M(1024,0M)->338,3M(1024,0M)]
 [Times: user=0,25 sys=0,00, real=0,03 secs] 
2018-04-10T20:22:39.738+0200: 25322,873: [GC pause (G1 Evacuation Pause) (young), 0,0244468 secs]
   [Parallel Time: 22,4 ms, GC Workers: 8]
      [GC Worker Start (ms): Min: 25322873,0, Avg: 25322873,3, Max: 25322874,0, Diff: 1,0]
      [Ext Root Scanning (ms): Min: 0,0, Avg: 0,6, Max: 1,1, Diff: 1,1, Sum: 4,8]
      [Update RS (ms): Min: 0,0, Avg: 1,7, Max: 2,6, Diff: 2,6, Sum: 13,6]
         [Processed Buffers: Min: 0, Avg: 6,1, Max: 22, Diff: 22, Sum: 49]
      [Scan RS (ms): Min: 0,0, Avg: 2,8, Max: 3,5, Diff: 3,5, Sum: 22,0]
      [Code Root Scanning (ms): Min: 0,0, Avg: 0,0, Max: 0,0, Diff: 0,0, Sum: 0,0]
      [Object Copy (ms): Min: 15,6, Avg: 16,6, Max: 21,1, Diff: 5,5, Sum: 132,8]
      [Termination (ms): Min: 0,0, Avg: 0,1, Max: 0,3, Diff: 0,3, Sum: 0,8]
         [Termination Attempts: Min: 1, Avg: 3,5, Max: 6, Diff: 5, Sum: 28]
      [GC Worker Other (ms): Min: 0,0, Avg: 0,0, Max: 0,0, Diff: 0,0, Sum: 0,1]
      [GC Worker Total (ms): Min: 21,1, Avg: 21,8, Max: 22,1, Diff: 1,0, Sum: 174,2]
      [GC Worker End (ms): Min: 25322895,0, Avg: 25322895,1, Max: 25322895,2, Diff: 0,2]
   [Code Root Fixup: 0,0 ms]
   [Code Root Purge: 0,0 ms]
   [Clear CT: 0,7 ms]
   [Other: 1,3 ms]
      [Choose CSet: 0,0 ms]
      [Ref Proc: 0,4 ms]
      [Ref Enq: 0,0 ms]
      [Redirty Cards: 0,5 ms]
      [Humongous Register: 0,1 ms]
      [Humongous Reclaim: 0,0 ms]
      [Free CSet: 0,1 ms]
   [Eden: 44,0M(44,0M)->0,0B(44,0M) Survivors: 7168,0K->7168,0K Heap: 382,3M(1024,0M)->342,5M(1024,0M)]
 [Times: user=0,16 sys=0,00, real=0,02 secs] 
2018-04-10T20:23:56.874+0200: 25400,009: [GC pause (G1 Evacuation Pause) (young), 0,0249738 secs]
   [Parallel Time: 20,1 ms, GC Workers: 8]
      [GC Worker Start (ms): Min: 25400009,2, Avg: 25400009,4, Max: 25400009,8, Diff: 0,6]
      [Ext Root Scanning (ms): Min: 0,2, Avg: 0,6, Max: 1,2, Diff: 1,0, Sum: 5,1]
      [Update RS (ms): Min: 1,1, Avg: 1,6, Max: 2,1, Diff: 1,0, Sum: 13,2]
         [Processed Buffers: Min: 1, Avg: 6,1, Max: 22, Diff: 21, Sum: 49]
      [Scan RS (ms): Min: 3,2, Avg: 3,8, Max: 5,5, Diff: 2,3, Sum: 30,4]
      [Code Root Scanning (ms): Min: 0,0, Avg: 0,0, Max: 0,0, Diff: 0,0, Sum: 0,0]
      [Object Copy (ms): Min: 12,2, Avg: 13,5, Max: 13,8, Diff: 1,6, Sum: 107,6]
      [Termination (ms): Min: 0,0, Avg: 0,0, Max: 0,0, Diff: 0,0, Sum: 0,2]
         [Termination Attempts: Min: 1, Avg: 1,0, Max: 1, Diff: 0, Sum: 8]
      [GC Worker Other (ms): Min: 0,0, Avg: 0,0, Max: 0,1, Diff: 0,0, Sum: 0,2]
      [GC Worker Total (ms): Min: 19,2, Avg: 19,6, Max: 19,7, Diff: 0,6, Sum: 156,7]
      [GC Worker End (ms): Min: 25400028,9, Avg: 25400029,0, Max: 25400029,0, Diff: 0,1]
   [Code Root Fixup: 0,0 ms]
   [Code Root Purge: 0,0 ms]
   [Clear CT: 1,0 ms]
   [Other: 3,9 ms]
      [Choose CSet: 0,0 ms]
      [Ref Proc: 3,0 ms]
      [Ref Enq: 0,0 ms]
      [Redirty Cards: 0,4 ms]
      [Humongous Register: 0,1 ms]
      [Humongous Reclaim: 0,0 ms]
      [Free CSet: 0,1 ms]
   [Eden: 44,0M(44,0M)->0,0B(44,0M) Survivors: 7168,0K->7168,0K Heap: 386,5M(1024,0M)->346,8M(1024,0M)]
 [Times: user=0,16 sys=0,00, real=0,03 secs] 
2018-04-10T20:25:13.511+0200: 25476,645: [GC pause (G1 Evacuation Pause) (young), 0,0203833 secs]
   [Parallel Time: 17,2 ms, GC Workers: 8]
      [GC Worker Start (ms): Min: 25476645,6, Avg: 25476645,8, Max: 25476646,4, Diff: 0,8]
      [Ext Root Scanning (ms): Min: 0,0, Avg: 0,5, Max: 1,1, Diff: 1,0, Sum: 4,4]
      [Update RS (ms): Min: 0,0, Avg: 1,9, Max: 3,4, Diff: 3,4, Sum: 15,2]
         [Processed Buffers: Min: 0, Avg: 6,2, Max: 16, Diff: 16, Sum: 50]
      [Scan RS (ms): Min: 0,0, Avg: 1,5, Max: 2,0, Diff: 2,0, Sum: 12,3]
      [Code Root Scanning (ms): Min: 0,0, Avg: 0,0, Max: 0,0, Diff: 0,0, Sum: 0,0]
      [Object Copy (ms): Min: 12,4, Avg: 12,9, Max: 14,8, Diff: 2,4, Sum: 103,0]
      [Termination (ms): Min: 0,0, Avg: 0,0, Max: 0,0, Diff: 0,0, Sum: 0,1]
         [Termination Attempts: Min: 1, Avg: 3,1, Max: 6, Diff: 5, Sum: 25]
      [GC Worker Other (ms): Min: 0,0, Avg: 0,0, Max: 0,0, Diff: 0,0, Sum: 0,2]
      [GC Worker Total (ms): Min: 16,3, Avg: 16,9, Max: 17,1, Diff: 0,8, Sum: 135,2]
      [GC Worker End (ms): Min: 25476662,7, Avg: 25476662,7, Max: 25476662,7, Diff: 0,0]
   [Code Root Fixup: 0,0 ms]
   [Code Root Purge: 0,0 ms]
   [Clear CT: 0,3 ms]
   [Other: 2,9 ms]
      [Choose CSet: 0,0 ms]
      [Ref Proc: 2,2 ms]
      [Ref Enq: 0,0 ms]
      [Redirty Cards: 0,2 ms]
      [Humongous Register: 0,1 ms]
      [Humongous Reclaim: 0,0 ms]
      [Free CSet: 0,1 ms]
   [Eden: 44,0M(44,0M)->0,0B(44,0M) Survivors: 7168,0K->7168,0K Heap: 390,8M(1024,0M)->349,2M(1024,0M)]
 [Times: user=0,13 sys=0,00, real=0,02 secs] 
2018-04-10T20:26:30.357+0200: 25553,492: [GC pause (G1 Evacuation Pause) (young), 0,0234335 secs]
   [Parallel Time: 21,4 ms, GC Workers: 8]
      [GC Worker Start (ms): Min: 25553492,1, Avg: 25553492,3, Max: 25553493,2, Diff: 1,1]
      [Ext Root Scanning (ms): Min: 0,0, Avg: 0,6, Max: 1,1, Diff: 1,1, Sum: 4,9]
      [Update RS (ms): Min: 1,7, Avg: 2,6, Max: 5,4, Diff: 3,6, Sum: 20,4]
         [Processed Buffers: Min: 0, Avg: 6,5, Max: 19, Diff: 19, Sum: 52]
      [Scan RS (ms): Min: 0,0, Avg: 1,8, Max: 3,1, Diff: 3,1, Sum: 14,4]
      [Code Root Scanning (ms): Min: 0,0, Avg: 0,0, Max: 0,0, Diff: 0,0, Sum: 0,0]
      [Object Copy (ms): Min: 13,9, Avg: 14,8, Max: 15,1, Diff: 1,2, Sum: 118,3]
      [Termination (ms): Min: 0,0, Avg: 0,0, Max: 0,0, Diff: 0,0, Sum: 0,0]
         [Termination Attempts: Min: 1, Avg: 1,6, Max: 3, Diff: 2, Sum: 13]
      [GC Worker Other (ms): Min: 0,0, Avg: 0,1, Max: 0,2, Diff: 0,2, Sum: 0,5]
      [GC Worker Total (ms): Min: 18,9, Avg: 19,8, Max: 20,1, Diff: 1,3, Sum: 158,5]
      [GC Worker End (ms): Min: 25553512,1, Avg: 25553512,1, Max: 25553512,2, Diff: 0,1]
   [Code Root Fixup: 0,0 ms]
   [Code Root Purge: 0,0 ms]
   [Clear CT: 0,2 ms]
   [Other: 1,8 ms]
      [Choose CSet: 0,0 ms]
      [Ref Proc: 0,8 ms]
      [Ref Enq: 0,0 ms]
      [Redirty Cards: 0,4 ms]
      [Humongous Register: 0,1 ms]
      [Humongous Reclaim: 0,0 ms]
      [Free CSet: 0,1 ms]
   [Eden: 44,0M(44,0M)->0,0B(44,0M) Survivors: 7168,0K->7168,0K Heap: 393,2M(1024,0M)->352,4M(1024,0M)]
 [Times: user=0,15 sys=0,00, real=0,02 secs] 
2018-04-10T20:27:48.583+0200: 25631,718: [GC pause (G1 Evacuation Pause) (young), 0,0249938 secs]
   [Parallel Time: 22,4 ms, GC Workers: 8]
      [GC Worker Start (ms): Min: 25631717,9, Avg: 25631719,0, Max: 25631723,0, Diff: 5,0]
      [Ext Root Scanning (ms): Min: 0,0, Avg: 0,5, Max: 1,1, Diff: 1,1, Sum: 4,4]
      [Update RS (ms): Min: 0,0, Avg: 1,6, Max: 2,2, Diff: 2,2, Sum: 12,8]
         [Processed Buffers: Min: 0, Avg: 6,2, Max: 13, Diff: 13, Sum: 50]
      [Scan RS (ms): Min: 0,1, Avg: 1,9, Max: 2,5, Diff: 2,4, Sum: 15,5]
      [Code Root Scanning (ms): Min: 0,0, Avg: 0,0, Max: 0,0, Diff: 0,0, Sum: 0,0]
      [Object Copy (ms): Min: 13,8, Avg: 14,0, Max: 14,9, Diff: 1,1, Sum: 112,0]
      [Termination (ms): Min: 0,0, Avg: 1,2, Max: 3,1, Diff: 3,1, Sum: 9,4]
         [Termination Attempts: Min: 1, Avg: 1,0, Max: 1, Diff: 0, Sum: 8]
      [GC Worker Other (ms): Min: 0,0, Avg: 0,0, Max: 0,0, Diff: 0,0, Sum: 0,1]
      [GC Worker Total (ms): Min: 17,1, Avg: 19,3, Max: 20,0, Diff: 3,0, Sum: 154,2]
      [GC Worker End (ms): Min: 25631737,9, Avg: 25631738,2, Max: 25631740,0, Diff: 2,1]
   [Code Root Fixup: 0,0 ms]
   [Code Root Purge: 0,0 ms]
   [Clear CT: 0,2 ms]
   [Other: 2,3 ms]
      [Choose CSet: 0,0 ms]
      [Ref Proc: 1,7 ms]
      [Ref Enq: 0,0 ms]
      [Redirty Cards: 0,1 ms]
      [Humongous Register: 0,1 ms]
      [Humongous Reclaim: 0,0 ms]
      [Free CSet: 0,1 ms]
   [Eden: 44,0M(44,0M)->0,0B(44,0M) Survivors: 7168,0K->7168,0K Heap: 396,4M(1024,0M)->355,1M(1024,0M)]
 [Times: user=0,15 sys=0,00, real=0,03 secs] 
2018-04-10T20:29:05.759+0200: 25708,893: [GC pause (G1 Evacuation Pause) (young), 0,0139509 secs]
   [Parallel Time: 12,4 ms, GC Workers: 8]
      [GC Worker Start (ms): Min: 25708893,6, Avg: 25708894,9, Max: 25708901,9, Diff: 8,3]
      [Ext Root Scanning (ms): Min: 0,0, Avg: 0,3, Max: 0,8, Diff: 0,8, Sum: 2,1]
      [Update RS (ms): Min: 0,0, Avg: 0,7, Max: 1,1, Diff: 1,1, Sum: 5,9]
         [Processed Buffers: Min: 0, Avg: 6,9, Max: 15, Diff: 15, Sum: 55]
      [Scan RS (ms): Min: 0,0, Avg: 0,9, Max: 1,3, Diff: 1,3, Sum: 7,5]
      [Code Root Scanning (ms): Min: 0,0, Avg: 0,0, Max: 0,0, Diff: 0,0, Sum: 0,0]
      [Object Copy (ms): Min: 2,2, Avg: 7,5, Max: 9,4, Diff: 7,1, Sum: 60,3]
      [Termination (ms): Min: 0,0, Avg: 1,3, Max: 1,6, Diff: 1,6, Sum: 10,8]
         [Termination Attempts: Min: 1, Avg: 1,0, Max: 1, Diff: 0, Sum: 8]
      [GC Worker Other (ms): Min: 0,0, Avg: 0,0, Max: 0,0, Diff: 0,0, Sum: 0,1]
      [GC Worker Total (ms): Min: 3,9, Avg: 10,8, Max: 12,2, Diff: 8,3, Sum: 86,6]
      [GC Worker End (ms): Min: 25708905,6, Avg: 25708905,7, Max: 25708905,8, Diff: 0,1]
   [Code Root Fixup: 0,0 ms]
   [Code Root Purge: 0,0 ms]
   [Clear CT: 0,2 ms]
   [Other: 1,3 ms]
      [Choose CSet: 0,0 ms]
      [Ref Proc: 0,9 ms]
      [Ref Enq: 0,0 ms]
      [Redirty Cards: 0,1 ms]
      [Humongous Register: 0,0 ms]
      [Humongous Reclaim: 0,0 ms]
      [Free CSet: 0,0 ms]
   [Eden: 44,0M(44,0M)->0,0B(54,0M) Survivors: 7168,0K->7168,0K Heap: 399,1M(1024,0M)->358,9M(1024,0M)]
 [Times: user=0,09 sys=0,00, real=0,01 secs] 
2018-04-10T20:30:40.544+0200: 25803,678: [GC pause (G1 Evacuation Pause) (young), 0,0269106 secs]
   [Parallel Time: 23,7 ms, GC Workers: 8]
      [GC Worker Start (ms): Min: 25803678,9, Avg: 25803680,8, Max: 25803686,6, Diff: 7,7]
      [Ext Root Scanning (ms): Min: 0,0, Avg: 0,7, Max: 1,8, Diff: 1,8, Sum: 5,7]
      [Update RS (ms): Min: 0,0, Avg: 2,4, Max: 3,4, Diff: 3,4, Sum: 19,0]
         [Processed Buffers: Min: 0, Avg: 7,4, Max: 29, Diff: 29, Sum: 59]
      [Scan RS (ms): Min: 0,1, Avg: 3,1, Max: 6,8, Diff: 6,7, Sum: 24,7]
      [Code Root Scanning (ms): Min: 0,0, Avg: 0,0, Max: 0,0, Diff: 0,0, Sum: 0,0]
      [Object Copy (ms): Min: 10,3, Avg: 14,3, Max: 21,4, Diff: 11,1, Sum: 114,6]
      [Termination (ms): Min: 0,0, Avg: 0,9, Max: 1,1, Diff: 1,1, Sum: 7,2]
         [Termination Attempts: Min: 1, Avg: 4,4, Max: 8, Diff: 7, Sum: 35]
      [GC Worker Other (ms): Min: 0,0, Avg: 0,0, Max: 0,0, Diff: 0,0, Sum: 0,1]
      [GC Worker Total (ms): Min: 15,6, Avg: 21,4, Max: 23,4, Diff: 7,8, Sum: 171,4]
      [GC Worker End (ms): Min: 25803702,1, Avg: 25803702,2, Max: 25803702,3, Diff: 0,2]
   [Code Root Fixup: 0,0 ms]
   [Code Root Purge: 0,0 ms]
   [Clear CT: 0,1 ms]
   [Other: 3,1 ms]
      [Choose CSet: 0,0 ms]
      [Ref Proc: 2,3 ms]
      [Ref Enq: 0,0 ms]
      [Redirty Cards: 0,1 ms]
      [Humongous Register: 0,1 ms]
      [Humongous Reclaim: 0,0 ms]
      [Free CSet: 0,1 ms]
   [Eden: 54,0M(54,0M)->0,0B(43,0M) Survivors: 7168,0K->8192,0K Heap: 412,9M(1024,0M)->362,7M(1024,0M)]
 [Times: user=0,15 sys=0,00, real=0,03 secs] 
2018-04-10T20:31:56.614+0200: 25879,748: [GC pause (G1 Evacuation Pause) (young), 0,0184105 secs]
   [Parallel Time: 17,0 ms, GC Workers: 8]
      [GC Worker Start (ms): Min: 25879748,8, Avg: 25879749,0, Max: 25879749,8, Diff: 1,0]
      [Ext Root Scanning (ms): Min: 0,0, Avg: 0,6, Max: 1,3, Diff: 1,3, Sum: 4,9]
      [Update RS (ms): Min: 0,0, Avg: 2,4, Max: 3,6, Diff: 3,5, Sum: 19,5]
         [Processed Buffers: Min: 0, Avg: 6,6, Max: 15, Diff: 15, Sum: 53]
      [Scan RS (ms): Min: 0,0, Avg: 2,9, Max: 4,4, Diff: 4,3, Sum: 22,8]
      [Code Root Scanning (ms): Min: 0,0, Avg: 0,0, Max: 0,0, Diff: 0,0, Sum: 0,0]
      [Object Copy (ms): Min: 9,7, Avg: 10,7, Max: 16,1, Diff: 6,4, Sum: 85,6]
      [Termination (ms): Min: 0,0, Avg: 0,0, Max: 0,0, Diff: 0,0, Sum: 0,0]
         [Termination Attempts: Min: 1, Avg: 1,0, Max: 1, Diff: 0, Sum: 8]
      [GC Worker Other (ms): Min: 0,0, Avg: 0,0, Max: 0,0, Diff: 0,0, Sum: 0,1]
      [GC Worker Total (ms): Min: 15,9, Avg: 16,6, Max: 16,9, Diff: 1,0, Sum: 133,0]
      [GC Worker End (ms): Min: 25879765,6, Avg: 25879765,6, Max: 25879765,6, Diff: 0,0]
   [Code Root Fixup: 0,0 ms]
   [Code Root Purge: 0,0 ms]
   [Clear CT: 0,1 ms]
   [Other: 1,3 ms]
      [Choose CSet: 0,0 ms]
      [Ref Proc: 0,8 ms]
      [Ref Enq: 0,0 ms]
      [Redirty Cards: 0,1 ms]
      [Humongous Register: 0,1 ms]
      [Humongous Reclaim: 0,0 ms]
      [Free CSet: 0,1 ms]
   [Eden: 43,0M(43,0M)->0,0B(51,0M) Survivors: 8192,0K->7168,0K Heap: 405,7M(1024,0M)->365,7M(1024,0M)]
 [Times: user=0,13 sys=0,00, real=0,02 secs] 
2018-04-10T20:33:13.287+0200: 25956,422: [GC pause (G1 Evacuation Pause) (young) (initial-mark), 0,0175910 secs]
   [Parallel Time: 14,3 ms, GC Workers: 8]
      [GC Worker Start (ms): Min: 25956422,5, Avg: 25956422,6, Max: 25956423,2, Diff: 0,7]
      [Ext Root Scanning (ms): Min: 0,9, Avg: 1,5, Max: 1,7, Diff: 0,7, Sum: 11,7]
      [Update RS (ms): Min: 0,0, Avg: 0,8, Max: 1,4, Diff: 1,4, Sum: 6,8]
         [Processed Buffers: Min: 0, Avg: 6,5, Max: 18, Diff: 18, Sum: 52]
      [Scan RS (ms): Min: 0,8, Avg: 1,3, Max: 1,7, Diff: 0,9, Sum: 10,7]
      [Code Root Scanning (ms): Min: 0,0, Avg: 0,0, Max: 0,0, Diff: 0,0, Sum: 0,0]
      [Object Copy (ms): Min: 9,6, Avg: 10,1, Max: 11,5, Diff: 1,9, Sum: 80,9]
      [Termination (ms): Min: 0,0, Avg: 0,0, Max: 0,0, Diff: 0,0, Sum: 0,1]
         [Termination Attempts: Min: 1, Avg: 16,1, Max: 22, Diff: 21, Sum: 129]
      [GC Worker Other (ms): Min: 0,0, Avg: 0,0, Max: 0,0, Diff: 0,0, Sum: 0,1]
      [GC Worker Total (ms): Min: 13,2, Avg: 13,8, Max: 13,9, Diff: 0,7, Sum: 110,4]
      [GC Worker End (ms): Min: 25956436,4, Avg: 25956436,4, Max: 25956436,4, Diff: 0,0]
   [Code Root Fixup: 0,0 ms]
   [Code Root Purge: 0,0 ms]
   [Clear CT: 0,3 ms]
   [Other: 3,0 ms]
      [Choose CSet: 0,0 ms]
      [Ref Proc: 2,1 ms]
      [Ref Enq: 0,0 ms]
      [Redirty Cards: 0,2 ms]
      [Humongous Register: 0,0 ms]
      [Humongous Reclaim: 0,0 ms]
      [Free CSet: 0,1 ms]
   [Eden: 44,0M(44,0M)->0,0B(61,0M) Survivors: 7168,0K->7168,0K Heap: 409,7M(1024,0M)->369,2M(1024,0M)]
 [Times: user=0,10 sys=0,00, real=0,01 secs] 
2018-04-10T20:33:13.305+0200: 25956,440: [GC concurrent-root-region-scan-start]
2018-04-10T20:33:13.318+0200: 25956,452: [GC concurrent-root-region-scan-end, 0,0124057 secs]
2018-04-10T20:33:13.318+0200: 25956,452: [GC concurrent-mark-start]
2018-04-10T20:33:13.341+0200: 25956,475: [GC concurrent-mark-end, 0,0229018 secs]
2018-04-10T20:33:13.341+0200: 25956,476: [GC remark 2018-04-10T20:33:13.341+0200: 25956,476: [Finalize Marking, 0,0020833 secs] 2018-04-10T20:33:13.343+0200: 25956,478: [GC ref-proc, 0,0012021 secs] 2018-04-10T20:33:13.344+0200: 25956,479: [Unloading, 0,0048799 secs], 0,0099349 secs]
 [Times: user=0,03 sys=0,00, real=0,01 secs] 
2018-04-10T20:33:13.351+0200: 25956,486: [GC cleanup 369M->276M(1024M), 0,0012985 secs]
 [Times: user=0,01 sys=0,00, real=0,00 secs] 
2018-04-10T20:33:13.352+0200: 25956,487: [GC concurrent-cleanup-start]
2018-04-10T20:33:13.352+0200: 25956,487: [GC concurrent-cleanup-end, 0,0001290 secs]
2018-04-10T20:34:28.719+0200: 26031,854: [GC pause (G1 Evacuation Pause) (young), 0,0114718 secs]
   [Parallel Time: 9,9 ms, GC Workers: 8]
      [GC Worker Start (ms): Min: 26031854,3, Avg: 26031854,5, Max: 26031854,8, Diff: 0,4]
      [Ext Root Scanning (ms): Min: 0,0, Avg: 0,3, Max: 0,7, Diff: 0,7, Sum: 2,6]
      [Update RS (ms): Min: 0,0, Avg: 0,7, Max: 1,1, Diff: 1,1, Sum: 5,7]
         [Processed Buffers: Min: 0, Avg: 7,0, Max: 13, Diff: 13, Sum: 56]
      [Scan RS (ms): Min: 0,0, Avg: 1,1, Max: 1,5, Diff: 1,5, Sum: 8,7]
      [Code Root Scanning (ms): Min: 0,0, Avg: 0,0, Max: 0,0, Diff: 0,0, Sum: 0,0]
      [Object Copy (ms): Min: 6,5, Avg: 6,9, Max: 9,2, Diff: 2,6, Sum: 55,3]
      [Termination (ms): Min: 0,0, Avg: 0,5, Max: 0,7, Diff: 0,7, Sum: 3,8]
         [Termination Attempts: Min: 1, Avg: 7,5, Max: 13, Diff: 12, Sum: 60]
      [GC Worker Other (ms): Min: 0,0, Avg: 0,0, Max: 0,0, Diff: 0,0, Sum: 0,1]
      [GC Worker Total (ms): Min: 9,2, Avg: 9,5, Max: 9,7, Diff: 0,5, Sum: 76,3]
      [GC Worker End (ms): Min: 26031863,9, Avg: 26031864,0, Max: 26031864,1, Diff: 0,2]
   [Code Root Fixup: 0,0 ms]
   [Code Root Purge: 0,0 ms]
   [Clear CT: 0,1 ms]
   [Other: 1,5 ms]
      [Choose CSet: 0,0 ms]
      [Ref Proc: 1,1 ms]
      [Ref Enq: 0,0 ms]
      [Redirty Cards: 0,1 ms]
      [Humongous Register: 0,0 ms]
      [Humongous Reclaim: 0,0 ms]
      [Free CSet: 0,0 ms]
   [Eden: 44,0M(44,0M)->0,0B(44,0M) Survivors: 7168,0K->7168,0K Heap: 320,2M(1024,0M)->280,3M(1024,0M)]
 [Times: user=0,07 sys=0,00, real=0,01 secs] 
2018-04-10T20:35:46.252+0200: 26109,387: [GC pause (G1 Evacuation Pause) (mixed), 0,0282023 secs]
   [Parallel Time: 24,9 ms, GC Workers: 8]
      [GC Worker Start (ms): Min: 26109387,1, Avg: 26109387,2, Max: 26109387,3, Diff: 0,2]
      [Ext Root Scanning (ms): Min: 0,4, Avg: 0,6, Max: 1,1, Diff: 0,7, Sum: 4,9]
      [Update RS (ms): Min: 1,6, Avg: 2,0, Max: 2,7, Diff: 1,1, Sum: 16,3]
         [Processed Buffers: Min: 1, Avg: 7,0, Max: 19, Diff: 18, Sum: 56]
      [Scan RS (ms): Min: 3,0, Avg: 3,7, Max: 4,3, Diff: 1,4, Sum: 29,7]
      [Code Root Scanning (ms): Min: 0,0, Avg: 0,1, Max: 0,4, Diff: 0,4, Sum: 0,6]
      [Object Copy (ms): Min: 13,6, Avg: 14,5, Max: 17,8, Diff: 4,2, Sum: 116,3]
      [Termination (ms): Min: 0,0, Avg: 3,3, Max: 4,4, Diff: 4,4, Sum: 26,6]
         [Termination Attempts: Min: 1, Avg: 4,8, Max: 11, Diff: 10, Sum: 38]
      [GC Worker Other (ms): Min: 0,0, Avg: 0,0, Max: 0,0, Diff: 0,0, Sum: 0,1]
      [GC Worker Total (ms): Min: 24,2, Avg: 24,3, Max: 24,5, Diff: 0,3, Sum: 194,5]
      [GC Worker End (ms): Min: 26109411,4, Avg: 26109411,5, Max: 26109411,8, Diff: 0,3]
   [Code Root Fixup: 0,0 ms]
   [Code Root Purge: 0,0 ms]
   [Clear CT: 0,4 ms]
   [Other: 2,9 ms]
      [Choose CSet: 0,2 ms]
      [Ref Proc: 1,9 ms]
      [Ref Enq: 0,0 ms]
      [Redirty Cards: 0,1 ms]
      [Humongous Register: 0,1 ms]
      [Humongous Reclaim: 0,0 ms]
      [Free CSet: 0,3 ms]
   [Eden: 44,0M(44,0M)->0,0B(44,0M) Survivors: 7168,0K->7168,0K Heap: 324,3M(1024,0M)->219,3M(1024,0M)]
 [Times: user=0,19 sys=0,00, real=0,03 secs] 
2018-04-10T20:37:03.862+0200: 26186,997: [GC pause (G1 Evacuation Pause) (mixed), 0,0216326 secs]
   [Parallel Time: 16,8 ms, GC Workers: 8]
      [GC Worker Start (ms): Min: 26186996,9, Avg: 26186998,3, Max: 26187004,9, Diff: 8,0]
      [Ext Root Scanning (ms): Min: 0,0, Avg: 0,5, Max: 1,5, Diff: 1,5, Sum: 4,0]
      [Update RS (ms): Min: 0,0, Avg: 2,6, Max: 10,1, Diff: 10,1, Sum: 20,9]
         [Processed Buffers: Min: 0, Avg: 6,5, Max: 16, Diff: 16, Sum: 52]
      [Scan RS (ms): Min: 0,0, Avg: 1,2, Max: 2,0, Diff: 1,9, Sum: 9,6]
      [Code Root Scanning (ms): Min: 0,0, Avg: 0,0, Max: 0,2, Diff: 0,2, Sum: 0,3]
      [Object Copy (ms): Min: 2,3, Avg: 7,7, Max: 12,1, Diff: 9,8, Sum: 61,5]
      [Termination (ms): Min: 0,0, Avg: 3,1, Max: 3,6, Diff: 3,6, Sum: 24,5]
         [Termination Attempts: Min: 1, Avg: 3,6, Max: 7, Diff: 6, Sum: 29]
      [GC Worker Other (ms): Min: 0,0, Avg: 0,0, Max: 0,0, Diff: 0,0, Sum: 0,1]
      [GC Worker Total (ms): Min: 8,5, Avg: 15,1, Max: 16,6, Diff: 8,1, Sum: 120,9]
      [GC Worker End (ms): Min: 26187013,3, Avg: 26187013,4, Max: 26187013,5, Diff: 0,2]
   [Code Root Fixup: 0,0 ms]
   [Code Root Purge: 0,0 ms]
   [Clear CT: 0,9 ms]
   [Other: 3,9 ms]
      [Choose CSet: 0,0 ms]
      [Ref Proc: 3,4 ms]
      [Ref Enq: 0,0 ms]
      [Redirty Cards: 0,1 ms]
      [Humongous Register: 0,0 ms]
      [Humongous Reclaim: 0,0 ms]
      [Free CSet: 0,1 ms]
   [Eden: 44,0M(44,0M)->0,0B(53,0M) Survivors: 7168,0K->7168,0K Heap: 263,3M(1024,0M)->210,2M(1024,0M)]
 [Times: user=0,12 sys=0,00, real=0,02 secs] 
2018-04-10T20:38:34.169+0200: 26277,303: [GC pause (G1 Evacuation Pause) (young), 0,0129064 secs]
   [Parallel Time: 11,0 ms, GC Worke2018-04-10T20:39:51.542+0200: 37171,574: [GC pause (G1 Evacuation Pause) (young), 0,0135640 secs]
   [Parallel Time: 9,9 ms, GC Workers: 8]
      [GC Worker Start (ms): Min: 37171574,3, Avg: 37171574,4, Max: 37171574,7, Diff: 0,4]
      [Ext Root Scanning (ms): Min: 0,0, Avg: 0,3, Max: 0,8, Diff: 0,8, Sum: 2,4]
      [Update RS (ms): Min: 0,0, Avg: 1,7, Max: 2,3, Diff: 2,3, Sum: 13,6]
         [Processed Buffers: Min: 0, Avg: 8,1, Max: 25, Diff: 25, Sum: 65]
      [Scan RS (ms): Min: 0,0, Avg: 0,7, Max: 1,2, Diff: 1,2, Sum: 5,8]
      [Code Root Scanning (ms): Min: 0,0, Avg: 0,0, Max: 0,0, Diff: 0,0, Sum: 0,0]
      [Object Copy (ms): Min: 6,2, Avg: 6,8, Max: 9,3, Diff: 3,1, Sum: 54,3]
      [Termination (ms): Min: 0,0, Avg: 0,0, Max: 0,0, Diff: 0,0, Sum: 0,0]
         [Termination Attempts: Min: 1, Avg: 2,8, Max: 5, Diff: 4, Sum: 22]
      [GC Worker Other (ms): Min: 0,0, Avg: 0,1, Max: 0,1, Diff: 0,1, Sum: 0,4]
      [GC Worker Total (ms): Min: 9,2, Avg: 9,6, Max: 9,7, Diff: 0,5, Sum: 76,5]
      [GC Worker End (ms): Min: 37171583,9, Avg: 37171584,0, Max: 37171584,0, Diff: 0,1]
   [Code Root Fixup: 0,0 ms]
   [Code Root Purge: 0,0 ms]
   [Clear CT: 0,4 ms]
   [Other: 3,3 ms]
      [Choose CSet: 0,0 ms]
      [Ref Proc: 2,7 ms]
      [Ref Enq: 0,0 ms]
      [Redirty Cards: 0,2 ms]
      [Humongous Register: 0,0 ms]
      [Humongous Reclaim: 0,0 ms]
      [Free CSet: 0,1 ms]
   [Eden: 85,0M(852018-04-10T20:41:10.560+0200: 26433,695: [GC pause (G1 Evacuation Pause) (young), 0,0285045 secs]
   [Parallel Time: 25,9 ms, GC W2018-04-10T20:42:48.333+0200: 37348,366: [GC pause (G1 Evacuation Pause) (young), 0,0306435 secs]
   [Parallel Time: 27,8 ms, GC Workers: 8]
      [GC Worker Start (ms): Min: 37348366,1, Avg: 37348366,5, Max: 37348367,7, Diff: 1,6]
      [Ext Root Scanning (ms): Min: 0,0, Avg: 0,5, Max: 1,2, Diff: 1,1, Sum: 4,3]
      [Update RS (ms): Min: 0,0, Avg: 2,4, Max: 3,6, Diff: 3,6, Sum: 19,2]
         [Processed Buffers: Min: 0, Avg: 8,2, Max: 24, Diff: 24, Sum: 66]
      [Scan RS (ms): Min: 0,0, Avg: 0,8, Max: 1,4, Diff: 1,4, Sum: 6,7]
      [Code Root Scanning (ms): Min: 0,0, Avg: 0,0, Max: 0,0, Diff: 0,0, Sum: 0,0]
      [Object Copy (ms): Min: 22,6, Avg: 23,2, Max: 26,6, Diff: 4,0, Sum: 185,5]
      [Termination (ms): Min: 0,0, Avg: 0,0, Max: 0,0, Diff: 0,0, Sum: 0,0]
         [Termination Attempts: Min: 1, Avg: 1,0, Max: 1, Diff: 0, Sum: 8]
      [GC Worker Other (ms): Min: 0,0, Avg: 0,0, Max: 0,1, Diff: 0,0, Sum: 0,3]
      [GC Worker Total (ms): Min: 25,8, Avg: 27,0, Max: 27,5, Diff: 1,6, Sum: 216,1]
      [GC Worker End (ms): Min: 37348393,5, Avg: 37348393,5, Max: 37348393,5, Diff: 0,0]
   [Code Root Fixup: 0,0 ms]
   [Code Root Purge: 0,0 ms]
   [Clear CT: 0,4 ms]
   [Other: 2,4 ms]
      [Choose CSet: 0,0 ms]
      [Ref Proc: 1,6 ms]
      [Ref Enq: 0,0 ms]
      [Redirty Cards: 0,3 ms]
      [Humongous Register: 0,1 ms]
      [Humongous Reclaim: 0,0 ms]
      [Free CSet: 0,1 ms]
   [Eden: 89,0M(89,0M)->0,0B(38,0M) Survivors: 10,0M->13,0M Heap: 407,3M(1024,0M)->323,8M(1024,0M)]
 [Times: user=0,21 sys=0,00, real=0,03 secs] 
2018-04-10T20:44:05.384+0200: 37425,416: [GC pause (G1 Evacuation Pause) (young), 0,0526815 secs]
   [Parallel Time: 48,3 ms, GC Workers: 8]
      [GC Worker Start (ms): Min: 37425416,6, Avg: 37425417,3, Max: 37425420,7, Diff: 4,1]
      [Ext Root Scanning (ms): Min: 0,0, Avg: 0,6, Max: 1,1, Diff: 1,1, Sum: 5,0]
      [Update RS (ms): Min: 0,0, Avg: 2,9, Max: 3,7, Diff: 3,7, Sum: 22,9]
         [Processed Buffers: Min: 0, Avg: 7,4, Max: 22, Diff: 22, Sum: 59]
      [Scan RS (ms): Min: 3,3, Avg: 3,5, Max: 4,0, Diff: 0,7, Sum: 28,3]
      [Code Root Scanning (ms): Min: 0,0, Avg: 0,0, Max: 0,0, Diff: 0,0, Sum: 0,0]
      [Object Copy (ms): Min: 34,0, Avg: 35,4, Max: 38,1, Diff: 4,0, Sum: 283,5]
      [Termination (ms): Min: 0,0, Avg: 3,5, Max: 4,8, Diff: 4,8, Sum: 28,0]
         [Termination Attempts: Min: 1, Avg: 1,0, Max: 1, Diff: 0, Sum: 8]
      [GC Worker Other (ms): Min: 0,0, Avg: 0,0, Max: 0,0, Diff: 0,0, Sum: 0,2]
      [GC Worker Total (ms): Min: 42,5, Avg: 46,0, Max: 47,1, Diff: 4,6, Sum: 367,9]
      [GC Worker End (ms): Min: 37425462,6, Avg: 37425463,2, Max: 37425463,7, Diff: 1,1]
   [Code Root Fixup: 0,0 ms]
   [Code Root Purge: 0,0 ms]
   [Clear CT: 0,3 ms]
   [Other: 4,0 ms]
      [Choose CSet: 0,0 ms]
      [Ref Proc: 3,1 ms]
      [Ref Enq: 0,0 ms]
      [Redirty Cards: 0,3 ms]
      [Humongous Register: 0,1 ms]
      [Humongous Reclaim: 0,0 ms]
      [Free CSet: 0,2 ms]
   [Eden: 38,0M(38,0M)->0,0B(45,0M) Survivors: 13,0M->6144,0K Heap: 361,8M(1024,0M)->327,9M(1024,0M)]
 [Times: user=0,29 sys=0,00, real=0,06 secs] 
2018-04-10T20:45:38.680+0200: 37518,713: [GC pause (G1 Evacuation Pause) (young), 0,0377183 secs]
   [Parallel Time: 34,8 ms, GC Workers: 8]
      [GC Worker Start (ms): Min: 37518713,1, Avg: 37518713,3, Max: 37518714,1, Diff: 1,0]
      [Ext Root Scanning (ms): Min: 0,0, Avg: 0,6, Max: 1,1, Diff: 1,1, Sum: 4,9]
      [Update RS (ms): Min: 7,3, Avg: 10,2, Max: 13,6, Diff: 6,3, Sum: 81,9]
         [Processed Buffers: Min: 0, Avg: 7,8, Max: 22, Diff: 22, Sum: 62]
      [Scan RS (ms): Min: 0,0, Avg: 2,8, Max: 5,6, Diff: 5,6, Sum: 22,5]
      [Code Root Scanning (ms): Min: 0,0, Avg: 0,0, Max: 0,0, Diff: 0,0, Sum: 0,0]
      [Object Copy (ms): Min: 16,1, Avg: 18,0, Max: 19,0, Diff: 2,9, Sum: 143,7]
      [Termination (ms): Min: 0,0, Avg: 1,7, Max: 2,9, Diff: 2,9, Sum: 13,8]
         [Termination Attempts: Min: 1, Avg: 24,8, Max: 46, Diff: 45, Sum: 198]
      [GC Worker Other (ms): Min: 0,0, Avg: 0,0, Max: 0,0, Diff: 0,0, Sum: 0,1]
      [GC Worker Total (ms): Min: 32,5, Avg: 33,4, Max: 34,6, Diff: 2,1, Sum: 267,0]
      [GC Worker End (ms): Min: 37518746,4, Avg: 37518746,7, Max: 37518747,7, Diff: 1,3]
   [Code Root Fixup: 0,0 ms]
   [Code Root Purge: 0,0 ms]
   [Clear CT: 0,1 ms]
   [Other: 2,7 ms]
      [Choose CSet: 0,0 ms]
      [Ref Proc: 2,1 ms]
      [Ref Enq: 0,0 ms]
      [Redirty Cards: 0,1 ms]
      [Humongous Register: 0,1 ms]
      [Humongous Reclaim: 0,0 ms]
      [Free CSet: 0,1 ms]
   [Eden: 45,0M(45,0M)->0,0B(44,0M) Survivors: 6144,0K->7168,0K Heap: 372,9M(1024,0M)->329,4M(1024,0M)]
 [Times: user=0,15 sys=0,00, real=0,04 secs] 
2018-04-10T20:47:08.114+0200: 37608,146: [GC pause (G1 Evacuation Pause) (young), 0,0236061 secs]
   [Parallel Time: 20,6 ms, GC Workers: 8]
      [GC Worker Start (ms): Min: 37608146,7, Avg: 37608147,1, Max: 37608147,7, Diff: 1,0]
      [Ext Root Scanning (ms): Min: 0,0, Avg: 0,6, Max: 1,2, Diff: 1,2, Sum: 4,7]
      [Update RS (ms): Min: 1,5, Avg: 1,8, Max: 2,2, Diff: 0,6, Sum: 14,3]
         [Processed Buffers: Min: 1, Avg: 7,4, Max: 19, Diff: 18, Sum: 59]
      [Scan RS (ms): Min: 1,5, Avg: 1,6, Max: 1,8, Diff: 0,3, Sum: 13,1]
      [Code Root Scanning (ms): Min: 0,0, Avg: 0,0, Max: 0,0, Diff: 0,0, Sum: 0,0]
      [Object Copy (ms): Min: 15,6, Avg: 16,0, Max: 16,2, Diff: 0,7, Sum: 128,3]
      [Termination (ms): Min: 0,0, Avg: 0,0, Max: 0,0, Diff: 0,0, Sum: 0,0]
         [Termination Attempts: Min: 1, Avg: 1,1, Max: 2, Diff: 1, Sum: 9]
      [GC Worker Other (ms): Min: 0,0, Avg: 0,0, Max: 0,0, Diff: 0,0, Sum: 0,2]
      [GC Worker Total (ms): Min: 19,5, Avg: 20,1, Max: 20,4, Diff: 1,0, Sum: 160,6]
      [GC Worker End (ms): Min: 37608167,2, Avg: 37608167,2, Max: 37608167,2, Diff: 0,0]
   [Code Root Fixup: 0,0 ms]
   [Code Root Purge: 0,0 ms]
   [Clear CT: 0,8 ms]
   [Other: 2,2 ms]
      [Choose CSet: 0,0 ms]
      [Ref Proc: 0,7 ms]
      [Ref Enq: 0,0 ms]
      [Redirty Cards: 0,8 ms]
      [Humongous Register: 0,1 ms]
      [Humongous Reclaim: 0,0 ms]
      [Free CSet: 0,2 ms]
   [Eden:2018-04-10T20:47:50.508+0200: 26833,643: [GC pause (G1 Evacuation Pause) (young), 0,0309676 secs]
   [Parallel Time: 27,1 ms, GC Workers: 8]
2018-04-10T20:48:39.659+0200: 37699,691: [GC pause (G1 Evacuation Pause) (young), 0,0147900 secs]
   [Parallel Time: 11,5 ms, GC Workers: 8]
      [GC Worker Start (ms): Min: 37699691,6, Avg: 37699692,5, Max: 37699697,3, Diff: 5,7]
      [Ext Root Scanning (ms): Min: 0,0, Avg: 0,3, Max: 0,7, Diff: 0,7, Sum: 2,3]
      [Update RS (ms): Min: 0,0, Avg: 0,9, Max: 1,2, Diff: 1,2, Sum: 7,1]
         [Processed Buffers: Min: 0, Avg: 7,2, Max: 20, Diff: 20, Sum: 58]
      [Scan RS (ms): Min: 0,0, Avg: 0,8, Max: 1,1, Diff: 1,1, Sum: 6,7]
      [Code Root Scanning (ms): Min: 0,0, Avg: 0,0, Max: 0,0, Diff: 0,0, Sum: 0,0]
      [Object Copy (ms): Min: 4,6, Avg: 7,5, Max: 8,5, Diff: 4,0, Sum: 60,0]
      [Termination (ms): Min: 0,0, Avg: 0,7, Max: 0,8, Diff: 0,8, Sum: 5,3]
         [Termination Attempts: Min: 1, Avg: 8,4, Max: 14, Diff: 13, Sum: 67]
      [GC Worker Other (ms): Min: 0,0, Avg: 0,0, Max: 0,0, Diff: 0,0, Sum: 0,1]
      [GC Worker Total (ms): Min: 5,4, Avg: 10,2, Max: 11,0, Diff: 5,6, Sum: 81,4]
      [GC Worker End (ms): Min: 37699702,6, Avg: 37699702,7, Max: 37699702,8, Diff: 0,1]
   [Code Root Fixup: 0,0 ms]
   [Code Root Purge: 0,0 ms]
   [Clear CT: 0,3 ms]
   [Other: 3,0 ms]
      [Choose CSet: 0,0 ms]
      [Ref Proc: 2,6 ms]
      [Ref Enq: 0,0 ms]
      [Redirty Cards: 0,1 ms]
      [Humongous Register: 0,0 ms]
      [Humongous Reclaim: 0,0 ms]
      [Free CSet: 0,1 ms]
   [Eden: 44,0M(44,02018-04-10T20:48:59.065+0200: 26902,200: [GC pause (G1 Evacuation Pause) (young), 0,0176957 secs]
   [Parallel Time: 16,8 ms, GC W2018-04-10T20:50:09.738+0200: 37789,771: [GC pause (G1 Evacuation Pause) (young), 0,0132188 secs]
   [Parallel Time: 10,1 ms, GC Workers: 8]
      [GC Worker Start (ms): Min: 37789771,1, Avg: 37789771,5, Max: 37789773,3, Diff: 2,3]
      [Ext Root Scanning (ms): Min: 0,0, Avg: 0,3, Max: 0,7, Diff: 0,7, Sum: 2,3]
      [Update RS (ms): Min: 0,0, Avg: 0,8, Max: 1,2, Diff: 1,2, Sum: 6,7]
         [Processed Buffers: Min: 0, Avg: 7,4, Max: 18, Diff: 18, Sum: 59]
      [Scan RS (ms): Min: 0,0, Avg: 0,6, Max: 0,9, Diff: 0,9, Sum: 5,1]
      [Code Root Scanning (ms): Min: 0,0, Avg: 0,0, Max: 0,0, Diff: 0,0, Sum: 0,0]
      [Object Copy (ms): Min: 6,4, Avg: 6,5, Max: 6,9, Diff: 0,5, Sum: 52,1]
      [Termination (ms): Min: 0,0, Avg: 0,5, Max: 0,9, Diff: 0,9, Sum: 3,9]
         [Termination Attempts: Min: 1, Avg: 4,1, Max: 7, Diff: 6, Sum: 33]
      [GC Worker Other (ms): Min: 0,0, Avg: 0,0, Max: 0,0, Diff: 0,0, Sum: 0,1]
      [GC Worker Total (ms): Min: 6,9, Avg: 8,8, Max: 9,2, Diff: 2,3, Sum: 70,1]
      [GC Worker End (ms): Min: 37789780,1, Avg: 37789780,3, Max: 37789780,7, Diff: 0,5]
   [Code Root Fixup: 0,0 ms]
   [Code Root Purge: 0,0 ms]
   [Clear CT: 0,1 ms]
   [Other: 3,0 ms]
      [Choose CSet: 0,0 ms]
      [Ref Proc: 2,5 ms]
      [Ref Enq: 0,0 ms]
      [Redirty Cards: 0,1 ms]
      [Humongous Register: 0,1 ms]
      [Humongous Reclaim: 0,0 ms]
      [Free CSet: 0,1 ms]
   [Eden: 44,0M(44,0M)->02018-04-10T20:51:17.413+0200: 27040,548: [GC pause (G1 Evacuation Pause) (young), 0,0331810 secs]
   [Parallel Time: 27,5 ms,2018-04-10T20:51:41.066+0200: 37881,099: [GC pause (G1 Evacuation Pause) (young), 0,0197515 secs]
   [Parallel Time: 17,7 ms, GC Workers: 8]
      [GC Worker Start (ms): Min: 37881098,9, Avg: 37881100,9, Max: 37881110,0, Diff: 11,1]
      [Ext Root Scanning (ms): Min: 0,0, Avg: 0,7, Max: 2,0, Diff: 2,0, Sum: 5,5]
      [Update RS (ms): Min: 0,0, Avg: 2,1, Max: 3,2, Diff: 3,2, Sum: 16,5]
         [Processed Buffers: Min: 0, Avg: 7,8, Max: 24, Diff: 24, Sum: 62]
      [Scan RS (ms): Min: 0,0, Avg: 1,7, Max: 2,5, Diff: 2,5, Sum: 13,8]
      [Code Root Scanning (ms): Min: 0,0, Avg: 0,0, Max: 0,0, Diff: 0,0, Sum: 0,0]
      [Object Copy (ms): Min: 3,8, Avg: 8,7, Max: 11,4, Diff: 7,7, Sum: 69,9]
      [Termination (ms): Min: 0,0, Avg: 2,2, Max: 2,6, Diff: 2,6, Sum: 17,7]
         [Termination Attempts: Min: 1, Avg: 2,2, Max: 6, Diff: 5, Sum: 18]
      [GC Worker Other (ms): Min: 0,0, Avg: 0,0, Max: 0,0, Diff: 0,0, Sum: 0,2]
      [GC Worker Total (ms): Min: 6,3, Avg: 15,4, Max: 17,5, Diff: 11,2, Sum: 123,5]
      [GC Worker End (ms): Min: 37881116,3, Avg: 37881116,4, Max: 37881116,5, Diff: 0,2]
   [Code Root Fixup: 0,0 ms]
   [Code Root Purge: 0,0 ms]
   [Clear CT: 0,1 ms]
   [Other: 1,9 ms]
      [Choose CSet: 0,0 ms]
      [Ref Proc: 1,3 ms]
      [Ref Enq: 0,0 ms]
      [Redirty Cards: 0,1 ms]
      [Humongous Register: 0,1 ms]
      [Humongous Reclaim: 0,0 ms]
      [Free CSet: 0,1 ms]
   [Eden: 44,0M(44,0M)->2018-04-10T20:52:27.638+0200: 27110,773: [GC pause (G1 Evacuation Pause) (young), 0,0222642 secs]
   [Parallel Time: 19,7 ms, 2018-04-10T20:53:11.703+0200: 37971,735: [GC pause (G1 Evacuation Pause) (young), 0,0248991 secs]
   [Parallel Time: 23,8 ms, GC Workers: 8]
      [GC Worker Start (ms): Min: 37971735,7, Avg: 37971735,9, Max: 37971736,0, Diff: 0,2]
      [Ext Root Scanning (ms): Min: 0,4, Avg: 0,6, Max: 1,1, Diff: 0,6, Sum: 4,7]
      [Update RS (ms): Min: 1,9, Avg: 2,5, Max: 3,1, Diff: 1,2, Sum: 20,4]
         [Processed Buffers: Min: 3, Avg: 7,4, Max: 15, Diff: 12, Sum: 59]
      [Scan RS (ms): Min: 2,0, Avg: 2,5, Max: 3,1, Diff: 1,0, Sum: 20,3]
      [Code Root Scanning (ms): Min: 0,0, Avg: 0,0, Max: 0,0, Diff: 0,0, Sum: 0,0]
      [Object Copy (ms): Min: 11,5, Avg: 12,4, Max: 17,6, Diff: 6,1, Sum: 99,3]
      [Termination (ms): Min: 0,0, Avg: 5,3, Max: 6,2, Diff: 6,2, Sum: 42,7]
         [Termination Attempts: Min: 1, Avg: 7,6, Max: 12, Diff: 11, Sum: 61]
      [GC Worker Other (ms): Min: 0,0, Avg: 0,0, Max: 0,0, Diff: 0,0, Sum: 0,1]
      [GC Worker Total (ms): Min: 23,4, Avg: 23,4, Max: 23,6, Diff: 0,2, Sum: 187,6]
      [GC Worker End (ms): Min: 37971759,3, Avg: 37971759,3, Max: 37971759,4, Diff: 0,2]
   [Code Root Fixup: 0,0 ms]
   [Code Root Purge: 0,0 ms]
   [Clear CT: 0,2 ms]
   [Other: 0,9 ms]
      [Choose CSet: 0,0 ms]
      [Ref Proc: 0,4 ms]
      [Ref Enq: 0,0 ms]
      [Redirty Cards: 0,1 ms]
      [Humongous Register: 0,1 ms]
      [Humongous Reclaim: 0,0 ms]
      [Free CSet: 0,1 ms]
   [Eden: 44,0M(44,0M2018-04-10T20:54:08.385+0200: 27211,520: [GC pause (G1 Evacuation Pause) (young), 0,0102747 secs]
   [Parallel Time: 7,4 ms, GC W2018-04-10T20:54:42.826+0200: 38062,859: [GC pause (G1 Evacuation Pause) (young), 0,0265269 secs]
   [Parallel Time: 24,1 ms, GC Workers: 8]
      [GC Worker Start (ms): Min: 38062859,0, Avg: 38062859,1, Max: 38062859,2, Diff: 0,2]
      [Ext Root Scanning (ms): Min: 0,6, Avg: 0,7, Max: 1,2, Diff: 0,7, Sum: 5,8]
      [Update RS (ms): Min: 1,3, Avg: 1,8, Max: 2,1, Diff: 0,8, Sum: 14,1]
         [Processed Buffers: Min: 1, Avg: 7,2, Max: 15, Diff: 14, Sum: 58]
      [Scan RS (ms): Min: 2,5, Avg: 2,9, Max: 3,5, Diff: 0,9, Sum: 23,2]
      [Code Root Scanning (ms): Min: 0,0, Avg: 0,0, Max: 0,0, Diff: 0,0, Sum: 0,1]
      [Object Copy (ms): Min: 17,9, Avg: 18,0, Max: 18,2, Diff: 0,3, Sum: 144,3]
      [Termination (ms): Min: 0,0, Avg: 0,0, Max: 0,0, Diff: 0,0, Sum: 0,1]
         [Termination Attempts: Min: 1, Avg: 3,6, Max: 6, Diff: 5, Sum: 29]
      [GC Worker Other (ms): Min: 0,0, Avg: 0,1, Max: 0,2, Diff: 0,2, Sum: 0,6]
      [GC Worker Total (ms): Min: 23,4, Avg: 23,5, Max: 23,7, Diff: 0,3, Sum: 188,1]
      [GC Worker End (ms): Min: 38062882,6, Avg: 38062882,6, Max: 38062882,8, Diff: 0,2]
   [Code Root Fixup: 0,0 ms]
   [Code Root Purge: 0,0 ms]
   [Clear CT: 0,4 ms]
   [Other: 1,9 ms]
      [Choose CSet: 0,0 ms]
      [Ref Proc: 0,6 ms]
      [Ref Enq: 0,0 ms]
      [Redirty Cards: 0,7 ms]
      [Humongous Register: 0,1 ms]
      [Humongous Reclaim: 0,0 ms]
      [Free CSet: 0,2 ms]
   [Eden: 44,2018-04-10T20:56:21.630+0200: 27344,765: [GC pause (G1 Evacuation Pause) (young), 0,0253549 secs]
   [Parallel Time: 22,8 ms, GC Workers: 8]
      [GC Worker Start (ms): Min: 27344765,2, Avg: 27344766,1, Max: 27344770,7, Diff: 5,5]
      [Ext Root Scanning (ms): Min: 0,0, Avg: 0,6, Max: 1,1, Diff: 1,0, Sum: 4,6]
      [Update RS (ms): Min: 0,0, Avg: 1,7, Max: 2,2, Diff: 2,2, Sum: 14,0]
         [Processed Buffers: Min: 0, Avg: 6,9, Max: 15, Diff: 15, Sum: 55]
      [Scan RS (ms): Min: 0,0, Avg: 1,5, Max: 2,0, Diff: 2,0, Sum: 12,0]
      [Code Root Scanning (ms): Min: 0,0, Avg: 0,0, Max: 0,0, Diff: 0,0, Sum: 0,0]
      [Object Copy (ms): Min: 17,2, Avg: 18,0, Max: 18,3, Diff: 1,1, Sum: 143,6]
      [Termination (ms): Min: 0,0, Avg: 0,0, Max: 0,0, Diff: 0,0, Sum: 0,2]
         [Termination Attempts: Min: 1, Avg: 1,0, Max: 1, Diff: 0, Sum: 8]
      [GC Worker Other (ms): Min: 0,0, Avg: 0,0, Max: 0,0, Diff: 0,0, Sum: 0,2]
      [GC Worker Total (ms): Min: 17,2, Avg: 21,8, Max: 22,7, Diff: 5,5, Sum: 174,6]
      [GC Worker End (ms): Min: 27344787,9, Avg: 27344787,9, Max: 27344787,9, Diff: 0,0]
   [Code Root Fixup: 0,0 ms]
   [Code Root Purge: 0,0 ms]
   [Clear CT: 0,5 ms]
   [Other: 2,0 ms]
      [Choose CSet: 0,0 ms]
      [Ref Proc: 1,0 ms]
      [Ref Enq: 0,0 ms]
      [Redirty Cards: 0,4 ms]
      [Humongous Register: 0,1 ms]
      [Humongous Reclaim: 0,0 ms]
      [Free CSet: 0,1 ms]
   [Eden: 76,0M(76,0M)->0,0B(47,0M) Survivors: 8192,0K->11,0M Heap: 322,9M(1024,0M)->250,1M(1024,0M)]
 [Times: user=0,17 sys=0,00, real=0,02 secs] 
2018-04-10T20:57:42.910+0200: 27426,044: [GC pause (G1 Evacuation Pause) (young), 0,0294882 secs]
   [Parallel Time: 26,3 ms, GC2018-04-10T20:58:47.974+0200: 38308,007: [GC pause (G1 Evacuation Pause) (young), 0,0276866 secs]
   [Parallel Time: 24,4 ms, GC Workers: 8]
      [GC Worker Start (ms): Min: 38308007,3, Avg: 38308008,4, Max: 38308013,4, Diff: 6,2]
      [Ext Root Scanning (ms): Min: 0,0, Avg: 0,9, Max: 3,1, Diff: 3,1, Sum: 7,3]
      [Update RS (ms): Min: 0,0, Avg: 3,6, Max: 5,1, Diff: 5,1, Sum: 28,8]
         [Processed Buffers: Min: 0, Avg: 8,0, Max: 26, Diff: 26, Sum: 64]
      [Scan RS (ms): Min: 1,6, Avg: 2,1, Max: 2,4, Diff: 0,8, Sum: 16,9]
      [Code Root Scanning (ms): Min: 0,0, Avg: 0,0, Max: 0,0, Diff: 0,0, Sum: 0,0]
      [Object Copy (ms): Min: 14,5, Avg: 15,3, Max: 16,2, Diff: 1,7, Sum: 122,2]
      [Termination (ms): Min: 0,0, Avg: 0,9, Max: 1,3, Diff: 1,3, Sum: 7,3]
         [Termination Attempts: Min: 1, Avg: 2,4, Max: 4, Diff: 3, Sum: 19]
      [GC Worker Other (ms): Min: 0,0, Avg: 0,0, Max: 0,1, Diff: 0,0, Sum: 0,2]
      [GC Worker Total (ms): Min: 17,7, Avg: 22,8, Max: 24,1, Diff: 6,4, Sum: 182,8]
      [GC Worker End (ms): Min: 38308031,1, Avg: 38308031,2, Max: 38308031,5, Diff: 0,4]
   [Code Root Fixup: 0,0 ms]
   [Code Root Purge: 0,0 ms]
   [Clear CT: 0,1 ms]
   [Other: 3,1 ms]
      [Choose CSet: 0,0 ms]
      [Ref Proc: 2,4 ms]
      [Ref Enq: 0,0 ms]
      [Redirty Cards: 0,1 ms]
      [Humongous Register: 0,1 ms]
      [Humongous Reclaim: 0,0 ms]
      [Free CSet: 0,1 ms]
   [Eden: 75,0M(752018-04-10T20:58:58.129+0200: 27501,264: [GC pause (G1 Evacuation Pause) (young), 0,0291930 secs]
   [Parallel Time: 26,3 ms, GC W2018-04-10T21:00:11.501+0200: 38391,533: [GC pause (G1 Evacuation Pause) (young), 0,0283985 secs]
   [Parallel Time: 23,6 ms, GC Workers: 8]
      [GC Worker Start (ms): Min: 38391533,5, Avg: 38391533,8, Max: 38391534,5, Diff: 1,0]
      [Ext Root Scanning (ms): Min: 0,0, Avg: 0,6, Max: 1,3, Diff: 1,3, Sum: 5,0]
      [Update RS (ms): Min: 0,0, Avg: 1,6, Max: 2,3, Diff: 2,3, Sum: 12,6]
         [Processed Buffers: Min: 0, Avg: 7,1, Max: 13, Diff: 13, Sum: 57]
      [Scan RS (ms): Min: 0,0, Avg: 1,7, Max: 2,1, Diff: 2,1, Sum: 14,0]
      [Code Root Scanning (ms): Min: 0,0, Avg: 0,0, Max: 0,0, Diff: 0,0, Sum: 0,0]
      [Object Copy (ms): Min: 18,2, Avg: 18,8, Max: 22,2, Diff: 4,1, Sum: 150,7]
      [Termination (ms): Min: 0,0, Avg: 0,0, Max: 0,0, Diff: 0,0, Sum: 0,1]
         [Termination Attempts: Min: 1, Avg: 1,1, Max: 2, Diff: 1, Sum: 9]
      [GC Worker Other (ms): Min: 0,0, Avg: 0,0, Max: 0,0, Diff: 0,0, Sum: 0,2]
      [GC Worker Total (ms): Min: 22,1, Avg: 22,8, Max: 23,1, Diff: 1,0, Sum: 182,5]
      [GC Worker End (ms): Min: 38391556,6, Avg: 38391556,6, Max: 38391556,6, Diff: 0,0]
   [Code Root Fixup: 0,0 ms]
   [Code Root Purge: 0,0 ms]
   [Clear CT: 0,2 ms]
   [Other: 4,6 ms]
      [Choose CSet: 0,0 ms]
      [Ref Proc: 3,1 ms]
      [Ref Enq: 0,0 ms]
      [Redirty Cards: 0,9 ms]
      [Humongous Register: 0,1 ms]
      [Humongous Reclaim: 0,0 ms]
      [Free CSet: 0,1 ms]
   [Eden: 41,0M(41,0M2018-04-10T21:00:14.847+0200: 27577,981: [GC pause (G1 Evacuation Pause) (young), 0,0273206 secs]
   [Parallel Time: 24,1 ms, G2018-04-10T21:01:45.995+0200: 38486,028: [GC pause (G1 Evacuation Pause) (young) (initial-mark), 0,0250657 secs]
   [Parallel Time: 21,5 ms, GC Workers: 8]
      [GC Worker Start (ms): Min: 38486028,5, Avg: 38486028,7, Max: 38486029,6, Diff: 1,1]
      [Ext Root Scanning (ms): Min: 1,0, Avg: 1,5, Max: 1,8, Diff: 0,8, Sum: 11,9]
      [Update RS (ms): Min: 3,1, Avg: 3,5, Max: 4,0, Diff: 0,9, Sum: 28,3]
         [Processed Buffers: Min: 2, Avg: 7,8, Max: 15, Diff: 13, Sum: 62]
      [Scan RS (ms): Min: 1,5, Avg: 2,1, Max: 2,4, Diff: 0,9, Sum: 16,5]
      [Code Root Scanning (ms): Min: 0,0, Avg: 0,0, Max: 0,0, Diff: 0,0, Sum: 0,0]
      [Object Copy (ms): Min: 13,1, Avg: 13,3, Max: 13,4, Diff: 0,3, Sum: 106,2]
      [Termination (ms): Min: 0,0, Avg: 0,0, Max: 0,0, Diff: 0,0, Sum: 0,1]
         [Termination Attempts: Min: 1, Avg: 5,2, Max: 8, Diff: 7, Sum: 42]
      [GC Worker Other (ms): Min: 0,0, Avg: 0,0, Max: 0,0, Diff: 0,0, Sum: 0,2]
      [GC Worker Total (ms): Min: 19,6, Avg: 20,4, Max: 20,7, Diff: 1,1, Sum: 163,2]
      [GC Worker End (ms): Min: 38486049,1, Avg: 38486049,1, Max: 38486049,1, Diff: 0,0]
   [Code Root Fixup: 0,0 ms]
   [Code Root Purge: 0,0 ms]
   [Clear CT: 0,2 ms]
   [Other: 3,4 ms]
      [Choose CSet: 0,0 ms]
      [Ref Proc: 2,5 ms]
      [Ref Enq: 0,0 ms]
      [Redirty Cards: 0,2 ms]
      [Humongous Register: 0,0 ms]
      [Humongous Reclaim: 0,0 ms]
      [Free CSet: 0,1 ms]
   [Eden: 46,0M(46,0M)->0,0B(44,0M) Survivors: 5120,0K->7168,0K Heap: 410,7M(1024,0M)->368,0M(1024,0M)]
 [Times: user=0,16 sys=0,00, real=0,03 secs] 
2018-04-10T21:01:46.021+0200: 38486,053: [GC concurrent-root-region-scan-start]
2018-04-10T21:01:46.034+0200: 38486,066: [GC concurrent-root-region-scan-end, 0,0130053 secs]
2018-04-10T21:01:46.034+0200: 38486,066: [GC concurrent-mark-start]
2018-04-10T21:01:46.055+0200: 38486,088: [GC concurrent-mark-end, 0,0215443 secs]
2018-04-10T21:01:46.055+0200: 38486,088: [GC remark 2018-04-10T21:01:46.055+0200: 38486,088: [Finalize Marking, 0,0010854 secs] 2018-04-10T21:01:46.057+0200: 38486,089: [GC ref-proc, 0,0008218 secs] 2018-04-10T21:01:46.057+0200: 38486,090: [Unloading, 0,0049987 secs], 0,0082174 secs]
 [Times: user=0,03 sys=0,00, real=0,01 secs] 
2018-04-10T21:01:46.064+0200: 38486,096: [GC cleanup 368M->305M(1024M), 0,0013573 secs]
 [Times: user=0,01 sys=0,00, real=0,00 secs] 
2018-04-10T21:01:46.065+0200: 38486,098: [GC concurrent-cleanup-start]
2018-04-10T21:01:46.065+0200: 38486,098: [GC concurrent-cleanup-end, 0,0000839 secs]
2018-04-10T21:03:14.939+0200: 38574,971: [GC pause (G1 Evacuation Pause) (young), 0,0259448 secs]
   [Parallel Time: 22,9 ms, GC Workers: 8]
      [GC Worker Start (ms): Min: 38574971,8, Avg: 38574972,1, Max: 38574972,9, Diff: 1,1]
      [Ext Root Scanning (ms): Min: 0,0, Avg: 0,6, Max: 1,3, Diff: 1,3, Sum: 5,0]
      [Update RS (ms): Min: 0,0, Avg: 1,5, Max: 1,9, Diff: 1,9, Sum: 11,8]
         [Processed Buffers: Min: 0, Avg: 7,5, Max: 23, Diff: 23, Sum: 60]
      [Scan RS (ms): Min: 0,0, Avg: 1,9, Max: 2,4, Diff: 2,4, Sum: 15,1]
      [Code Root Scanning (ms): Min: 0,0, Avg: 0,0, Max: 0,0, Diff: 0,0, Sum: 0,0]
      [Object Copy (ms): Min: 17,2, Avg: 18,0, Max: 21,5, Diff: 4,3, Sum: 144,2]
      [Termination (ms): Min: 0,0, Avg: 0,0, Max: 0,0, Diff: 0,0, Sum: 0,3]
         [Termination Attempts: Min: 1, Avg: 14,4, Max: 22, Diff: 21, Sum: 115]
      [GC Worker Other (ms): Min: 0,0, Avg: 0,1, Max: 0,2, Diff: 0,2, Sum: 0,5]
      [GC Worker Total (ms): Min: 21,3, Avg: 22,1, Max: 22,5, Diff: 1,2, Sum: 176,9]
      [GC Worker End (ms): Min: 38574994,2, Avg: 38574994,2, Max: 38574994,4, Diff: 0,2]
   [Code Root Fixup: 0,0 ms]
   [Code Root Purge: 0,0 ms]
   [Clear CT: 0,4 ms]
   [Other: 2,7 ms]
      [Choose CSet: 0,0 ms]
      [Ref Proc: 1,7 ms]
      [Ref Enq: 0,0 ms]
      [Redirty Cards: 0,4 ms]
      [Humongous Register: 0,1 ms]
      [Humongous Reclaim: 0,1 ms]
      [Free CSet: 0,1 ms]
   [Eden: 44,0M(44,0M)->0,0B(46,0M) Survivors: 7168,0K->5120,0K Heap: 349,0M(1024,0M)->307,2M(1024,0M)]
 [Times: user=0,17 sys=0,00, real=0,02 secs] 
2018-04-10T21:04:49.211+0200: 38669,243: [GC pause (G1 Evacuation Pause) (mixed), 0,0213454 secs]
   [Parallel Time: 18,9 ms, GC Workers: 8]
      [GC Worker Start (ms): Min: 38669243,7, Avg: 38669243,9, Max: 38669244,5, Diff: 0,8]
      [Ext Root Scanning (ms): Min: 0,2, Avg: 0,9, Max: 2,3, Diff: 2,1, Sum: 7,1]
      [Update RS (ms): Min: 2,7, Avg: 3,7, Max: 4,2, Diff: 1,6, Sum: 29,8]
         [Processed Buffers: Min: 2, Avg: 7,6, Max: 18, Diff: 16, Sum: 61]
      [Scan RS (ms): Min: 2,7, Avg: 3,4, Max: 4,2, Diff: 1,5, Sum: 27,4]
      [Code Root Scanning (ms): Min: 0,0, Avg: 0,0, Max: 0,1, Diff: 0,1, Sum: 0,2]
      [Object Copy (ms): Min: 10,1, Avg: 10,5, Max: 11,0, Diff: 0,9, Sum: 84,3]
      [Termination (ms): Min: 0,0, Avg: 0,0, Max: 0,0, Diff: 0,0, Sum: 0,0]
         [Termination Attempts: Min: 1, Avg: 1,0, Max: 1, Diff: 0, Sum: 8]
      [GC Worker Other (ms): Min: 0,0, Avg: 0,0, Max: 0,0, Diff: 0,0, Sum: 0,2]
      [GC Worker Total (ms): Min: 18,0, Avg: 18,6, Max: 18,9, Diff: 0,8, Sum: 149,1]
      [GC Worker End (ms): Min: 38669262,5, Avg: 38669262,5, Max: 38669262,5, Diff: 0,0]
   [Code Root Fixup: 0,0 ms]
   [Code Root Purge: 0,0 ms]
   [Clear CT: 0,5 ms]
   [Other: 1,9 ms]
      [Choose CSet: 0,1 ms]
      [Ref Proc: 1,0 ms]
      [Ref Enq: 0,0 ms]
      [Redirty Cards: 0,1 ms]
      [Humongous Register: 0,1 ms]
      [Humongous Reclaim: 0,0 ms]
      [Free CSet: 0,1 ms]
   [Eden: 46,0M(46,0M)->0,0B(44,0M) Survivors: 5120,0K->7168,0K Heap: 353,2M(1024,0M)->292,4M(1024,0M)]
 [Times: user=0,15 sys=0,00, real=0,02 secs] 
2018-04-10T21:06:18.553+0200: 38758,586: [GC pause (G1 Evacuation Pause) (mixed), 0,0300896 secs]
   [Parallel Time: 25,9 ms, GC Workers: 8]
      [GC Worker Start (ms): Min: 38758586,1, Avg: 38758586,9, Max: 38758589,0, Diff: 2,8]
      [Ext Root Scanning (ms): Min: 0,0, Avg: 0,6, Max: 1,1, Diff: 1,1, Sum: 4,5]
      [Update RS (ms): Min: 0,2, Avg: 2,4, Max: 5,7, Diff: 5,5, Sum: 19,6]
         [Processed Buffers: Min: 1, Avg: 7,1, Max: 14, Diff: 13, Sum: 57]
      [Scan RS (ms): Min: 0,0, Avg: 2,2, Max: 3,0, Diff: 3,0, Sum: 17,7]
      [Code Root Scanning (ms): Min: 0,0, Avg: 0,0, Max: 0,1, Diff: 0,1, Sum: 0,2]
      [Object Copy (ms): Min: 15,9, Avg: 16,6, Max: 18,4, Diff: 2,5, Sum: 133,0]
      [Termination (ms): Min: 0,0, Avg: 2,0, Max: 3,1, Diff: 3,1, Sum: 15,6]
         [Termination Attempts: Min: 1, Avg: 1,0, Max: 1, Diff: 0, Sum: 8]
      [GC Worker Other (ms): Min: 0,0, Avg: 0,0, Max: 0,0, Diff: 0,0, Sum: 0,1]
      [GC Worker Total (ms): Min: 21,6, Avg: 23,8, Max: 25,3, Diff: 3,7, Sum: 190,7]
      [GC Worker End (ms): Min: 38758610,6, Avg: 38758610,8, Max: 38758611,6, Diff: 1,0]
   [Code Root Fixup: 0,0 ms]
   [Code Root Purge: 0,0 ms]
   [Clear CT: 0,3 ms]
   [Other: 3,9 ms]
      [Choose CSet: 0,1 ms]
      [Ref Proc: 3,0 ms]
      [Ref Enq: 0,0 ms]
      [Redirty Cards: 0,3 ms]
      [Humongous Register: 0,1 ms]
      [Humongous Reclaim: 0,0 ms]
      [Free CSet: 0,2 ms]
   [Eden: 44,0M(44,0M)->0,0B(44,0M) Survivors: 7168,0K->7168,0K Heap: 336,4M(1024,0M)->273,5M(1024,0M)]
 [Times: user=0,18 sys=0,00, real=0,03 secs] 
2018-04-10T21:07:47.865+0200: 38847,898: [GC pause (G1 Evacuation Pause) (mixed), 0,0256042 secs]
   [Parallel Time: 22,3 ms, GC Workers: 8]
      [GC Worker Start (ms): Min: 38847898,3, Avg: 38847899,5, Max: 38847903,3, Diff: 4,9]
      [Ext Root Scanning (ms): Min: 0,0, Avg: 0,7, Max: 1,5, Diff: 1,5, Sum: 5,5]
      [Update RS (ms): Min: 0,0, Avg: 2,3, Max: 3,2, Diff: 3,2, Sum: 18,4]
         [Processed Buffers: Min: 0, Avg: 7,4, Max: 25, Diff: 25, Sum: 59]
      [Scan RS (ms): Min: 2,3, Avg: 3,0, Max: 3,3, Diff: 1,1, Sum: 23,8]
      [Code Root Scanning (ms): Min: 0,0, Avg: 0,0, Max: 0,1, Diff: 0,1, Sum: 0,3]
      [Object Copy (ms): Min: 14,9, Avg: 15,1, Max: 15,2, Diff: 0,2, Sum: 120,4]
      [Termination (ms): Min: 0,0, Avg: 0,0, Max: 0,0, Diff: 0,0, Sum: 0,0]
         [Termination Attempts: Min: 1, Avg: 1,0, Max: 1, Diff: 0, Sum: 8]
      [GC Worker Other (ms): Min: 0,0, Avg: 0,0, Max: 0,0, Diff: 0,0, Sum: 0,1]
      [GC Worker Total (ms): Min: 17,3, Avg: 21,1, Max: 22,2, Diff: 4,9, Sum: 168,6]
      [GC Worker End (ms): Min: 38847920,5, Avg: 38847920,5, Max: 38847920,5, Diff: 0,0]
   [Code Root Fixup: 0,0 ms]
   [Code Root Purge: 0,0 ms]
   [Clear CT: 0,2 ms]
   [Other: 3,1 ms]
      [Choose CSet: 0,1 ms]
      [Ref Proc: 2,4 ms]
      [Ref Enq: 0,0 ms]
      [Redirty Cards: 0,1 ms]
      [Humongous Register: 0,1 ms]
      [Humongous Reclaim: 0,0 ms]
      [Free CSet: 0,1 ms]
   [Eden: 44,0M(44,0M)->0,0B(44,0M) Survivors: 7168,0K->7168,0K Heap: 317,5M(1024,0M)->255,5M(1024,0M)]
 [Times: user=0,16 sys=0,00, real=0,03 secs] 
2018-04-10T21:09:18.409+0200: 38938,442: [GC pause (G1 Evacuation Pause) (mixed), 0,0147324 secs]
   [Parallel Time: 12,8 ms, GC Workers: 8]
      [GC Worker Start (ms): Min: 38938442,4, Avg: 38938442,6, Max: 38938442,9, Diff: 0,6]
      [Ext Root Scanning (ms): Min: 0,1, Avg: 0,6, Max: 2,1, Diff: 2,0, Sum: 4,8]
      [Update RS (ms): Min: 0,0, Avg: 1,3, Max: 2,3, Diff: 2,3, Sum: 10,0]
         [Processed Buffers: Min: 0, Avg: 6,9, Max: 14, Diff: 14, Sum: 55]
      [Scan RS (ms): Min: 0,4, Avg: 1,6, Max: 5,2, Diff: 4,8, Sum: 13,0]
      [Code Root Scanning (ms): Min: 0,0, Avg: 0,0, Max: 0,2, Diff: 0,2, Sum: 0,3]
      [Object Copy (ms): Min: 4,7, Avg: 7,8, Max: 10,5, Diff: 5,8, Sum: 62,7]
      [Termination (ms): Min: 0,0, Avg: 0,7, Max: 1,2, Diff: 1,2, Sum: 5,9]
         [Termination Attempts: Min: 1, Avg: 5,1, Max: 8, Diff: 7, Sum: 41]
      [GC Worker Other (ms): Min: 0,0, Avg: 0,0, Max: 0,0, Diff: 0,0, Sum: 0,1]
      [GC Worker Total (ms): Min: 11,7, Avg: 12,1, Max: 12,3, Diff: 0,6, Sum: 96,9]
      [GC Worker End (ms): Min: 38938454,6, Avg: 38938454,7, Max: 38938455,0, Diff: 0,4]
   [Code Root Fixup: 0,0 ms]
   [Code Root Purge: 0,0 ms]
   [Clear CT: 0,4 ms]
   [Other: 1,6 ms]
      [Choose CSet: 0,1 ms]
      [Ref Proc: 0,8 ms]
      [Ref Enq: 0,0 ms]
      [Redirty Cards: 0,1 ms]
      [Humongous Register: 0,1 ms]
      [Humongous Reclaim: 0,0 ms]
      [Free CSet: 0,1 ms]
   [Eden: 44,0M(44,0M)->0,0B(44,0M) Survivors: 7168,0K->7168,0K Heap: 299,5M(1024,0M)->238,5M(1024,0M)]
 [Times: user=0,08 sys=0,00, real=0,01 secs] 
2018-04-10T21:10:48.157+0200: 39028,190: [GC pause (G1 Evacuation Pause) (mixed), 0,0172864 secs]
   [Parallel Time: 13,6 ms, GC Workers: 8]
      [GC Worker Start (ms): Min: 39028190,0, Avg: 39028191,1, Max: 39028196,9, Diff: 6,9]
      [Ext Root Scanning (ms): Min: 0,0, Avg: 0,3, Max: 0,7, Diff: 0,7, Sum: 2,0]
      [Update RS (ms): Min: 0,0, Avg: 0,9, Max: 1,1, Diff: 1,1, Sum: 7,3]
         [Processed Buffers: Min: 0, Avg: 7,1, Max: 25, Diff: 25, Sum: 57]
      [Scan RS (ms): Min: 0,0, Avg: 1,1, Max: 1,4, Diff: 1,3, Sum: 8,7]
      [Code Root Scanning (ms): Min: 0,0, Avg: 0,0, Max: 0,1, Diff: 0,1, Sum: 0,2]
      [Object Copy (ms): Min: 5,2, Avg: 8,9, Max: 10,2, Diff: 5,0, Sum: 71,6]
      [Termination (ms): Min: 0,0, Avg: 0,8, Max: 1,3, Diff: 1,3, Sum: 6,8]
         [Termination Attempts: Min: 1, Avg: 5,1, Max: 9, Diff: 8, Sum: 41]
      [GC Worker Other (ms): Min: 0,0, Avg: 0,0, Max: 0,0, Diff: 0,0, Sum: 0,1]
      [GC Worker Total (ms): Min: 6,1, Avg: 12,1, Max: 13,4, Diff: 7,3, Sum: 96,6]
      [GC Worker End (ms): Min: 39028203,0, Avg: 39028203,1, Max: 39028203,5, Diff: 0,5]
   [Code Root Fixup: 0,0 ms]
   [Code Root Purge: 0,0 ms]
   [Clear CT: 0,5 ms]
   [Other: 3,2 ms]
      [Choose CSet: 0,0 ms]
      [Ref Proc: 2,6 ms]
      [Ref Enq: 0,0 ms]
      [Redirty Cards: 0,1 ms]
      [Humongous Register: 0,1 ms]
      [Humongous Reclaim: 0,0 ms]
      [Free CSet: 0,1 ms]
   [Eden: 44,0M(44,0M)->0,0B(46,0M) Survivors: 7168,0K->5120,0K Heap: 282,5M(1024,0M)->225,4M(1024,0M)]
 [Times: user=0,09 sys=0,00, real=0,01 secs] 
2018-04-10T21:12:22.491+0200: 39122,524: [GC pause (G1 Evacuation Pause) (young), 0,0212085 secs]
   [Parallel Time: 19,2 ms, GC Workers: 8]
      [GC Worker Start (ms): Min: 39122524,0, Avg: 39122524,3, Max: 39122525,7, Diff: 1,7]
      [Ext Root Scanning (ms): Min: 0,0, Avg: 0,6, Max: 1,3, Diff: 1,2, Sum: 5,0]
      [Update RS (ms): Min: 2,1, Avg: 3,1, Max: 4,0, Diff: 1,9, Sum: 24,4]
         [Processed Buffers: Min: 2, Avg: 7,9, Max: 20, Diff: 18, Sum: 63]
      [Scan RS (ms): Min: 1,8, Avg: 2,6, Max: 3,0, Diff: 1,3, Sum: 21,0]
      [Code Root Scanning (ms): Min: 0,0, Avg: 0,0, Max: 0,0, Diff: 0,0, Sum: 0,0]
      [Object Copy (ms): Min: 12,1, Avg: 12,4, Max: 12,6, Diff: 0,4, Sum: 99,0]
      [Termination (ms): Min: 0,0, Avg: 0,0, Max: 0,0, Diff: 0,0, Sum: 0,0]
         [Termination Attempts: Min: 1, Avg: 1,0, Max: 1, Diff: 0, Sum: 8]
      [GC Worker Other (ms): Min: 0,0, Avg: 0,0, Max: 0,0, Diff: 0,0, Sum: 0,2]
      [GC Worker Total (ms): Min: 17,3, Avg: 18,7, Max: 19,0, Diff: 1,7, Sum: 149,6]
      [GC Worker End (ms): Min: 39122543,0, Avg: 39122543,0, Max: 39122543,0, Diff: 0,0]
   [Code Root Fixup: 0,0 ms]
   [Code Root Purge: 0,0 ms]
   [Clear CT: 0,5 ms]
   [Other: 1,6 ms]
      [Choose CSet: 0,0 ms]
      [Ref Proc: 0,6 ms]
      [Ref Enq: 0,0 ms]
      [Redirty Cards: 0,3 ms]
      [Humongous Register: 0,1 ms]
      [Humongous Reclaim: 0,0 ms]
      [Free CSet: 0,2 ms]
   [Eden: 46,0M(46,0M)->0,0B(44,0M) Survivors: 5120,0K->7168,0K Heap: 271,4M(1024,0M)->229,5M(1024,0M)]
 [Times: user=0,15 sys=0,00, real=0,02 secs] 
2018-04-10T21:13:51.636+0200: 39211,669: [GC pause (G1 Evacuation Pause) (young), 0,0242374 secs]
   [Parallel Time: 22,2 ms, GC Workers: 8]
      [GC Worker Start (ms): Min: 39211669,0, Avg: 39211669,4, Max: 39211670,6, Diff: 1,5]
      [Ext Root Scanning (ms): Min: 0,0, Avg: 0,6, Max: 1,2, Diff: 1,2, Sum: 4,9]
      [Update RS (ms): Min: 1,4, Avg: 1,8, Max: 2,4, Diff: 1,0, Sum: 14,6]
         [Processed Buffers: Min: 1, Avg: 6,9, Max: 17, Diff: 16, Sum: 55]
      [Scan RS (ms): Min: 2,0, Avg: 2,3, Max: 2,8, Diff: 0,8, Sum: 18,4]
      [Code Root Scanning (ms): Min: 0,0, Avg: 0,0, Max: 0,0, Diff: 0,0, Sum: 0,0]
      [Object Copy (ms): Min: 16,6, Avg: 16,8, Max: 16,9, Diff: 0,3, Sum: 134,5]
      [Termination (ms): Min: 0,0, Avg: 0,0, Max: 0,0, Diff: 0,0, Sum: 0,0]
         [Termination Attempts: Min: 1, Avg: 1,0, Max: 1, Diff: 0, Sum: 8]
      [GC Worker Other (ms): Min: 0,0, Avg: 0,0, Max: 0,0, Diff: 0,0, Sum: 0,2]
      [GC Worker Total (ms): Min: 20,4, Avg: 21,6, Max: 22,0, Diff: 1,5, Sum: 172,6]
      [GC Worker End (ms): Min: 39211691,0, Avg: 39211691,0, Max: 39211691,0, Diff: 0,0]
   [Code Root Fixup: 0,0 ms]
   [Code Root Purge: 0,0 ms]
   [Clear CT: 0,3 ms]
   [Other: 1,7 ms]
      [Choose CSet: 0,0 ms]
      [Ref Proc: 0,8 ms]
      [Ref Enq: 0,0 ms]
      [Redirty Cards: 0,3 ms]
      [Humongous Register: 0,1 ms]
      [Humongous Reclaim: 0,0 ms]
      [Free CSet: 0,2 ms]
   [Eden: 44,0M(44,0M)->0,0B(46,0M) Survivors: 7168,0K->5120,0K Heap: 273,5M(1024,0M)->232,7M(1024,0M)]
 [Times: user=0,16 sys=0,00, real=0,02 secs] 
2018-04-10T21:15:26.252+0200: 39306,285: [GC pause (G1 Evacuation Pause) (young), 0,0203368 secs]
   [Parallel Time: 17,5 ms, GC Workers: 8]
      [GC Worker Start (ms): Min: 39306285,2, Avg: 39306285,4, Max: 39306285,5, Diff: 0,3]
      [Ext Root Scanning (ms): Min: 0,4, Avg: 0,6, Max: 1,2, Diff: 0,8, Sum: 4,6]
      [Update RS (ms): Min: 2,0, Avg: 2,5, Max: 2,9, Diff: 0,9, Sum: 20,0]
         [Processed Buffers: Min: 2, Avg: 7,5, Max: 18, Diff: 16, Sum: 60]
  2018-04-10T21:16:39.173+0200: 28562,307: [GC pause (G1 Evacuation Pause) (young), 0,0319527 secs]
   [Parallel Time: 30,4 ms, GC Workers: 8]
      [GC Worker Start (ms): Min: 28562307,8, Avg: 28562307,9, Max: 28562308,0, Diff: 0,2]
      [Ext Root Scanning (ms): Min: 0,4, Avg: 0,6, Max: 1,1, Diff: 0,7, Sum: 4,8]
      [Update RS (ms): Min: 1,2, Avg: 1,7, Max: 2,1, Diff: 1,0, Sum: 13,5]
         [Processed Buffers: Min: 1, Avg: 6,8, Max: 21, Diff: 20, Sum: 54]
      [Scan RS (ms): Min: 1,8, Avg: 2,2, Max: 2,4, Diff: 0,6, Sum: 17,6]
      [Code Root Scanning (ms): Min: 0,0, Avg: 0,0, Max: 0,0, Diff: 0,0, Sum: 0,0]
      [Object Copy (ms): Min: 25,5, Avg: 25,6, Max: 25,8, Diff: 0,3, Sum: 205,1]
      [Termination (ms): Min: 0,0, Avg: 0,0, Max: 0,0, Diff: 0,0, Sum: 0,1]
         [Termination Attempts: Min: 1, Avg: 1,9, Max: 3, Diff: 2, Sum: 15]
      [GC Worker Other (ms): Min: 0,0, Avg: 0,0, Max: 0,0, Diff: 0,0, Sum: 0,1]
      [GC Worker Total (ms): Min: 30,1, Avg: 30,2, Max: 30,3, Diff: 0,2, Sum: 241,3]
      [GC Worker End (ms): Min: 28562338,1, Avg: 28562338,1, Max: 2856232018-04-10T21:16:55.613+0200: 39395,646: [GC pause (G1 Evacuation Pause) (young), 0,0249244 secs]
   [Parallel Time: 20,9 ms, GC Workers: 8]
      [GC Worker Start (ms): Min: 39395646,0, Avg: 39395646,2, Max: 39395646,3, Diff: 0,3]
      [Ext Root Scanning (ms): Min: 0,5, Avg: 0,6, Max: 1,2, Diff: 0,7, Sum: 5,2]
      [Update RS (ms): Min: 1,5, Avg: 1,9, Max: 2,5, Diff: 1,1, Sum: 15,6]
         [Processed Buffers: Min: 1, Avg: 7,2, Max: 21, Diff: 20, Sum: 58]
  2018-04-10T21:17:43.719+0200: 28626,854: [GC pause (G1 Evacuation Pause) (young), 0,0256725 secs]
   [Parallel Time: 23,7 ms, GC Workers: 8]
      [GC Worker Start (ms): Min: 28626854,3, Avg: 28626855,2, Max: 28626856,5, Diff: 2,3]
      [Ext Root Scanning (ms): Min: 0,0, Avg: 0,6, Max: 1,2, Diff: 1,2, Sum: 4,6]
      [Update RS (ms): Min: 1,4, Avg: 2,5, Max: 3,7, Diff: 2,3, Sum: 19,7]
         [Processed Buffers: Min: 1, Avg: 7,0, Max: 14, Diff: 13, Sum: 56]
      [Scan RS (ms): Min: 1,5, Avg: 2,7, Max: 4,3, Diff: 2,8, Sum: 21,8]
      [Code Root Scanning (ms): Min: 0,0, Avg: 0,0, Max: 0,0, Diff: 0,0, Sum: 0,0]
      [Object Copy (ms): Min: 15,1, Avg: 16,8, Max: 17,1, Diff: 2,0, Sum: 134,3]
      [Termination (ms): Min: 0,0, Avg: 0,0, Max: 0,0, Diff: 0,0, Sum: 0,0]
         [Termination Attempts: Min: 1, Avg: 2,8, Max: 4, Diff: 3, Sum: 22]
      [GC Worker Other (ms): Min: 0,0, Avg: 0,0, Max: 0,0, Diff: 0,0, Sum: 0,2]
      [GC Worker Total (ms): Min: 21,2, Avg: 22,6, Max: 23,5, Diff: 2,3, Sum: 180,5]
      [GC Worker End (ms): Min: 28626877,7, Avg: 28626877,7, Max: 286268772018-04-10T21:18:31.633+0200: 39491,666: [GC pause (G1 Evacuation Pause) (young), 0,0222010 secs]
   [Parallel Time: 18,9 ms, GC Workers: 8]
      [GC Worker Start (ms): Min: 39491666,2, Avg: 39491666,4, Max: 39491666,5, Diff: 0,2]
      [Ext Root Scanning (ms): Min: 0,5, Avg: 0,7, Max: 1,3, Diff: 0,8, Sum: 5,3]
      [Update RS (ms): Min: 2,4, Avg: 2,7, Max: 3,5, Diff: 1,2, Sum: 22,0]
         [Processed Buffers: Min: 2, Avg: 7,5, Max: 22, Diff: 20, Sum: 60]
2018-04-10T21:20:09.105+0200: 28772,240: [GC pause (G1 Evacuation Pause) (young), 0,0268059 secs]
   [Parallel Time: 20,3 ms, GC Workers: 8]
      [GC Worker Start (ms): Min: 28772240,1, Avg: 28772240,3, Max: 28772241,0, Diff: 0,9]
      [Ext Root Scanning (ms): Min: 0,0, Avg: 0,6, Max: 1,2, Diff: 1,2, Sum: 4,9]
      [Update RS (ms): Min: 2,6, Avg: 3,1, Max: 3,8, Diff: 1,2, Sum: 24,6]
         [Processed Buffers: Min: 2, Avg: 6,8, Max: 13, Diff: 11, Sum: 54]
      [Scan RS (ms): Min: 2,4, Avg: 2,6, Max: 2,9, Diff: 0,5, Sum: 21,0]
      [Code Root Scanning (ms): Min: 0,0, Avg: 0,0, Max: 0,0, Diff: 0,0, Sum: 0,0]
      [Object Copy (ms): Min: 13,1, Avg: 13,6, Max: 14,1, Diff: 1,0, Sum: 108,8]
      [Termination (ms): Min: 0,0, Avg: 0,0, Max: 0,0, Diff: 0,0, Sum: 0,2]
         [Termination Attempts: Min: 2, Avg: 3,4, Max: 5, Diff: 3, Sum: 27]
      [GC Worker Other (ms): Min: 0,0, Avg: 0,0, Max: 0,0, Diff: 0,0, Sum: 0,2]
      [GC Worker Total (ms): Min: 19,3, Avg: 20,0, Max: 20,2, Diff: 0,9, Sum: 159,7]
      [GC Worker End (ms): Min: 28772260,3, Avg: 28772260,3, Max: 28772260,3, Diff: 0,0]
   [Code Root Fixup: 0,0 ms]
   [Code Root Purge: 0,0 ms]
   [Clear CT: 1,3 ms]
   [Other: 5,1 ms]
      [Choose CSet: 0,0 ms]
      [Ref Proc: 4,4 ms]
      [Ref Enq: 0,0 ms]
      [Redirty Cards: 0,2 ms]
      [Humongous Register: 0,1 ms]
      [Humongous Reclaim: 0,0 ms]
      [Free CSet: 0,1 ms]
   [Eden: 84,0M(84,0M)->0,0B(42,0M) Survivors: 5120,0K->9216,0K Heap: 388,8M(1024,0M)->308,2M(1024,0M)]
 [Times: user=0,17 sys=0,00, real=0,03 secs] 
2018-04-10T21:21:18.474+0200: 28841,608: [GC pause (G1 Evacuation Pause) (young), 0,0257420 secs]
   [Parallel Time: 23,7 ms, GC Workers: 8]
      [GC Worker Start (ms): Min: 28841608,7, Avg: 28841609,1, Max: 28841609,8, Diff: 1,1]
      [Ext Root Scanning (ms): Min: 0,0, Avg: 0,6, Max: 1,0, Diff: 1,0, Sum: 4,7]
      [Update RS (ms): Min: 0,0, Avg: 1,2, Max: 1,7, Diff: 1,7, Sum: 9,7]
         [Processed Buffers: Min: 0, Avg: 6,9, Max: 18, Diff: 18, Sum: 55]
      [Scan RS (ms): Min: 1,5, Avg: 1,9, Max: 2,3, Diff: 0,8, Sum: 15,1]
      [Code Root Scanning (ms): Min: 0,0, Avg: 0,0, Max: 0,0, Diff: 0,0, Sum: 0,0]
      [Object Copy (ms): Min: 18,3, Avg: 18,7, Max: 20,4, Diff: 2,1, Sum: 149,9]
      [Termination (ms): Min: 0,0, Avg: 0,3, Max: 0,4, Diff: 0,4, Sum: 2,7]
         [Termination Attempts: Min: 1, Avg: 2,0, Max: 3, Diff: 2, Sum: 16]
      [GC Worker Other (ms): Min: 0,0, Avg: 0,0, Max: 0,0, Diff: 0,0, Sum: 0,1]
      [GC Worker Total (ms): Min: 22,1, Avg: 22,8, Max: 23,2, Diff: 1,0, Sum: 182,1]
      [GC Worker End (ms): Min: 28841631,8, Avg: 28841631,8, Max: 288416312018-04-10T21:21:24.556+0200: 39664,588: [GC pause (G1 Evacuation Pause) (young), 0,0254570 secs]
   [Parallel Time: 23,3 ms, GC Workers: 8]
      [GC Worker Start (ms): Min: 39664588,6, Avg: 39664589,3, Max: 39664591,2, Diff: 2,5]
      [Ext Root Scanning (ms): Min: 0,0, Avg: 0,5, Max: 1,1, Diff: 1,1, Sum: 3,8]
      [Update RS (ms): Min: 0,2, Avg: 1,8, Max: 2,3, Diff: 2,2, Sum: 14,4]
         [Processed Buffers: Min: 1, Avg: 7,4, Max: 14, Diff: 13, Sum: 59]
  2018-04-10T21:22:36.305+0200: 28919,440: [GC pause (G1 Evacuation Pause) (young), 0,0201457 secs]
   [Parallel Time: 15,7 ms, GC Workers: 8]
      [GC Worker Start (ms): Min: 28919440,2, Avg: 28919440,4, Max: 28919441,7, Diff: 1,5]
      [Ext Root Scanning (ms): Min: 0,0, Avg: 0,6, Max: 1,1, Diff: 1,1, Sum: 4,5]
      [Update RS (ms): Min: 0,9, Avg: 1,6, Max: 2,1, Diff: 1,2, Sum: 13,0]
         [Processed Buffers: Min: 1, Avg: 6,6, Max: 29, Diff: 28, Sum: 53]
      [Scan RS (ms): Min: 1,5, Avg: 2,0, Max: 2,6, Diff: 1,0, Sum: 15,8]
      [Code Root Scanning (ms): Min: 0,0, Avg: 0,0, Max: 0,0, Diff: 0,0, Sum: 0,0]
      [Object Copy (ms): Min: 9,5, Avg: 9,8, Max: 10,3, Diff: 0,8, Sum: 78,0]
      [Termination (ms): Min: 0,0, Avg: 0,6, Max: 1,1, Diff: 1,1, Sum: 4,4]
         [Termination Attempts: Min: 1, Avg: 4,4, Max: 8, Diff: 7, Sum: 35]
      [GC Worker Other (ms): Min: 0,0, Avg: 0,0, Max: 0,0, Diff: 0,0, Sum: 0,1]
      [GC Worker Total (ms): Min: 13,6, Avg: 14,5, Max: 14,7, Diff: 1,1, Sum: 115,9]
      [GC Worker End (ms): Min: 28919454,8, Avg: 28919454,9, Max: 28919455,32018-04-10T21:22:54.600+0200: 39754,632: [GC pause (G1 Evacuation Pause) (young), 0,0272930 secs]
   [Parallel Time: 24,5 ms, GC Workers: 8]
      [GC Worker Start (ms): Min: 39754632,5, Avg: 39754633,7, Max: 39754641,3, Diff: 8,9]
      [Ext Root Scanning (ms): Min: 0,0, Avg: 0,6, Max: 1,3, Diff: 1,3, Sum: 5,1]
      [Update RS (ms): Min: 0,0, Avg: 1,8, Max: 3,0, Diff: 3,0, Sum: 14,1]
         [Processed Buffers: Min: 0, Avg: 7,6, Max: 25, Diff: 25, Sum: 61]
2018-04-10T21:23:53.220+0200: 28996,355: [GC pause (G1 Evacuation Pause) (young), 0,0173845 secs]
   [Parallel Time: 14,5 ms, GC Workers: 8]
      [GC Worker Start (ms): Min: 28996355,4, Avg: 28996357,7, Max: 28996364,4, Diff: 9,1]
      [Ext Root Scanning (ms): Min: 0,0, Avg: 0,5, Max: 1,1, Diff: 1,1, Sum: 4,3]
      [Update RS (ms): Min: 0,0, Avg: 1,2, Max: 2,0, Diff: 2,0, Sum: 9,9]
         [Processed Buffers: Min: 0, Avg: 7,0, Max: 20, Diff: 20, Sum: 56]
      [Scan RS (ms): Min: 0,0, Avg: 1,7, Max: 2,4, Diff: 2,4, Sum: 13,2]
      [Code Root Scanning (ms): Min: 0,0, Avg: 0,0, Max: 0,0, Diff: 0,0, Sum: 0,0]
      [Object Copy (ms): Min: 5,2, Avg: 8,6, Max: 9,7, Diff: 4,5, Sum: 68,4]
      [Termination (ms): Min: 0,0, Avg: 0,0, Max: 0,0, Diff: 0,0, Sum: 0,1]
         [Termination Attempts: Min: 1, Avg: 3,5, Max: 6, Diff: 5, Sum: 28]
      [GC Worker Other (ms): Min: 0,0, Avg: 0,0, Max: 0,0, Diff: 0,0, Sum: 0,2]
      [GC Worker Total (ms): Min: 5,3, Avg: 12,0, Max: 14,4, Diff: 9,1, Sum: 96,1]
      [GC Worker End (ms): Min: 28996369,7, Avg: 28996369,7, Max: 28996369,7, Diff:2018-04-10T21:24:25.434+0200: 39845,466: [GC pause (G1 Evacuation Pause) (young), 0,0268516 secs]
   [Parallel Time: 23,2 ms, GC Workers: 8]
      [GC Worker Start (ms): Min: 39845466,6, Avg: 39845466,9, Max: 39845467,6, Diff: 1,1]
      [Ext Root Scanning (ms): Min: 0,0, Avg: 0,6, Max: 1,2, Diff: 1,2, Sum: 4,6]
      [Update RS (ms): Min: 1,8, Avg: 2,1, Max: 2,6, Diff: 0,8, Sum: 17,0]
         [Processed Buffers: Min: 1, Avg: 7,4, Max: 23, Diff: 22, Sum: 59]
      [Scan RS (ms): Min: 1,8, Avg: 2,3, Max: 2,6, Diff: 0,8, Sum: 18,7]
      [Code Root Scanning (ms): Min: 0,0, Avg: 0,0, Max: 0,0, Diff: 0,0, Sum: 0,0]
      [Object Copy (ms): Min: 14,3, Avg: 14,8, Max: 16,9, Diff: 2,6, Sum: 118,0]
      [Termination (ms): Min: 0,0, Avg: 2,4, Max: 3,3, Diff: 3,3, Sum: 19,2]
         [Termination Attempts: Min: 1, Avg: 1,1, Max: 2, Diff: 1, Sum: 9]
      [GC Worker Other (ms): Min: 0,0, Avg: 0,0, Max: 0,0, Diff: 0,0, Sum: 0,1]
      [GC Worker Total (ms): Min: 21,5, Avg: 22,2, Max: 23,0, Diff: 1,5, Sum: 177,7]
      [GC Worker End (ms): Min: 39845488,9, Avg: 39845489,1, Max: 39845489,6, Diff: 0,7]
   [Code Root Fixup: 0,0 ms]
   [Code Root Purge: 0,0 ms]
   [Clear CT: 0,9 ms]
   [Other: 2,7 ms]
      [Choose CSet: 0,0 ms]
      [Ref Proc: 0,7 ms]
      [Ref Enq: 0,0 ms]
      [Redirty Cards: 1,3 ms]
      [Humongous Register: 0,1 ms]
      [Humongous Reclaim: 0,0 ms]
      [Free CSet: 0,2 ms]
   [Eden: 44,0M(44,0M)->0,0B(44,0M) Survivors: 7168,0K->7168,0K Heap: 299,3M(1024,0M)->258,1M(1024,0M)]
 [Times: user=0,17 sys=0,00, real=0,03 secs] 
